data/sample_sales_data.csv
date,product_id,category,sales_qty,revenue,price,inventory_qty,promotion_flag
2022-01-01,SKU-0562,Apparel,65.0,12376.65,190.41,978.0,0
2022-01-02,SKU-0562,Apparel,75.0,12510.0,166.8,664.0,1
2022-01-03,SKU-0562,Apparel,49.0,9634.38,196.62,344.0,0
2022-01-04,SKU-0562,Apparel,53.0,10921.71,206.07,430.0,0
2022-01-05,SKU-0562,Apparel,46.0,8873.4,192.9,642.0,0
2022-01-06,SKU-0562,Apparel,43.0,8965.07,208.49,914.0,0
2022-01-07,SKU-0562,Apparel,41.0,8373.84,204.24,466.0,0
2022-01-08,SKU-0562,Apparel,58.0,12137.66,209.27,897.0,0
2022-01-09,SKU-0562,Apparel,58.0,11834.32,204.04,857.0,0
2022-01-10,SKU-0562,Apparel,36.0,7412.4,205.9,489.0,0
2022-01-11,SKU-0562,Apparel,46.0,9106.62,197.97,731.0,0
2022-01-12,SKU-0562,Apparel,44.0,8463.84,192.36,787.0,0
2022-01-13,SKU-0562,Apparel,49.0,10241.49,209.01,701.0,0
2022-01-14,SKU-0562,Apparel,39.0,8044.14,206.26,963.0,0
2022-01-15,SKU-0562,Apparel,56.0,10722.88,191.48,687.0,0
2022-01-16,SKU-0562,Apparel,46.0,9597.9,208.65,906.0,0
2022-01-17,SKU-0562,Apparel,39.0,7498.53,192.27,770.0,0
2022-01-18,SKU-0562,Apparel,38.0,7568.84,199.18,986.0,0
2022-01-19,SKU-0562,Apparel,43.0,8921.21,207.47,944.0,0
2022-01-20,SKU-0562,Apparel,44.0,8465.6,192.4,923.0,0
2022-01-21,SKU-0562,Apparel,49.0,9419.76,192.24,578.0,0
2022-01-22,SKU-0562,Apparel,61.0,11900.49,195.09,777.0,0
2022-01-23,SKU-0562,Apparel,63.0,12523.14,198.78,563.0,0
2022-01-24,SKU-0562,Apparel,50.0,9842.0,196.84,874.0,0
2022-01-25,SKU-0562,Apparel,50.0,10207.0,204.14,406.0,0
2022-01-26,SKU-0562,Apparel,40.0,7082.0,177.05,553.0,1
2022-01-27,SKU-0562,Apparel,39.0,7912.32,202.88,586.0,0
2022-01-28,SKU-0562,Apparel,49.0,9723.07,198.43,924.0,0
2022-01-29,SKU-0562,Apparel,55.0,10638.65,193.43,490.0,0
2022-01-30,SKU-0562,Apparel,48.0,9663.84,201.33,633.0,0
2022-01-31,SKU-0562,Apparel,47.0,9103.9,193.7,679.0,0
2022-02-01,SKU-0562,Apparel,46.0,8810.84,191.54,787.0,0
2022-02-02,SKU-0562,Apparel,46.0,9127.78,198.43,816.0,0
2022-02-03,SKU-0562,Apparel,45.0,9251.55,205.59,545.0,0
2022-02-04,SKU-0562,Apparel,61.0,9935.68,162.88,454.0,1
2022-02-05,SKU-0562,Apparel,56.0,10647.28,190.13,500.0,0
2022-02-06,SKU-0562,Apparel,52.0,10668.84,205.17,317.0,0
2022-02-07,SKU-0562,Apparel,48.0,9978.24,207.88,460.0,0
2022-02-08,SKU-0562,Apparel,54.0,10595.34,196.21,618.0,0
2022-02-09,SKU-0562,Apparel,59.0,12154.59,206.01,440.0,0
2022-02-10,SKU-0562,Apparel,52.0,10564.84,203.17,648.0,0
2022-02-11,SKU-0562,Apparel,53.0,11037.25,208.25,447.0,0
2022-02-12,SKU-0562,Apparel,57.0,11214.18,196.74,880.0,0
2022-02-13,SKU-0562,Apparel,62.0,12343.58,199.09,660.0,0
2022-02-14,SKU-0562,Apparel,50.0,10499.5,209.99,333.0,0
2022-02-15,SKU-0562,Apparel,58.0,11738.62,202.39,624.0,0
2022-02-16,SKU-0562,Apparel,50.0,9811.5,196.23,727.0,0
2022-02-17,SKU-0562,Apparel,41.0,8430.01,205.61,492.0,0
2022-02-18,SKU-0562,Apparel,52.0,10164.96,195.48,355.0,0
2022-02-19,SKU-0562,Apparel,57.0,10940.01,191.93,615.0,0
2022-02-20,SKU-0562,Apparel,49.0,9898.49,202.01,660.0,0
2022-02-21,SKU-0562,Apparel,42.0,8288.7,197.35,347.0,0
2022-02-22,SKU-0562,Apparel,51.0,10002.63,196.13,736.0,0
2022-02-23,SKU-0562,Apparel,49.0,9457.0,193.0,527.0,0
2022-02-24,SKU-0562,Apparel,58.0,9437.18,162.71,308.0,1
2022-02-25,SKU-0562,Apparel,56.0,9976.96,178.16,721.0,1
2022-02-26,SKU-0562,Apparel,61.0,11806.55,193.55,681.0,0
2022-02-27,SKU-0562,Apparel,48.0,9461.28,197.11,848.0,0
2022-02-28,SKU-0562,Apparel,45.0,9072.0,201.6,693.0,0
2022-03-01,SKU-0562,Apparel,61.0,11734.57,192.37,586.0,0
2022-03-02,SKU-0562,Apparel,47.0,9636.41,205.03,759.0,0
2022-03-03,SKU-0562,Apparel,59.0,11443.64,193.96,695.0,0
2022-03-04,SKU-0562,Apparel,54.0,11131.02,206.13,621.0,0
2022-03-05,SKU-0562,Apparel,68.0,13705.4,201.55,744.0,0
2022-03-06,SKU-0562,Apparel,60.0,11594.4,,308.0,0
2022-03-07,SKU-0562,Apparel,64.0,12993.28,203.02,734.0,0
2022-03-08,SKU-0562,Apparel,56.0,11390.96,203.41,692.0,0
2022-03-09,SKU-0562,Apparel,56.0,10748.08,191.93,469.0,0
2022-03-10,SKU-0562,Apparel,49.0,10068.52,205.48,721.0,0
2022-03-11,SKU-0562,Apparel,44.0,8897.68,202.22,496.0,0
2022-03-12,SKU-0562,Apparel,50.0,10324.0,206.48,968.0,0
2022-03-13,SKU-0562,Apparel,69.0,14109.12,204.48,384.0,0
2022-03-14,SKU-0562,Apparel,53.0,10408.14,196.38,707.0,0
2022-03-15,SKU-0562,Apparel,50.0,10005.5,200.11,974.0,0
2022-03-16,SKU-0562,Apparel,58.0,11530.98,198.81,511.0,0
2022-03-17,SKU-0562,Apparel,61.0,11749.21,192.61,853.0,0
2022-03-18,SKU-0562,Apparel,52.0,10768.16,207.08,607.0,0
2022-03-19,SKU-0562,Apparel,57.0,11688.99,205.07,838.0,0
2022-03-20,SKU-0562,Apparel,68.0,13357.24,196.43,633.0,0
2022-03-21,SKU-0562,Apparel,50.0,10248.5,204.97,522.0,0
2022-03-22,SKU-0562,Apparel,60.0,12559.2,209.32,832.0,0
2022-03-23,SKU-0562,Apparel,43.0,8287.39,192.73,756.0,0
2022-03-24,SKU-0562,Apparel,58.0,11624.94,200.43,983.0,0
2022-03-25,SKU-0562,Apparel,53.0,10862.35,204.95,631.0,0
2022-03-26,SKU-0562,Apparel,55.0,10597.95,192.69,970.0,0
2022-03-27,SKU-0562,Apparel,81.0,14123.97,174.37,413.0,1
2022-03-28,SKU-0562,Apparel,58.0,12172.46,209.87,331.0,0
2022-03-29,SKU-0562,Apparel,64.0,12521.6,195.65,547.0,0
2022-03-30,SKU-0562,Apparel,63.0,10311.21,163.67,835.0,1
2022-03-31,SKU-0562,Apparel,48.0,9869.28,205.61,708.0,0
2022-04-01,SKU-0562,Apparel,,12272.4,204.54,693.0,0
2022-04-02,SKU-0562,Apparel,71.0,14444.95,203.45,857.0,0
2022-04-03,SKU-0562,Apparel,74.0,14354.52,193.98,592.0,0
2022-04-04,SKU-0562,Apparel,53.0,10704.94,201.98,736.0,0
2022-04-05,SKU-0562,Apparel,64.0,12401.28,193.77,770.0,0
2022-04-06,SKU-0562,Apparel,61.0,12411.06,203.46,356.0,0
2022-04-07,SKU-0562,Apparel,70.0,14611.1,208.73,344.0,0
2022-04-08,SKU-0562,Apparel,60.0,11769.6,196.16,939.0,0
2022-04-09,SKU-0562,Apparel,73.0,14621.9,200.3,412.0,0
2022-04-10,SKU-0562,Apparel,58.0,11410.92,196.74,399.0,0
2022-04-11,SKU-0562,Apparel,51.0,10085.76,197.76,862.0,0
2022-04-12,SKU-0562,Apparel,55.0,11334.95,206.09,840.0,0
2022-04-13,SKU-0562,Apparel,51.0,10010.28,196.28,469.0,0
2022-04-14,SKU-0562,Apparel,52.0,9972.04,191.77,789.0,0
2022-04-15,SKU-0562,Apparel,50.0,9522.5,190.45,552.0,0
2022-04-16,SKU-0562,Apparel,70.0,14130.2,201.86,337.0,0
2022-04-17,SKU-0562,Apparel,57.0,9354.27,164.11,700.0,1
2022-04-18,SKU-0562,Apparel,53.0,11104.03,209.51,871.0,0
2022-04-19,SKU-0562,Apparel,61.0,11769.34,192.94,539.0,0
2022-04-20,SKU-0562,Apparel,59.0,12201.2,206.8,992.0,0
2022-04-21,SKU-0562,Apparel,58.0,11235.18,193.71,495.0,0
2022-04-22,SKU-0562,Apparel,52.0,10356.84,199.17,545.0,0
2022-04-23,SKU-0562,Apparel,49.0,10132.22,206.78,412.0,0
2022-04-24,SKU-0562,Apparel,66.0,13771.56,208.66,485.0,0
2022-04-25,SKU-0562,Apparel,57.0,11111.01,194.93,629.0,0
2022-04-26,SKU-0562,Apparel,43.0,8682.56,201.92,603.0,0
2022-04-27,SKU-0562,Apparel,58.0,11363.94,195.93,956.0,0
2022-04-28,SKU-0562,Apparel,54.0,10755.72,199.18,512.0,0
2022-04-29,SKU-0562,Apparel,59.0,9634.7,163.3,548.0,1
2022-04-30,SKU-0562,Apparel,74.0,12871.56,173.94,877.0,1
2022-05-01,SKU-0562,Apparel,82.0,16708.32,203.76,384.0,0
2022-05-02,SKU-0562,Apparel,46.0,8766.22,190.57,708.0,0
2022-05-03,SKU-0562,Apparel,39.0,7670.91,196.69,576.0,0
2022-05-04,SKU-0562,Apparel,67.0,13261.98,197.94,409.0,0
2022-05-05,SKU-0562,Apparel,53.0,10881.43,205.31,477.0,0
2022-05-06,SKU-0562,Apparel,65.0,12781.6,196.64,625.0,0
2022-05-07,SKU-0562,Apparel,90.0,14987.7,166.53,300.0,1
2022-05-08,SKU-0562,Apparel,69.0,13820.01,200.29,359.0,0
2022-05-09,SKU-0562,Apparel,63.0,12600.0,200.0,811.0,0
2022-05-10,SKU-0562,Apparel,71.0,14008.3,197.3,748.0,0
2022-05-11,SKU-0562,Apparel,51.0,9807.3,192.3,918.0,0
2022-05-12,SKU-0562,Apparel,54.0,10871.28,201.32,935.0,0
2022-05-13,SKU-0562,Apparel,68.0,11490.64,168.98,750.0,1
2022-05-14,SKU-0562,Apparel,70.0,14368.9,205.27,666.0,0
2022-05-15,SKU-0562,Apparel,70.0,14203.7,202.91,331.0,0
2022-05-16,SKU-0562,Apparel,71.0,13938.01,196.31,575.0,0
2022-05-17,SKU-0562,Apparel,63.0,13061.79,207.33,341.0,0
2022-05-18,SKU-0562,Apparel,64.0,12192.0,190.5,548.0,0
2022-05-19,SKU-0562,Apparel,66.0,12799.38,193.93,315.0,0
2022-05-20,SKU-0562,Apparel,84.0,14898.24,177.36,314.0,1
2022-05-21,SKU-0562,Apparel,69.0,14399.61,208.69,512.0,0
2022-05-22,SKU-0562,Apparel,64.0,12782.08,199.72,376.0,0
2022-05-23,SKU-0562,Apparel,67.0,13637.85,203.55,476.0,0
2022-05-24,SKU-0562,Apparel,66.0,12602.04,190.94,972.0,0
2022-05-25,SKU-0562,Apparel,55.0,11352.55,206.41,754.0,0
2022-05-26,SKU-0562,Apparel,69.0,11185.59,162.11,996.0,1
2022-05-27,SKU-0562,Apparel,54.0,10333.44,191.36,430.0,0
2022-05-28,SKU-0562,Apparel,71.0,13508.46,190.26,658.0,0
2022-05-29,SKU-0562,Apparel,82.0,13492.28,164.54,574.0,1
2022-05-30,SKU-0562,Apparel,55.0,10780.0,196.0,749.0,0
2022-05-31,SKU-0562,Apparel,62.0,12876.78,207.69,687.0,0
2022-06-01,SKU-0562,Apparel,56.0,11590.32,206.97,554.0,0
2022-06-02,SKU-0562,Apparel,70.0,14035.0,200.5,795.0,0
2022-06-03,SKU-0562,Apparel,59.0,12236.01,207.39,361.0,0
2022-06-04,SKU-0562,Apparel,68.0,13759.12,202.34,978.0,0
2022-06-05,SKU-0562,Apparel,86.0,17174.2,199.7,359.0,0
2022-06-06,SKU-0562,Apparel,99.0,16949.79,171.21,532.0,1
2022-06-07,SKU-0562,Apparel,68.0,13055.32,191.99,311.0,0
2022-06-08,SKU-0562,Apparel,74.0,12360.96,167.04,627.0,1
2022-06-09,SKU-0562,Apparel,67.0,13719.59,204.77,344.0,0
2022-06-10,SKU-0562,Apparel,70.0,13512.1,193.03,718.0,0
2022-06-11,SKU-0562,Apparel,73.0,14478.82,198.34,914.0,0
2022-06-12,SKU-0562,Apparel,74.0,14477.36,195.64,429.0,0
2022-06-13,SKU-0562,Apparel,63.0,12073.95,191.65,408.0,0
2022-06-14,SKU-0562,Apparel,78.0,13397.28,171.76,459.0,1
2022-06-15,SKU-0562,Apparel,64.0,13271.04,207.36,708.0,0
2022-06-16,SKU-0562,Apparel,62.0,12331.18,198.89,703.0,0
2022-06-17,SKU-0562,Apparel,59.0,12040.72,204.08,452.0,0
2022-06-18,SKU-0562,Apparel,78.0,15770.82,202.19,940.0,0
2022-06-19,SKU-0562,Apparel,75.0,15501.75,206.69,704.0,0
2022-06-20,SKU-0562,Apparel,57.0,11905.02,208.86,727.0,0
2022-06-21,SKU-0562,Apparel,57.0,11316.78,198.54,628.0,0
2022-06-22,SKU-0562,Apparel,71.0,14735.34,207.54,470.0,0
2022-06-23,SKU-0562,Apparel,71.0,14542.93,204.83,772.0,0
2022-06-24,SKU-0562,Apparel,66.0,13200.66,200.01,938.0,0
2022-06-25,SKU-0562,Apparel,62.0,12013.74,193.77,512.0,0
2022-06-26,SKU-0562,Apparel,78.0,14986.92,192.14,846.0,0
2022-06-27,SKU-0562,Apparel,56.0,10659.04,190.34,936.0,0
2022-06-28,SKU-0562,Apparel,70.0,13543.6,193.48,552.0,0
2022-06-29,SKU-0562,Apparel,73.0,14080.24,192.88,306.0,0
2022-06-30,SKU-0562,Apparel,59.0,10096.08,171.12,941.0,1
2022-07-01,SKU-0562,Apparel,53.0,11113.57,209.69,766.0,0
2022-07-02,SKU-0562,Apparel,76.0,14662.68,192.93,411.0,0
2022-07-03,SKU-0562,Apparel,74.0,15045.68,203.32,875.0,0
2022-07-04,SKU-0562,Apparel,53.0,10513.08,198.36,897.0,0
2022-07-05,SKU-0562,Apparel,64.0,12845.44,200.71,575.0,0
2022-07-06,SKU-0562,Apparel,62.0,10269.68,165.64,620.0,1
2022-07-07,SKU-0562,Apparel,66.0,12608.64,191.04,379.0,0
2022-07-08,SKU-0562,Apparel,68.0,12988.68,191.01,344.0,0
2022-07-09,SKU-0562,Apparel,63.0,12140.73,192.71,401.0,0
2022-07-10,SKU-0562,Apparel,60.0,12358.2,205.97,795.0,0
2022-07-11,SKU-0562,Apparel,232.0669633780906,11159.68,199.28,421.0,0
2022-07-12,SKU-0562,Apparel,65.0,12619.75,194.15,698.0,0
2022-07-13,SKU-0562,Apparel,77.0,13382.6,173.8,704.0,1
2022-07-14,SKU-0562,Apparel,,10555.38,195.47,986.0,0
2022-07-15,SKU-0562,Apparel,65.0,13608.4,209.36,922.0,0
2022-07-16,SKU-0562,Apparel,93.0,15094.83,162.31,546.0,1
2022-07-17,SKU-0562,Apparel,76.0,15912.88,209.38,638.0,0
2022-07-18,SKU-0562,Apparel,52.0,10496.2,201.85,637.0,0
2022-07-19,SKU-0562,Apparel,63.0,12036.15,191.05,847.0,0
2022-07-20,SKU-0562,Apparel,63.0,13189.05,209.35,488.0,0
2022-07-21,SKU-0562,Apparel,61.0,12712.4,208.4,489.0,0
2022-07-22,SKU-0562,Apparel,60.0,12523.8,208.73,515.0,0
2022-07-23,SKU-0562,Apparel,68.0,13948.84,205.13,855.0,0
2022-07-24,SKU-0562,Apparel,78.0,15204.54,194.93,344.0,0
2022-07-25,SKU-0562,Apparel,71.0,14028.18,197.58,511.0,0
2022-07-26,SKU-0562,Apparel,49.0,10224.83,208.67,541.0,0
2022-07-27,SKU-0562,Apparel,57.0,10958.82,192.26,909.0,0
2022-07-28,SKU-0562,Apparel,58.0,11522.86,198.67,859.0,0
2022-07-29,SKU-0562,Apparel,66.0,13733.28,208.08,409.0,0
2022-07-30,SKU-0562,Apparel,77.0,13247.08,172.04,538.0,1
2022-07-31,SKU-0562,Apparel,79.0,12809.06,162.14,750.0,1
2022-08-01,SKU-0562,Apparel,67.0,11306.92,168.76,390.0,1
2022-08-02,SKU-0562,Apparel,74.0,12326.18,166.57,388.0,1
2022-08-03,SKU-0562,Apparel,57.0,11888.49,208.57,705.0,0
2022-08-04,SKU-0562,Apparel,72.0,11676.96,162.18,989.0,1
2022-08-05,SKU-0562,Apparel,64.0,11209.6,175.15,472.0,1
2022-08-06,SKU-0562,Apparel,96.0,16009.92,166.77,360.0,1
2022-08-07,SKU-0562,Apparel,72.0,14986.8,208.15,385.0,0
2022-08-08,SKU-0562,Apparel,73.0,14994.2,205.4,372.0,0
2022-08-09,SKU-0562,Apparel,58.0,11290.86,194.67,586.0,0
2022-08-10,SKU-0562,Apparel,59.0,11384.05,192.95,728.0,0
2022-08-11,SKU-0562,Apparel,61.0,12631.27,207.07,940.0,0
2022-08-12,SKU-0562,Apparel,78.0,13353.6,171.2,337.0,1
2022-08-13,SKU-0562,Apparel,67.0,13136.69,196.07,553.0,0
2022-08-14,SKU-0562,Apparel,83.0,14383.9,173.3,642.0,1
2022-08-15,SKU-0562,Apparel,66.0,12671.34,191.99,722.0,0
2022-08-16,SKU-0562,Apparel,60.0,12087.0,201.45,583.0,0
2022-08-17,SKU-0562,Apparel,54.0,10284.84,190.46,927.0,0
2022-08-18,SKU-0562,Apparel,57.0,11255.79,197.47,568.0,0
2022-08-19,SKU-0562,Apparel,64.0,13262.08,207.22,354.0,0
2022-08-20,SKU-0562,Apparel,77.0,15616.37,202.81,481.0,0
2022-08-21,SKU-0562,Apparel,78.0,15967.38,204.71,764.0,0
2022-08-22,SKU-0562,Apparel,61.0,12474.5,204.5,926.0,0
2022-08-23,SKU-0562,Apparel,92.0,16249.04,176.62,608.0,1
2022-08-24,SKU-0562,Apparel,64.0,13077.12,204.33,768.0,0
2022-08-25,SKU-0562,Apparel,52.0,10198.24,196.12,886.0,0
2022-08-26,SKU-0562,Apparel,60.0,12064.8,201.08,951.0,0
2022-08-27,SKU-0562,Apparel,65.0,12671.1,194.94,823.0,0
2022-08-28,SKU-0562,Apparel,67.0,13188.28,196.84,946.0,0
2022-08-29,SKU-0562,Apparel,59.0,11628.31,197.09,566.0,0
2022-08-30,SKU-0562,Apparel,66.0,13583.46,205.81,507.0,0
2022-08-31,SKU-0562,Apparel,55.0,10798.15,196.33,580.0,0
2022-09-01,SKU-0562,Apparel,61.0,12380.56,202.96,798.0,0
2022-09-02,SKU-0562,Apparel,58.0,12057.04,207.88,670.0,0
2022-09-03,SKU-0562,Apparel,70.0,14408.8,205.84,887.0,0
2022-09-04,SKU-0562,Apparel,80.0,15996.8,199.96,889.0,0
2022-09-05,SKU-0562,Apparel,61.0,12761.81,209.21,785.0,0
2022-09-06,SKU-0562,Apparel,71.0,14839.71,209.01,810.0,0
2022-09-07,SKU-0562,Apparel,56.0,10832.08,193.43,670.0,0
2022-09-08,SKU-0562,Apparel,66.0,12963.72,196.42,476.0,0
2022-09-09,SKU-0562,Apparel,57.0,11104.74,194.82,955.0,0
2022-09-10,SKU-0562,Apparel,73.0,14691.98,201.26,519.0,0
2022-09-11,SKU-0562,Apparel,83.0,16128.56,194.32,713.0,0
2022-09-12,SKU-0562,Apparel,71.0,14116.93,198.83,312.0,0
2022-09-13,SKU-0562,Apparel,62.0,11942.44,192.62,787.0,0
2022-09-14,SKU-0562,Apparel,58.0,11347.12,195.64,671.0,0
2022-09-15,SKU-0562,Apparel,62.0,12989.62,209.51,533.0,0
2022-09-16,SKU-0562,Apparel,65.0,13338.65,205.21,404.0,0
2022-09-17,SKU-0562,Apparel,74.0,15056.78,203.47,380.0,0
2022-09-18,SKU-0562,Apparel,80.0,15346.4,191.83,659.0,0
2022-09-19,SKU-0562,Apparel,72.0,14331.6,199.05,597.0,0
2022-09-20,SKU-0562,Apparel,68.0,11451.2,168.4,775.0,1
2022-09-21,SKU-0562,Apparel,61.0,12155.47,199.27,629.0,0
2022-09-22,SKU-0562,Apparel,72.0,13709.52,190.41,723.0,0
2022-09-23,SKU-0562,Apparel,66.0,13030.38,197.43,614.0,0
2022-09-24,SKU-0562,Apparel,80.0,15704.8,196.31,360.0,0
2022-09-25,SKU-0562,Apparel,89.0,18482.63,207.67,647.0,0
2022-09-26,SKU-0562,Apparel,53.0,10336.59,195.03,421.0,0
2022-09-27,SKU-0562,Apparel,54.0,10795.68,199.92,812.0,0
2022-09-28,SKU-0562,Apparel,49.0,9875.46,201.54,539.0,0
2022-09-29,SKU-0562,Apparel,58.0,12087.2,208.4,629.0,0
2022-09-30,SKU-0562,Apparel,62.0,12785.02,206.21,782.0,0
2022-10-01,SKU-0562,Apparel,89.0,17824.92,200.28,880.0,0
2022-10-02,SKU-0562,Apparel,97.0,19946.11,205.63,951.0,0
2022-10-03,SKU-0562,Apparel,93.0,18281.01,196.57,804.0,0
2022-10-04,SKU-0562,Apparel,84.0,16796.64,199.96,705.0,0
2022-10-05,SKU-0562,Apparel,70.0,13503.7,192.91,521.0,0
2022-10-06,SKU-0562,Apparel,80.0,15876.8,198.46,662.0,0
2022-10-07,SKU-0562,Apparel,90.0,17684.1,196.49,801.0,0
2022-10-08,SKU-0562,Apparel,88.0,15373.6,174.7,686.0,1
2022-10-09,SKU-0562,Apparel,82.0,17154.4,209.2,874.0,0
2022-10-10,SKU-0562,Apparel,96.0,19760.64,205.84,708.0,0
2022-10-11,SKU-0562,Apparel,96.0,18882.24,196.69,786.0,0
2022-10-12,SKU-0562,Apparel,,14322.6,196.2,665.0,0
2022-10-13,SKU-0562,Apparel,77.0,15933.61,206.93,653.0,0
2022-10-14,SKU-0562,Apparel,94.0,18586.62,197.73,447.0,0
2022-10-15,SKU-0562,Apparel,126.0,25279.38,200.63,863.0,0
2022-10-16,SKU-0562,Apparel,125.0,24971.25,199.77,315.0,0
2022-10-17,SKU-0562,Apparel,119.0,23639.35,198.65,880.0,0
2022-10-18,SKU-0562,Apparel,107.0,22069.82,206.26,968.0,0
2022-10-19,SKU-0562,Apparel,72.0,15056.64,209.12,450.0,0
2022-10-20,SKU-0562,Apparel,122.0,24201.14,198.37,608.0,0
2022-10-21,SKU-0562,Apparel,111.0,19097.55,172.05,923.0,1
2022-10-22,SKU-0562,Apparel,146.0,23627.18,161.83,840.0,1
2022-10-23,SKU-0562,Apparel,123.0,23758.68,193.16,786.0,0
2022-10-24,SKU-0562,Apparel,123.0,24747.6,201.2,478.0,0
2022-10-25,SKU-0562,Apparel,108.0,21369.96,197.87,892.0,0
2022-10-26,SKU-0562,Apparel,75.0,15321.0,204.28,815.0,0
2022-10-27,SKU-0562,Apparel,70.0,13988.8,199.84,837.0,0
2022-10-28,SKU-0562,Apparel,81.0,16268.85,200.85,837.0,0
2022-10-29,SKU-0562,Apparel,98.0,20495.72,209.14,787.0,0
2022-10-30,SKU-0562,Apparel,100.0,19231.0,192.31,584.0,0
2022-10-31,SKU-0562,Apparel,70.0,14138.6,201.98,362.0,0
2022-11-01,SKU-0562,Apparel,92.0,19168.2,208.35,574.0,0
2022-11-02,SKU-0562,Apparel,98.0,16378.74,167.13,488.0,1
2022-11-03,SKU-0562,Apparel,94.0,15956.5,169.75,881.0,1
2022-11-04,SKU-0562,Apparel,102.0,19445.28,190.64,750.0,0
2022-11-05,SKU-0562,Apparel,107.0,21964.96,205.28,733.0,0
2022-11-06,SKU-0562,Apparel,100.0,19114.0,191.14,984.0,0
2022-11-07,SKU-0562,Apparel,90.0,17675.1,196.39,417.0,0
2022-11-08,SKU-0562,Apparel,107.0,20398.48,190.64,628.0,0
2022-11-09,SKU-0562,Apparel,56.0,11221.28,200.38,397.0,0
2022-11-10,SKU-0562,Apparel,78.0,15068.82,193.19,443.0,0
2022-11-11,SKU-0562,Apparel,89.0,18333.11,205.99,706.0,0
2022-11-12,SKU-0562,Apparel,73.0,14322.6,196.2,615.0,0
