data/sample_sales_data.csv
date,product_id,category,sales_qty,revenue,price,inventory_qty,promotion_flag
2022-11-13,SKU-0562,Apparel,114.0,23730.24,208.16,464.0,0
2022-11-14,SKU-0562,Apparel,100.0,19253.0,192.53,695.0,0
2022-11-15,SKU-0562,Apparel,54.0,11337.3,209.95,645.0,0
2022-11-16,SKU-0562,Apparel,85.0,17804.1,209.46,407.0,0
2022-11-17,SKU-0562,Apparel,67.0,13659.29,203.87,831.0,0
2022-11-18,SKU-0562,Apparel,86.0,17568.08,204.28,604.0,0
2022-11-19,SKU-0562,Apparel,91.0,17511.13,192.43,689.0,0
2022-11-20,SKU-0562,Apparel,106.0,21704.56,204.76,837.0,0
2022-11-21,SKU-0562,Apparel,91.0,18036.2,198.2,993.0,0
2022-11-22,SKU-0562,Apparel,96.0,19270.08,200.73,826.0,0
2022-11-23,SKU-0562,Apparel,80.0,16115.2,201.44,926.0,0
2022-11-24,SKU-0562,Apparel,93.0,18019.68,193.76,499.0,0
2022-11-25,SKU-0562,Apparel,97.0,19714.28,203.24,381.0,0
2022-11-26,SKU-0562,Apparel,136.0,22493.04,165.39,668.0,1
2022-11-27,SKU-0562,Apparel,86.0,16708.08,194.28,304.0,0
2022-11-28,SKU-0562,Apparel,80.0,16442.4,205.53,717.0,0
2022-11-29,SKU-0562,Apparel,88.0,18248.56,207.37,504.0,0
2022-11-30,SKU-0562,Apparel,87.0,17312.13,198.99,680.0,0
2022-12-01,SKU-0562,Apparel,69.0,13764.12,199.48,590.0,0
2022-12-02,SKU-0562,Apparel,99.0,19425.78,196.22,524.0,0
2022-12-03,SKU-0562,Apparel,92.0,19205.0,208.75,815.0,0
2022-12-04,SKU-0562,Apparel,106.0,21573.12,203.52,549.0,0
2022-12-05,SKU-0562,Apparel,82.0,16246.66,198.13,416.0,0
2022-12-06,SKU-0562,Apparel,107.0,19092.01,178.43,530.0,1
2022-12-07,SKU-0562,Apparel,83.0,16715.37,201.39,913.0,0
2022-12-08,SKU-0562,Apparel,105.0,17613.75,167.75,590.0,1
2022-12-09,SKU-0562,Apparel,87.0,17698.41,203.43,993.0,0
2022-12-10,SKU-0562,Apparel,92.0,19019.16,206.73,474.0,0
2022-12-11,SKU-0562,Apparel,93.0,18017.82,193.74,841.0,0
2022-12-12,SKU-0562,Apparel,74.0,14265.72,192.78,510.0,0
2022-12-13,SKU-0562,Apparel,73.0,13903.58,190.46,335.0,0
2022-12-14,SKU-0562,Apparel,74.0,15331.32,207.18,582.0,0
2022-12-15,SKU-0562,Apparel,108.0,18083.52,167.44,945.0,1
2022-12-16,SKU-0562,Apparel,89.0,17172.55,192.95,616.0,0
2022-12-17,SKU-0562,Apparel,96.0,18610.56,193.86,739.0,0
2022-12-18,SKU-0562,Apparel,94.0,19038.76,202.54,535.0,0
2022-12-19,SKU-0562,Apparel,97.0,19489.24,200.92,682.0,0
2022-12-20,SKU-0562,Apparel,123.0,25599.99,208.13,654.0,0
2022-12-21,SKU-0562,Apparel,109.0,20928.0,192.0,828.0,0
2022-12-22,SKU-0562,Apparel,94.0,18264.2,194.3,759.0,0
2022-12-23,SKU-0562,Apparel,117.0,22977.63,196.39,566.0,0
2022-12-24,SKU-0562,Apparel,116.0,23372.84,201.49,883.0,0
2022-12-25,SKU-0562,Apparel,112.0,22320.48,199.29,949.0,0
2022-12-26,SKU-0562,Apparel,96.0,18829.44,196.14,632.0,0
2022-12-27,SKU-0562,Apparel,88.0,17479.44,198.63,743.0,0
2022-12-28,SKU-0562,Apparel,128.0,21484.8,167.85,995.0,1
2022-12-29,SKU-0562,Apparel,127.0,24367.49,191.87,420.0,0
2022-12-30,SKU-0562,Apparel,108.0,21237.12,196.64,737.0,0
2022-12-31,SKU-0562,Apparel,141.0,28989.6,205.6,634.0,0
2023-01-01,SKU-0562,Apparel,52.0,9977.24,191.87,639.0,0
2023-01-02,SKU-0562,Apparel,52.0,9978.8,191.9,524.0,0
2023-01-03,SKU-0562,Apparel,50.0,10460.0,209.2,530.0,0
2023-01-04,SKU-0562,Apparel,39.0,7896.33,202.47,550.0,0
2023-01-05,SKU-0562,Apparel,45.0,8967.6,199.28,590.0,0
2023-01-06,SKU-0562,Apparel,39.0,8174.01,209.59,858.0,0
2023-01-07,SKU-0562,Apparel,56.0,9304.96,,379.0,1
2023-01-08,SKU-0562,Apparel,64.0,12860.16,200.94,461.0,0
2023-01-09,SKU-0562,Apparel,48.0,9418.56,196.22,614.0,0
2023-01-10,SKU-0562,Apparel,38.0,7687.4,202.3,984.0,0
2023-01-11,SKU-0562,Apparel,42.0,8756.16,208.48,354.0,0
2023-01-12,SKU-0562,Apparel,46.0,9608.48,208.88,712.0,0
2023-01-13,SKU-0562,Apparel,48.0,9967.2,207.65,969.0,0
2023-01-14,SKU-0562,Apparel,51.0,10310.67,202.17,406.0,0
2023-01-15,SKU-0562,Apparel,60.0,12393.0,206.55,552.0,0
2023-01-16,SKU-0562,Apparel,52.0,10905.44,209.72,334.0,0
2023-01-17,SKU-0562,Apparel,51.0,10699.8,209.8,844.0,0
2023-01-18,SKU-0562,Apparel,44.0,8655.68,196.72,393.0,0
2023-01-19,SKU-0562,Apparel,52.0,8412.04,161.77,714.0,1
2023-01-20,SKU-0562,Apparel,53.0,10719.78,202.26,671.0,0
2023-01-21,SKU-0562,Apparel,55.0,11419.65,207.63,747.0,0
2023-01-22,SKU-0562,Apparel,48.0,9464.64,197.18,940.0,0
2023-01-23,SKU-0562,Apparel,56.0,10937.92,195.32,722.0,0
2023-01-24,SKU-0562,Apparel,,11216.8,200.3,869.0,0
2023-01-25,SKU-0562,Apparel,50.0,10311.5,206.23,879.0,0
2023-01-26,SKU-0562,Apparel,53.0,10465.91,197.47,912.0,0
2023-01-27,SKU-0562,Apparel,70.0,11348.4,162.12,988.0,1
2023-01-28,SKU-0562,Apparel,58.0,11190.52,192.94,685.0,0
2023-01-29,SKU-0562,Apparel,47.0,9682.47,206.01,737.0,0
2023-01-30,SKU-0562,Apparel,40.0,8362.8,209.07,848.0,0
2023-01-31,SKU-0562,Apparel,46.0,9132.38,198.53,957.0,0
2023-02-01,SKU-0562,Apparel,56.0,11329.92,202.32,504.0,0
2023-02-02,SKU-0562,Apparel,49.0,9383.5,191.5,377.0,0
2023-02-03,SKU-0562,Apparel,55.0,11498.85,209.07,772.0,0
2023-02-04,SKU-0562,Apparel,57.0,11142.93,195.49,322.0,0
2023-02-05,SKU-0562,Apparel,57.0,11622.3,203.9,580.0,0
2023-02-06,SKU-0562,Apparel,49.0,9412.9,192.1,315.0,0
2023-02-07,SKU-0562,Apparel,43.0,8444.34,196.38,335.0,0
2023-02-08,SKU-0562,Apparel,61.0,10209.57,167.37,430.0,1
2023-02-09,SKU-0562,Apparel,58.0,11147.02,192.19,489.0,0
2023-02-10,SKU-0562,Apparel,44.0,8947.84,203.36,801.0,0
2023-02-11,SKU-0562,Apparel,49.0,10261.58,209.42,809.0,0
2023-02-12,SKU-0562,Apparel,67.0,11382.63,169.89,507.0,1
2023-02-13,SKU-0562,Apparel,46.0,8976.9,195.15,567.0,0
2023-02-14,SKU-0562,Apparel,48.0,9341.76,194.62,922.0,0
2023-02-15,SKU-0562,Apparel,52.0,10784.8,207.4,857.0,0
2023-02-16,SKU-0562,Apparel,56.0,10661.28,190.38,378.0,0
2023-02-17,SKU-0562,Apparel,47.0,9734.64,207.12,417.0,0
2023-02-18,SKU-0562,Apparel,50.0,9911.5,198.23,470.0,0
2023-02-19,SKU-0562,Apparel,75.0,13146.75,175.29,451.0,1
2023-02-20,SKU-0562,Apparel,58.0,10274.7,177.15,915.0,1
2023-02-21,SKU-0562,Apparel,38.0,7862.2,206.9,721.0,0
2023-02-22,SKU-0562,Apparel,39.0,7411.17,190.03,691.0,0
2023-02-23,SKU-0562,Apparel,45.0,9065.7,201.46,988.0,0
2023-02-24,SKU-0562,Apparel,57.0,11188.53,196.29,359.0,0
2023-02-25,SKU-0562,Apparel,50.0,9579.0,191.58,493.0,0
2023-02-26,SKU-0562,Apparel,61.0,12804.51,209.91,309.0,0
2023-02-27,SKU-0562,Apparel,45.0,9275.4,206.12,306.0,0
2023-02-28,SKU-0562,Apparel,49.0,9583.42,195.58,412.0,0
2023-03-01,SKU-0562,Apparel,59.0,11684.36,198.04,346.0,0
2023-03-02,SKU-0562,Apparel,61.0,12218.91,200.31,563.0,0
2023-03-03,SKU-0562,Apparel,46.0,9364.68,203.58,834.0,0
2023-03-04,SKU-0562,Apparel,63.0,12934.53,205.31,926.0,0
2023-03-05,SKU-0562,Apparel,60.0,12348.6,205.81,941.0,0
2023-03-06,SKU-0562,Apparel,49.0,9823.52,200.48,394.0,0
2023-03-07,SKU-0562,Apparel,50.0,10045.5,200.91,425.0,0
2023-03-08,SKU-0562,Apparel,58.0,11831.42,203.99,814.0,0
2023-03-09,SKU-0562,Apparel,,8576.1,190.58,590.0,0
2023-03-10,SKU-0562,Apparel,51.0,10196.43,199.93,630.0,0
2023-03-11,SKU-0562,Apparel,65.0,13291.2,204.48,695.0,0
2023-03-12,SKU-0562,Apparel,64.0,12422.4,194.1,926.0,0
2023-03-13,SKU-0562,Apparel,52.0,10400.0,200.0,595.0,0
2023-03-14,SKU-0562,Apparel,56.0,10734.08,191.68,426.0,0
2023-03-15,SKU-0562,Apparel,55.0,10859.75,197.45,620.0,0
2023-03-16,SKU-0562,Apparel,71.0,11834.28,166.68,324.0,1
2023-03-17,SKU-0562,Apparel,54.0,11130.48,206.12,606.0,0
2023-03-18,SKU-0562,Apparel,56.0,10802.96,192.91,881.0,0
2023-03-19,SKU-0562,Apparel,66.0,13747.8,208.3,981.0,0
2023-03-20,SKU-0562,Apparel,52.0,10849.8,208.65,741.0,0
2023-03-21,SKU-0562,Apparel,45.0,9330.75,207.35,528.0,0
2023-03-22,SKU-0562,Apparel,63.0,10371.69,164.63,958.0,1
2023-03-23,SKU-0562,Apparel,50.0,9589.0,191.78,490.0,0
2023-03-24,SKU-0562,Apparel,55.0,10659.55,193.81,785.0,0
2023-03-25,SKU-0562,Apparel,65.0,12779.0,196.6,674.0,0
2023-03-26,SKU-0562,Apparel,73.0,12791.06,175.22,760.0,1
2023-03-27,SKU-0562,Apparel,58.0,12099.38,208.61,952.0,0
2023-03-28,SKU-0562,Apparel,69.0,14108.43,204.47,317.0,0
2023-03-29,SKU-0562,Apparel,40.0,8103.6,202.59,771.0,0
2023-03-30,SKU-0562,Apparel,58.0,9755.02,168.19,392.0,1
2023-03-31,SKU-0562,Apparel,61.0,12204.88,200.08,778.0,0
2023-04-01,SKU-0562,Apparel,74.0,13141.66,177.59,944.0,1
2023-04-02,SKU-0562,Apparel,82.0,13956.4,170.2,485.0,1
2023-04-03,SKU-0562,Apparel,67.0,13921.26,207.78,885.0,0
2023-04-04,SKU-0562,Apparel,55.0,11322.85,205.87,838.0,0
2023-04-05,SKU-0562,Apparel,61.0,11922.45,195.45,882.0,0
2023-04-06,SKU-0562,Apparel,68.0,13110.4,192.8,769.0,0
2023-04-07,SKU-0562,Apparel,61.0,12147.54,199.14,580.0,0
2023-04-08,SKU-0562,Apparel,61.0,12216.47,200.27,726.0,0
2023-04-09,SKU-0562,Apparel,87.0,14431.56,165.88,533.0,1
2023-04-10,SKU-0562,Apparel,73.0,13004.95,178.15,351.0,1
2023-04-11,SKU-0562,Apparel,54.0,11156.4,206.6,924.0,0
2023-04-12,SKU-0562,Apparel,52.0,10712.0,206.0,749.0,0
2023-04-13,SKU-0562,Apparel,63.0,12848.85,203.95,783.0,0
2023-04-14,SKU-0562,Apparel,49.0,10266.48,209.52,641.0,0
2023-04-15,SKU-0562,Apparel,71.0,14055.87,197.97,523.0,0
2023-04-16,SKU-0562,Apparel,67.0,13120.61,195.83,866.0,0
2023-04-17,SKU-0562,Apparel,65.0,12630.8,194.32,796.0,0
2023-04-18,SKU-0562,Apparel,57.0,11051.16,193.88,633.0,0
2023-04-19,SKU-0562,Apparel,65.0,12998.05,199.97,433.0,0
2023-04-20,SKU-0562,Apparel,90.0,14544.9,161.61,992.0,1
2023-04-21,SKU-0562,Apparel,43.0,8257.72,192.04,343.0,0
2023-04-22,SKU-0562,Apparel,62.0,12037.92,194.16,577.0,0
2023-04-23,SKU-0562,Apparel,79.0,16590.0,210.0,604.0,0
2023-04-24,SKU-0562,Apparel,54.0,10288.08,190.52,465.0,0
2023-04-25,SKU-0562,Apparel,55.0,11352.0,206.4,306.0,0
2023-04-26,SKU-0562,Apparel,81.0,13189.23,162.83,960.0,1
2023-04-27,SKU-0562,Apparel,,13588.94,202.82,342.0,0
2023-04-28,SKU-0562,Apparel,58.0,11058.28,190.66,997.0,0
2023-04-29,SKU-0562,Apparel,67.0,13917.24,207.72,464.0,0
2023-04-30,SKU-0562,Apparel,71.0,13948.66,196.46,555.0,0
2023-05-01,SKU-0562,Apparel,66.0,12761.76,193.36,306.0,0
2023-05-02,SKU-0562,Apparel,55.0,11476.3,208.66,828.0,0
2023-05-03,SKU-0562,Apparel,47.0,9484.13,201.79,399.0,0
2023-05-04,SKU-0562,Apparel,75.0,13005.75,173.41,898.0,1
2023-05-05,SKU-0562,Apparel,56.0,11731.44,209.49,455.0,0
2023-05-06,SKU-0562,Apparel,67.0,13735.67,205.01,683.0,0
2023-05-07,SKU-0562,Apparel,70.0,13403.6,191.48,442.0,0
2023-05-08,SKU-0562,Apparel,42.0,8376.48,199.44,896.0,0
2023-05-09,SKU-0562,Apparel,59.0,12090.87,204.93,951.0,0
2023-05-10,SKU-0562,Apparel,54.0,10845.36,200.84,721.0,0
2023-05-11,SKU-0562,Apparel,68.0,13680.92,201.19,332.0,0
2023-05-12,SKU-0562,Apparel,57.0,11200.5,196.5,661.0,0
2023-05-13,SKU-0562,Apparel,65.0,12376.0,190.4,803.0,0
2023-05-14,SKU-0562,Apparel,60.0,12375.6,206.26,891.0,0
2023-05-15,SKU-0562,Apparel,58.0,11249.1,193.95,304.0,0
2023-05-16,SKU-0562,Apparel,62.0,11851.92,191.16,708.0,0
2023-05-17,SKU-0562,Apparel,72.0,11677.68,162.19,770.0,1
2023-05-18,SKU-0562,Apparel,45.0,9420.3,209.34,727.0,0
2023-05-19,SKU-0562,Apparel,77.0,13622.07,176.91,586.0,1
2023-05-20,SKU-0562,Apparel,79.0,15072.41,190.79,602.0,0
2023-05-21,SKU-0562,Apparel,67.0,13567.5,202.5,643.0,0
2023-05-22,SKU-0562,Apparel,62.0,12587.86,203.03,661.0,0
2023-05-23,SKU-0562,Apparel,65.0,12412.4,190.96,653.0,0
2023-05-24,SKU-0562,Apparel,60.0,11815.2,196.92,668.0,0
2023-05-25,SKU-0562,Apparel,67.0,13598.99,202.97,502.0,0
2023-05-26,SKU-0562,Apparel,63.0,10836.63,172.01,539.0,1
2023-05-27,SKU-0562,Apparel,66.0,13755.72,208.42,981.0,0
2023-05-28,SKU-0562,Apparel,94.0,19426.04,206.66,676.0,0
2023-05-29,SKU-0562,Apparel,62.0,12841.44,207.12,926.0,0
2023-05-30,SKU-0562,Apparel,73.0,15078.88,206.56,854.0,0
2023-05-31,SKU-0562,Apparel,57.0,11483.79,201.47,886.0,0
2023-06-01,SKU-0562,Apparel,74.0,15263.24,206.26,507.0,0
2023-06-02,SKU-0562,Apparel,,13396.6,191.38,553.0,0
2023-06-03,SKU-0562,Apparel,67.0,12814.42,191.26,856.0,0
2023-06-04,SKU-0562,Apparel,84.0,17203.2,204.8,763.0,0
2023-06-05,SKU-0562,Apparel,56.0,11062.8,197.55,521.0,0
2023-06-06,SKU-0562,Apparel,58.0,12010.64,207.08,861.0,0
2023-06-07,SKU-0562,Apparel,68.0,13899.2,204.4,354.0,0
2023-06-08,SKU-0562,Apparel,65.0,13601.25,209.25,510.0,0
2023-06-09,SKU-0562,Apparel,64.0,12377.6,193.4,860.0,0
2023-06-10,SKU-0562,Apparel,57.0,10171.65,178.45,727.0,1
2023-06-11,SKU-0562,Apparel,56.0,10889.2,194.45,449.0,0
2023-06-12,SKU-0562,Apparel,56.0,10788.4,192.65,903.0,0
2023-06-13,SKU-0562,Apparel,65.0,12904.45,198.53,534.0,0
2023-06-14,SKU-0562,Apparel,63.0,12756.24,202.48,462.0,0
2023-06-15,SKU-0562,Apparel,61.0,12059.7,197.7,302.0,0
2023-06-16,SKU-0562,Apparel,55.0,10744.8,195.36,575.0,0
2023-06-17,SKU-0562,Apparel,68.0,13980.12,205.59,464.0,0
2023-06-18,SKU-0562,Apparel,91.0,18968.04,208.44,425.0,0
2023-06-19,SKU-0562,Apparel,56.0,10996.72,196.37,669.0,0
2023-06-20,SKU-0562,Apparel,56.0,11612.16,207.36,511.0,0
2023-06-21,SKU-0562,Apparel,62.0,12475.64,201.22,717.0,0
2023-06-22,SKU-0562,Apparel,56.0,11080.72,197.87,813.0,0
2023-06-23,SKU-0562,Apparel,45.0,8644.95,192.11,812.0,0
2023-06-24,SKU-0562,Apparel,71.0,14564.23,205.13,558.0,0
2023-06-25,SKU-0562,Apparel,74.0,14574.3,196.95,996.0,0
2023-06-26,SKU-0562,Apparel,52.0,10407.28,200.14,841.0,0
2023-06-27,SKU-0562,Apparel,66.0,13681.8,207.3,675.0,0
2023-06-28,SKU-0562,Apparel,75.0,12964.5,172.86,891.0,1
2023-06-29,SKU-0562,Apparel,72.0,13792.32,191.56,697.0,0
2023-06-30,SKU-0562,Apparel,55.0,11416.9,207.58,413.0,0
2023-07-01,SKU-0562,Apparel,74.0,15334.28,207.22,306.0,0
2023-07-02,SKU-0562,Apparel,73.0,14216.75,194.75,483.0,0
2023-07-03,SKU-0562,Apparel,65.0,12863.5,197.9,599.0,0
2023-07-04,SKU-0562,Apparel,56.0,11720.24,209.29,915.0,0
2023-07-05,SKU-0562,Apparel,51.0,9738.45,190.95,748.0,0
2023-07-06,SKU-0562,Apparel,66.0,13392.06,202.91,581.0,0
2023-07-07,SKU-0562,Apparel,76.0,15504.76,204.01,477.0,0
2023-07-08,SKU-0562,Apparel,81.0,15718.05,194.05,767.0,0
2023-07-09,SKU-0562,Apparel,87.0,14254.08,163.84,329.0,1
2023-07-10,SKU-0562,Apparel,39.0,7730.19,198.21,653.0,0
2023-07-11,SKU-0562,Apparel,55.0,11531.85,209.67,698.0,0
2023-07-12,SKU-0562,Apparel,65.0,13221.65,203.41,614.0,0
2023-07-13,SKU-0562,Apparel,55.0,10661.75,193.85,713.0,0
2023-07-14,SKU-0562,Apparel,54.0,10701.18,198.17,511.0,0
2023-07-15,SKU-0562,Apparel,84.0,14882.28,177.17,615.0,1
2023-07-16,SKU-0562,Apparel,61.0,11879.14,194.74,784.0,0
2023-07-17,SKU-0562,Apparel,63.0,12942.72,205.44,948.0,0
2023-07-18,SKU-0562,Apparel,60.0,11854.2,197.57,833.0,0
2023-07-19,SKU-0562,Apparel,64.0,13067.52,204.18,973.0,0
2023-07-20,SKU-0562,Apparel,61.0,12399.47,203.27,343.0,0
2023-07-21,SKU-0562,Apparel,62.0,12446.5,200.75,623.0,0
2023-07-22,SKU-0562,Apparel,65.0,13282.75,204.35,576.0,0
2023-07-23,SKU-0562,Apparel,79.0,15742.33,199.27,606.0,0
2023-07-24,SKU-0562,Apparel,57.0,11194.8,196.4,790.0,0
2023-07-25,SKU-0562,Apparel,49.0,10068.52,205.48,724.0,0
2023-07-26,SKU-0562,Apparel,59.0,11500.87,194.93,655.0,0
2023-07-27,SKU-0562,Apparel,67.0,12966.51,193.53,805.0,0
2023-07-28,SKU-0562,Apparel,63.0,13189.05,209.35,867.0,0
2023-07-29,SKU-0562,Apparel,73.0,13943.73,191.01,687.0,0
2023-07-30,SKU-0562,Apparel,57.0,10943.43,,820.0,0
2023-07-31,SKU-0562,Apparel,55.0,10696.4,194.48,374.0,0
2023-08-01,SKU-0562,Apparel,57.0,11268.9,197.7,847.0,0
2023-08-02,SKU-0562,Apparel,62.0,12214.0,197.0,814.0,0
2023-08-03,SKU-0562,Apparel,58.0,11431.22,197.09,869.0,0
2023-08-04,SKU-0562,Apparel,60.0,11468.4,191.14,802.0,0
2023-08-05,SKU-0562,Apparel,78.0,15252.9,195.55,300.0,0
2023-08-06,SKU-0562,Apparel,74.0,14619.44,197.56,354.0,0
2023-08-07,SKU-0562,Apparel,59.0,11805.9,200.1,395.0,0
2023-08-08,SKU-0562,Apparel,72.0,15029.28,208.74,375.0,0
2023-08-09,SKU-0562,Apparel,59.0,11800.59,200.01,568.0,0
2023-08-10,SKU-0562,Apparel,,13646.2,192.2,488.0,0
2023-08-11,SKU-0562,Apparel,60.0,11628.0,193.8,773.0,0
2023-08-12,SKU-0562,Apparel,59.0,11453.08,194.12,994.0,0
2023-08-13,SKU-0562,Apparel,68.0,14009.36,206.02,585.0,0
2023-08-14,SKU-0562,Apparel,77.0,13220.13,171.69,744.0,1
2023-08-15,SKU-0562,Apparel,60.0,11664.0,194.4,536.0,0
2023-08-16,SKU-0562,Apparel,62.0,12027.38,193.99,708.0,0
2023-08-17,SKU-0562,Apparel,65.0,13115.7,201.78,308.0,0
2023-08-18,SKU-0562,Apparel,54.0,10810.8,200.2,557.0,0
2023-08-19,SKU-0562,Apparel,64.0,13347.84,208.56,665.0,0
2023-08-20,SKU-0562,Apparel,73.0,14365.67,196.79,386.0,0
2023-08-21,SKU-0562,Apparel,66.0,13656.06,206.91,306.0,0
2023-08-22,SKU-0562,Apparel,49.0,10177.79,207.71,828.0,0
2023-08-23,SKU-0562,Apparel,53.0,10438.88,196.96,458.0,0
2023-08-24,SKU-0562,Apparel,64.0,12227.84,191.06,354.0,0
2023-08-25,SKU-0562,Apparel,,9354.72,194.89,924.0,0
2023-08-26,SKU-0562,Apparel,70.0,14229.6,203.28,718.0,0
2023-08-27,SKU-0562,Apparel,64.0,12590.72,196.73,733.0,0
2023-08-28,SKU-0562,Apparel,58.0,11633.06,200.57,784.0,0
2023-08-29,SKU-0562,Apparel,63.0,10597.23,168.21,370.0,1
2023-08-30,SKU-0562,Apparel,56.0,11700.08,208.93,350.0,0
2023-08-31,SKU-0562,Apparel,54.0,10847.52,200.88,979.0,0
2023-09-01,SKU-0562,Apparel,85.0,14672.7,172.62,734.0,1
2023-09-02,SKU-0562,Apparel,87.0,14371.53,165.19,374.0,1
2023-09-03,SKU-0562,Apparel,80.0,15582.4,194.78,816.0,0
2023-09-04,SKU-0562,Apparel,67.0,12949.09,193.27,360.0,0
2023-09-05,SKU-0562,Apparel,78.0,13791.96,176.82,913.0,1
2023-09-06,SKU-0562,Apparel,45.0,8684.1,192.98,315.0,0
2023-09-07,SKU-0562,Apparel,58.0,12079.08,208.26,768.0,0
2023-09-08,SKU-0562,Apparel,57.0,11635.98,204.14,821.0,0
2023-09-09,SKU-0562,Apparel,74.0,15485.24,209.26,689.0,0
2023-09-10,SKU-0562,Apparel,97.0,16094.24,165.92,433.0,1
2023-09-11,SKU-0562,Apparel,58.0,11841.86,204.17,328.0,0
2023-09-12,SKU-0562,Apparel,67.0,13563.48,202.44,872.0,0
2023-09-13,SKU-0562,Apparel,65.0,13441.35,206.79,906.0,0
2023-09-14,SKU-0562,Apparel,69.0,13559.88,196.52,409.0,0
2023-09-15,SKU-0562,Apparel,75.0,14577.75,194.37,755.0,0
2023-09-16,SKU-0562,Apparel,75.0,15654.0,208.72,658.0,0
2023-09-17,SKU-0562,Apparel,75.0,15355.5,204.74,544.0,0
2023-09-18,SKU-0562,Apparel,61.0,12161.57,199.37,891.0,0
2023-09-19,SKU-0562,Apparel,54.0,10648.26,197.19,344.0,0
2023-09-20,SKU-0562,Apparel,60.0,12123.6,202.06,502.0,0
2023-09-21,SKU-0562,Apparel,62.0,12085.04,194.92,707.0,0
2023-09-22,SKU-0562,Apparel,73.0,14761.33,202.21,702.0,0
2023-09-23,SKU-0562,Apparel,89.0,17062.19,191.71,425.0,0
2023-09-24,SKU-0562,Apparel,77.0,15930.53,206.89,720.0,0
2023-09-25,SKU-0562,Apparel,57.0,11931.81,209.33,894.0,0
