data/sample_sales_data.csv
date,product_id,category,sales_qty,revenue,price,inventory_qty,promotion_flag
2023-09-26,SKU-0562,Apparel,55.0,10759.1,195.62,764.0,0
2023-09-27,SKU-0562,Apparel,56.0,11742.64,209.69,651.0,0
2023-09-28,SKU-0562,Apparel,65.0,12840.1,197.54,360.0,0
2023-09-29,SKU-0562,Apparel,51.0,10425.42,204.42,847.0,0
2023-09-30,SKU-0562,Apparel,72.0,14571.36,202.38,511.0,0
2023-10-01,SKU-0562,Apparel,85.0,16879.3,198.58,971.0,0
2023-10-02,SKU-0562,Apparel,70.0,14439.6,206.28,374.0,0
2023-10-03,SKU-0562,Apparel,73.0,13940.81,190.97,498.0,0
2023-10-04,SKU-0562,Apparel,67.0,13875.03,207.09,404.0,0
2023-10-05,SKU-0562,Apparel,66.0,13627.02,206.47,519.0,0
2023-10-06,SKU-0562,Apparel,86.0,16871.48,196.18,890.0,0
2023-10-07,SKU-0562,Apparel,84.0,16695.84,198.76,629.0,0
2023-10-08,SKU-0562,Apparel,111.0,22579.62,203.42,436.0,0
2023-10-09,SKU-0562,Apparel,100.0,16726.0,167.26,855.0,1
2023-10-10,SKU-0562,Apparel,72.0,14576.4,202.45,527.0,0
2023-10-11,SKU-0562,Apparel,73.0,15142.39,207.43,830.0,0
2023-10-12,SKU-0562,Apparel,67.0,12877.4,192.2,753.0,0
2023-10-13,SKU-0562,Apparel,81.0,15591.69,192.49,560.0,0
2023-10-14,SKU-0562,Apparel,87.0,18195.18,209.14,517.0,0
2023-10-15,SKU-0562,Apparel,130.0,26514.8,203.96,671.0,0
2023-10-16,SKU-0562,Apparel,100.0,20473.0,204.73,584.0,0
2023-10-17,SKU-0562,Apparel,89.0,18233.43,204.87,330.0,0
2023-10-18,SKU-0562,Apparel,110.0,22639.1,205.81,440.0,0
2023-10-19,SKU-0562,Apparel,113.0,21705.04,192.08,882.0,0
2023-10-20,SKU-0562,Apparel,,17449.25,191.75,802.0,0
2023-10-21,SKU-0562,Apparel,119.0,24039.19,202.01,637.0,0
2023-10-22,SKU-0562,Apparel,101.0,20079.81,198.81,496.0,0
2023-10-23,SKU-0562,Apparel,128.0,25813.76,201.67,,0
2023-10-24,SKU-0562,Apparel,112.0,22699.04,202.67,431.0,0
2023-10-25,SKU-0562,Apparel,105.0,20977.95,199.79,306.0,0
2023-10-26,SKU-0562,Apparel,65.0,13558.35,208.59,818.0,0
2023-10-27,SKU-0562,Apparel,59.0,11416.5,193.5,837.0,0
2023-10-28,SKU-0562,Apparel,81.0,15986.16,197.36,311.0,0
2023-10-29,SKU-0562,Apparel,100.0,20414.0,204.14,593.0,0
2023-10-30,SKU-0562,Apparel,72.0,14106.24,195.92,525.0,0
2023-10-31,SKU-0562,Apparel,102.0,16714.74,163.87,807.0,1
2023-11-01,SKU-0562,Apparel,104.0,21555.04,207.26,426.0,0
2023-11-02,SKU-0562,Apparel,117.0,19811.61,169.33,352.0,1
2023-11-03,SKU-0562,Apparel,76.0,15828.52,208.27,777.0,0
2023-11-04,SKU-0562,Apparel,101.0,20067.69,198.69,791.0,0
2023-11-05,SKU-0562,Apparel,97.0,19372.84,199.72,861.0,0
2023-11-06,SKU-0562,Apparel,99.0,19970.28,201.72,447.0,0
2023-11-07,SKU-0562,Apparel,,14079.4,165.64,736.0,1
2023-11-08,SKU-0562,Apparel,86.0,17995.5,209.25,868.0,0
2023-11-09,SKU-0562,Apparel,105.0,21967.05,209.21,415.0,0
2023-11-10,SKU-0562,Apparel,89.0,17516.09,196.81,819.0,0
2023-11-11,SKU-0562,Apparel,78.0,15035.28,192.76,819.0,0
2023-11-12,SKU-0562,Apparel,118.0,24453.14,207.23,320.0,0
2023-11-13,SKU-0562,Apparel,80.0,16096.0,201.2,591.0,0
2023-11-14,SKU-0562,Apparel,111.0,21361.95,192.45,659.0,0
2023-11-15,SKU-0562,Apparel,87.0,17020.68,195.64,835.0,0
2023-11-16,SKU-0562,Apparel,65.0,12577.5,193.5,977.0,0
2023-11-17,SKU-0562,Apparel,92.0,19228.92,209.01,403.0,0
2023-11-18,SKU-0562,Apparel,95.0,18780.55,197.69,896.0,0
2023-11-19,SKU-0562,Apparel,91.0,18737.81,205.91,325.0,0
2023-11-20,SKU-0562,Apparel,67.0,14047.22,209.66,884.0,0
2023-11-21,SKU-0562,Apparel,86.0,17124.32,199.12,896.0,0
2023-11-22,SKU-0562,Apparel,111.0,21709.38,195.58,525.0,0
2023-11-23,SKU-0562,Apparel,117.0,20541.69,175.57,998.0,1
2023-11-24,SKU-0562,Apparel,83.0,16291.24,196.28,382.0,0
2023-11-25,SKU-0562,Apparel,109.0,21591.81,198.09,642.0,0
2023-11-26,SKU-0562,Apparel,96.0,19309.44,201.14,556.0,0
2023-11-27,SKU-0562,Apparel,76.0,14441.52,190.02,908.0,0
2023-11-28,SKU-0562,Apparel,57.0,11697.54,205.22,795.0,0
2023-11-29,SKU-0562,Apparel,100.0,19898.0,198.98,414.0,0
2023-11-30,SKU-0562,Apparel,82.0,17174.08,209.44,907.0,0
2023-12-01,SKU-0562,Apparel,104.0,21166.08,203.52,787.0,0
2023-12-02,SKU-0562,Apparel,100.0,20851.0,208.51,978.0,0
2023-12-03,SKU-0562,Apparel,90.0,18676.8,207.52,957.0,0
2023-12-04,SKU-0562,Apparel,85.0,17152.15,201.79,851.0,0
2023-12-05,SKU-0562,Apparel,87.0,16536.09,190.07,376.0,0
2023-12-06,SKU-0562,Apparel,93.0,15620.28,167.96,834.0,1
2023-12-07,SKU-0562,Apparel,80.0,16648.8,208.11,697.0,0
2023-12-08,SKU-0562,Apparel,75.0,14788.5,197.18,588.0,0
2023-12-09,SKU-0562,Apparel,121.0,24709.41,204.21,750.0,0
2023-12-10,SKU-0562,Apparel,91.0,19065.41,209.51,725.0,0
2023-12-11,SKU-0562,Apparel,81.0,16357.95,201.95,591.0,0
2023-12-12,SKU-0562,Apparel,104.0,20063.68,192.92,480.0,0
2023-12-13,SKU-0562,Apparel,98.0,19916.54,203.23,587.0,0
2023-12-14,SKU-0562,Apparel,96.0,16423.68,171.08,858.0,1
2023-12-15,SKU-0562,Apparel,94.0,16760.2,178.3,407.0,1
2022-01-01,SKU-0821,Electronics,29.0,5934.56,204.64,431.0,0
2022-01-02,SKU-0821,Electronics,25.0,5092.0,203.68,364.0,0
2022-01-03,SKU-0821,Electronics,26.0,5341.18,205.43,211.0,0
2022-01-04,SKU-0821,Electronics,28.0,5448.24,194.58,212.0,0
2022-01-05,SKU-0821,Electronics,18.0,3522.6,195.7,195.0,0
2022-01-06,SKU-0821,Electronics,20.0,4076.4,203.82,342.0,0
2022-01-07,SKU-0821,Electronics,24.0,4562.4,190.1,247.0,0
2022-01-08,SKU-0821,Electronics,24.0,5011.44,208.81,580.0,0
2022-01-09,SKU-0821,Electronics,29.0,6012.86,207.34,563.0,0
2022-01-10,SKU-0821,Electronics,30.0,5120.7,170.69,447.0,1
2022-01-11,SKU-0821,Electronics,31.0,5256.36,169.56,221.0,1
2022-01-12,SKU-0821,Electronics,24.0,4594.08,191.42,313.0,0
2022-01-13,SKU-0821,Electronics,27.0,5302.8,196.4,556.0,0
2022-01-14,SKU-0821,Electronics,24.0,4595.04,191.46,525.0,0
2022-01-15,SKU-0821,Electronics,29.0,5639.63,194.47,584.0,0
2022-01-16,SKU-0821,Electronics,30.0,6110.7,203.69,248.0,0
2022-01-17,SKU-0821,Electronics,26.0,4620.72,177.72,434.0,1
2022-01-18,SKU-0821,Electronics,28.0,5542.04,197.93,441.0,0
2022-01-19,SKU-0821,Electronics,23.0,4464.99,194.13,332.0,0
2022-01-20,SKU-0821,Electronics,19.0,3712.22,195.38,338.0,0
2022-01-21,SKU-0821,Electronics,22.0,4256.34,193.47,556.0,0
2022-01-22,SKU-0821,Electronics,27.0,5417.55,200.65,201.0,0
2022-01-23,SKU-0821,Electronics,28.0,5692.4,203.3,399.0,0
2022-01-24,SKU-0821,Electronics,28.0,4640.16,165.72,492.0,1
2022-01-25,SKU-0821,Electronics,31.0,5901.16,190.36,546.0,0
2022-01-26,SKU-0821,Electronics,23.0,4473.27,194.49,370.0,0
2022-01-27,SKU-0821,Electronics,16.0,3168.32,198.02,415.0,0
2022-01-28,SKU-0821,Electronics,25.0,4756.5,190.26,215.0,0
2022-01-29,SKU-0821,Electronics,28.0,5674.76,202.67,288.0,0
2022-01-30,SKU-0821,Electronics,35.0,5798.45,165.67,343.0,1
2022-01-31,SKU-0821,Electronics,25.0,4886.0,195.44,427.0,0
2022-02-01,SKU-0821,Electronics,24.0,4713.12,196.38,528.0,0
2022-02-02,SKU-0821,Electronics,23.0,4590.8,199.6,443.0,0
2022-02-03,SKU-0821,Electronics,25.0,5053.75,202.15,395.0,0
2022-02-04,SKU-0821,Electronics,26.0,4985.24,191.74,351.0,0
2022-02-05,SKU-0821,Electronics,27.0,5310.9,196.7,492.0,0
2022-02-06,SKU-0821,Electronics,32.0,6109.12,190.91,546.0,0
2022-02-07,SKU-0821,Electronics,26.0,5158.14,198.39,448.0,0
2022-02-08,SKU-0821,Electronics,22.0,4268.22,194.01,386.0,0
2022-02-09,SKU-0821,Electronics,23.0,4385.18,,213.0,0
2022-02-10,SKU-0821,Electronics,22.0,4563.68,207.44,272.0,0
2022-02-11,SKU-0821,Electronics,29.0,5792.17,199.73,546.0,0
2022-02-12,SKU-0821,Electronics,23.0,4725.81,205.47,234.0,0
2022-02-13,SKU-0821,Electronics,38.0,6341.06,166.87,393.0,1
2022-02-14,SKU-0821,Electronics,27.0,5246.37,194.31,456.0,0
2022-02-15,SKU-0821,Electronics,29.0,5735.33,197.77,368.0,0
2022-02-16,SKU-0821,Electronics,27.0,4583.52,169.76,287.0,1
2022-02-17,SKU-0821,Electronics,24.0,4669.44,194.56,269.0,0
2022-02-18,SKU-0821,Electronics,22.0,4368.32,198.56,481.0,0
2022-02-19,SKU-0821,Electronics,25.0,5031.25,201.25,582.0,0
2022-02-20,SKU-0821,Electronics,25.0,4793.75,191.75,573.0,0
2022-02-21,SKU-0821,Electronics,24.0,4851.12,202.13,501.0,0
2022-02-22,SKU-0821,Electronics,22.0,4484.48,203.84,206.0,0
2022-02-23,SKU-0821,Electronics,24.0,4612.56,192.19,410.0,0
2022-02-24,SKU-0821,Electronics,24.0,4632.0,193.0,489.0,0
2022-02-25,SKU-0821,Electronics,28.0,5680.64,202.88,402.0,0
2022-02-26,SKU-0821,Electronics,27.0,5537.7,205.1,373.0,0
2022-02-27,SKU-0821,Electronics,27.0,5562.0,206.0,265.0,0
2022-02-28,SKU-0821,Electronics,20.0,4117.6,205.88,219.0,0
2022-03-01,SKU-0821,Electronics,31.0,6509.07,209.97,571.0,0
2022-03-02,SKU-0821,Electronics,33.0,5574.69,168.93,486.0,1
2022-03-03,SKU-0821,Electronics,27.0,5635.98,208.74,201.0,0
2022-03-04,SKU-0821,Electronics,28.0,5579.0,199.25,352.0,0
2022-03-05,SKU-0821,Electronics,29.0,5959.79,205.51,585.0,0
2022-03-06,SKU-0821,Electronics,30.0,6290.4,209.68,460.0,0
2022-03-07,SKU-0821,Electronics,29.0,5568.29,192.01,280.0,0
2022-03-08,SKU-0821,Electronics,28.0,5807.76,207.42,501.0,0
2022-03-09,SKU-0821,Electronics,23.0,4751.57,206.59,298.0,0
2022-03-10,SKU-0821,Electronics,30.0,6227.4,207.58,420.0,0
2022-03-11,SKU-0821,Electronics,25.0,4820.0,192.8,296.0,0
2022-03-12,SKU-0821,Electronics,28.0,5556.32,198.44,352.0,0
2022-03-13,SKU-0821,Electronics,26.0,5248.62,201.87,184.0,0
2022-03-14,SKU-0821,Electronics,37.0,6256.33,169.09,515.0,1
2022-03-15,SKU-0821,Electronics,23.0,4824.48,209.76,370.0,0
2022-03-16,SKU-0821,Electronics,21.0,4217.43,200.83,244.0,0
2022-03-17,SKU-0821,Electronics,35.0,6809.25,194.55,584.0,0
2022-03-18,SKU-0821,Electronics,26.0,5370.3,206.55,501.0,0
2022-03-19,SKU-0821,Electronics,34.0,6660.26,195.89,186.0,0
2022-03-20,SKU-0821,Electronics,25.0,4866.25,194.65,298.0,0
2022-03-21,SKU-0821,Electronics,28.0,5472.04,195.43,388.0,0
2022-03-22,SKU-0821,Electronics,27.0,5396.76,199.88,342.0,0
2022-03-23,SKU-0821,Electronics,29.0,5784.05,199.45,549.0,0
2022-03-24,SKU-0821,Electronics,26.0,5441.02,209.27,397.0,0
2022-03-25,SKU-0821,Electronics,26.0,5146.96,197.96,307.0,0
2022-03-26,SKU-0821,Electronics,30.0,5982.0,199.4,553.0,0
2022-03-27,SKU-0821,Electronics,25.0,4968.5,198.74,429.0,0
2022-03-28,SKU-0821,Electronics,25.0,4990.5,199.62,458.0,0
2022-03-29,SKU-0821,Electronics,25.0,5225.25,209.01,424.0,0
2022-03-30,SKU-0821,Electronics,29.0,5597.87,193.03,547.0,0
2022-03-31,SKU-0821,Electronics,25.0,5045.25,201.81,457.0,0
2022-04-01,SKU-0821,Electronics,31.0,6010.9,193.9,325.0,0
2022-04-02,SKU-0821,Electronics,24.0,4623.12,192.63,543.0,0
2022-04-03,SKU-0821,Electronics,28.0,5351.64,191.13,337.0,0
2022-04-04,SKU-0821,Electronics,29.0,5860.03,202.07,212.0,0
2022-04-05,SKU-0821,Electronics,27.0,5444.82,201.66,286.0,0
2022-04-06,SKU-0821,Electronics,25.0,4885.5,195.42,283.0,0
2022-04-07,SKU-0821,Electronics,27.0,5470.2,202.6,284.0,0
2022-04-08,SKU-0821,Electronics,24.0,4807.2,200.3,404.0,0
2022-04-09,SKU-0821,Electronics,43.0,7112.2,165.4,229.0,1
2022-04-10,SKU-0821,Electronics,22.0,4563.02,207.41,445.0,0
2022-04-11,SKU-0821,Electronics,40.0,6766.8,169.17,257.0,1
2022-04-12,SKU-0821,Electronics,31.0,6329.58,204.18,183.0,0
2022-04-13,SKU-0821,Electronics,29.0,5876.85,202.65,245.0,0
2022-04-14,SKU-0821,Electronics,30.0,5858.7,195.29,458.0,0
2022-04-15,SKU-0821,Electronics,31.0,6421.96,207.16,599.0,0
2022-04-16,SKU-0821,Electronics,34.0,7091.04,208.56,570.0,0
2022-04-17,SKU-0821,Electronics,38.0,7856.88,206.76,517.0,0
2022-04-18,SKU-0821,Electronics,29.0,6074.63,209.47,375.0,0
2022-04-19,SKU-0821,Electronics,26.0,5073.38,195.13,329.0,0
2022-04-20,SKU-0821,Electronics,34.0,6850.66,201.49,460.0,0
2022-04-21,SKU-0821,Electronics,36.0,7005.6,194.6,412.0,0
2022-04-22,SKU-0821,Electronics,25.0,4750.25,190.01,545.0,0
2022-04-23,SKU-0821,Electronics,33.0,6675.9,202.3,562.0,0
2022-04-24,SKU-0821,Electronics,33.0,6781.5,205.5,278.0,0
2022-04-25,SKU-0821,Electronics,30.0,5737.2,191.24,218.0,0
2022-04-26,SKU-0821,Electronics,32.0,6156.8,192.4,488.0,0
2022-04-27,SKU-0821,Electronics,,6291.45,190.65,456.0,0
2022-04-28,SKU-0821,Electronics,23.0,4756.86,206.82,272.0,0
2022-04-29,SKU-0821,Electronics,30.0,5941.8,198.06,530.0,0
2022-04-30,SKU-0821,Electronics,33.0,6685.8,202.6,349.0,0
2022-05-01,SKU-0821,Electronics,33.0,6787.11,205.67,291.0,0
2022-05-02,SKU-0821,Electronics,39.0,6912.75,177.25,356.0,1
2022-05-03,SKU-0821,Electronics,29.0,5705.75,196.75,545.0,0
2022-05-04,SKU-0821,Electronics,26.0,5153.98,198.23,281.0,0
2022-05-05,SKU-0821,Electronics,38.0,6669.0,175.5,413.0,1
2022-05-06,SKU-0821,Electronics,31.0,6416.69,206.99,198.0,0
2022-05-07,SKU-0821,Electronics,35.0,7138.6,203.96,558.0,0
2022-05-08,SKU-0821,Electronics,30.0,5852.7,195.09,185.0,0
2022-05-09,SKU-0821,Electronics,39.0,6383.52,163.68,422.0,1
2022-05-10,SKU-0821,Electronics,29.0,5909.91,203.79,285.0,0
2022-05-11,SKU-0821,Electronics,27.0,5313.33,196.79,392.0,0
2022-05-12,SKU-0821,Electronics,37.0,7675.28,207.44,422.0,0
2022-05-13,SKU-0821,Electronics,31.0,6249.91,201.61,573.0,0
2022-05-14,SKU-0821,Electronics,43.0,8359.63,194.41,442.0,0
2022-05-15,SKU-0821,Electronics,35.0,7322.0,209.2,200.0,0
2022-05-16,SKU-0821,Electronics,28.0,5552.68,198.31,190.0,0
2022-05-17,SKU-0821,Electronics,39.0,6520.02,167.18,486.0,1
2022-05-18,SKU-0821,Electronics,35.0,6763.05,193.23,378.0,0
2022-05-19,SKU-0821,Electronics,29.0,5563.07,191.83,442.0,0
2022-05-20,SKU-0821,Electronics,30.0,5828.4,194.28,298.0,0
2022-05-21,SKU-0821,Electronics,37.0,7592.4,205.2,311.0,0
2022-05-22,SKU-0821,Electronics,36.0,7449.12,206.92,256.0,0
2022-05-23,SKU-0821,Electronics,34.0,6971.36,205.04,521.0,0
2022-05-24,SKU-0821,Electronics,,6706.84,197.26,549.0,0
2022-05-25,SKU-0821,Electronics,29.0,5894.54,203.26,430.0,0
2022-05-26,SKU-0821,Electronics,33.0,5616.93,170.21,326.0,1
2022-05-27,SKU-0821,Electronics,32.0,6296.0,196.75,527.0,0
2022-05-28,SKU-0821,Electronics,35.0,6704.6,191.56,581.0,0
2022-05-29,SKU-0821,Electronics,29.0,5533.2,190.8,295.0,0
2022-05-30,SKU-0821,Electronics,26.0,5250.18,201.93,522.0,0
2022-05-31,SKU-0821,Electronics,29.0,5581.34,192.46,309.0,0
2022-06-01,SKU-0821,Electronics,23.0,4788.37,208.19,418.0,0
2022-06-02,SKU-0821,Electronics,25.0,5233.75,209.35,480.0,0
2022-06-03,SKU-0821,Electronics,30.0,6189.3,206.31,430.0,0
2022-06-04,SKU-0821,Electronics,33.0,6469.98,196.06,403.0,0
2022-06-05,SKU-0821,Electronics,27.0,5527.98,204.74,195.0,0
2022-06-06,SKU-0821,Electronics,31.0,6413.28,206.88,290.0,0
2022-06-07,SKU-0821,Electronics,32.0,6429.76,200.93,284.0,0
2022-06-08,SKU-0821,Electronics,27.0,5229.36,193.68,497.0,0
2022-06-09,SKU-0821,Electronics,27.0,5636.52,208.76,295.0,0
2022-06-10,SKU-0821,Electronics,30.0,5800.8,193.36,329.0,0
2022-06-11,SKU-0821,Electronics,37.0,7545.78,203.94,214.0,0
2022-06-12,SKU-0821,Electronics,36.0,6968.88,193.58,554.0,0
2022-06-13,SKU-0821,Electronics,32.0,6260.8,195.65,297.0,0
2022-06-14,SKU-0821,Electronics,32.0,6421.44,200.67,350.0,0
2022-06-15,SKU-0821,Electronics,32.0,6365.12,198.91,586.0,0
2022-06-16,SKU-0821,Electronics,26.0,5195.32,199.82,314.0,0
2022-06-17,SKU-0821,Electronics,36.0,7232.4,200.9,232.0,0
2022-06-18,SKU-0821,Electronics,32.0,6599.36,206.23,303.0,0
2022-06-19,SKU-0821,Electronics,37.0,7108.44,192.12,505.0,0
2022-06-20,SKU-0821,Electronics,28.0,5383.0,192.25,200.0,0
2022-06-21,SKU-0821,Electronics,31.0,5914.8,190.8,332.0,0
2022-06-22,SKU-0821,Electronics,24.0,4596.96,191.54,461.0,0
2022-06-23,SKU-0821,Electronics,27.0,5452.11,201.93,295.0,0
2022-06-24,SKU-0821,Electronics,26.0,5310.24,204.24,253.0,0
2022-06-25,SKU-0821,Electronics,39.0,7541.43,193.37,586.0,0
2022-06-26,SKU-0821,Electronics,38.0,7732.62,203.49,591.0,0
2022-06-27,SKU-0821,Electronics,27.0,5574.42,206.46,278.0,0
2022-06-28,SKU-0821,Electronics,32.0,6674.56,208.58,388.0,0
2022-06-29,SKU-0821,Electronics,34.0,6677.6,196.4,392.0,0
2022-06-30,SKU-0821,Electronics,28.0,5434.52,194.09,443.0,0
2022-07-01,SKU-0821,Electronics,27.0,5349.51,198.13,569.0,0
2022-07-02,SKU-0821,Electronics,28.0,5330.92,190.39,549.0,0
2022-07-03,SKU-0821,Electronics,44.0,8927.6,202.9,187.0,0
2022-07-04,SKU-0821,Electronics,30.0,5973.0,199.1,496.0,0
2022-07-05,SKU-0821,Electronics,25.0,5100.25,204.01,498.0,0
2022-07-06,SKU-0821,Electronics,31.0,6231.93,201.03,329.0,0
2022-07-07,SKU-0821,Electronics,29.0,6045.63,208.47,408.0,0
2022-07-08,SKU-0821,Electronics,27.0,5406.75,200.25,384.0,0
2022-07-09,SKU-0821,Electronics,29.0,5624.55,193.95,313.0,0
2022-07-10,SKU-0821,Electronics,27.0,5547.42,205.46,517.0,0
2022-07-11,SKU-0821,Electronics,35.0,7179.9,205.14,434.0,0
2022-07-12,SKU-0821,Electronics,27.0,5585.49,206.87,261.0,0
2022-07-13,SKU-0821,Electronics,34.0,6706.16,197.24,400.0,0
2022-07-14,SKU-0821,Electronics,23.0,4483.85,194.95,450.0,0
2022-07-15,SKU-0821,Electronics,34.0,6911.52,203.28,322.0,0
2022-07-16,SKU-0821,Electronics,35.0,6692.0,191.2,553.0,0
2022-07-17,SKU-0821,Electronics,35.0,7036.75,201.05,228.0,0
2022-07-18,SKU-0821,Electronics,38.0,6598.32,173.64,568.0,1
2022-07-19,SKU-0821,Electronics,36.0,5865.84,162.94,519.0,1
2022-07-20,SKU-0821,Electronics,29.0,5898.31,203.39,553.0,0
2022-07-21,SKU-0821,Electronics,31.0,6129.63,197.73,356.0,0
2022-07-22,SKU-0821,Electronics,38.0,7498.16,197.32,518.0,0
2022-07-23,SKU-0821,Electronics,35.0,7097.65,202.79,321.0,0
2022-07-24,SKU-0821,Electronics,35.0,6882.4,196.64,492.0,0
2022-07-25,SKU-0821,Electronics,44.0,7601.0,172.75,329.0,1
2022-07-26,SKU-0821,Electronics,27.0,5312.25,196.75,217.0,0
2022-07-27,SKU-0821,Electronics,28.0,5764.08,205.86,560.0,0
2022-07-28,SKU-0821,Electronics,23.0,4812.29,209.23,311.0,0
2022-07-29,SKU-0821,Electronics,27.0,5495.04,203.52,350.0,0
2022-07-30,SKU-0821,Electronics,26.0,5144.36,197.86,255.0,0
2022-07-31,SKU-0821,Electronics,38.0,7832.94,206.13,181.0,0
2022-08-01,SKU-0821,Electronics,34.0,5723.9,168.35,452.0,1
2022-08-02,SKU-0821,Electronics,36.0,7345.8,204.05,581.0,0
2022-08-03,SKU-0821,Electronics,25.0,4828.75,193.15,193.0,0
2022-08-04,SKU-0821,Electronics,28.0,5519.64,197.13,494.0,0
2022-08-05,SKU-0821,Electronics,36.0,6351.48,176.43,401.0,1
2022-08-06,SKU-0821,Electronics,40.0,7868.4,196.71,501.0,0
2022-08-07,SKU-0821,Electronics,44.0,7411.36,168.44,260.0,1
2022-08-08,SKU-0821,Electronics,26.0,5425.42,208.67,482.0,0
2022-08-09,SKU-0821,Electronics,34.0,6525.96,191.94,379.0,0
2022-08-10,SKU-0821,Electronics,34.0,5712.34,168.01,513.0,1
2022-08-11,SKU-0821,Electronics,220.95459440273262,6154.58,166.34,199.0,1
