data/sample_sales_data.csv
date,product_id,category,sales_qty,revenue,price,inventory_qty,promotion_flag
2022-08-12,SKU-0821,Electronics,36.0,6077.16,168.81,547.0,1
2022-08-13,SKU-0821,Electronics,36.0,6869.16,190.81,563.0,0
2022-08-14,SKU-0821,Electronics,28.0,5348.0,191.0,292.0,0
2022-08-15,SKU-0821,Electronics,21.0,4197.06,199.86,423.0,0
2022-08-16,SKU-0821,Electronics,28.0,5411.0,193.25,555.0,0
2022-08-17,SKU-0821,Electronics,28.0,5691.56,203.27,459.0,0
2022-08-18,SKU-0821,Electronics,24.0,4668.0,194.5,287.0,0
2022-08-19,SKU-0821,Electronics,31.0,6261.69,201.99,519.0,0
2022-08-20,SKU-0821,Electronics,34.0,6841.14,201.21,486.0,0
2022-08-21,SKU-0821,Electronics,32.0,6483.52,202.61,368.0,0
2022-08-22,SKU-0821,Electronics,45.0,7587.0,168.6,486.0,1
2022-08-23,SKU-0821,Electronics,29.0,6009.38,207.22,417.0,0
2022-08-24,SKU-0821,Electronics,32.0,6126.08,191.44,241.0,0
2022-08-25,SKU-0821,Electronics,29.0,5866.7,202.3,382.0,0
2022-08-26,SKU-0821,Electronics,28.0,5360.6,191.45,580.0,0
2022-08-27,SKU-0821,Electronics,35.0,6861.75,196.05,458.0,0
2022-08-28,SKU-0821,Electronics,38.0,7902.1,207.95,397.0,0
2022-08-29,SKU-0821,Electronics,28.0,5448.8,194.6,396.0,0
2022-08-30,SKU-0821,Electronics,29.0,5985.89,206.41,438.0,0
2022-08-31,SKU-0821,Electronics,29.0,5828.71,200.99,552.0,0
2022-09-01,SKU-0821,Electronics,29.0,5511.45,190.05,282.0,0
2022-09-02,SKU-0821,Electronics,36.0,7511.04,208.64,297.0,0
2022-09-03,SKU-0821,Electronics,33.0,6724.41,203.77,272.0,0
2022-09-04,SKU-0821,Electronics,30.0,6106.2,203.54,504.0,0
2022-09-05,SKU-0821,Electronics,28.0,5716.2,204.15,193.0,0
2022-09-06,SKU-0821,Electronics,30.0,5888.4,196.28,239.0,0
2022-09-07,SKU-0821,Electronics,24.0,5027.28,209.47,458.0,0
2022-09-08,SKU-0821,Electronics,32.0,6492.8,202.9,337.0,0
2022-09-09,SKU-0821,Electronics,26.0,5062.72,194.72,486.0,0
2022-09-10,SKU-0821,Electronics,32.0,6191.36,193.48,499.0,0
2022-09-11,SKU-0821,Electronics,31.0,6330.2,204.2,464.0,0
2022-09-12,SKU-0821,Electronics,30.0,5901.3,196.71,589.0,0
2022-09-13,SKU-0821,Electronics,31.0,6135.21,197.91,305.0,0
2022-09-14,SKU-0821,Electronics,39.0,8057.4,206.6,200.0,0
2022-09-15,SKU-0821,Electronics,24.0,4807.2,200.3,251.0,0
2022-09-16,SKU-0821,Electronics,22.0,4377.34,198.97,,0
2022-09-17,SKU-0821,Electronics,31.0,6001.29,193.59,469.0,0
2022-09-18,SKU-0821,Electronics,37.0,7513.59,203.07,581.0,0
2022-09-19,SKU-0821,Electronics,33.0,6740.25,204.25,468.0,0
2022-09-20,SKU-0821,Electronics,32.0,6593.92,206.06,336.0,0
2022-09-21,SKU-0821,Electronics,27.0,5316.03,,205.0,0
2022-09-22,SKU-0821,Electronics,34.0,5860.92,172.38,548.0,1
2022-09-23,SKU-0821,Electronics,28.0,5722.36,204.37,269.0,0
2022-09-24,SKU-0821,Electronics,31.0,5895.58,190.18,519.0,0
2022-09-25,SKU-0821,Electronics,36.0,7420.32,206.12,301.0,0
2022-09-26,SKU-0821,Electronics,25.0,4966.0,198.64,202.0,0
2022-09-27,SKU-0821,Electronics,36.0,5901.48,163.93,540.0,1
2022-09-28,SKU-0821,Electronics,37.0,6507.56,175.88,325.0,1
2022-09-29,SKU-0821,Electronics,33.0,6282.54,190.38,487.0,0
2022-09-30,SKU-0821,Electronics,30.0,5924.1,197.47,270.0,0
2022-10-01,SKU-0821,Electronics,46.0,9413.9,204.65,506.0,0
2022-10-02,SKU-0821,Electronics,36.0,7173.0,199.25,343.0,0
2022-10-03,SKU-0821,Electronics,35.0,6731.55,192.33,430.0,0
2022-10-04,SKU-0821,Electronics,39.0,7975.5,204.5,363.0,0
2022-10-05,SKU-0821,Electronics,43.0,8560.87,199.09,482.0,0
2022-10-06,SKU-0821,Electronics,36.0,7203.24,200.09,375.0,0
2022-10-07,SKU-0821,Electronics,44.0,8614.32,195.78,216.0,0
2022-10-08,SKU-0821,Electronics,54.0,11026.8,204.2,579.0,0
2022-10-09,SKU-0821,Electronics,57.0,9844.47,172.71,348.0,1
2022-10-10,SKU-0821,Electronics,42.0,8774.22,208.91,366.0,0
2022-10-11,SKU-0821,Electronics,38.0,7778.22,204.69,334.0,0
2022-10-12,SKU-0821,Electronics,43.0,8867.03,206.21,198.0,0
2022-10-13,SKU-0821,Electronics,62.0,11013.06,177.63,558.0,1
2022-10-14,SKU-0821,Electronics,35.0,6886.25,196.75,520.0,0
2022-10-15,SKU-0821,Electronics,66.0,13226.4,200.4,528.0,0
2022-10-16,SKU-0821,Electronics,80.0,16718.4,208.98,599.0,0
2022-10-17,SKU-0821,Electronics,55.0,11091.3,201.66,348.0,0
2022-10-18,SKU-0821,Electronics,51.0,10077.6,197.6,545.0,0
2022-10-19,SKU-0821,Electronics,50.0,9848.5,196.97,255.0,0
2022-10-20,SKU-0821,Electronics,76.0,13486.96,177.46,462.0,1
2022-10-21,SKU-0821,Electronics,59.0,12192.94,206.66,210.0,0
2022-10-22,SKU-0821,Electronics,57.0,11129.82,195.26,337.0,0
2022-10-23,SKU-0821,Electronics,73.0,14434.29,197.73,318.0,0
2022-10-24,SKU-0821,Electronics,49.0,9819.11,200.39,416.0,0
2022-10-25,SKU-0821,Electronics,42.0,8219.82,195.71,305.0,0
2022-10-26,SKU-0821,Electronics,47.0,7762.52,165.16,294.0,1
2022-10-27,SKU-0821,Electronics,53.0,9273.41,174.97,308.0,1
2022-10-28,SKU-0821,Electronics,39.0,7721.22,197.98,438.0,0
2022-10-29,SKU-0821,Electronics,48.0,10067.04,209.73,404.0,0
2022-10-30,SKU-0821,Electronics,43.0,8797.37,204.59,520.0,0
2022-10-31,SKU-0821,Electronics,32.0,6663.04,,253.0,0
2022-11-01,SKU-0821,Electronics,50.0,10331.0,206.62,197.0,0
2022-11-02,SKU-0821,Electronics,41.0,8177.86,199.46,464.0,0
2022-11-03,SKU-0821,Electronics,41.0,7844.53,191.33,589.0,0
2022-11-04,SKU-0821,Electronics,37.0,7306.39,197.47,319.0,0
2022-11-05,SKU-0821,Electronics,43.0,8938.41,207.87,302.0,0
2022-11-06,SKU-0821,Electronics,57.0,11897.61,208.73,519.0,0
2022-11-07,SKU-0821,Electronics,45.0,9433.35,209.63,321.0,0
2022-11-08,SKU-0821,Electronics,41.0,7822.39,190.79,186.0,0
2022-11-09,SKU-0821,Electronics,32.0,6665.92,208.31,232.0,0
2022-11-10,SKU-0821,Electronics,50.0,9701.5,194.03,278.0,0
2022-11-11,SKU-0821,Electronics,50.0,9693.5,193.87,289.0,0
2022-11-12,SKU-0821,Electronics,58.0,11796.04,203.38,575.0,0
2022-11-13,SKU-0821,Electronics,58.0,11581.44,199.68,590.0,0
2022-11-14,SKU-0821,Electronics,58.0,9531.14,164.33,510.0,1
2022-11-15,SKU-0821,Electronics,42.0,8485.26,202.03,434.0,0
2022-11-16,SKU-0821,Electronics,56.0,11202.8,200.05,386.0,0
2022-11-17,SKU-0821,Electronics,42.0,8742.72,208.16,332.0,0
2022-11-18,SKU-0821,Electronics,34.0,7002.98,205.97,400.0,0
2022-11-19,SKU-0821,Electronics,46.0,9472.78,205.93,361.0,0
2022-11-20,SKU-0821,Electronics,42.0,8257.62,196.61,217.0,0
2022-11-21,SKU-0821,Electronics,45.0,9117.0,202.6,535.0,0
2022-11-22,SKU-0821,Electronics,48.0,9507.84,198.08,267.0,0
2022-11-23,SKU-0821,Electronics,41.0,8088.48,197.28,582.0,0
2022-11-24,SKU-0821,Electronics,44.0,8539.96,194.09,256.0,0
2022-11-25,SKU-0821,Electronics,43.0,8312.33,193.31,592.0,0
2022-11-26,SKU-0821,Electronics,44.0,9042.88,205.52,384.0,0
2022-11-27,SKU-0821,Electronics,40.0,7986.0,199.65,430.0,0
2022-11-28,SKU-0821,Electronics,35.0,7184.45,205.27,220.0,0
2022-11-29,SKU-0821,Electronics,59.0,10104.93,171.27,553.0,1
2022-11-30,SKU-0821,Electronics,32.0,6122.24,191.32,441.0,0
2022-12-01,SKU-0821,Electronics,40.0,8011.6,200.29,427.0,0
2022-12-02,SKU-0821,Electronics,40.0,7767.2,194.18,505.0,0
2022-12-03,SKU-0821,Electronics,41.0,8110.21,197.81,577.0,0
2022-12-04,SKU-0821,Electronics,41.0,8274.62,201.82,312.0,0
2022-12-05,SKU-0821,Electronics,50.0,10424.5,208.49,479.0,0
2022-12-06,SKU-0821,Electronics,39.0,7644.0,196.0,403.0,0
2022-12-07,SKU-0821,Electronics,42.0,8225.7,195.85,455.0,0
2022-12-08,SKU-0821,Electronics,45.0,8568.0,190.4,461.0,0
2022-12-09,SKU-0821,Electronics,43.0,8722.12,202.84,192.0,0
2022-12-10,SKU-0821,Electronics,55.0,8905.6,161.92,341.0,1
2022-12-11,SKU-0821,Electronics,54.0,10759.5,199.25,297.0,0
2022-12-12,SKU-0821,Electronics,36.0,7511.4,208.65,291.0,0
2022-12-13,SKU-0821,Electronics,36.0,7318.44,203.29,269.0,0
2022-12-14,SKU-0821,Electronics,40.0,8309.2,207.73,486.0,0
2022-12-15,SKU-0821,Electronics,40.0,8206.8,205.17,336.0,0
2022-12-16,SKU-0821,Electronics,47.0,9670.72,205.76,286.0,0
2022-12-17,SKU-0821,Electronics,48.0,9918.24,206.63,333.0,0
2022-12-18,SKU-0821,Electronics,47.0,9856.84,209.72,222.0,0
2022-12-19,SKU-0821,Electronics,36.0,7387.92,205.22,382.0,0
2022-12-20,SKU-0821,Electronics,64.0,12301.44,192.21,532.0,0
2022-12-21,SKU-0821,Electronics,44.0,9125.6,207.4,361.0,0
2022-12-22,SKU-0821,Electronics,60.0,11803.2,196.72,303.0,0
2022-12-23,SKU-0821,Electronics,54.0,10630.44,196.86,355.0,0
2022-12-24,SKU-0821,Electronics,51.0,10565.67,207.17,599.0,0
2022-12-25,SKU-0821,Electronics,71.0,13886.89,195.59,419.0,0
2022-12-26,SKU-0821,Electronics,72.0,14500.08,201.39,352.0,0
2022-12-27,SKU-0821,Electronics,57.0,11866.83,208.19,393.0,0
2022-12-28,SKU-0821,Electronics,,11864.5,194.5,380.0,0
2022-12-29,SKU-0821,Electronics,63.0,12942.09,205.43,566.0,0
2022-12-30,SKU-0821,Electronics,52.0,9964.76,191.63,188.0,0
2022-12-31,SKU-0821,Electronics,57.0,10904.1,191.3,589.0,0
2023-01-01,SKU-0821,Electronics,29.0,5554.95,191.55,248.0,0
2023-01-02,SKU-0821,Electronics,21.0,4220.16,200.96,370.0,0
2023-01-03,SKU-0821,Electronics,,5214.82,200.57,569.0,0
2023-01-04,SKU-0821,Electronics,24.0,4980.96,207.54,408.0,0
2023-01-05,SKU-0821,Electronics,29.0,6049.69,208.61,359.0,0
2023-01-06,SKU-0821,Electronics,20.0,3870.8,193.54,546.0,0
2023-01-07,SKU-0821,Electronics,29.0,5666.31,195.39,595.0,0
2023-01-08,SKU-0821,Electronics,22.0,4185.94,190.27,212.0,0
2023-01-09,SKU-0821,Electronics,26.0,5205.46,200.21,362.0,0
2023-01-10,SKU-0821,Electronics,29.0,5070.36,174.84,383.0,1
2023-01-11,SKU-0821,Electronics,23.0,4727.42,205.54,335.0,0
2023-01-12,SKU-0821,Electronics,23.0,4487.99,195.13,554.0,0
2023-01-13,SKU-0821,Electronics,24.0,4656.48,194.02,511.0,0
2023-01-14,SKU-0821,Electronics,29.0,5594.39,192.91,374.0,0
2023-01-15,SKU-0821,Electronics,26.0,5438.42,209.17,289.0,0
2023-01-16,SKU-0821,Electronics,23.0,4682.34,203.58,529.0,0
2023-01-17,SKU-0821,Electronics,21.0,4085.13,194.53,376.0,0
2023-01-18,SKU-0821,Electronics,21.0,4155.27,197.87,206.0,0
2023-01-19,SKU-0821,Electronics,23.0,4585.28,199.36,594.0,0
2023-01-20,SKU-0821,Electronics,28.0,5680.08,202.86,541.0,0
2023-01-21,SKU-0821,Electronics,29.0,5635.57,194.33,290.0,0
2023-01-22,SKU-0821,Electronics,28.0,5731.88,204.71,541.0,0
2023-01-23,SKU-0821,Electronics,20.0,3914.0,195.7,371.0,0
2023-01-24,SKU-0821,Electronics,26.0,5272.54,202.79,252.0,0
2023-01-25,SKU-0821,Electronics,24.0,4901.76,204.24,204.0,0
2023-01-26,SKU-0821,Electronics,22.0,4192.54,190.57,,0
2023-01-27,SKU-0821,Electronics,23.0,4682.8,203.6,556.0,0
2023-01-28,SKU-0821,Electronics,35.0,6851.25,195.75,428.0,0
2023-01-29,SKU-0821,Electronics,27.0,5251.5,194.5,352.0,0
2023-01-30,SKU-0821,Electronics,19.0,3896.9,205.1,517.0,0
2023-01-31,SKU-0821,Electronics,23.0,4548.25,197.75,437.0,0
2023-02-01,SKU-0821,Electronics,27.0,4602.69,170.47,270.0,1
2023-02-02,SKU-0821,Electronics,33.0,5859.48,177.56,182.0,1
2023-02-03,SKU-0821,Electronics,24.0,4966.56,206.94,406.0,0
2023-02-04,SKU-0821,Electronics,29.0,6079.27,209.63,397.0,0
2023-02-05,SKU-0821,Electronics,32.0,5431.36,169.73,474.0,1
2023-02-06,SKU-0821,Electronics,206.9880997391757,5689.6,177.8,266.0,1
2023-02-07,SKU-0821,Electronics,30.0,5311.5,177.05,238.0,1
2023-02-08,SKU-0821,Electronics,23.0,4403.35,191.45,418.0,0
2023-02-09,SKU-0821,Electronics,25.0,5142.0,205.68,556.0,0
2023-02-10,SKU-0821,Electronics,20.0,3884.6,194.23,291.0,0
2023-02-11,SKU-0821,Electronics,24.0,4815.6,200.65,227.0,0
2023-02-12,SKU-0821,Electronics,28.0,5701.64,203.63,322.0,0
2023-02-13,SKU-0821,Electronics,24.0,4992.48,208.02,289.0,0
2023-02-14,SKU-0821,Electronics,19.0,3840.85,202.15,257.0,0
2023-02-15,SKU-0821,Electronics,24.0,4597.2,191.55,583.0,0
2023-02-16,SKU-0821,Electronics,35.0,6147.05,175.63,259.0,1
2023-02-17,SKU-0821,Electronics,22.0,4523.64,205.62,596.0,0
2023-02-18,SKU-0821,Electronics,31.0,5918.83,190.93,410.0,0
2023-02-19,SKU-0821,Electronics,30.0,6049.5,201.65,412.0,0
2023-02-20,SKU-0821,Electronics,24.0,4633.68,193.07,235.0,0
2023-02-21,SKU-0821,Electronics,29.0,5573.8,192.2,358.0,0
2023-02-22,SKU-0821,Electronics,28.0,5722.64,204.38,449.0,0
2023-02-23,SKU-0821,Electronics,18.0,3758.76,208.82,536.0,0
2023-02-24,SKU-0821,Electronics,21.0,4319.91,205.71,231.0,0
2023-02-25,SKU-0821,Electronics,26.0,5281.64,203.14,454.0,0
2023-02-26,SKU-0821,Electronics,30.0,6227.7,207.59,573.0,0
2023-02-27,SKU-0821,Electronics,24.0,4943.04,205.96,233.0,0
2023-02-28,SKU-0821,Electronics,29.0,6068.54,209.26,529.0,0
2023-03-01,SKU-0821,Electronics,24.0,4856.64,202.36,373.0,0
2023-03-02,SKU-0821,Electronics,29.0,5158.23,177.87,231.0,1
2023-03-03,SKU-0821,Electronics,35.0,5865.65,167.59,555.0,1
2023-03-04,SKU-0821,Electronics,33.0,6906.24,,570.0,0
2023-03-05,SKU-0821,Electronics,31.0,6137.38,197.98,495.0,0
2023-03-06,SKU-0821,Electronics,31.0,6440.56,207.76,282.0,0
2023-03-07,SKU-0821,Electronics,17.0,3486.87,205.11,549.0,0
2023-03-08,SKU-0821,Electronics,35.0,6065.85,173.31,482.0,1
2023-03-09,SKU-0821,Electronics,22.0,4476.56,203.48,486.0,0
2023-03-10,SKU-0821,Electronics,23.0,4717.99,205.13,529.0,0
2023-03-11,SKU-0821,Electronics,34.0,6745.6,198.4,205.0,0
2023-03-12,SKU-0821,Electronics,51.0,8685.3,170.3,183.0,1
2023-03-13,SKU-0821,Electronics,31.0,6183.57,199.47,528.0,0
2023-03-14,SKU-0821,Electronics,29.0,5981.83,206.27,181.0,0
2023-03-15,SKU-0821,Electronics,24.0,4626.24,192.76,235.0,0
2023-03-16,SKU-0821,Electronics,28.0,5745.88,205.21,399.0,0
2023-03-17,SKU-0821,Electronics,26.0,4972.76,191.26,511.0,0
2023-03-18,SKU-0821,Electronics,30.0,6131.7,204.39,365.0,0
2023-03-19,SKU-0821,Electronics,33.0,6656.1,201.7,270.0,0
2023-03-20,SKU-0821,Electronics,28.0,5348.0,191.0,400.0,0
2023-03-21,SKU-0821,Electronics,28.0,5353.6,191.2,384.0,0
2023-03-22,SKU-0821,Electronics,26.0,5183.62,199.37,527.0,0
2023-03-23,SKU-0821,Electronics,31.0,6470.32,208.72,595.0,0
2023-03-24,SKU-0821,Electronics,31.0,6096.46,196.66,296.0,0
2023-03-25,SKU-0821,Electronics,35.0,7124.6,203.56,467.0,0
2023-03-26,SKU-0821,Electronics,29.0,5710.39,196.91,499.0,0
2023-03-27,SKU-0821,Electronics,25.0,5056.75,202.27,220.0,0
2023-03-28,SKU-0821,Electronics,24.0,4812.96,200.54,405.0,0
2023-03-29,SKU-0821,Electronics,31.0,6348.8,204.8,406.0,0
2023-03-30,SKU-0821,Electronics,20.0,3806.8,190.34,399.0,0
2023-03-31,SKU-0821,Electronics,21.0,4340.91,206.71,486.0,0
2023-04-01,SKU-0821,Electronics,30.0,6047.4,201.58,375.0,0
2023-04-02,SKU-0821,Electronics,30.0,6141.6,204.72,395.0,0
2023-04-03,SKU-0821,Electronics,22.0,4431.46,201.43,242.0,0
2023-04-04,SKU-0821,Electronics,32.0,6245.76,195.18,324.0,0
2023-04-05,SKU-0821,Electronics,28.0,5805.8,207.35,536.0,0
2023-04-06,SKU-0821,Electronics,27.0,5321.7,197.1,388.0,0
2023-04-07,SKU-0821,Electronics,27.0,5566.05,206.15,236.0,0
2023-04-08,SKU-0821,Electronics,35.0,7119.35,203.41,555.0,0
2023-04-09,SKU-0821,Electronics,35.0,7318.15,209.09,268.0,0
2023-04-10,SKU-0821,Electronics,28.0,5325.88,190.21,462.0,0
2023-04-11,SKU-0821,Electronics,37.0,7666.77,207.21,220.0,0
2023-04-12,SKU-0821,Electronics,28.0,5430.04,193.93,498.0,0
2023-04-13,SKU-0821,Electronics,28.0,5620.44,200.73,491.0,0
2023-04-14,SKU-0821,Electronics,30.0,5730.3,191.01,554.0,0
2023-04-15,SKU-0821,Electronics,32.0,6492.16,202.88,565.0,0
2023-04-16,SKU-0821,Electronics,41.0,6782.63,165.43,285.0,1
2023-04-17,SKU-0821,Electronics,40.0,6563.2,164.08,348.0,1
2023-04-18,SKU-0821,Electronics,27.0,4561.65,168.95,330.0,1
2023-04-19,SKU-0821,Electronics,30.0,5158.2,171.94,483.0,1
2023-04-20,SKU-0821,Electronics,29.0,5779.7,199.3,216.0,0
2023-04-21,SKU-0821,Electronics,39.0,6725.16,172.44,282.0,1
2023-04-22,SKU-0821,Electronics,35.0,7309.75,208.85,347.0,0
2023-04-23,SKU-0821,Electronics,39.0,7620.6,195.4,328.0,0
2023-04-24,SKU-0821,Electronics,27.0,5264.46,194.98,574.0,0
2023-04-25,SKU-0821,Electronics,30.0,6246.6,208.22,521.0,0
2023-04-26,SKU-0821,Electronics,27.0,5243.94,194.22,361.0,0
2023-04-27,SKU-0821,Electronics,25.0,4951.75,198.07,479.0,0
2023-04-28,SKU-0821,Electronics,22.0,4343.24,197.42,220.0,0
2023-04-29,SKU-0821,Electronics,25.0,5034.25,201.37,369.0,0
2023-04-30,SKU-0821,Electronics,33.0,6864.99,208.03,388.0,0
2023-05-01,SKU-0821,Electronics,28.0,5502.56,196.52,194.0,0
2023-05-02,SKU-0821,Electronics,25.0,4882.5,195.3,272.0,0
2023-05-03,SKU-0821,Electronics,28.0,5527.76,197.42,252.0,0
2023-05-04,SKU-0821,Electronics,25.0,5022.5,200.9,384.0,0
2023-05-05,SKU-0821,Electronics,36.0,7376.4,204.9,560.0,0
2023-05-06,SKU-0821,Electronics,38.0,7412.66,195.07,547.0,0
2023-05-07,SKU-0821,Electronics,32.0,6312.0,197.25,233.0,0
2023-05-08,SKU-0821,Electronics,32.0,6521.6,203.8,345.0,0
2023-05-09,SKU-0821,Electronics,27.0,5403.51,200.13,401.0,0
2023-05-10,SKU-0821,Electronics,23.0,4638.87,201.69,364.0,0
2023-05-11,SKU-0821,Electronics,29.0,4752.81,163.89,467.0,1
2023-05-12,SKU-0821,Electronics,19.0,3733.88,196.52,451.0,0
2023-05-13,SKU-0821,Electronics,30.0,5758.2,191.94,279.0,0
2023-05-14,SKU-0821,Electronics,38.0,7834.08,206.16,374.0,0
2023-05-15,SKU-0821,Electronics,30.0,5957.7,198.59,486.0,0
2023-05-16,SKU-0821,Electronics,26.0,4981.6,191.6,497.0,0
2023-05-17,SKU-0821,Electronics,40.0,6509.6,162.74,431.0,1
2023-05-18,SKU-0821,Electronics,41.0,6846.18,166.98,453.0,1
2023-05-19,SKU-0821,Electronics,26.0,5145.4,197.9,287.0,0
2023-05-20,SKU-0821,Electronics,32.0,6132.48,191.64,317.0,0
2023-05-21,SKU-0821,Electronics,31.0,6257.04,201.84,327.0,0
2023-05-22,SKU-0821,Electronics,31.0,5329.83,171.93,521.0,1
2023-05-23,SKU-0821,Electronics,26.0,5405.92,,492.0,0
2023-05-24,SKU-0821,Electronics,35.0,7128.8,203.68,584.0,0
2023-05-25,SKU-0821,Electronics,26.0,5145.66,197.91,396.0,0
2023-05-26,SKU-0821,Electronics,32.0,6539.84,204.37,326.0,0
2023-05-27,SKU-0821,Electronics,32.0,6624.96,207.03,203.0,0
2023-05-28,SKU-0821,Electronics,43.0,7367.19,171.33,202.0,1
2023-05-29,SKU-0821,Electronics,30.0,6182.1,206.07,270.0,0
2023-05-30,SKU-0821,Electronics,33.0,5410.02,163.94,250.0,1
2023-05-31,SKU-0821,Electronics,27.0,5447.25,201.75,193.0,0
2023-06-01,SKU-0821,Electronics,29.0,5768.68,198.92,311.0,0
2023-06-02,SKU-0821,Electronics,28.0,5662.44,202.23,399.0,0
2023-06-03,SKU-0821,Electronics,31.0,6345.39,204.69,485.0,0
2023-06-04,SKU-0821,Electronics,36.0,6957.0,193.25,264.0,0
2023-06-05,SKU-0821,Electronics,27.0,5610.6,207.8,586.0,0
2023-06-06,SKU-0821,Electronics,35.0,6849.85,195.71,305.0,0
2023-06-07,SKU-0821,Electronics,28.0,5434.24,194.08,193.0,0
