data/sample_sales_data.csv
date,product_id,category,sales_qty,revenue,price,inventory_qty,promotion_flag
2023-06-08,SKU-0821,Electronics,36.0,7412.04,205.89,287.0,0
2023-06-09,SKU-0821,Electronics,27.0,5175.09,191.67,302.0,0
2023-06-10,SKU-0821,Electronics,38.0,7777.08,204.66,278.0,0
2023-06-11,SKU-0821,Electronics,28.0,5746.44,205.23,529.0,0
2023-06-12,SKU-0821,Electronics,34.0,6970.68,205.02,240.0,0
2023-06-13,SKU-0821,Electronics,31.0,6083.75,196.25,274.0,0
2023-06-14,SKU-0821,Electronics,30.0,5927.7,197.59,331.0,0
2023-06-15,SKU-0821,Electronics,31.0,6205.89,200.19,484.0,0
2023-06-16,SKU-0821,Electronics,38.0,7701.84,202.68,228.0,0
2023-06-17,SKU-0821,Electronics,50.0,8263.0,165.26,390.0,1
2023-06-18,SKU-0821,Electronics,34.0,6512.02,191.53,566.0,0
2023-06-19,SKU-0821,Electronics,37.0,6063.19,163.87,395.0,1
2023-06-20,SKU-0821,Electronics,34.0,6929.54,203.81,241.0,0
2023-06-21,SKU-0821,Electronics,31.0,6305.09,203.39,575.0,0
2023-06-22,SKU-0821,Electronics,38.0,7822.3,205.85,387.0,0
2023-06-23,SKU-0821,Electronics,37.0,7050.35,190.55,203.0,0
2023-06-24,SKU-0821,Electronics,36.0,6894.0,191.5,379.0,0
2023-06-25,SKU-0821,Electronics,41.0,8018.37,195.57,399.0,0
2023-06-26,SKU-0821,Electronics,36.0,6162.84,171.19,418.0,1
2023-06-27,SKU-0821,Electronics,36.0,7140.6,198.35,588.0,0
2023-06-28,SKU-0821,Electronics,28.0,5700.52,203.59,369.0,0
2023-06-29,SKU-0821,Electronics,36.0,7350.12,204.17,528.0,0
2023-06-30,SKU-0821,Electronics,28.0,5856.2,209.15,372.0,0
2023-07-01,SKU-0821,Electronics,,6751.38,198.57,278.0,0
2023-07-02,SKU-0821,Electronics,33.0,6609.24,200.28,350.0,0
2023-07-03,SKU-0821,Electronics,21.0,4013.94,191.14,339.0,0
2023-07-04,SKU-0821,Electronics,30.0,6043.2,201.44,234.0,0
2023-07-05,SKU-0821,Electronics,28.0,4778.48,170.66,514.0,1
2023-07-06,SKU-0821,Electronics,30.0,6136.8,204.56,441.0,0
2023-07-07,SKU-0821,Electronics,32.0,6369.92,199.06,504.0,0
2023-07-08,SKU-0821,Electronics,33.0,6542.91,198.27,366.0,0
2023-07-09,SKU-0821,Electronics,41.0,7819.11,190.71,579.0,0
2023-07-10,SKU-0821,Electronics,25.0,5093.25,203.73,597.0,0
2023-07-11,SKU-0821,Electronics,33.0,6712.86,203.42,,0
2023-07-12,SKU-0821,Electronics,44.0,7274.52,165.33,280.0,1
2023-07-13,SKU-0821,Electronics,30.0,5803.2,193.44,384.0,0
2023-07-14,SKU-0821,Electronics,28.0,5785.36,206.62,221.0,0
2023-07-15,SKU-0821,Electronics,42.0,7394.52,176.06,411.0,1
2023-07-16,SKU-0821,Electronics,28.0,5843.32,208.69,514.0,0
2023-07-17,SKU-0821,Electronics,32.0,6403.2,200.1,538.0,0
2023-07-18,SKU-0821,Electronics,31.0,6300.75,203.25,452.0,0
2023-07-19,SKU-0821,Electronics,34.0,6792.86,199.79,586.0,0
2023-07-20,SKU-0821,Electronics,34.0,5681.06,167.09,365.0,1
2023-07-21,SKU-0821,Electronics,30.0,6039.6,201.32,290.0,0
2023-07-22,SKU-0821,Electronics,42.0,8053.92,191.76,352.0,0
2023-07-23,SKU-0821,Electronics,38.0,7812.8,205.6,584.0,0
2023-07-24,SKU-0821,Electronics,31.0,5989.2,193.2,474.0,0
2023-07-25,SKU-0821,Electronics,33.0,6820.44,206.68,251.0,0
2023-07-26,SKU-0821,Electronics,31.0,6417.31,207.01,517.0,0
2023-07-27,SKU-0821,Electronics,42.0,6937.56,165.18,392.0,1
2023-07-28,SKU-0821,Electronics,29.0,5708.94,196.86,523.0,0
2023-07-29,SKU-0821,Electronics,32.0,5528.64,172.77,597.0,1
2023-07-30,SKU-0821,Electronics,48.0,7920.96,165.02,507.0,1
2023-07-31,SKU-0821,Electronics,39.0,6465.81,165.79,209.0,1
2023-08-01,SKU-0821,Electronics,29.0,5885.26,202.94,545.0,0
2023-08-02,SKU-0821,Electronics,27.0,5132.7,190.1,351.0,0
2023-08-03,SKU-0821,Electronics,29.0,4912.89,169.41,416.0,1
2023-08-04,SKU-0821,Electronics,29.0,5903.82,203.58,219.0,0
2023-08-05,SKU-0821,Electronics,27.0,5499.9,203.7,475.0,0
2023-08-06,SKU-0821,Electronics,32.0,6544.64,204.52,,0
2023-08-07,SKU-0821,Electronics,31.0,6463.81,208.51,190.0,0
2023-08-08,SKU-0821,Electronics,26.0,5026.58,193.33,367.0,0
2023-08-09,SKU-0821,Electronics,23.0,4581.37,199.19,300.0,0
2023-08-10,SKU-0821,Electronics,39.0,6381.96,163.64,259.0,1
2023-08-11,SKU-0821,Electronics,27.0,5516.1,204.3,408.0,0
2023-08-12,SKU-0821,Electronics,28.0,5604.2,200.15,234.0,0
2023-08-13,SKU-0821,Electronics,42.0,8815.38,209.89,598.0,0
2023-08-14,SKU-0821,Electronics,25.0,5210.75,208.43,415.0,0
2023-08-15,SKU-0821,Electronics,30.0,5887.8,196.26,247.0,0
2023-08-16,SKU-0821,Electronics,27.0,5586.84,206.92,450.0,0
2023-08-17,SKU-0821,Electronics,33.0,6736.95,204.15,404.0,0
2023-08-18,SKU-0821,Electronics,26.0,5016.44,192.94,302.0,0
2023-08-19,SKU-0821,Electronics,36.0,7210.08,200.28,424.0,0
2023-08-20,SKU-0821,Electronics,40.0,6677.2,166.93,211.0,1
2023-08-21,SKU-0821,Electronics,30.0,6281.7,209.39,482.0,0
2023-08-22,SKU-0821,Electronics,26.0,5421.52,208.52,420.0,0
2023-08-23,SKU-0821,Electronics,30.0,6207.6,206.92,371.0,0
2023-08-24,SKU-0821,Electronics,35.0,7348.95,209.97,330.0,0
2023-08-25,SKU-0821,Electronics,29.0,5746.06,198.14,427.0,0
2023-08-26,SKU-0821,Electronics,40.0,7981.2,199.53,,0
2023-08-27,SKU-0821,Electronics,30.0,6087.9,202.93,468.0,0
2023-08-28,SKU-0821,Electronics,39.0,6628.83,169.97,376.0,1
2023-08-29,SKU-0821,Electronics,24.0,4903.2,204.3,589.0,0
2023-08-30,SKU-0821,Electronics,33.0,5670.06,171.82,519.0,1
2023-08-31,SKU-0821,Electronics,45.0,7467.3,165.94,316.0,1
2023-09-01,SKU-0821,Electronics,32.0,6213.76,194.18,597.0,0
2023-09-02,SKU-0821,Electronics,33.0,6346.23,192.31,492.0,0
2023-09-03,SKU-0821,Electronics,43.0,8224.18,191.26,429.0,0
2023-09-04,SKU-0821,Electronics,33.0,6543.57,198.29,390.0,0
2023-09-05,SKU-0821,Electronics,36.0,7010.28,194.73,578.0,0
2023-09-06,SKU-0821,Electronics,26.0,5110.3,196.55,314.0,0
2023-09-07,SKU-0821,Electronics,34.0,6489.58,190.87,501.0,0
2023-09-08,SKU-0821,Electronics,31.0,6039.42,194.82,514.0,0
2023-09-09,SKU-0821,Electronics,44.0,8651.28,196.62,374.0,0
2023-09-10,SKU-0821,Electronics,41.0,8548.5,208.5,275.0,0
2023-09-11,SKU-0821,Electronics,32.0,6663.68,208.24,588.0,0
2023-09-12,SKU-0821,Electronics,28.0,5786.48,206.66,333.0,0
2023-09-13,SKU-0821,Electronics,30.0,6194.4,206.48,319.0,0
2023-09-14,SKU-0821,Electronics,30.0,5952.3,198.41,530.0,0
2023-09-15,SKU-0821,Electronics,34.0,6625.92,194.88,300.0,0
2023-09-16,SKU-0821,Electronics,52.0,8771.88,168.69,285.0,1
2023-09-17,SKU-0821,Electronics,39.0,7438.47,190.73,363.0,0
2023-09-18,SKU-0821,Electronics,39.0,6639.75,170.25,197.0,1
2023-09-19,SKU-0821,Electronics,36.0,6945.84,192.94,408.0,0
2023-09-20,SKU-0821,Electronics,28.0,5864.88,209.46,215.0,0
2023-09-21,SKU-0821,Electronics,35.0,6742.75,192.65,501.0,0
2023-09-22,SKU-0821,Electronics,37.0,7105.11,192.03,235.0,0
2023-09-23,SKU-0821,Electronics,30.0,6216.3,207.21,396.0,0
2023-09-24,SKU-0821,Electronics,40.0,8083.2,202.08,471.0,0
2023-09-25,SKU-0821,Electronics,31.0,6044.07,194.97,250.0,0
2023-09-26,SKU-0821,Electronics,23.0,4751.8,206.6,409.0,0
2023-09-27,SKU-0821,Electronics,30.0,6205.2,206.84,323.0,0
2023-09-28,SKU-0821,Electronics,35.0,7004.2,200.12,248.0,0
2023-09-29,SKU-0821,Electronics,28.0,5601.12,200.04,507.0,0
2023-09-30,SKU-0821,Electronics,27.0,5382.72,199.36,268.0,0
2023-10-01,SKU-0821,Electronics,43.0,8613.33,200.31,375.0,0
2023-10-02,SKU-0821,Electronics,37.0,7646.42,206.66,462.0,0
2023-10-03,SKU-0821,Electronics,39.0,7594.86,194.74,315.0,0
2023-10-04,SKU-0821,Electronics,41.0,8216.4,200.4,587.0,0
2023-10-05,SKU-0821,Electronics,39.0,7931.82,203.38,386.0,0
2023-10-06,SKU-0821,Electronics,31.0,6414.52,206.92,523.0,0
2023-10-07,SKU-0821,Electronics,37.0,7456.24,201.52,411.0,0
2023-10-08,SKU-0821,Electronics,47.0,9239.73,196.59,210.0,0
2023-10-09,SKU-0821,Electronics,42.0,8325.24,198.22,278.0,0
2023-10-10,SKU-0821,Electronics,47.0,9867.18,209.94,194.0,0
2023-10-11,SKU-0821,Electronics,40.0,7848.4,196.21,331.0,0
2023-10-12,SKU-0821,Electronics,43.0,8901.86,207.02,464.0,0
2023-10-13,SKU-0821,Electronics,49.0,8119.79,165.71,218.0,1
2023-10-14,SKU-0821,Electronics,50.0,9795.5,195.91,563.0,0
2023-10-15,SKU-0821,Electronics,58.0,11901.02,205.19,324.0,0
2023-10-16,SKU-0821,Electronics,55.0,10662.85,193.87,466.0,0
2023-10-17,SKU-0821,Electronics,58.0,11116.86,191.67,417.0,0
2023-10-18,SKU-0821,Electronics,60.0,11422.2,190.37,331.0,0
2023-10-19,SKU-0821,Electronics,42.0,8739.78,208.09,218.0,0
2023-10-20,SKU-0821,Electronics,57.0,11193.09,196.37,287.0,0
2023-10-21,SKU-0821,Electronics,65.0,13215.8,203.32,333.0,0
2023-10-22,SKU-0821,Electronics,69.0,13860.72,200.88,463.0,0
2023-10-23,SKU-0821,Electronics,49.0,10221.4,208.6,442.0,0
2023-10-24,SKU-0821,Electronics,50.0,9855.0,197.1,199.0,0
2023-10-25,SKU-0821,Electronics,68.0,11077.2,162.9,461.0,1
2023-10-26,SKU-0821,Electronics,43.0,8738.46,,185.0,0
2023-10-27,SKU-0821,Electronics,35.0,6850.2,195.72,387.0,0
2023-10-28,SKU-0821,Electronics,42.0,8066.94,192.07,289.0,0
2023-10-29,SKU-0821,Electronics,48.0,10076.64,209.93,577.0,0
2023-10-30,SKU-0821,Electronics,44.0,8445.36,191.94,429.0,0
2023-10-31,SKU-0821,Electronics,39.0,7445.1,190.9,192.0,0
2023-11-01,SKU-0821,Electronics,58.0,12090.1,208.45,443.0,0
2023-11-02,SKU-0821,Electronics,42.0,8594.46,204.63,569.0,0
2023-11-03,SKU-0821,Electronics,53.0,10665.19,201.23,539.0,0
2023-11-04,SKU-0821,Electronics,49.0,9887.71,201.79,433.0,0
2023-11-05,SKU-0821,Electronics,48.0,9479.52,197.49,417.0,0
2023-11-06,SKU-0821,Electronics,43.0,8936.26,207.82,211.0,0
2023-11-07,SKU-0821,Electronics,37.0,7657.89,206.97,321.0,0
2023-11-08,SKU-0821,Electronics,39.0,7699.77,197.43,570.0,0
2023-11-09,SKU-0821,Electronics,44.0,8616.08,195.82,432.0,0
2023-11-10,SKU-0821,Electronics,48.0,9446.88,196.81,199.0,0
2023-11-11,SKU-0821,Electronics,48.0,9495.36,197.82,297.0,0
2023-11-12,SKU-0821,Electronics,48.0,10005.6,208.45,477.0,0
2023-11-13,SKU-0821,Electronics,45.0,9103.95,202.31,572.0,0
2023-11-14,SKU-0821,Electronics,36.0,7445.88,206.83,194.0,0
2023-11-15,SKU-0821,Electronics,37.0,7370.4,199.2,455.0,0
2023-11-16,SKU-0821,Electronics,63.0,11092.41,176.07,522.0,1
2023-11-17,SKU-0821,Electronics,39.0,7917.0,203.0,412.0,0
2023-11-18,SKU-0821,Electronics,50.0,9675.5,193.51,472.0,0
2023-11-19,SKU-0821,Electronics,48.0,9339.36,194.57,360.0,0
2023-11-20,SKU-0821,Electronics,52.0,10572.64,203.32,508.0,0
2023-11-21,SKU-0821,Electronics,52.0,10226.32,196.66,474.0,0
2023-11-22,SKU-0821,Electronics,53.0,10110.81,190.77,,0
2023-11-23,SKU-0821,Electronics,48.0,9676.8,201.6,598.0,0
2023-11-24,SKU-0821,Electronics,46.0,9646.66,209.71,573.0,0
2023-11-25,SKU-0821,Electronics,54.0,10445.22,193.43,325.0,0
2023-11-26,SKU-0821,Electronics,56.0,10724.56,191.51,480.0,0
2023-11-27,SKU-0821,Electronics,40.0,7974.0,199.35,245.0,0
2023-11-28,SKU-0821,Electronics,32.0,6368.64,199.02,348.0,0
2023-11-29,SKU-0821,Electronics,55.0,11455.95,208.29,407.0,0
2023-11-30,SKU-0821,Electronics,53.0,10169.11,191.87,488.0,0
2023-12-01,SKU-0821,Electronics,42.0,8621.34,205.27,421.0,0
2023-12-02,SKU-0821,Electronics,43.0,8758.24,203.68,303.0,0
2023-12-03,SKU-0821,Electronics,44.0,8509.16,193.39,388.0,0
2023-12-04,SKU-0821,Electronics,40.0,7772.0,194.3,299.0,0
2023-12-05,SKU-0821,Electronics,42.0,8192.1,195.05,204.0,0
2023-12-06,SKU-0821,Electronics,40.0,7761.2,194.03,453.0,0
2023-12-07,SKU-0821,Electronics,45.0,9219.6,204.88,281.0,0
2023-12-08,SKU-0821,Electronics,44.0,8901.64,202.31,511.0,0
2023-12-09,SKU-0821,Electronics,46.0,9535.8,207.3,540.0,0
2023-12-10,SKU-0821,Electronics,44.0,8804.4,200.1,554.0,0
2023-12-11,SKU-0821,Electronics,46.0,9504.52,206.62,311.0,0
2023-12-12,SKU-0821,Electronics,41.0,8385.32,204.52,486.0,0
2023-12-13,SKU-0821,Electronics,30.0,6182.4,206.08,314.0,0
2023-12-14,SKU-0821,Electronics,39.0,7597.2,194.8,262.0,0
2022-01-01,SKU-1134,FMCG,226.0,9275.04,41.04,1227.0,1
2022-01-02,SKU-1134,FMCG,177.0,8515.47,48.11,1939.0,0
2022-01-03,SKU-1134,FMCG,177.0,8724.33,49.29,1143.0,0
2022-01-04,SKU-1134,FMCG,150.0,7342.5,48.95,1238.0,0
2022-01-05,SKU-1134,FMCG,199.0,8551.03,42.97,1955.0,1
2022-01-06,SKU-1134,FMCG,169.0,8818.42,52.18,1188.0,0
2022-01-07,SKU-1134,FMCG,146.0,7335.04,50.24,2352.0,0
2022-01-08,SKU-1134,FMCG,194.0,10101.58,52.07,1677.0,0
2022-01-09,SKU-1134,FMCG,195.0,9761.7,50.06,1953.0,0
2022-01-10,SKU-1134,FMCG,147.0,7516.11,51.13,2949.0,0
2022-01-11,SKU-1134,FMCG,174.0,8693.04,49.96,1894.0,0
2022-01-12,SKU-1134,FMCG,148.0,7654.56,51.72,948.0,0
2022-01-13,SKU-1134,FMCG,160.0,7912.0,49.45,922.0,0
2022-01-14,SKU-1134,FMCG,187.0,8112.06,43.38,1070.0,1
2022-01-15,SKU-1134,FMCG,175.0,8323.0,47.56,2936.0,0
2022-01-16,SKU-1134,FMCG,171.0,8900.55,52.05,2627.0,0
2022-01-17,SKU-1134,FMCG,157.0,7636.48,48.64,2310.0,0
2022-01-18,SKU-1134,FMCG,161.0,8341.41,51.81,2893.0,0
2022-01-19,SKU-1134,FMCG,140.0,7002.8,50.02,2349.0,0
2022-01-20,SKU-1134,FMCG,163.0,7758.8,47.6,1576.0,0
2022-01-21,SKU-1134,FMCG,143.0,6849.7,47.9,2001.0,0
2022-01-22,SKU-1134,FMCG,157.0,7721.26,49.18,1182.0,0
2022-01-23,SKU-1134,FMCG,174.0,8576.46,49.29,2742.0,0
2022-01-24,SKU-1134,FMCG,143.0,6816.81,47.67,2096.0,0
2022-01-25,SKU-1134,FMCG,162.0,8449.92,52.16,2086.0,0
2022-01-26,SKU-1134,FMCG,192.0,9254.4,48.2,1270.0,0
2022-01-27,SKU-1134,FMCG,180.0,8690.4,48.28,1282.0,0
2022-01-28,SKU-1134,FMCG,154.0,7475.16,48.54,955.0,0
2022-01-29,SKU-1134,FMCG,146.0,7037.2,48.2,2653.0,0
2022-01-30,SKU-1134,FMCG,167.0,8172.98,48.94,1646.0,0
2022-01-31,SKU-1134,FMCG,178.0,8775.4,49.3,1092.0,0
2022-02-01,SKU-1134,FMCG,164.0,7821.16,47.69,2152.0,0
2022-02-02,SKU-1134,FMCG,191.0,9907.17,51.87,2966.0,0
2022-02-03,SKU-1134,FMCG,173.0,8416.45,48.65,1270.0,0
2022-02-04,SKU-1134,FMCG,203.0,10020.08,49.36,1445.0,0
2022-02-05,SKU-1134,FMCG,191.0,9225.3,48.3,2617.0,0
2022-02-06,SKU-1134,FMCG,154.0,8064.98,52.37,2934.0,0
2022-02-07,SKU-1134,FMCG,162.0,8017.38,49.49,1475.0,0
2022-02-08,SKU-1134,FMCG,199.0,9516.18,47.82,2122.0,0
2022-02-09,SKU-1134,FMCG,150.0,7422.0,49.48,1178.0,0
2022-02-10,SKU-1134,FMCG,154.0,8066.52,52.38,1607.0,0
2022-02-11,SKU-1134,FMCG,154.0,8008.0,52.0,1785.0,0
2022-02-12,SKU-1134,FMCG,214.0,11202.9,52.35,1852.0,0
2022-02-13,SKU-1134,FMCG,186.0,8874.06,47.71,1211.0,0
2022-02-14,SKU-1134,FMCG,187.0,9250.89,49.47,2267.0,0
2022-02-15,SKU-1134,FMCG,147.0,7157.43,48.69,1683.0,0
2022-02-16,SKU-1134,FMCG,158.0,7729.36,48.92,1545.0,0
2022-02-17,SKU-1134,FMCG,164.0,8290.2,50.55,1763.0,0
2022-02-18,SKU-1134,FMCG,245.0,10613.4,43.32,2981.0,1
2022-02-19,SKU-1134,FMCG,187.0,9047.06,48.38,2349.0,0
2022-02-20,SKU-1134,FMCG,198.0,8460.54,42.73,1541.0,1
2022-02-21,SKU-1134,FMCG,180.0,8706.6,48.37,1955.0,0
2022-02-22,SKU-1134,FMCG,158.0,7907.9,50.05,2993.0,0
2022-02-23,SKU-1134,FMCG,175.0,8709.75,49.77,2673.0,0
2022-02-24,SKU-1134,FMCG,149.0,7458.94,50.06,2328.0,0
2022-02-25,SKU-1134,FMCG,174.0,8301.54,47.71,2933.0,0
2022-02-26,SKU-1134,FMCG,194.0,10031.74,51.71,2429.0,0
2022-02-27,SKU-1134,FMCG,169.0,8497.32,50.28,2439.0,0
2022-02-28,SKU-1134,FMCG,188.0,9482.72,50.44,1910.0,0
2022-03-01,SKU-1134,FMCG,193.0,9787.03,50.71,1784.0,0
2022-03-02,SKU-1134,FMCG,218.0,11189.94,51.33,1233.0,0
2022-03-03,SKU-1134,FMCG,191.0,9471.69,49.59,1446.0,0
2022-03-04,SKU-1134,FMCG,199.0,10099.25,50.75,2045.0,0
2022-03-05,SKU-1134,FMCG,235.0,11402.2,48.52,1998.0,0
2022-03-06,SKU-1134,FMCG,218.0,11046.06,50.67,1248.0,0
2022-03-07,SKU-1134,FMCG,239.0,9794.22,40.98,1630.0,1
2022-03-08,SKU-1134,FMCG,183.0,9413.52,51.44,2296.0,0
2022-03-09,SKU-1134,FMCG,203.0,10527.58,51.86,1136.0,0
2022-03-10,SKU-1134,FMCG,190.0,9517.1,50.09,1803.0,0
2022-03-11,SKU-1134,FMCG,179.0,9372.44,52.36,1595.0,0
2022-03-12,SKU-1134,FMCG,169.0,8794.76,52.04,2399.0,0
2022-03-13,SKU-1134,FMCG,242.0,12264.56,50.68,2817.0,0
2022-03-14,SKU-1134,FMCG,165.0,8515.65,51.61,2700.0,0
2022-03-15,SKU-1134,FMCG,167.0,8506.98,50.94,1195.0,0
2022-03-16,SKU-1134,FMCG,155.0,7791.85,50.27,2037.0,0
2022-03-17,SKU-1134,FMCG,147.0,7651.35,52.05,2416.0,0
2022-03-18,SKU-1134,FMCG,186.0,9368.82,50.37,2907.0,0
2022-03-19,SKU-1134,FMCG,219.0,11210.61,51.19,2651.0,0
2022-03-20,SKU-1134,FMCG,188.0,9685.76,51.52,2851.0,0
2022-03-21,SKU-1134,FMCG,169.0,8267.48,48.92,1181.0,0
2022-03-22,SKU-1134,FMCG,167.0,8460.22,50.66,2378.0,0
2022-03-23,SKU-1134,FMCG,155.0,7529.9,48.58,2323.0,0
2022-03-24,SKU-1134,FMCG,174.0,8854.86,50.89,1554.0,0
2022-03-25,SKU-1134,FMCG,212.0,10139.96,47.83,1379.0,0
2022-03-26,SKU-1134,FMCG,218.0,11126.72,51.04,1030.0,0
2022-03-27,SKU-1134,FMCG,273.0,11108.37,40.69,2206.0,1
2022-03-28,SKU-1134,FMCG,178.0,8560.02,48.09,1506.0,0
2022-03-29,SKU-1134,FMCG,194.0,9637.92,49.68,2118.0,0
2022-03-30,SKU-1134,FMCG,205.0,10291.0,50.2,1493.0,0
2022-03-31,SKU-1134,FMCG,210.0,10056.9,47.89,2043.0,0
2022-04-01,SKU-1134,FMCG,175.0,8606.5,49.18,2954.0,0
2022-04-02,SKU-1134,FMCG,247.0,11927.63,48.29,1550.0,0
2022-04-03,SKU-1134,FMCG,250.0,13055.0,52.22,2247.0,0
2022-04-04,SKU-1134,FMCG,191.0,9145.08,47.88,2897.0,0
2022-04-05,SKU-1134,FMCG,189.0,9402.75,49.75,2910.0,0
2022-04-06,SKU-1134,FMCG,174.0,8318.94,47.81,1863.0,0
2022-04-07,SKU-1134,FMCG,223.0,11379.69,51.03,1797.0,0
2022-04-08,SKU-1134,FMCG,213.0,8922.57,41.89,1642.0,1
2022-04-09,SKU-1134,FMCG,194.0,9376.02,48.33,904.0,0
2022-04-10,SKU-1134,FMCG,273.0,11640.72,42.64,1142.0,1
2022-04-11,SKU-1134,FMCG,175.0,9059.75,51.77,2753.0,0
2022-04-12,SKU-1134,FMCG,219.0,10641.21,48.59,2289.0,0
2022-04-13,SKU-1134,FMCG,211.0,10522.57,49.87,2404.0,0
2022-04-14,SKU-1134,FMCG,158.0,8148.06,51.57,2533.0,0
2022-04-15,SKU-1134,FMCG,203.0,9888.13,48.71,984.0,0
2022-04-16,SKU-1134,FMCG,181.0,8907.01,49.21,2008.0,0
2022-04-17,SKU-1134,FMCG,301.0,13382.46,44.46,2025.0,1
2022-04-18,SKU-1134,FMCG,208.0,10761.92,51.74,1031.0,0
2022-04-19,SKU-1134,FMCG,181.0,9207.47,50.87,1031.0,0
2022-04-20,SKU-1134,FMCG,228.0,9959.04,43.68,2710.0,1
2022-04-21,SKU-1134,FMCG,186.0,9180.96,49.36,2289.0,0
2022-04-22,SKU-1134,FMCG,169.0,8696.74,51.46,2217.0,0
2022-04-23,SKU-1134,FMCG,162.0,8108.1,50.05,1952.0,0
2022-04-24,SKU-1134,FMCG,252.0,12405.96,49.23,963.0,0
2022-04-25,SKU-1134,FMCG,185.0,8937.35,48.31,2149.0,0
2022-04-26,SKU-1134,FMCG,184.0,9229.44,50.16,1504.0,0
2022-04-27,SKU-1134,FMCG,203.0,10182.48,50.16,1116.0,0
2022-04-28,SKU-1134,FMCG,125.0,6175.0,49.4,2597.0,0
2022-04-29,SKU-1134,FMCG,143.0,7374.51,51.57,2184.0,0
2022-04-30,SKU-1134,FMCG,236.0,12097.36,51.26,2015.0,0
2022-05-01,SKU-1134,FMCG,246.0,12902.7,52.45,954.0,0
2022-05-02,SKU-1134,FMCG,191.0,9120.25,47.75,982.0,0
