data/sample_sales_data.csv
date,product_id,category,sales_qty,revenue,price,inventory_qty,promotion_flag
2022-05-03,SKU-1134,FMCG,178.0,8529.76,47.92,1343.0,0
2022-05-04,SKU-1134,FMCG,181.0,9205.66,50.86,2634.0,0
2022-05-05,SKU-1134,FMCG,210.0,10794.0,51.4,934.0,0
2022-05-06,SKU-1134,FMCG,176.0,9005.92,51.17,1616.0,0
2022-05-07,SKU-1134,FMCG,223.0,9754.02,43.74,2320.0,1
2022-05-08,SKU-1134,FMCG,267.0,13403.4,50.2,2687.0,0
2022-05-09,SKU-1134,FMCG,221.0,9573.72,43.32,2371.0,1
2022-05-10,SKU-1134,FMCG,,9072.4,49.04,2188.0,0
2022-05-11,SKU-1134,FMCG,196.0,9468.76,48.31,2282.0,0
2022-05-12,SKU-1134,FMCG,228.0,11224.44,49.23,2586.0,0
2022-05-13,SKU-1134,FMCG,139.0,7069.54,50.86,1910.0,0
2022-05-14,SKU-1134,FMCG,254.0,12791.44,50.36,1288.0,0
2022-05-15,SKU-1134,FMCG,258.0,12381.42,47.99,992.0,0
2022-05-16,SKU-1134,FMCG,137.0,6737.66,49.18,1271.0,0
2022-05-17,SKU-1134,FMCG,187.0,9275.2,49.6,2114.0,0
2022-05-18,SKU-1134,FMCG,244.0,12265.88,50.27,2097.0,0
2022-05-19,SKU-1134,FMCG,168.0,8442.0,,1755.0,0
2022-05-20,SKU-1134,FMCG,211.0,8878.88,42.08,2604.0,1
2022-05-21,SKU-1134,FMCG,260.0,10951.2,42.12,1340.0,1
2022-05-22,SKU-1134,FMCG,237.0,12390.36,52.28,1691.0,0
2022-05-23,SKU-1134,FMCG,169.0,8826.87,52.23,1557.0,0
2022-05-24,SKU-1134,FMCG,225.0,11504.25,51.13,1136.0,0
2022-05-25,SKU-1134,FMCG,197.0,9767.26,49.58,1786.0,0
2022-05-26,SKU-1134,FMCG,195.0,9627.15,49.37,2204.0,0
2022-05-27,SKU-1134,FMCG,186.0,8835.0,47.5,1546.0,0
2022-05-28,SKU-1134,FMCG,265.0,12913.45,48.73,2705.0,0
2022-05-29,SKU-1134,FMCG,180.0,9410.4,52.28,2902.0,0
2022-05-30,SKU-1134,FMCG,190.0,9387.9,,1177.0,0
2022-05-31,SKU-1134,FMCG,194.0,10113.22,52.13,1239.0,0
2022-06-01,SKU-1134,FMCG,205.0,10518.55,51.31,2604.0,0
2022-06-02,SKU-1134,FMCG,259.0,11509.96,44.44,1796.0,1
2022-06-03,SKU-1134,FMCG,190.0,9399.3,49.47,1894.0,0
2022-06-04,SKU-1134,FMCG,252.0,12680.64,50.32,2161.0,0
2022-06-05,SKU-1134,FMCG,242.0,12068.54,49.87,1606.0,0
2022-06-06,SKU-1134,FMCG,195.0,9673.95,49.61,983.0,0
2022-06-07,SKU-1134,FMCG,229.0,11271.38,49.22,2689.0,0
2022-06-08,SKU-1134,FMCG,236.0,11769.32,49.87,1374.0,0
2022-06-09,SKU-1134,FMCG,245.0,12044.2,49.16,2371.0,0
2022-06-10,SKU-1134,FMCG,162.0,8019.0,49.5,1020.0,0
2022-06-11,SKU-1134,FMCG,238.0,12330.78,51.81,1909.0,0
2022-06-12,SKU-1134,FMCG,250.0,12450.0,49.8,2390.0,0
2022-06-13,SKU-1134,FMCG,182.0,9012.64,49.52,2997.0,0
2022-06-14,SKU-1134,FMCG,164.0,7929.4,48.35,2952.0,0
2022-06-15,SKU-1134,FMCG,265.0,13345.4,50.36,2713.0,0
2022-06-16,SKU-1134,FMCG,182.0,8819.72,48.46,1549.0,0
2022-06-17,SKU-1134,FMCG,171.0,8370.45,48.95,1401.0,0
2022-06-18,SKU-1134,FMCG,271.0,13476.83,49.73,2426.0,0
2022-06-19,SKU-1134,FMCG,262.0,13503.48,51.54,2512.0,0
2022-06-20,SKU-1134,FMCG,214.0,10441.06,48.79,1184.0,0
2022-06-21,SKU-1134,FMCG,231.0,11926.53,51.63,2373.0,0
2022-06-22,SKU-1134,FMCG,192.0,8423.04,43.87,1413.0,1
2022-06-23,SKU-1134,FMCG,176.0,8382.88,47.63,2443.0,0
2022-06-24,SKU-1134,FMCG,217.0,10563.56,48.68,1938.0,0
2022-06-25,SKU-1134,FMCG,249.0,12390.24,49.76,2886.0,0
2022-06-26,SKU-1134,FMCG,216.0,11324.88,52.43,2342.0,0
2022-06-27,SKU-1134,FMCG,219.0,11116.44,50.76,1750.0,0
2022-06-28,SKU-1134,FMCG,185.0,9566.35,51.71,1836.0,0
2022-06-29,SKU-1134,FMCG,188.0,9082.28,48.31,2915.0,0
2022-06-30,SKU-1134,FMCG,136.0,6703.44,49.29,2990.0,0
2022-07-01,SKU-1134,FMCG,188.0,9597.4,51.05,1779.0,0
2022-07-02,SKU-1134,FMCG,216.0,11303.28,52.33,1617.0,0
2022-07-03,SKU-1134,FMCG,262.0,13702.6,52.3,993.0,0
2022-07-04,SKU-1134,FMCG,209.0,10065.44,48.16,2048.0,0
2022-07-05,SKU-1134,FMCG,193.0,9269.79,48.03,1962.0,0
2022-07-06,SKU-1134,FMCG,153.0,7610.22,49.74,2927.0,0
2022-07-07,SKU-1134,FMCG,205.0,10014.25,48.85,2375.0,0
2022-07-08,SKU-1134,FMCG,211.0,10682.93,50.63,2886.0,0
2022-07-09,SKU-1134,FMCG,236.0,11910.92,50.47,1341.0,0
2022-07-10,SKU-1134,FMCG,199.0,9605.73,48.27,1669.0,0
2022-07-11,SKU-1134,FMCG,207.0,10004.31,48.33,2574.0,0
2022-07-12,SKU-1134,FMCG,167.0,8622.21,51.63,2081.0,0
2022-07-13,SKU-1134,FMCG,202.0,10271.7,50.85,1465.0,0
2022-07-14,SKU-1134,FMCG,192.0,9744.0,50.75,2631.0,0
2022-07-15,SKU-1134,FMCG,200.0,10436.0,52.18,2815.0,0
2022-07-16,SKU-1134,FMCG,278.0,11612.06,41.77,1560.0,1
2022-07-17,SKU-1134,FMCG,270.0,12995.1,48.13,2012.0,0
2022-07-18,SKU-1134,FMCG,252.0,10727.64,42.57,1145.0,1
2022-07-19,SKU-1134,FMCG,199.0,10220.64,51.36,2821.0,0
2022-07-20,SKU-1134,FMCG,194.0,9661.2,49.8,2174.0,0
2022-07-21,SKU-1134,FMCG,243.0,12225.33,50.31,912.0,0
2022-07-22,SKU-1134,FMCG,219.0,10976.28,50.12,1145.0,0
2022-07-23,SKU-1134,FMCG,287.0,14932.61,52.03,2133.0,0
2022-07-24,SKU-1134,FMCG,241.0,11630.66,48.26,1173.0,0
2022-07-25,SKU-1134,FMCG,209.0,10771.86,51.54,1518.0,0
2022-07-26,SKU-1134,FMCG,,10671.24,52.31,2595.0,0
2022-07-27,SKU-1134,FMCG,180.0,9428.4,52.38,1387.0,0
2022-07-28,SKU-1134,FMCG,193.0,9262.07,47.99,2006.0,0
2022-07-29,SKU-1134,FMCG,185.0,9649.6,52.16,1086.0,0
2022-07-30,SKU-1134,FMCG,238.0,11992.82,50.39,2911.0,0
2022-07-31,SKU-1134,FMCG,229.0,11243.9,49.1,1785.0,0
2022-08-01,SKU-1134,FMCG,198.0,10096.02,50.99,2240.0,0
2022-08-02,SKU-1134,FMCG,258.0,10998.54,42.63,1739.0,1
2022-08-03,SKU-1134,FMCG,136.0,7103.28,52.23,1405.0,0
2022-08-04,SKU-1134,FMCG,193.0,9698.25,50.25,2615.0,0
2022-08-05,SKU-1134,FMCG,161.0,8396.15,52.15,1915.0,0
2022-08-06,SKU-1134,FMCG,235.0,11670.1,49.66,1916.0,0
2022-08-07,SKU-1134,FMCG,231.0,11570.79,50.09,2806.0,0
2022-08-08,SKU-1134,FMCG,216.0,11074.32,51.27,1360.0,0
2022-08-09,SKU-1134,FMCG,225.0,10032.75,44.59,2517.0,1
2022-08-10,SKU-1134,FMCG,160.0,7964.8,49.78,1258.0,0
2022-08-11,SKU-1134,FMCG,214.0,9249.08,43.22,2711.0,1
2022-08-12,SKU-1134,FMCG,197.0,9654.97,49.01,1098.0,0
2022-08-13,SKU-1134,FMCG,216.0,11158.56,51.66,1524.0,0
2022-08-14,SKU-1134,FMCG,206.0,10458.62,50.77,2020.0,0
2022-08-15,SKU-1134,FMCG,187.0,9060.15,48.45,2791.0,0
2022-08-16,SKU-1134,FMCG,193.0,9829.49,50.93,1424.0,0
2022-08-17,SKU-1134,FMCG,181.0,8856.33,48.93,1866.0,0
2022-08-18,SKU-1134,FMCG,235.0,11726.5,49.9,1671.0,0
2022-08-19,SKU-1134,FMCG,193.0,9273.65,48.05,1734.0,0
2022-08-20,SKU-1134,FMCG,162.0,7981.74,49.27,2186.0,0
2022-08-21,SKU-1134,FMCG,280.0,13563.2,48.44,1966.0,0
2022-08-22,SKU-1134,FMCG,205.0,10272.55,50.11,1055.0,0
2022-08-23,SKU-1134,FMCG,,9947.74,48.29,2350.0,0
2022-08-24,SKU-1134,FMCG,156.0,7467.72,47.87,2605.0,0
2022-08-25,SKU-1134,FMCG,212.0,10169.64,47.97,2512.0,0
2022-08-26,SKU-1134,FMCG,159.0,7730.58,48.62,2836.0,0
2022-08-27,SKU-1134,FMCG,205.0,9899.45,48.29,2345.0,0
2022-08-28,SKU-1134,FMCG,209.0,10404.02,49.78,964.0,0
2022-08-29,SKU-1134,FMCG,174.0,8485.98,48.77,2875.0,0
2022-08-30,SKU-1134,FMCG,178.0,9195.48,51.66,1937.0,0
2022-08-31,SKU-1134,FMCG,180.0,8643.6,48.02,2627.0,0
2022-09-01,SKU-1134,FMCG,211.0,10739.9,50.9,1154.0,0
2022-09-02,SKU-1134,FMCG,229.0,11965.25,52.25,1032.0,0
2022-09-03,SKU-1134,FMCG,223.0,11080.87,49.69,2542.0,0
2022-09-04,SKU-1134,FMCG,259.0,12916.33,49.87,2197.0,0
2022-09-05,SKU-1134,FMCG,207.0,10732.95,51.85,1191.0,0
2022-09-06,SKU-1134,FMCG,152.0,7382.64,48.57,1121.0,0
2022-09-07,SKU-1134,FMCG,209.0,10353.86,49.54,1488.0,0
2022-09-08,SKU-1134,FMCG,192.0,10032.0,52.25,946.0,0
2022-09-09,SKU-1134,FMCG,232.0,11066.4,47.7,1099.0,0
2022-09-10,SKU-1134,FMCG,227.0,10800.66,47.58,2071.0,0
2022-09-11,SKU-1134,FMCG,252.0,12000.24,47.62,1764.0,0
2022-09-12,SKU-1134,FMCG,,10788.96,51.87,1591.0,0
2022-09-13,SKU-1134,FMCG,200.0,10366.0,51.83,2468.0,0
2022-09-14,SKU-1134,FMCG,198.0,10248.48,51.76,2051.0,0
2022-09-15,SKU-1134,FMCG,253.0,12854.93,50.81,2690.0,0
2022-09-16,SKU-1134,FMCG,214.0,10539.5,49.25,1849.0,0
2022-09-17,SKU-1134,FMCG,293.0,14746.69,50.33,2703.0,0
2022-09-18,SKU-1134,FMCG,222.0,10549.44,47.52,1420.0,0
2022-09-19,SKU-1134,FMCG,182.0,8936.2,49.1,1429.0,0
2022-09-20,SKU-1134,FMCG,147.0,7267.68,49.44,1100.0,0
2022-09-21,SKU-1134,FMCG,223.0,10893.55,48.85,2513.0,0
2022-09-22,SKU-1134,FMCG,288.0,12139.2,42.15,2813.0,1
2022-09-23,SKU-1134,FMCG,206.0,9986.88,48.48,1766.0,0
2022-09-24,SKU-1134,FMCG,305.0,12541.6,41.12,2173.0,1
2022-09-25,SKU-1134,FMCG,233.0,11841.06,50.82,1795.0,0
2022-09-26,SKU-1134,FMCG,255.0,12770.4,50.08,1959.0,0
2022-09-27,SKU-1134,FMCG,239.0,11720.56,,2283.0,0
2022-09-28,SKU-1134,FMCG,177.0,8986.29,50.77,2389.0,0
2022-09-29,SKU-1134,FMCG,201.0,10486.17,52.17,2280.0,0
2022-09-30,SKU-1134,FMCG,241.0,10329.26,42.86,1830.0,1
2022-10-01,SKU-1134,FMCG,300.0,15558.0,51.86,1352.0,0
2022-10-02,SKU-1134,FMCG,265.0,13732.3,51.82,2851.0,0
2022-10-03,SKU-1134,FMCG,263.0,12852.81,48.87,1067.0,0
2022-10-04,SKU-1134,FMCG,286.0,14485.9,50.65,1615.0,0
2022-10-05,SKU-1134,FMCG,246.0,11817.84,48.04,2676.0,0
2022-10-06,SKU-1134,FMCG,302.0,14728.54,48.77,1960.0,0
2022-10-07,SKU-1134,FMCG,261.0,13618.98,52.18,1694.0,0
2022-10-08,SKU-1134,FMCG,245.0,11936.4,48.72,2466.0,0
2022-10-09,SKU-1134,FMCG,322.0,16756.88,52.04,2239.0,0
2022-10-10,SKU-1134,FMCG,316.0,15958.0,50.5,1900.0,0
2022-10-11,SKU-1134,FMCG,284.0,13515.56,47.59,1111.0,0
2022-10-12,SKU-1134,FMCG,304.0,14889.92,48.98,1488.0,0
2022-10-13,SKU-1134,FMCG,303.0,15719.64,51.88,2582.0,0
2022-10-14,SKU-1134,FMCG,280.0,14274.4,50.98,2508.0,0
2022-10-15,SKU-1134,FMCG,460.0,22816.0,49.6,1307.0,0
2022-10-16,SKU-1134,FMCG,330.0,16064.4,48.68,2426.0,0
2022-10-17,SKU-1134,FMCG,498.0,22116.18,44.41,2532.0,1
2022-10-18,SKU-1134,FMCG,391.0,19870.62,50.82,1617.0,0
2022-10-19,SKU-1134,FMCG,364.0,18469.36,50.74,1874.0,0
2022-10-20,SKU-1134,FMCG,294.0,14073.78,47.87,1867.0,0
2022-10-21,SKU-1134,FMCG,437.0,22265.15,50.95,2021.0,0
2022-10-22,SKU-1134,FMCG,493.0,24645.07,49.99,1620.0,0
2022-10-23,SKU-1134,FMCG,385.0,19434.8,50.48,2731.0,0
2022-10-24,SKU-1134,FMCG,332.0,17337.04,52.22,1310.0,0
2022-10-25,SKU-1134,FMCG,453.0,22387.26,49.42,2654.0,0
2022-10-26,SKU-1134,FMCG,147.0,7107.45,48.35,2408.0,0
2022-10-27,SKU-1134,FMCG,225.0,10728.0,47.68,2858.0,0
2022-10-28,SKU-1134,FMCG,260.0,12825.8,49.33,1724.0,0
2022-10-29,SKU-1134,FMCG,348.0,16728.36,48.07,2639.0,0
2022-10-30,SKU-1134,FMCG,314.0,16262.06,51.79,2982.0,0
2022-10-31,SKU-1134,FMCG,250.0,12232.5,48.93,1985.0,0
2022-11-01,SKU-1134,FMCG,341.0,16238.42,47.62,1683.0,0
2022-11-02,SKU-1134,FMCG,288.0,14938.56,51.87,2473.0,0
2022-11-03,SKU-1134,FMCG,314.0,16415.92,52.28,1026.0,0
2022-11-04,SKU-1134,FMCG,282.0,13643.16,48.38,2175.0,0
2022-11-05,SKU-1134,FMCG,398.0,20023.38,50.31,1109.0,0
2022-11-06,SKU-1134,FMCG,345.0,17484.6,50.68,1537.0,0
2022-11-07,SKU-1134,FMCG,311.0,15867.22,51.02,1367.0,0
2022-11-08,SKU-1134,FMCG,379.0,18229.9,48.1,2263.0,0
2022-11-09,SKU-1134,FMCG,349.0,14710.35,42.15,1623.0,1
2022-11-10,SKU-1134,FMCG,328.0,16436.08,50.11,1261.0,0
2022-11-11,SKU-1134,FMCG,405.0,17232.75,42.55,1594.0,1
2022-11-12,SKU-1134,FMCG,393.0,20286.66,51.62,988.0,0
2022-11-13,SKU-1134,FMCG,296.0,15353.52,51.87,1654.0,0
2022-11-14,SKU-1134,FMCG,279.0,13601.25,48.75,1775.0,0
2022-11-15,SKU-1134,FMCG,340.0,16772.2,49.33,2799.0,0
2022-11-16,SKU-1134,FMCG,302.0,14604.72,48.36,1485.0,0
2022-11-17,SKU-1134,FMCG,378.0,18499.32,48.94,1951.0,0
2022-11-18,SKU-1134,FMCG,328.0,14041.68,42.81,2691.0,1
2022-11-19,SKU-1134,FMCG,392.0,19505.92,49.76,1977.0,0
2022-11-20,SKU-1134,FMCG,424.0,21331.44,50.31,1905.0,0
2022-11-21,SKU-1134,FMCG,325.0,15918.5,48.98,1643.0,0
2022-11-22,SKU-1134,FMCG,309.0,15678.66,50.74,2729.0,0
2022-11-23,SKU-1134,FMCG,254.0,12628.88,49.72,2485.0,0
2022-11-24,SKU-1134,FMCG,379.0,15322.97,40.43,2520.0,1
2022-11-25,SKU-1134,FMCG,252.0,12090.96,47.98,2137.0,0
2022-11-26,SKU-1134,FMCG,321.0,15607.02,48.62,1309.0,0
2022-11-27,SKU-1134,FMCG,389.0,19395.54,49.86,2366.0,0
2022-11-28,SKU-1134,FMCG,262.0,12906.12,49.26,2658.0,0
2022-11-29,SKU-1134,FMCG,300.0,15225.0,50.75,1898.0,0
2022-11-30,SKU-1134,FMCG,315.0,15885.45,50.43,1489.0,0
2022-12-01,SKU-1134,FMCG,254.0,13068.3,51.45,2278.0,0
2022-12-02,SKU-1134,FMCG,312.0,15497.04,49.67,1303.0,0
2022-12-03,SKU-1134,FMCG,343.0,16714.39,48.73,2303.0,0
2022-12-04,SKU-1134,FMCG,325.0,15522.0,47.76,2892.0,0
2022-12-05,SKU-1134,FMCG,302.0,14900.68,49.34,2397.0,0
2022-12-06,SKU-1134,FMCG,344.0,14485.84,42.11,1475.0,1
2022-12-07,SKU-1134,FMCG,411.0,17714.1,43.1,1339.0,1
2022-12-08,SKU-1134,FMCG,256.0,12761.6,49.85,1628.0,0
2022-12-09,SKU-1134,FMCG,352.0,15294.4,43.45,2801.0,1
2022-12-10,SKU-1134,FMCG,349.0,16825.29,48.21,2391.0,0
2022-12-11,SKU-1134,FMCG,325.0,15811.25,48.65,2735.0,0
2022-12-12,SKU-1134,FMCG,376.0,15419.76,41.01,1088.0,1
2022-12-13,SKU-1134,FMCG,344.0,14520.24,42.21,1315.0,1
2022-12-14,SKU-1134,FMCG,286.0,13819.52,48.32,2088.0,0
2022-12-15,SKU-1134,FMCG,329.0,16028.88,48.72,2430.0,0
2022-12-16,SKU-1134,FMCG,416.0,18145.92,43.62,2344.0,1
2022-12-17,SKU-1134,FMCG,436.0,17788.8,40.8,2314.0,1
2022-12-18,SKU-1134,FMCG,386.0,16281.48,42.18,1545.0,1
2022-12-19,SKU-1134,FMCG,223.0,11640.6,52.2,1516.0,0
2022-12-20,SKU-1134,FMCG,382.0,19206.96,50.28,2348.0,0
2022-12-21,SKU-1134,FMCG,340.0,17523.6,51.54,1453.0,0
2022-12-22,SKU-1134,FMCG,361.0,18721.46,51.86,2573.0,0
2022-12-23,SKU-1134,FMCG,434.0,22628.76,52.14,2812.0,0
2022-12-24,SKU-1134,FMCG,372.0,18841.8,50.65,2569.0,0
2022-12-25,SKU-1134,FMCG,352.0,18078.72,51.36,2848.0,0
2022-12-26,SKU-1134,FMCG,353.0,17106.38,48.46,2464.0,0
2022-12-27,SKU-1134,FMCG,381.0,19419.57,50.97,1134.0,0
2022-12-28,SKU-1134,FMCG,360.0,17337.6,48.16,1729.0,0
2022-12-29,SKU-1134,FMCG,354.0,17760.18,50.17,1110.0,0
2022-12-30,SKU-1134,FMCG,377.0,19091.28,50.64,2222.0,0
2022-12-31,SKU-1134,FMCG,437.0,22247.67,50.91,1776.0,0
2023-01-01,SKU-1134,FMCG,223.0,11025.12,49.44,1289.0,0
2023-01-02,SKU-1134,FMCG,148.0,7679.72,51.89,1110.0,0
2023-01-03,SKU-1134,FMCG,145.0,7197.8,49.64,2726.0,0
2023-01-04,SKU-1134,FMCG,190.0,9251.1,48.69,2687.0,0
2023-01-05,SKU-1134,FMCG,179.0,8799.64,49.16,2952.0,0
2023-01-06,SKU-1134,FMCG,210.0,9141.3,43.53,2284.0,1
2023-01-07,SKU-1134,FMCG,178.0,9051.3,50.85,1873.0,0
2023-01-08,SKU-1134,FMCG,200.0,9892.0,49.46,1223.0,0
2023-01-09,SKU-1134,FMCG,236.0,10124.4,42.9,1390.0,1
2023-01-10,SKU-1134,FMCG,132.0,6491.76,49.18,1072.0,0
2023-01-11,SKU-1134,FMCG,164.0,7822.8,47.7,1662.0,0
2023-01-12,SKU-1134,FMCG,165.0,8243.4,49.96,2158.0,0
2023-01-13,SKU-1134,FMCG,139.0,7147.38,51.42,1136.0,0
2023-01-14,SKU-1134,FMCG,198.0,10171.26,51.37,1608.0,0
2023-01-15,SKU-1134,FMCG,219.0,11149.29,50.91,2875.0,0
2023-01-16,SKU-1134,FMCG,171.0,7236.72,42.32,2146.0,1
2023-01-17,SKU-1134,FMCG,151.0,7492.62,49.62,1506.0,0
2023-01-18,SKU-1134,FMCG,173.0,8412.99,48.63,2565.0,0
2023-01-19,SKU-1134,FMCG,186.0,9231.18,49.63,2168.0,0
2023-01-20,SKU-1134,FMCG,178.0,8887.54,49.93,,0
2023-01-21,SKU-1134,FMCG,196.0,9513.84,48.54,2506.0,0
2023-01-22,SKU-1134,FMCG,161.0,8404.2,52.2,1323.0,0
2023-01-23,SKU-1134,FMCG,152.0,7440.4,48.95,1390.0,0
2023-01-24,SKU-1134,FMCG,160.0,8145.6,50.91,1797.0,0
2023-01-25,SKU-1134,FMCG,155.0,7796.5,50.3,1077.0,0
2023-01-26,SKU-1134,FMCG,138.0,6675.06,48.37,1014.0,0
2023-01-27,SKU-1134,FMCG,190.0,9154.2,48.18,1425.0,0
2023-01-28,SKU-1134,FMCG,173.0,8475.27,48.99,1016.0,0
2023-01-29,SKU-1134,FMCG,165.0,8560.2,51.88,2007.0,0
2023-01-30,SKU-1134,FMCG,164.0,8242.64,50.26,1925.0,0
2023-01-31,SKU-1134,FMCG,182.0,8695.96,47.78,1963.0,0
2023-02-01,SKU-1134,FMCG,142.0,7372.64,51.92,1079.0,0
2023-02-02,SKU-1134,FMCG,158.0,7871.56,49.82,951.0,0
2023-02-03,SKU-1134,FMCG,171.0,8476.47,49.57,2952.0,0
2023-02-04,SKU-1134,FMCG,159.0,8290.26,52.14,1755.0,0
2023-02-05,SKU-1134,FMCG,176.0,8560.64,48.64,908.0,0
2023-02-06,SKU-1134,FMCG,124.0,6295.48,50.77,991.0,0
2023-02-07,SKU-1134,FMCG,161.0,8080.59,50.19,2145.0,0
2023-02-08,SKU-1134,FMCG,184.0,9253.36,50.29,2684.0,0
2023-02-09,SKU-1134,FMCG,163.0,8099.47,49.69,1391.0,0
2023-02-10,SKU-1134,FMCG,144.0,6907.68,47.97,1628.0,0
2023-02-11,SKU-1134,FMCG,171.0,8592.75,50.25,902.0,0
2023-02-12,SKU-1134,FMCG,263.0,11256.4,42.8,1839.0,1
2023-02-13,SKU-1134,FMCG,108.0,5598.72,51.84,2252.0,0
2023-02-14,SKU-1134,FMCG,153.0,7746.39,50.63,1264.0,0
2023-02-15,SKU-1134,FMCG,225.0,9924.75,44.11,2484.0,1
2023-02-16,SKU-1134,FMCG,158.0,6906.18,43.71,2151.0,1
2023-02-17,SKU-1134,FMCG,168.0,8426.88,50.16,2333.0,0
2023-02-18,SKU-1134,FMCG,209.0,10414.47,49.83,2848.0,0
2023-02-19,SKU-1134,FMCG,164.0,8495.2,51.8,1113.0,0
2023-02-20,SKU-1134,FMCG,165.0,8005.8,48.52,2510.0,0
2023-02-21,SKU-1134,FMCG,162.0,7709.58,47.59,970.0,0
2023-02-22,SKU-1134,FMCG,195.0,9769.5,,2331.0,0
2023-02-23,SKU-1134,FMCG,154.0,7964.88,51.72,1975.0,0
2023-02-24,SKU-1134,FMCG,158.0,7655.1,48.45,1344.0,0
2023-02-25,SKU-1134,FMCG,183.0,8778.51,47.97,1569.0,0
2023-02-26,SKU-1134,FMCG,202.0,10005.06,49.53,2094.0,0
2023-02-27,SKU-1134,FMCG,174.0,8609.52,49.48,1470.0,0
2023-02-28,SKU-1134,FMCG,137.0,6825.34,49.82,2448.0,0
2023-03-01,SKU-1134,FMCG,197.0,10127.77,51.41,1549.0,0
2023-03-02,SKU-1134,FMCG,185.0,9022.45,48.77,2608.0,0
2023-03-03,SKU-1134,FMCG,205.0,9809.25,47.85,2958.0,0
2023-03-04,SKU-1134,FMCG,,11749.99,51.31,1992.0,0
2023-03-05,SKU-1134,FMCG,228.0,10914.36,47.87,1087.0,0
2023-03-06,SKU-1134,FMCG,172.0,8663.64,50.37,2513.0,0
2023-03-07,SKU-1134,FMCG,214.0,11196.48,52.32,1581.0,0
2023-03-08,SKU-1134,FMCG,178.0,8955.18,50.31,2946.0,0
2023-03-09,SKU-1134,FMCG,209.0,10648.55,50.95,1139.0,0
2023-03-10,SKU-1134,FMCG,172.0,8926.8,51.9,2174.0,0
2023-03-11,SKU-1134,FMCG,170.0,8491.5,49.95,2608.0,0
2023-03-12,SKU-1134,FMCG,244.0,11592.44,47.51,1105.0,0
2023-03-13,SKU-1134,FMCG,174.0,8900.1,51.15,1339.0,0
2023-03-14,SKU-1134,FMCG,196.0,9801.96,50.01,2380.0,0
2023-03-15,SKU-1134,FMCG,169.0,8123.83,48.07,1405.0,0
2023-03-16,SKU-1134,FMCG,243.0,10764.9,44.3,2632.0,1
2023-03-17,SKU-1134,FMCG,168.0,8425.2,50.15,960.0,0
2023-03-18,SKU-1134,FMCG,278.0,11998.48,43.16,1614.0,1
2023-03-19,SKU-1134,FMCG,200.0,10390.0,51.95,2986.0,0
2023-03-20,SKU-1134,FMCG,185.0,8817.1,47.66,1883.0,0
2023-03-21,SKU-1134,FMCG,180.0,9246.6,51.37,1217.0,0
2023-03-22,SKU-1134,FMCG,228.0,9642.12,42.29,1213.0,1
2023-03-23,SKU-1134,FMCG,178.0,8807.44,49.48,2980.0,0
2023-03-24,SKU-1134,FMCG,117.0,5941.26,50.78,1151.0,0
2023-03-25,SKU-1134,FMCG,204.0,9912.36,48.59,2966.0,0
2023-03-26,SKU-1134,FMCG,218.0,11394.86,52.27,1680.0,0
2023-03-27,SKU-1134,FMCG,195.0,8166.6,41.88,1427.0,1
2023-03-28,SKU-1134,FMCG,166.0,8250.2,,2520.0,0
2023-03-29,SKU-1134,FMCG,173.0,8293.62,47.94,2844.0,0
