data/sample_sales_data.csv
date,product_id,category,sales_qty,revenue,price,inventory_qty,promotion_flag
2023-03-30,SKU-1134,FMCG,162.0,7967.16,49.18,902.0,0
2023-03-31,SKU-1134,FMCG,213.0,10916.25,51.25,1311.0,0
2023-04-01,SKU-1134,FMCG,232.0,11507.2,49.6,2768.0,0
2023-04-02,SKU-1134,FMCG,250.0,12797.5,51.19,2805.0,0
2023-04-03,SKU-1134,FMCG,179.0,9204.18,51.42,1598.0,0
2023-04-04,SKU-1134,FMCG,209.0,10962.05,52.45,1685.0,0
2023-04-05,SKU-1134,FMCG,,9861.82,50.06,2384.0,0
2023-04-06,SKU-1134,FMCG,205.0,9034.35,44.07,2529.0,1
2023-04-07,SKU-1134,FMCG,184.0,9288.32,50.48,1619.0,0
2023-04-08,SKU-1134,FMCG,205.0,9796.95,47.79,2153.0,0
2023-04-09,SKU-1134,FMCG,288.0,12245.76,42.52,2329.0,1
2023-04-10,SKU-1134,FMCG,225.0,11164.5,49.62,1972.0,0
2023-04-11,SKU-1134,FMCG,286.0,11840.4,41.4,1753.0,1
2023-04-12,SKU-1134,FMCG,222.0,9568.2,43.1,2839.0,1
2023-04-13,SKU-1134,FMCG,208.0,10603.84,50.98,2770.0,0
2023-04-14,SKU-1134,FMCG,260.0,10748.4,,2062.0,1
2023-04-15,SKU-1134,FMCG,210.0,10376.1,49.41,2506.0,0
2023-04-16,SKU-1134,FMCG,288.0,12199.68,42.36,2785.0,1
2023-04-17,SKU-1134,FMCG,208.0,10381.28,49.91,1646.0,0
2023-04-18,SKU-1134,FMCG,182.0,9160.06,50.33,1399.0,0
2023-04-19,SKU-1134,FMCG,200.0,10222.0,51.11,2611.0,0
2023-04-20,SKU-1134,FMCG,202.0,9651.56,47.78,1686.0,0
2023-04-21,SKU-1134,FMCG,216.0,10283.76,47.61,2598.0,0
2023-04-22,SKU-1134,FMCG,238.0,11550.14,48.53,2056.0,0
2023-04-23,SKU-1134,FMCG,230.0,11927.8,51.86,1548.0,0
2023-04-24,SKU-1134,FMCG,203.0,10464.65,51.55,2623.0,0
2023-04-25,SKU-1134,FMCG,178.0,8727.34,49.03,2131.0,0
2023-04-26,SKU-1134,FMCG,188.0,9322.92,49.59,993.0,0
2023-04-27,SKU-1134,FMCG,147.0,7657.23,52.09,2300.0,0
2023-04-28,SKU-1134,FMCG,197.0,9580.11,48.63,2785.0,0
2023-04-29,SKU-1134,FMCG,217.0,10778.39,49.67,1135.0,0
2023-04-30,SKU-1134,FMCG,253.0,13209.13,52.21,2772.0,0
2023-05-01,SKU-1134,FMCG,220.0,11167.2,50.76,2023.0,0
2023-05-02,SKU-1134,FMCG,182.0,8823.36,48.48,1174.0,0
2023-05-03,SKU-1134,FMCG,197.0,9605.72,48.76,2742.0,0
2023-05-04,SKU-1134,FMCG,233.0,11512.53,49.41,2409.0,0
2023-05-05,SKU-1134,FMCG,213.0,10121.76,47.52,900.0,0
2023-05-06,SKU-1134,FMCG,253.0,12599.4,49.8,1341.0,0
2023-05-07,SKU-1134,FMCG,228.0,10969.08,48.11,1491.0,0
2023-05-08,SKU-1134,FMCG,162.0,8407.8,51.9,2957.0,0
2023-05-09,SKU-1134,FMCG,168.0,8725.92,51.94,1699.0,0
2023-05-10,SKU-1134,FMCG,213.0,10439.13,49.01,1041.0,0
2023-05-11,SKU-1134,FMCG,190.0,9321.4,49.06,2810.0,0
2023-05-12,SKU-1134,FMCG,197.0,9487.52,48.16,2404.0,0
2023-05-13,SKU-1134,FMCG,226.0,9173.34,40.59,2992.0,1
2023-05-14,SKU-1134,FMCG,211.0,10212.4,48.4,2258.0,0
2023-05-15,SKU-1134,FMCG,166.0,8085.86,48.71,2148.0,0
2023-05-16,SKU-1134,FMCG,204.0,9700.2,47.55,2913.0,0
2023-05-17,SKU-1134,FMCG,201.0,10076.13,50.13,1984.0,0
2023-05-18,SKU-1134,FMCG,199.0,10156.96,51.04,2535.0,0
2023-05-19,SKU-1134,FMCG,238.0,11490.64,48.28,2354.0,0
2023-05-20,SKU-1134,FMCG,242.0,12008.04,49.62,2039.0,0
2023-05-21,SKU-1134,FMCG,193.0,9374.01,48.57,1144.0,0
2023-05-22,SKU-1134,FMCG,236.0,11240.68,47.63,1846.0,0
2023-05-23,SKU-1134,FMCG,233.0,9511.06,40.82,2961.0,1
2023-05-24,SKU-1134,FMCG,183.0,8890.14,48.58,2058.0,0
2023-05-25,SKU-1134,FMCG,199.0,10274.37,51.63,1059.0,0
2023-05-26,SKU-1134,FMCG,206.0,10390.64,50.44,1552.0,0
2023-05-27,SKU-1134,FMCG,236.0,11384.64,48.24,2111.0,0
2023-05-28,SKU-1134,FMCG,270.0,13170.6,48.78,2240.0,0
2023-05-29,SKU-1134,FMCG,168.0,8423.52,50.14,1405.0,0
2023-05-30,SKU-1134,FMCG,237.0,9615.09,40.57,2794.0,1
2023-05-31,SKU-1134,FMCG,200.0,9606.0,48.03,2054.0,0
2023-06-01,SKU-1134,FMCG,230.0,11233.2,48.84,1805.0,0
2023-06-02,SKU-1134,FMCG,190.0,9032.6,47.54,2643.0,0
2023-06-03,SKU-1134,FMCG,255.0,12655.65,49.63,2842.0,0
2023-06-04,SKU-1134,FMCG,253.0,13143.35,51.95,2814.0,0
2023-06-05,SKU-1134,FMCG,185.0,8852.25,47.85,1889.0,0
2023-06-06,SKU-1134,FMCG,232.0,11562.88,49.84,945.0,0
2023-06-07,SKU-1134,FMCG,213.0,10664.91,50.07,1077.0,0
2023-06-08,SKU-1134,FMCG,218.0,10932.7,,2917.0,0
2023-06-09,SKU-1134,FMCG,252.0,12655.44,50.22,1478.0,0
2023-06-10,SKU-1134,FMCG,267.0,13179.12,49.36,1209.0,0
2023-06-11,SKU-1134,FMCG,221.0,11575.98,52.38,2248.0,0
2023-06-12,SKU-1134,FMCG,223.0,11286.03,50.61,1068.0,0
2023-06-13,SKU-1134,FMCG,236.0,10034.72,42.52,2172.0,1
2023-06-14,SKU-1134,FMCG,199.0,9842.54,49.46,2566.0,0
2023-06-15,SKU-1134,FMCG,248.0,12397.52,49.99,2177.0,0
2023-06-16,SKU-1134,FMCG,196.0,10076.36,51.41,2413.0,0
2023-06-17,SKU-1134,FMCG,265.0,13051.25,49.25,2521.0,0
2023-06-18,SKU-1134,FMCG,224.0,11233.6,50.15,1733.0,0
2023-06-19,SKU-1134,FMCG,203.0,9969.33,49.11,1788.0,0
2023-06-20,SKU-1134,FMCG,202.0,10192.92,50.46,2773.0,0
2023-06-21,SKU-1134,FMCG,190.0,9728.0,51.2,2036.0,0
2023-06-22,SKU-1134,FMCG,200.0,10356.0,51.78,2046.0,0
2023-06-23,SKU-1134,FMCG,204.0,9759.36,47.84,2435.0,0
2023-06-24,SKU-1134,FMCG,234.0,11608.74,49.61,1833.0,0
2023-06-25,SKU-1134,FMCG,300.0,12552.0,41.84,1120.0,1
2023-06-26,SKU-1134,FMCG,218.0,11098.38,50.91,1079.0,0
2023-06-27,SKU-1134,FMCG,195.0,9980.1,51.18,932.0,0
2023-06-28,SKU-1134,FMCG,322.0,13456.38,41.79,1537.0,1
2023-06-29,SKU-1134,FMCG,200.0,9786.0,48.93,1288.0,0
2023-06-30,SKU-1134,FMCG,191.0,9271.14,48.54,2384.0,0
2023-07-01,SKU-1134,FMCG,222.0,10604.94,47.77,1801.0,0
2023-07-02,SKU-1134,FMCG,216.0,10307.52,47.72,2910.0,0
2023-07-03,SKU-1134,FMCG,208.0,10820.16,52.02,944.0,0
2023-07-04,SKU-1134,FMCG,239.0,12356.3,51.7,2552.0,0
2023-07-05,SKU-1134,FMCG,177.0,9152.67,51.71,1742.0,0
2023-07-06,SKU-1134,FMCG,239.0,10422.79,43.61,2423.0,1
2023-07-07,SKU-1134,FMCG,208.0,10757.76,51.72,2392.0,0
2023-07-08,SKU-1134,FMCG,256.0,12264.96,47.91,2773.0,0
2023-07-09,SKU-1134,FMCG,370.0,15373.5,41.55,933.0,1
2023-07-10,SKU-1134,FMCG,188.0,9369.92,49.84,2419.0,0
2023-07-11,SKU-1134,FMCG,183.0,9435.48,51.56,2544.0,0
2023-07-12,SKU-1134,FMCG,173.0,8714.01,50.37,2077.0,0
2023-07-13,SKU-1134,FMCG,205.0,10489.85,51.17,2525.0,0
2023-07-14,SKU-1134,FMCG,248.0,11958.56,48.22,1543.0,0
2023-07-15,SKU-1134,FMCG,205.0,9784.65,47.73,2945.0,0
2023-07-16,SKU-1134,FMCG,225.0,10750.5,47.78,2997.0,0
2023-07-17,SKU-1134,FMCG,216.0,11072.16,51.26,2535.0,0
2023-07-18,SKU-1134,FMCG,228.0,10896.12,47.79,1357.0,0
2023-07-19,SKU-1134,FMCG,162.0,8464.5,52.25,2966.0,0
2023-07-20,SKU-1134,FMCG,210.0,10176.6,48.46,1844.0,0
2023-07-21,SKU-1134,FMCG,220.0,11118.8,50.54,2109.0,0
2023-07-22,SKU-1134,FMCG,291.0,14616.93,50.23,1870.0,0
2023-07-23,SKU-1134,FMCG,204.0,10197.96,49.99,2193.0,0
2023-07-24,SKU-1134,FMCG,183.0,9325.68,50.96,1864.0,0
2023-07-25,SKU-1134,FMCG,165.0,8604.75,52.15,2014.0,0
2023-07-26,SKU-1134,FMCG,208.0,10387.52,49.94,1701.0,0
2023-07-27,SKU-1134,FMCG,196.0,10256.68,52.33,2888.0,0
2023-07-28,SKU-1134,FMCG,188.0,9839.92,52.34,1867.0,0
2023-07-29,SKU-1134,FMCG,231.0,11002.53,47.63,2789.0,0
2023-07-30,SKU-1134,FMCG,206.0,10613.12,51.52,2626.0,0
2023-07-31,SKU-1134,FMCG,202.0,10091.92,49.96,1079.0,0
2023-08-01,SKU-1134,FMCG,219.0,11252.22,51.38,2223.0,0
2023-08-02,SKU-1134,FMCG,190.0,9623.5,50.65,1597.0,0
2023-08-03,SKU-1134,FMCG,198.0,10395.0,52.5,2252.0,0
2023-08-04,SKU-1134,FMCG,184.0,9117.2,49.55,2878.0,0
2023-08-05,SKU-1134,FMCG,282.0,11815.8,41.9,2750.0,1
2023-08-06,SKU-1134,FMCG,267.0,12864.06,48.18,1200.0,0
2023-08-07,SKU-1134,FMCG,237.0,12096.48,51.04,1593.0,0
2023-08-08,SKU-1134,FMCG,190.0,9348.0,49.2,1882.0,0
2023-08-09,SKU-1134,FMCG,220.0,10839.4,49.27,960.0,0
2023-08-10,SKU-1134,FMCG,239.0,11699.05,48.95,2769.0,0
2023-08-11,SKU-1134,FMCG,196.0,10121.44,51.64,1470.0,0
2023-08-12,SKU-1134,FMCG,245.0,12705.7,51.86,1651.0,0
2023-08-13,SKU-1134,FMCG,242.0,12533.18,51.79,1034.0,0
2023-08-14,SKU-1134,FMCG,144.0,6873.12,47.73,1756.0,0
2023-08-15,SKU-1134,FMCG,235.0,12215.3,51.98,2150.0,0
2023-08-16,SKU-1134,FMCG,258.0,13289.58,51.51,2551.0,0
2023-08-17,SKU-1134,FMCG,174.0,8941.86,51.39,2120.0,0
2023-08-18,SKU-1134,FMCG,271.0,11525.63,42.53,1618.0,1
2023-08-19,SKU-1134,FMCG,234.0,11304.54,48.31,1363.0,0
2023-08-20,SKU-1134,FMCG,201.0,9700.26,48.26,994.0,0
2023-08-21,SKU-1134,FMCG,199.0,9997.76,50.24,1465.0,0
2023-08-22,SKU-1134,FMCG,223.0,9102.86,40.82,1305.0,1
2023-08-23,SKU-1134,FMCG,195.0,10019.1,51.38,1305.0,0
2023-08-24,SKU-1134,FMCG,205.0,10655.9,51.98,1702.0,0
2023-08-25,SKU-1134,FMCG,216.0,10467.36,48.46,1178.0,0
2023-08-26,SKU-1134,FMCG,325.0,13357.5,41.1,2689.0,1
2023-08-27,SKU-1134,FMCG,243.0,11853.54,48.78,2161.0,0
2023-08-28,SKU-1134,FMCG,223.0,11147.77,49.99,1817.0,0
2023-08-29,SKU-1134,FMCG,221.0,11487.58,51.98,1512.0,0
2023-08-30,SKU-1134,FMCG,195.0,9993.75,51.25,1326.0,0
2023-08-31,SKU-1134,FMCG,233.0,10331.22,44.34,2324.0,1
2023-09-01,SKU-1134,FMCG,212.0,10890.44,51.37,2425.0,0
2023-09-02,SKU-1134,FMCG,250.0,12212.5,48.85,2220.0,0
2023-09-03,SKU-1134,FMCG,321.0,14258.82,,1450.0,1
2023-09-04,SKU-1134,FMCG,217.0,10873.87,50.11,1307.0,0
2023-09-05,SKU-1134,FMCG,201.0,10124.37,50.37,2494.0,0
2023-09-06,SKU-1134,FMCG,223.0,10955.99,49.13,2313.0,0
2023-09-07,SKU-1134,FMCG,263.0,11259.03,42.81,1793.0,1
2023-09-08,SKU-1134,FMCG,323.0,13155.79,40.73,2002.0,1
2023-09-09,SKU-1134,FMCG,284.0,13600.76,47.89,1650.0,0
2023-09-10,SKU-1134,FMCG,289.0,14441.33,49.97,2756.0,0
2023-09-11,SKU-1134,FMCG,222.0,11097.78,49.99,1392.0,0
2023-09-12,SKU-1134,FMCG,179.0,9177.33,51.27,1822.0,0
2023-09-13,SKU-1134,FMCG,237.0,11778.9,49.7,2192.0,0
2023-09-14,SKU-1134,FMCG,221.0,11350.56,51.36,2609.0,0
2023-09-15,SKU-1134,FMCG,203.0,9766.33,48.11,2494.0,0
2023-09-16,SKU-1134,FMCG,296.0,13186.8,44.55,1538.0,1
2023-09-17,SKU-1134,FMCG,229.0,11012.61,48.09,1775.0,0
2023-09-18,SKU-1134,FMCG,229.0,10957.65,47.85,915.0,0
2023-09-19,SKU-1134,FMCG,246.0,12159.78,49.43,1829.0,0
2023-09-20,SKU-1134,FMCG,227.0,10859.68,47.84,2150.0,0
2023-09-21,SKU-1134,FMCG,190.0,9802.1,51.59,1162.0,0
2023-09-22,SKU-1134,FMCG,188.0,9061.6,48.2,995.0,0
2023-09-23,SKU-1134,FMCG,198.0,9935.64,50.18,2707.0,0
2023-09-24,SKU-1134,FMCG,241.0,11917.45,49.45,,0
2023-09-25,SKU-1134,FMCG,181.0,9261.77,51.17,2030.0,0
2023-09-26,SKU-1134,FMCG,212.0,10421.92,49.16,2889.0,0
2023-09-27,SKU-1134,FMCG,245.0,12811.05,52.29,1339.0,0
2023-09-28,SKU-1134,FMCG,188.0,9471.44,50.38,2813.0,0
2023-09-29,SKU-1134,FMCG,220.0,10689.8,48.59,2729.0,0
2023-09-30,SKU-1134,FMCG,235.0,12250.55,52.13,1013.0,0
2023-10-01,SKU-1134,FMCG,324.0,16818.84,51.91,2346.0,0
2023-10-02,SKU-1134,FMCG,289.0,13981.82,48.38,2827.0,0
2023-10-03,SKU-1134,FMCG,270.0,14069.7,52.11,2763.0,0
2023-10-04,SKU-1134,FMCG,297.0,15141.06,50.98,2883.0,0
2023-10-05,SKU-1134,FMCG,299.0,15246.01,50.99,971.0,0
2023-10-06,SKU-1134,FMCG,264.0,13062.72,49.48,2136.0,0
2023-10-07,SKU-1134,FMCG,387.0,20240.1,52.3,2059.0,0
2023-10-08,SKU-1134,FMCG,291.0,15268.77,52.47,2727.0,0
2023-10-09,SKU-1134,FMCG,215.0,10765.05,50.07,2574.0,0
2023-10-10,SKU-1134,FMCG,277.0,13248.91,47.83,1063.0,0
2023-10-11,SKU-1134,FMCG,254.0,12666.98,49.87,2079.0,0
2023-10-12,SKU-1134,FMCG,234.0,11407.5,48.75,2903.0,0
2023-10-13,SKU-1134,FMCG,226.0,11141.8,49.3,1475.0,0
2023-10-14,SKU-1134,FMCG,310.0,15878.2,51.22,1729.0,0
2023-10-15,SKU-1134,FMCG,393.0,18934.74,48.18,1561.0,0
2023-10-16,SKU-1134,FMCG,416.0,21711.04,52.19,1344.0,0
2023-10-17,SKU-1134,FMCG,334.0,16786.84,50.26,1715.0,0
2023-10-18,SKU-1134,FMCG,403.0,19182.8,47.6,2993.0,0
2023-10-19,SKU-1134,FMCG,,18769.7,51.85,1691.0,0
2023-10-20,SKU-1134,FMCG,494.0,23514.4,47.6,1473.0,0
2023-10-21,SKU-1134,FMCG,,21653.4,47.8,2643.0,0
2023-10-22,SKU-1134,FMCG,447.0,22484.1,50.3,1646.0,0
2023-10-23,SKU-1134,FMCG,370.0,17915.4,48.42,2081.0,0
2023-10-24,SKU-1134,FMCG,408.0,19412.64,47.58,1901.0,0
2023-10-25,SKU-1134,FMCG,366.0,18567.18,50.73,1359.0,0
2023-10-26,SKU-1134,FMCG,277.0,13406.8,48.4,1618.0,0
2023-10-27,SKU-1134,FMCG,279.0,13880.25,49.75,1993.0,0
2023-10-28,SKU-1134,FMCG,235.0,11218.9,47.74,2074.0,0
2023-10-29,SKU-1134,FMCG,290.0,14833.5,51.15,2072.0,0
2023-10-30,SKU-1134,FMCG,321.0,16849.29,52.49,2883.0,0
2023-10-31,SKU-1134,FMCG,238.0,12033.28,50.56,1537.0,0
2023-11-01,SKU-1134,FMCG,342.0,16494.66,48.23,1816.0,0
2023-11-02,SKU-1134,FMCG,455.0,19819.8,43.56,1828.0,1
2023-11-03,SKU-1134,FMCG,425.0,18262.25,42.97,2806.0,1
2023-11-04,SKU-1134,FMCG,291.0,14247.36,48.96,2833.0,0
2023-11-05,SKU-1134,FMCG,348.0,17918.52,51.49,1820.0,0
2023-11-06,SKU-1134,FMCG,288.0,14834.88,51.51,1390.0,0
2023-11-07,SKU-1134,FMCG,222.0,11535.12,51.96,2195.0,0
2023-11-08,SKU-1134,FMCG,317.0,15758.07,49.71,2585.0,0
2023-11-09,SKU-1134,FMCG,306.0,15722.28,51.38,1856.0,0
2023-11-10,SKU-1134,FMCG,344.0,17829.52,51.83,1256.0,0
2023-11-11,SKU-1134,FMCG,352.0,17737.28,50.39,1997.0,0
2023-11-12,SKU-1134,FMCG,379.0,19491.97,51.43,1078.0,0
2023-11-13,SKU-1134,FMCG,325.0,16952.0,52.16,2101.0,0
2023-11-14,SKU-1134,FMCG,256.0,13406.72,,2261.0,0
2023-11-15,SKU-1134,FMCG,241.0,11760.8,48.8,948.0,0
2023-11-16,SKU-1134,FMCG,373.0,15158.72,40.64,1418.0,1
2023-11-17,SKU-1134,FMCG,270.0,12930.3,47.89,2005.0,0
2023-11-18,SKU-1134,FMCG,357.0,18699.66,52.38,2474.0,0
2023-11-19,SKU-1134,FMCG,384.0,19541.76,50.89,1293.0,0
2023-11-20,SKU-1134,FMCG,245.0,11860.45,48.41,1540.0,0
2023-11-21,SKU-1134,FMCG,324.0,16873.92,52.08,922.0,0
2023-11-22,SKU-1134,FMCG,311.0,14903.12,47.92,1818.0,0
2023-11-23,SKU-1134,FMCG,353.0,17258.17,48.89,2537.0,0
2023-11-24,SKU-1134,FMCG,389.0,16295.21,41.89,1738.0,1
2023-11-25,SKU-1134,FMCG,358.0,18741.3,52.35,2539.0,0
2023-11-26,SKU-1134,FMCG,337.0,17247.66,51.18,2993.0,0
2023-11-27,SKU-1134,FMCG,284.0,14146.04,49.81,1364.0,0
2023-11-28,SKU-1134,FMCG,444.0,19660.32,44.28,1654.0,1
2023-11-29,SKU-1134,FMCG,306.0,15306.12,50.02,1510.0,0
2023-11-30,SKU-1134,FMCG,258.0,12309.18,47.71,1300.0,0
2023-12-01,SKU-1134,FMCG,247.0,12752.61,51.63,1167.0,0
2023-12-02,SKU-1134,FMCG,352.0,16734.08,47.54,2230.0,0
2023-12-03,SKU-1134,FMCG,250.0,12705.0,50.82,1944.0,0
2023-12-04,SKU-1134,FMCG,217.0,10374.77,47.81,1538.0,0
2023-12-05,SKU-1134,FMCG,342.0,14391.36,42.08,2621.0,1
2023-12-06,SKU-1134,FMCG,327.0,16729.32,51.16,1162.0,0
2023-12-07,SKU-1134,FMCG,343.0,14700.98,42.86,2346.0,1
2023-12-08,SKU-1134,FMCG,327.0,17085.75,52.25,1691.0,0
2023-12-09,SKU-1134,FMCG,307.0,16043.82,52.26,1059.0,0
2023-12-10,SKU-1134,FMCG,265.0,13737.6,51.84,2106.0,0
2023-12-11,SKU-1134,FMCG,304.0,15476.64,50.91,1538.0,0
2023-12-12,SKU-1134,FMCG,291.0,14145.51,48.61,2796.0,0
2023-12-13,SKU-1134,FMCG,279.0,13891.41,49.79,2414.0,0
2023-12-14,SKU-1134,FMCG,364.0,15550.08,42.72,2733.0,1
2022-01-01,SKU-2201,Home,25.0,10332.5,413.3,179.0,0
2022-01-02,SKU-2201,Home,19.0,7635.53,401.87,171.0,0
2022-01-03,SKU-2201,Home,22.0,8633.68,392.44,211.0,0
2022-01-04,SKU-2201,Home,20.0,8314.0,415.7,271.0,0
2022-01-05,SKU-2201,Home,20.0,8388.6,419.43,187.0,0
2022-01-06,SKU-2201,Home,19.0,7416.08,390.32,304.0,0
2022-01-07,SKU-2201,Home,21.0,8253.42,393.02,329.0,0
2022-01-08,SKU-2201,Home,22.0,8619.16,391.78,227.0,0
2022-01-09,SKU-2201,Home,26.0,10805.6,415.6,214.0,0
2022-01-10,SKU-2201,Home,20.0,7951.2,397.56,141.0,0
2022-01-11,SKU-2201,Home,17.0,6891.8,405.4,132.0,0
2022-01-12,SKU-2201,Home,22.0,8913.52,405.16,365.0,0
2022-01-13,SKU-2201,Home,19.0,7700.13,405.27,245.0,0
2022-01-14,SKU-2201,Home,16.0,6711.04,419.44,330.0,0
2022-01-15,SKU-2201,Home,23.0,9631.71,418.77,266.0,0
2022-01-16,SKU-2201,Home,28.0,10690.68,381.81,127.0,0
2022-01-17,SKU-2201,Home,23.0,9218.63,400.81,336.0,0
2022-01-18,SKU-2201,Home,19.0,7594.3,399.7,212.0,0
2022-01-19,SKU-2201,Home,25.0,8127.0,325.08,197.0,1
2022-01-20,SKU-2201,Home,17.0,6863.58,403.74,310.0,0
2022-01-21,SKU-2201,Home,19.0,7956.82,418.78,362.0,0
2022-01-22,SKU-2201,Home,21.0,8618.61,410.41,286.0,0
2022-01-23,SKU-2201,Home,21.0,8368.71,398.51,204.0,0
2022-01-24,SKU-2201,Home,20.0,7688.6,384.43,357.0,0
2022-01-25,SKU-2201,Home,20.0,8061.0,403.05,289.0,0
2022-01-26,SKU-2201,Home,19.0,7661.18,403.22,297.0,0
2022-01-27,SKU-2201,Home,18.0,6858.36,381.02,163.0,0
2022-01-28,SKU-2201,Home,16.0,6603.2,412.7,215.0,0
2022-01-29,SKU-2201,Home,23.0,8757.02,380.74,376.0,0
2022-01-30,SKU-2201,Home,25.0,10163.75,406.55,382.0,0
2022-01-31,SKU-2201,Home,21.0,8713.32,414.92,325.0,0
2022-02-01,SKU-2201,Home,24.0,8029.44,334.56,322.0,1
2022-02-02,SKU-2201,Home,24.0,9349.2,389.55,150.0,0
2022-02-03,SKU-2201,Home,23.0,7474.31,324.97,391.0,1
2022-02-04,SKU-2201,Home,24.0,9775.92,407.33,141.0,0
2022-02-05,SKU-2201,Home,33.0,11351.34,343.98,394.0,1
2022-02-06,SKU-2201,Home,24.0,9141.12,380.88,210.0,0
2022-02-07,SKU-2201,Home,21.0,8158.92,388.52,128.0,0
2022-02-08,SKU-2201,Home,18.0,6848.28,380.46,140.0,0
2022-02-09,SKU-2201,Home,22.0,8507.4,386.7,149.0,0
2022-02-10,SKU-2201,Home,19.0,7641.99,402.21,321.0,0
2022-02-11,SKU-2201,Home,16.0,6478.72,,296.0,0
2022-02-12,SKU-2201,Home,19.0,7547.56,397.24,189.0,0
2022-02-13,SKU-2201,Home,24.0,9589.2,399.55,306.0,0
2022-02-14,SKU-2201,Home,18.0,7543.62,419.09,233.0,0
2022-02-15,SKU-2201,Home,22.0,8694.18,395.19,361.0,0
2022-02-16,SKU-2201,Home,23.0,9398.95,408.65,196.0,0
2022-02-17,SKU-2201,Home,18.0,7432.2,412.9,238.0,0
2022-02-18,SKU-2201,Home,24.0,9202.32,383.43,370.0,0
2022-02-19,SKU-2201,Home,24.0,8369.04,348.71,217.0,1
2022-02-20,SKU-2201,Home,17.0,7085.26,416.78,259.0,0
2022-02-21,SKU-2201,Home,19.0,7239.57,381.03,157.0,0
2022-02-22,SKU-2201,Home,23.0,9224.84,401.08,239.0,0
2022-02-23,SKU-2201,Home,18.0,7370.82,409.49,253.0,0
2022-02-24,SKU-2201,Home,26.0,9243.52,355.52,326.0,1
2022-02-25,SKU-2201,Home,22.0,8872.6,403.3,329.0,0
2022-02-26,SKU-2201,Home,26.0,10904.14,419.39,382.0,0
2022-02-27,SKU-2201,Home,24.0,9652.08,402.17,121.0,0
2022-02-28,SKU-2201,Home,26.0,8893.56,342.06,288.0,1
2022-03-01,SKU-2201,Home,24.0,9926.16,413.59,227.0,0
2022-03-02,SKU-2201,Home,23.0,9619.98,418.26,139.0,0
2022-03-03,SKU-2201,Home,19.0,7572.64,398.56,392.0,0
2022-03-04,SKU-2201,Home,25.0,8119.25,324.77,340.0,1
2022-03-05,SKU-2201,Home,29.0,10153.77,350.13,230.0,1
2022-03-06,SKU-2201,Home,28.0,11266.92,402.39,267.0,0
2022-03-07,SKU-2201,Home,21.0,8275.89,394.09,355.0,0
2022-03-08,SKU-2201,Home,27.0,8822.79,326.77,245.0,1
2022-03-09,SKU-2201,Home,27.0,10273.5,380.5,251.0,0
2022-03-10,SKU-2201,Home,21.0,7420.35,353.35,244.0,1
2022-03-11,SKU-2201,Home,22.0,8542.16,388.28,264.0,0
2022-03-12,SKU-2201,Home,35.0,12282.2,350.92,120.0,1
2022-03-13,SKU-2201,Home,26.0,10818.6,416.1,138.0,0
