data/sample_sales_data.csv
date,product_id,category,sales_qty,revenue,price,inventory_qty,promotion_flag
2022-03-14,SKU-2201,Home,24.0,9476.4,394.85,288.0,0
2022-03-15,SKU-2201,Home,22.0,8698.14,395.37,130.0,0
2022-03-16,SKU-2201,Home,23.0,8978.51,390.37,174.0,0
2022-03-17,SKU-2201,Home,22.0,8469.78,384.99,342.0,0
2022-03-18,SKU-2201,Home,22.0,9105.36,413.88,370.0,0
2022-03-19,SKU-2201,Home,27.0,10971.18,406.34,334.0,0
2022-03-20,SKU-2201,Home,25.0,9726.0,389.04,299.0,0
2022-03-21,SKU-2201,Home,22.0,8360.22,380.01,263.0,0
2022-03-22,SKU-2201,Home,25.0,10450.75,418.03,316.0,0
2022-03-23,SKU-2201,Home,24.0,9828.96,409.54,208.0,0
2022-03-24,SKU-2201,Home,24.0,9240.48,385.02,124.0,0
2022-03-25,SKU-2201,Home,18.0,6881.58,382.31,388.0,0
2022-03-26,SKU-2201,Home,32.0,12838.08,401.19,187.0,0
2022-03-27,SKU-2201,Home,25.0,9977.0,399.08,321.0,0
2022-03-28,SKU-2201,Home,22.0,9029.68,410.44,224.0,0
2022-03-29,SKU-2201,Home,28.0,9895.2,353.4,385.0,1
2022-03-30,SKU-2201,Home,22.0,8360.0,380.0,236.0,0
2022-03-31,SKU-2201,Home,23.0,9616.07,418.09,131.0,0
2022-04-01,SKU-2201,Home,25.0,10447.0,417.88,258.0,0
2022-04-02,SKU-2201,Home,26.0,10140.52,390.02,294.0,0
2022-04-03,SKU-2201,Home,32.0,13121.28,410.04,148.0,0
2022-04-04,SKU-2201,Home,22.0,8930.68,405.94,194.0,0
2022-04-05,SKU-2201,Home,22.0,9219.76,419.08,148.0,0
2022-04-06,SKU-2201,Home,27.0,11287.62,418.06,354.0,0
2022-04-07,SKU-2201,Home,21.0,8672.79,412.99,201.0,0
2022-04-08,SKU-2201,Home,25.0,10452.75,418.11,211.0,0
2022-04-09,SKU-2201,Home,30.0,11500.2,383.34,125.0,0
2022-04-10,SKU-2201,Home,28.0,11415.04,407.68,177.0,0
2022-04-11,SKU-2201,Home,23.0,9569.61,416.07,176.0,0
2022-04-12,SKU-2201,Home,29.0,9907.85,341.65,138.0,1
2022-04-13,SKU-2201,Home,21.0,8160.6,388.6,238.0,0
2022-04-14,SKU-2201,Home,31.0,10401.12,335.52,241.0,1
2022-04-15,SKU-2201,Home,23.0,9461.05,411.35,278.0,0
2022-04-16,SKU-2201,Home,30.0,11945.7,398.19,308.0,0
2022-04-17,SKU-2201,Home,26.0,10168.08,391.08,377.0,0
2022-04-18,SKU-2201,Home,28.0,9855.72,351.99,382.0,1
2022-04-19,SKU-2201,Home,22.0,9120.98,414.59,163.0,0
2022-04-20,SKU-2201,Home,22.0,7771.28,353.24,224.0,1
2022-04-21,SKU-2201,Home,20.0,7775.0,388.75,171.0,0
2022-04-22,SKU-2201,Home,25.0,9593.75,383.75,256.0,0
2022-04-23,SKU-2201,Home,32.0,12192.0,381.0,245.0,0
2022-04-24,SKU-2201,Home,35.0,12032.65,343.79,309.0,1
2022-04-25,SKU-2201,Home,15.0,6097.2,406.48,330.0,0
2022-04-26,SKU-2201,Home,23.0,8891.34,386.58,152.0,0
2022-04-27,SKU-2201,Home,20.0,8255.0,412.75,395.0,0
2022-04-28,SKU-2201,Home,27.0,11267.1,417.3,153.0,0
2022-04-29,SKU-2201,Home,21.0,8327.13,396.53,309.0,0
2022-04-30,SKU-2201,Home,41.0,13447.18,327.98,353.0,1
2022-05-01,SKU-2201,Home,32.0,13361.28,417.54,170.0,0
2022-05-02,SKU-2201,Home,28.0,10652.6,380.45,340.0,0
2022-05-03,SKU-2201,Home,23.0,9227.6,401.2,165.0,0
2022-05-04,SKU-2201,Home,26.0,10647.52,409.52,220.0,0
2022-05-05,SKU-2201,Home,22.0,9121.64,414.62,148.0,0
2022-05-06,SKU-2201,Home,24.0,9133.2,380.55,142.0,0
2022-05-07,SKU-2201,Home,29.0,11335.52,390.88,181.0,0
2022-05-08,SKU-2201,Home,30.0,12058.5,401.95,226.0,0
2022-05-09,SKU-2201,Home,26.0,10524.02,404.77,172.0,0
2022-05-10,SKU-2201,Home,26.0,10364.9,398.65,173.0,0
2022-05-11,SKU-2201,Home,19.0,7535.21,396.59,228.0,0
2022-05-12,SKU-2201,Home,25.0,9896.25,395.85,202.0,0
2022-05-13,SKU-2201,Home,23.0,9090.52,395.24,135.0,0
2022-05-14,SKU-2201,Home,26.0,10115.82,389.07,306.0,0
2022-05-15,SKU-2201,Home,24.0,10028.16,417.84,355.0,0
2022-05-16,SKU-2201,Home,26.0,10126.48,389.48,147.0,0
2022-05-17,SKU-2201,Home,26.0,10599.68,407.68,159.0,0
2022-05-18,SKU-2201,Home,28.0,9786.84,349.53,277.0,1
2022-05-19,SKU-2201,Home,25.0,10361.75,414.47,281.0,0
2022-05-20,SKU-2201,Home,26.0,10039.9,386.15,368.0,0
2022-05-21,SKU-2201,Home,29.0,11927.12,411.28,334.0,0
2022-05-22,SKU-2201,Home,28.0,10918.32,389.94,208.0,0
2022-05-23,SKU-2201,Home,27.0,11202.84,414.92,167.0,0
2022-05-24,SKU-2201,Home,24.0,9772.08,407.17,296.0,0
2022-05-25,SKU-2201,Home,26.0,10315.76,396.76,248.0,0
2022-05-26,SKU-2201,Home,25.0,9732.75,389.31,135.0,0
2022-05-27,SKU-2201,Home,22.0,8848.84,402.22,201.0,0
2022-05-28,SKU-2201,Home,27.0,11091.06,410.78,381.0,0
2022-05-29,SKU-2201,Home,28.0,11701.48,417.91,159.0,0
2022-05-30,SKU-2201,Home,22.0,8888.88,404.04,314.0,0
2022-05-31,SKU-2201,Home,29.0,11640.02,401.38,174.0,0
2022-06-01,SKU-2201,Home,20.0,8235.2,411.76,383.0,0
2022-06-02,SKU-2201,Home,26.0,10142.34,390.09,245.0,0
2022-06-03,SKU-2201,Home,29.0,11921.03,411.07,,0
2022-06-04,SKU-2201,Home,32.0,11127.68,347.74,378.0,1
2022-06-05,SKU-2201,Home,31.0,12985.9,418.9,265.0,0
2022-06-06,SKU-2201,Home,21.0,8245.02,392.62,149.0,0
2022-06-07,SKU-2201,Home,35.0,14649.25,418.55,225.0,0
2022-06-08,SKU-2201,Home,26.0,10033.92,385.92,395.0,0
2022-06-09,SKU-2201,Home,24.0,9491.76,395.49,199.0,0
2022-06-10,SKU-2201,Home,26.0,10571.34,,237.0,0
2022-06-11,SKU-2201,Home,27.0,10480.32,388.16,351.0,0
2022-06-12,SKU-2201,Home,28.0,10683.96,381.57,126.0,0
2022-06-13,SKU-2201,Home,24.0,9541.92,397.58,262.0,0
2022-06-14,SKU-2201,Home,29.0,11650.75,401.75,314.0,0
2022-06-15,SKU-2201,Home,22.0,8991.84,408.72,224.0,0
2022-06-16,SKU-2201,Home,34.0,12118.62,356.43,187.0,1
2022-06-17,SKU-2201,Home,21.0,8288.07,394.67,,0
2022-06-18,SKU-2201,Home,26.0,10042.5,386.25,330.0,0
2022-06-19,SKU-2201,Home,27.0,10958.22,405.86,248.0,0
2022-06-20,SKU-2201,Home,21.0,8681.4,413.4,318.0,0
2022-06-21,SKU-2201,Home,26.0,10845.64,417.14,299.0,0
2022-06-22,SKU-2201,Home,25.0,10050.5,402.02,173.0,0
2022-06-23,SKU-2201,Home,32.0,12423.68,388.24,218.0,0
2022-06-24,SKU-2201,Home,24.0,9260.64,385.86,300.0,0
2022-06-25,SKU-2201,Home,34.0,13046.48,383.72,160.0,0
2022-06-26,SKU-2201,Home,27.0,11243.07,416.41,227.0,0
2022-06-27,SKU-2201,Home,26.0,10160.54,390.79,349.0,0
2022-06-28,SKU-2201,Home,29.0,11759.21,405.49,139.0,0
2022-06-29,SKU-2201,Home,24.0,9139.2,380.8,284.0,0
2022-06-30,SKU-2201,Home,17.0,7004.51,412.03,246.0,0
2022-07-01,SKU-2201,Home,25.0,9785.5,391.42,284.0,0
2022-07-02,SKU-2201,Home,30.0,12348.0,411.6,292.0,0
2022-07-03,SKU-2201,Home,,11035.37,380.53,271.0,0
2022-07-04,SKU-2201,Home,25.0,10356.25,414.25,147.0,0
2022-07-05,SKU-2201,Home,25.0,10348.25,413.93,258.0,0
2022-07-06,SKU-2201,Home,22.0,9028.36,410.38,177.0,0
2022-07-07,SKU-2201,Home,21.0,7983.36,380.16,399.0,0
2022-07-08,SKU-2201,Home,32.0,12399.68,387.49,129.0,0
2022-07-09,SKU-2201,Home,32.0,13052.8,407.9,299.0,0
2022-07-10,SKU-2201,Home,34.0,11201.98,329.47,222.0,1
2022-07-11,SKU-2201,Home,25.0,9837.5,393.5,125.0,0
2022-07-12,SKU-2201,Home,27.0,11197.17,414.71,240.0,0
2022-07-13,SKU-2201,Home,24.0,9741.84,405.91,128.0,0
2022-07-14,SKU-2201,Home,24.0,9692.4,403.85,318.0,0
2022-07-15,SKU-2201,Home,26.0,10504.52,404.02,268.0,0
2022-07-16,SKU-2201,Home,28.0,11599.28,414.26,230.0,0
2022-07-17,SKU-2201,Home,45.0,14632.2,325.16,274.0,1
2022-07-18,SKU-2201,Home,25.0,10122.5,404.9,122.0,0
2022-07-19,SKU-2201,Home,27.0,11173.14,413.82,343.0,0
2022-07-20,SKU-2201,Home,23.0,9195.17,399.79,144.0,0
2022-07-21,SKU-2201,Home,23.0,9080.86,394.82,279.0,0
2022-07-22,SKU-2201,Home,21.0,8710.38,414.78,333.0,0
2022-07-23,SKU-2201,Home,25.0,9994.5,399.78,370.0,0
2022-07-24,SKU-2201,Home,26.0,10017.02,385.27,360.0,0
2022-07-25,SKU-2201,Home,32.0,10835.84,338.62,349.0,1
2022-07-26,SKU-2201,Home,24.0,9274.56,386.44,277.0,0
2022-07-27,SKU-2201,Home,27.0,10946.88,405.44,166.0,0
2022-07-28,SKU-2201,Home,20.0,8191.6,409.58,239.0,0
2022-07-29,SKU-2201,Home,25.0,9866.75,394.67,293.0,0
2022-07-30,SKU-2201,Home,35.0,12323.5,352.1,241.0,1
2022-07-31,SKU-2201,Home,26.0,10153.0,390.5,134.0,0
2022-08-01,SKU-2201,Home,23.0,9611.7,417.9,253.0,0
2022-08-02,SKU-2201,Home,25.0,10342.5,413.7,221.0,0
2022-08-03,SKU-2201,Home,24.0,9760.32,406.68,375.0,0
2022-08-04,SKU-2201,Home,39.0,13105.56,336.04,162.0,1
2022-08-05,SKU-2201,Home,24.0,9983.52,415.98,375.0,0
2022-08-06,SKU-2201,Home,33.0,12660.12,383.64,378.0,0
2022-08-07,SKU-2201,Home,34.0,13646.24,401.36,366.0,0
2022-08-08,SKU-2201,Home,26.0,9248.72,355.72,369.0,1
2022-08-09,SKU-2201,Home,20.0,8224.0,411.2,335.0,0
2022-08-10,SKU-2201,Home,19.0,7649.97,402.63,320.0,0
2022-08-11,SKU-2201,Home,23.0,8984.03,390.61,373.0,0
2022-08-12,SKU-2201,Home,28.0,10797.36,385.62,294.0,0
2022-08-13,SKU-2201,Home,29.0,11097.14,382.66,397.0,0
2022-08-14,SKU-2201,Home,30.0,12015.0,400.5,194.0,0
2022-08-15,SKU-2201,Home,28.0,10775.52,384.84,142.0,0
2022-08-16,SKU-2201,Home,23.0,9074.42,394.54,180.0,0
2022-08-17,SKU-2201,Home,22.0,8545.46,388.43,183.0,0
2022-08-18,SKU-2201,Home,26.0,10749.96,413.46,302.0,0
2022-08-19,SKU-2201,Home,18.0,6892.2,382.9,358.0,0
2022-08-20,SKU-2201,Home,35.0,13418.65,383.39,153.0,0
2022-08-21,SKU-2201,Home,35.0,11440.1,326.86,321.0,1
2022-08-22,SKU-2201,Home,23.0,8848.1,384.7,397.0,0
2022-08-23,SKU-2201,Home,31.0,10962.84,353.64,330.0,1
2022-08-24,SKU-2201,Home,26.0,10376.08,399.08,299.0,0
2022-08-25,SKU-2201,Home,27.0,10338.03,382.89,366.0,0
2022-08-26,SKU-2201,Home,24.0,9125.04,,329.0,0
2022-08-27,SKU-2201,Home,24.0,9371.52,390.48,366.0,0
2022-08-28,SKU-2201,Home,30.0,11429.4,380.98,282.0,0
2022-08-29,SKU-2201,Home,27.0,10704.69,396.47,323.0,0
2022-08-30,SKU-2201,Home,21.0,8396.43,399.83,237.0,0
2022-08-31,SKU-2201,Home,20.0,7720.4,386.02,260.0,0
2022-09-01,SKU-2201,Home,23.0,8904.22,387.14,142.0,0
2022-09-02,SKU-2201,Home,26.0,10576.02,406.77,352.0,0
2022-09-03,SKU-2201,Home,44.0,15191.44,345.26,183.0,1
2022-09-04,SKU-2201,Home,29.0,11949.45,412.05,234.0,0
2022-09-05,SKU-2201,Home,25.0,10301.25,412.05,231.0,0
2022-09-06,SKU-2201,Home,30.0,11462.4,382.08,367.0,0
2022-09-07,SKU-2201,Home,192.232832366544,10964.8,391.6,296.0,0
2022-09-08,SKU-2201,Home,25.0,10034.25,401.37,350.0,0
2022-09-09,SKU-2201,Home,24.0,9619.44,400.81,222.0,0
2022-09-10,SKU-2201,Home,26.0,8658.78,333.03,325.0,1
2022-09-11,SKU-2201,Home,25.0,10413.25,416.53,343.0,0
2022-09-12,SKU-2201,Home,33.0,10742.49,325.53,262.0,1
2022-09-13,SKU-2201,Home,29.0,11258.96,388.24,243.0,0
2022-09-14,SKU-2201,Home,28.0,9093.28,324.76,164.0,1
2022-09-15,SKU-2201,Home,20.0,8076.0,403.8,145.0,0
2022-09-16,SKU-2201,Home,30.0,12086.1,402.87,191.0,0
2022-09-17,SKU-2201,Home,28.0,11418.12,407.79,243.0,0
2022-09-18,SKU-2201,Home,33.0,12845.58,389.26,170.0,0
2022-09-19,SKU-2201,Home,25.0,9656.75,386.27,239.0,0
2022-09-20,SKU-2201,Home,31.0,11863.08,382.68,286.0,0
2022-09-21,SKU-2201,Home,27.0,11203.38,414.94,333.0,0
2022-09-22,SKU-2201,Home,26.0,10168.08,391.08,361.0,0
2022-09-23,SKU-2201,Home,21.0,8431.29,401.49,176.0,0
2022-09-24,SKU-2201,Home,23.0,8945.16,388.92,172.0,0
2022-09-25,SKU-2201,Home,38.0,12678.7,333.65,331.0,1
2022-09-26,SKU-2201,Home,27.0,11294.37,418.31,359.0,0
2022-09-27,SKU-2201,Home,42.0,13691.16,325.98,307.0,1
2022-09-28,SKU-2201,Home,29.0,11117.15,383.35,397.0,0
2022-09-29,SKU-2201,Home,26.0,9910.16,381.16,313.0,0
2022-09-30,SKU-2201,Home,26.0,10633.74,408.99,315.0,0
2022-10-01,SKU-2201,Home,33.0,13125.75,397.75,279.0,0
2022-10-02,SKU-2201,Home,35.0,13644.05,389.83,281.0,0
2022-10-03,SKU-2201,Home,24.0,9738.0,405.75,213.0,0
2022-10-04,SKU-2201,Home,32.0,10648.0,332.75,222.0,1
2022-10-05,SKU-2201,Home,43.0,15316.17,356.19,191.0,1
2022-10-06,SKU-2201,Home,34.0,13423.2,394.8,327.0,0
2022-10-07,SKU-2201,Home,33.0,12718.86,385.42,201.0,0
2022-10-08,SKU-2201,Home,38.0,15444.72,406.44,210.0,0
2022-10-09,SKU-2201,Home,43.0,17808.88,414.16,168.0,0
2022-10-10,SKU-2201,Home,32.0,13323.52,416.36,383.0,0
2022-10-11,SKU-2201,Home,32.0,13054.4,407.95,317.0,0
2022-10-12,SKU-2201,Home,29.0,11789.95,406.55,226.0,0
2022-10-13,SKU-2201,Home,25.0,10248.0,409.92,158.0,0
2022-10-14,SKU-2201,Home,38.0,13091.38,344.51,393.0,1
2022-10-15,SKU-2201,Home,40.0,16466.0,411.65,282.0,0
2022-10-16,SKU-2201,Home,50.0,20374.0,407.48,202.0,0
2022-10-17,SKU-2201,Home,42.0,17342.64,412.92,172.0,0
2022-10-18,SKU-2201,Home,54.0,22519.62,,374.0,0
2022-10-19,SKU-2201,Home,44.0,17629.48,400.67,326.0,0
2022-10-20,SKU-2201,Home,43.0,17430.91,405.37,336.0,0
2022-10-21,SKU-2201,Home,39.0,15594.15,399.85,350.0,0
2022-10-22,SKU-2201,Home,43.0,16634.12,386.84,132.0,0
2022-10-23,SKU-2201,Home,49.0,18827.27,384.23,306.0,0
2022-10-24,SKU-2201,Home,48.0,18744.0,390.5,130.0,0
2022-10-25,SKU-2201,Home,48.0,19059.84,397.08,274.0,0
2022-10-26,SKU-2201,Home,38.0,14650.14,385.53,390.0,0
2022-10-27,SKU-2201,Home,31.0,12054.97,388.87,195.0,0
2022-10-28,SKU-2201,Home,33.0,12657.81,383.57,179.0,0
2022-10-29,SKU-2201,Home,34.0,13730.56,403.84,248.0,0
2022-10-30,SKU-2201,Home,32.0,13245.44,413.92,222.0,0
2022-10-31,SKU-2201,Home,37.0,12024.26,324.98,224.0,1
2022-11-01,SKU-2201,Home,40.0,14069.2,351.73,120.0,1
2022-11-02,SKU-2201,Home,33.0,13215.18,400.46,243.0,0
2022-11-03,SKU-2201,Home,36.0,15048.72,418.02,297.0,0
2022-11-04,SKU-2201,Home,37.0,15189.24,410.52,332.0,0
2022-11-05,SKU-2201,Home,35.0,13625.15,389.29,120.0,0
2022-11-06,SKU-2201,Home,35.0,14123.9,403.54,275.0,0
2022-11-07,SKU-2201,Home,37.0,12281.78,331.94,130.0,1
2022-11-08,SKU-2201,Home,46.0,19181.08,416.98,231.0,0
2022-11-09,SKU-2201,Home,36.0,14419.08,400.53,187.0,0
2022-11-10,SKU-2201,Home,32.0,13169.28,411.54,166.0,0
2022-11-11,SKU-2201,Home,,17258.64,410.92,213.0,0
2022-11-12,SKU-2201,Home,183.3656740639854,15419.43,395.37,241.0,0
2022-11-13,SKU-2201,Home,38.0,15820.54,416.33,206.0,0
2022-11-14,SKU-2201,Home,35.0,13498.8,385.68,317.0,0
2022-11-15,SKU-2201,Home,48.0,15795.36,329.07,263.0,1
2022-11-16,SKU-2201,Home,35.0,13676.95,390.77,285.0,0
2022-11-17,SKU-2201,Home,34.0,14080.08,414.12,392.0,0
2022-11-18,SKU-2201,Home,38.0,14888.02,391.79,134.0,0
2022-11-19,SKU-2201,Home,48.0,18867.84,393.08,243.0,0
2022-11-20,SKU-2201,Home,48.0,16981.44,353.78,234.0,1
2022-11-21,SKU-2201,Home,36.0,14360.04,398.89,275.0,0
2022-11-22,SKU-2201,Home,39.0,15038.4,385.6,217.0,0
2022-11-23,SKU-2201,Home,41.0,16359.41,399.01,384.0,0
2022-11-24,SKU-2201,Home,41.0,16360.64,399.04,387.0,0
2022-11-25,SKU-2201,Home,47.0,18903.4,402.2,200.0,0
2022-11-26,SKU-2201,Home,40.0,15922.4,398.06,282.0,0
2022-11-27,SKU-2201,Home,41.0,16073.64,392.04,329.0,0
2022-11-28,SKU-2201,Home,38.0,13106.58,344.91,332.0,1
2022-11-29,SKU-2201,Home,42.0,16176.3,385.15,359.0,0
2022-11-30,SKU-2201,Home,222.1043609040268,15360.4,384.01,381.0,0
2022-12-01,SKU-2201,Home,42.0,17374.98,413.69,184.0,0
2022-12-02,SKU-2201,Home,39.0,15349.62,393.58,310.0,0
2022-12-03,SKU-2201,Home,48.0,19119.36,398.32,279.0,0
2022-12-04,SKU-2201,Home,52.0,17702.36,340.43,309.0,1
2022-12-05,SKU-2201,Home,33.0,12570.36,380.92,157.0,0
2022-12-06,SKU-2201,Home,42.0,14111.16,335.98,293.0,1
2022-12-07,SKU-2201,Home,,13765.29,417.13,268.0,0
2022-12-08,SKU-2201,Home,33.0,13638.24,413.28,206.0,0
2022-12-09,SKU-2201,Home,50.0,16304.0,326.08,306.0,1
2022-12-10,SKU-2201,Home,40.0,15891.6,397.29,307.0,0
2022-12-11,SKU-2201,Home,34.0,13564.98,398.97,218.0,0
2022-12-12,SKU-2201,Home,35.0,13694.45,391.27,289.0,0
2022-12-13,SKU-2201,Home,35.0,14635.95,418.17,159.0,0
2022-12-14,SKU-2201,Home,32.0,12670.08,395.94,167.0,0
2022-12-15,SKU-2201,Home,34.0,14188.88,417.32,187.0,0
2022-12-16,SKU-2201,Home,26.0,10796.5,415.25,237.0,0
2022-12-17,SKU-2201,Home,39.0,16348.02,419.18,250.0,0
2022-12-18,SKU-2201,Home,39.0,15868.32,406.88,128.0,0
2022-12-19,SKU-2201,Home,33.0,12610.29,382.13,231.0,0
2022-12-20,SKU-2201,Home,43.0,17361.68,403.76,318.0,0
2022-12-21,SKU-2201,Home,44.0,17205.76,391.04,244.0,0
2022-12-22,SKU-2201,Home,45.0,17793.0,395.4,354.0,0
2022-12-23,SKU-2201,Home,47.0,19013.85,404.55,294.0,0
2022-12-24,SKU-2201,Home,59.0,24043.68,407.52,125.0,0
2022-12-25,SKU-2201,Home,44.0,18306.64,416.06,145.0,0
2022-12-26,SKU-2201,Home,49.0,19500.53,397.97,318.0,0
2022-12-27,SKU-2201,Home,47.0,18343.16,390.28,134.0,0
2022-12-28,SKU-2201,Home,39.0,16371.81,419.79,152.0,0
2022-12-29,SKU-2201,Home,47.0,17883.03,380.49,286.0,0
2022-12-30,SKU-2201,Home,46.0,18998.92,413.02,382.0,0
2022-12-31,SKU-2201,Home,57.0,22640.4,397.2,123.0,0
2023-01-01,SKU-2201,Home,26.0,9974.38,383.63,156.0,0
2023-01-02,SKU-2201,Home,18.0,7118.82,395.49,294.0,0
2023-01-03,SKU-2201,Home,19.0,7893.36,415.44,357.0,0
2023-01-04,SKU-2201,Home,20.0,8275.6,413.78,246.0,0
2023-01-05,SKU-2201,Home,21.0,8105.16,385.96,388.0,0
2023-01-06,SKU-2201,Home,18.0,7057.26,392.07,357.0,0
2023-01-07,SKU-2201,Home,25.0,9614.0,384.56,217.0,0
2023-01-08,SKU-2201,Home,19.0,7481.25,393.75,291.0,0
2023-01-09,SKU-2201,Home,97.72456711835578,8656.83,412.23,165.0,0
2023-01-10,SKU-2201,Home,20.0,7689.0,384.45,179.0,0
2023-01-11,SKU-2201,Home,20.0,8344.0,417.2,317.0,0
2023-01-12,SKU-2201,Home,18.0,7088.04,393.78,295.0,0
2023-01-13,SKU-2201,Home,20.0,7874.0,393.7,149.0,0
2023-01-14,SKU-2201,Home,23.0,9504.06,413.22,219.0,0
2023-01-15,SKU-2201,Home,24.0,9696.0,404.0,163.0,0
2023-01-16,SKU-2201,Home,16.0,6647.36,415.46,277.0,0
2023-01-17,SKU-2201,Home,18.0,7053.12,391.84,188.0,0
2023-01-18,SKU-2201,Home,21.0,8042.37,382.97,397.0,0
2023-01-19,SKU-2201,Home,24.0,9132.24,380.51,120.0,0
2023-01-20,SKU-2201,Home,16.0,6517.12,407.32,298.0,0
2023-01-21,SKU-2201,Home,23.0,9096.73,395.51,239.0,0
2023-01-22,SKU-2201,Home,20.0,8060.0,403.0,326.0,0
2023-01-23,SKU-2201,Home,20.0,8135.2,406.76,303.0,0
2023-01-24,SKU-2201,Home,21.0,8586.69,408.89,292.0,0
2023-01-25,SKU-2201,Home,20.0,8055.8,402.79,205.0,0
2023-01-26,SKU-2201,Home,21.0,8159.13,388.53,211.0,0
2023-01-27,SKU-2201,Home,20.0,7964.0,398.2,220.0,0
2023-01-28,SKU-2201,Home,15.0,5786.85,385.79,291.0,0
2023-01-29,SKU-2201,Home,21.0,8373.12,398.72,180.0,0
2023-01-30,SKU-2201,Home,17.0,6908.8,406.4,264.0,0
2023-01-31,SKU-2201,Home,26.0,8776.82,337.57,220.0,1
2023-02-01,SKU-2201,Home,20.0,7936.6,396.83,317.0,0
2023-02-02,SKU-2201,Home,22.0,8697.48,395.34,383.0,0
2023-02-03,SKU-2201,Home,21.0,8441.16,401.96,120.0,0
2023-02-04,SKU-2201,Home,22.0,9082.26,412.83,197.0,0
2023-02-05,SKU-2201,Home,23.0,8917.1,387.7,219.0,0
2023-02-06,SKU-2201,Home,18.0,6963.48,386.86,278.0,0
2023-02-07,SKU-2201,Home,20.0,7916.6,395.83,172.0,0
2023-02-08,SKU-2201,Home,26.0,8402.16,323.16,262.0,1
2023-02-09,SKU-2201,Home,18.0,6873.66,381.87,241.0,0
2023-02-10,SKU-2201,Home,23.0,9274.75,403.25,388.0,0
2023-02-11,SKU-2201,Home,21.0,8273.79,393.99,145.0,0
