data/sample_sales_data.csv
date,product_id,category,sales_qty,revenue,price,inventory_qty,promotion_flag
2023-02-12,SKU-2201,Home,23.0,9040.15,393.05,389.0,0
2023-02-13,SKU-2201,Home,22.0,8673.5,394.25,224.0,0
2023-02-14,SKU-2201,Home,19.0,7261.8,382.2,169.0,0
2023-02-15,SKU-2201,Home,22.0,8664.92,393.86,336.0,0
2023-02-16,SKU-2201,Home,19.0,7972.78,419.62,198.0,0
2023-02-17,SKU-2201,Home,16.0,6249.92,390.62,244.0,0
2023-02-18,SKU-2201,Home,20.0,7703.4,385.17,360.0,0
2023-02-19,SKU-2201,Home,22.0,7706.6,350.3,231.0,1
2023-02-20,SKU-2201,Home,16.0,6372.48,398.28,235.0,0
2023-02-21,SKU-2201,Home,20.0,7963.2,398.16,234.0,0
2023-02-22,SKU-2201,Home,19.0,7668.97,403.63,392.0,0
2023-02-23,SKU-2201,Home,27.0,8988.03,332.89,342.0,1
2023-02-24,SKU-2201,Home,21.0,8370.18,398.58,329.0,0
2023-02-25,SKU-2201,Home,25.0,9749.0,389.96,185.0,0
2023-02-26,SKU-2201,Home,26.0,10249.46,394.21,198.0,0
2023-02-27,SKU-2201,Home,19.0,7457.5,392.5,168.0,0
2023-02-28,SKU-2201,Home,17.0,6749.85,397.05,156.0,0
2023-03-01,SKU-2201,Home,23.0,9214.72,400.64,216.0,0
2023-03-02,SKU-2201,Home,23.0,9588.01,416.87,130.0,0
2023-03-03,SKU-2201,Home,23.0,9134.91,397.17,361.0,0
2023-03-04,SKU-2201,Home,21.0,8643.39,411.59,174.0,0
2023-03-05,SKU-2201,Home,32.0,12656.96,395.53,286.0,0
2023-03-06,SKU-2201,Home,18.0,6858.72,381.04,162.0,0
2023-03-07,SKU-2201,Home,24.0,9453.6,393.9,380.0,0
2023-03-08,SKU-2201,Home,29.0,9653.23,332.87,204.0,1
2023-03-09,SKU-2201,Home,24.0,9536.16,397.34,250.0,0
2023-03-10,SKU-2201,Home,22.0,8633.46,392.43,363.0,0
2023-03-11,SKU-2201,Home,24.0,9569.52,398.73,368.0,0
2023-03-12,SKU-2201,Home,24.0,10011.36,417.14,393.0,0
2023-03-13,SKU-2201,Home,30.0,9865.2,328.84,220.0,1
2023-03-14,SKU-2201,Home,19.0,7581.57,399.03,302.0,0
2023-03-15,SKU-2201,Home,22.0,8645.56,392.98,171.0,0
2023-03-16,SKU-2201,Home,24.0,10018.32,417.43,284.0,0
2023-03-17,SKU-2201,Home,21.0,8445.78,402.18,343.0,0
2023-03-18,SKU-2201,Home,25.0,8371.5,334.86,232.0,1
2023-03-19,SKU-2201,Home,18.0,7028.82,390.49,179.0,0
2023-03-20,SKU-2201,Home,24.0,10016.88,417.37,332.0,0
2023-03-21,SKU-2201,Home,24.0,9435.84,393.16,287.0,0
2023-03-22,SKU-2201,Home,26.0,10433.54,401.29,358.0,0
2023-03-23,SKU-2201,Home,20.0,8214.4,410.72,358.0,0
2023-03-24,SKU-2201,Home,23.0,9294.53,404.11,171.0,0
2023-03-25,SKU-2201,Home,27.0,10407.96,385.48,270.0,0
2023-03-26,SKU-2201,Home,27.0,10468.17,387.71,204.0,0
2023-03-27,SKU-2201,Home,,12144.33,418.77,155.0,0
2023-03-28,SKU-2201,Home,23.0,9265.09,402.83,367.0,0
2023-03-29,SKU-2201,Home,25.0,8254.0,330.16,354.0,1
2023-03-30,SKU-2201,Home,19.0,7605.89,400.31,313.0,0
2023-03-31,SKU-2201,Home,22.0,8877.44,403.52,355.0,0
2023-04-01,SKU-2201,Home,26.0,10591.88,407.38,251.0,0
2023-04-02,SKU-2201,Home,29.0,12105.47,417.43,248.0,0
2023-04-03,SKU-2201,Home,25.0,10108.25,404.33,228.0,0
2023-04-04,SKU-2201,Home,28.0,11387.88,406.71,359.0,0
2023-04-05,SKU-2201,Home,20.0,7667.0,383.35,336.0,0
2023-04-06,SKU-2201,Home,23.0,8957.35,389.45,242.0,0
2023-04-07,SKU-2201,Home,20.0,8074.2,403.71,257.0,0
2023-04-08,SKU-2201,Home,27.0,10466.55,387.65,196.0,0
2023-04-09,SKU-2201,Home,22.0,8748.52,397.66,268.0,0
2023-04-10,SKU-2201,Home,,7435.84,391.36,188.0,0
2023-04-11,SKU-2201,Home,21.0,8136.87,387.47,293.0,0
2023-04-12,SKU-2201,Home,31.0,10717.94,345.74,353.0,1
2023-04-13,SKU-2201,Home,22.0,8646.66,393.03,339.0,0
2023-04-14,SKU-2201,Home,25.0,9557.75,382.31,382.0,0
2023-04-15,SKU-2201,Home,27.0,11218.23,415.49,133.0,0
2023-04-16,SKU-2201,Home,26.0,10837.06,416.81,239.0,0
2023-04-17,SKU-2201,Home,20.0,8348.0,417.4,278.0,0
2023-04-18,SKU-2201,Home,30.0,10573.8,352.46,126.0,1
2023-04-19,SKU-2201,Home,20.0,8042.2,402.11,234.0,0
2023-04-20,SKU-2201,Home,21.0,8285.76,394.56,357.0,0
2023-04-21,SKU-2201,Home,23.0,9060.85,393.95,345.0,0
2023-04-22,SKU-2201,Home,25.0,9611.25,384.45,128.0,0
2023-04-23,SKU-2201,Home,35.0,11814.6,337.56,355.0,1
2023-04-24,SKU-2201,Home,22.0,9041.34,410.97,187.0,0
2023-04-25,SKU-2201,Home,25.0,9503.75,380.15,332.0,0
2023-04-26,SKU-2201,Home,30.0,11519.4,383.98,359.0,0
2023-04-27,SKU-2201,Home,23.0,8828.09,383.83,130.0,0
2023-04-28,SKU-2201,Home,25.0,9599.0,383.96,311.0,0
2023-04-29,SKU-2201,Home,26.0,9998.04,384.54,134.0,0
2023-04-30,SKU-2201,Home,27.0,10309.14,381.82,284.0,0
2023-05-01,SKU-2201,Home,30.0,9764.7,325.49,182.0,1
2023-05-02,SKU-2201,Home,22.0,9054.98,,149.0,0
2023-05-03,SKU-2201,Home,23.0,8978.74,390.38,272.0,0
2023-05-04,SKU-2201,Home,27.0,10764.36,398.68,353.0,0
2023-05-05,SKU-2201,Home,24.0,9573.84,398.91,137.0,0
2023-05-06,SKU-2201,Home,32.0,12648.64,395.27,346.0,0
2023-05-07,SKU-2201,Home,27.0,10360.44,383.72,137.0,0
2023-05-08,SKU-2201,Home,24.0,9739.68,405.82,132.0,0
2023-05-09,SKU-2201,Home,27.0,11240.1,416.3,135.0,0
2023-05-10,SKU-2201,Home,28.0,9623.32,343.69,228.0,1
2023-05-11,SKU-2201,Home,36.0,12768.84,354.69,295.0,1
2023-05-12,SKU-2201,Home,27.0,10309.41,381.83,384.0,0
2023-05-13,SKU-2201,Home,29.0,11529.53,397.57,340.0,0
2023-05-14,SKU-2201,Home,26.0,10148.84,390.34,211.0,0
2023-05-15,SKU-2201,Home,25.0,10206.75,408.27,382.0,0
2023-05-16,SKU-2201,Home,25.0,9849.25,393.97,356.0,0
2023-05-17,SKU-2201,Home,26.0,10239.06,393.81,124.0,0
2023-05-18,SKU-2201,Home,28.0,11455.92,409.14,216.0,0
2023-05-19,SKU-2201,Home,25.0,10346.75,413.87,164.0,0
2023-05-20,SKU-2201,Home,26.0,10277.54,395.29,301.0,0
2023-05-21,SKU-2201,Home,32.0,13276.8,414.9,273.0,0
2023-05-22,SKU-2201,Home,29.0,12170.43,419.67,135.0,0
2023-05-23,SKU-2201,Home,26.0,10606.44,407.94,272.0,0
2023-05-24,SKU-2201,Home,20.0,7785.8,389.29,133.0,0
2023-05-25,SKU-2201,Home,23.0,9517.63,413.81,258.0,0
2023-05-26,SKU-2201,Home,30.0,11434.5,381.15,230.0,0
2023-05-27,SKU-2201,Home,29.0,11722.96,404.24,254.0,0
2023-05-28,SKU-2201,Home,36.0,12260.52,340.57,373.0,1
2023-05-29,SKU-2201,Home,37.0,12767.22,345.06,323.0,1
2023-05-30,SKU-2201,Home,26.0,10797.8,415.3,390.0,0
2023-05-31,SKU-2201,Home,25.0,10222.25,408.89,156.0,0
2023-06-01,SKU-2201,Home,21.0,8159.55,388.55,306.0,0
2023-06-02,SKU-2201,Home,30.0,12522.6,417.42,361.0,0
2023-06-03,SKU-2201,Home,27.0,10931.49,404.87,208.0,0
2023-06-04,SKU-2201,Home,32.0,13218.88,413.09,311.0,0
2023-06-05,SKU-2201,Home,26.0,10437.44,401.44,305.0,0
2023-06-06,SKU-2201,Home,29.0,11787.34,406.46,210.0,0
2023-06-07,SKU-2201,Home,32.0,10579.84,330.62,308.0,1
2023-06-08,SKU-2201,Home,24.0,9947.04,414.46,381.0,0
2023-06-09,SKU-2201,Home,21.0,8386.77,399.37,280.0,0
2023-06-10,SKU-2201,Home,31.0,12755.26,411.46,213.0,0
2023-06-11,SKU-2201,Home,28.0,11098.36,396.37,397.0,0
2023-06-12,SKU-2201,Home,31.0,12541.36,404.56,219.0,0
2023-06-13,SKU-2201,Home,22.0,8857.86,402.63,339.0,0
2023-06-14,SKU-2201,Home,19.0,7766.25,408.75,273.0,0
2023-06-15,SKU-2201,Home,28.0,11327.12,404.54,128.0,0
2023-06-16,SKU-2201,Home,27.0,10562.4,391.2,183.0,0
2023-06-17,SKU-2201,Home,38.0,15585.32,410.14,362.0,0
2023-06-18,SKU-2201,Home,32.0,12538.24,391.82,393.0,0
2023-06-19,SKU-2201,Home,33.0,11721.27,355.19,229.0,1
2023-06-20,SKU-2201,Home,27.0,10750.32,398.16,267.0,0
2023-06-21,SKU-2201,Home,28.0,11099.2,396.4,354.0,0
2023-06-22,SKU-2201,Home,25.0,10421.25,416.85,190.0,0
2023-06-23,SKU-2201,Home,32.0,10685.12,333.91,194.0,1
2023-06-24,SKU-2201,Home,28.0,11441.08,408.61,223.0,0
2023-06-25,SKU-2201,Home,28.0,10978.8,392.1,186.0,0
2023-06-26,SKU-2201,Home,,11430.44,408.23,153.0,0
2023-06-27,SKU-2201,Home,24.0,9397.44,391.56,218.0,0
2023-06-28,SKU-2201,Home,26.0,10248.94,394.19,132.0,0
2023-06-29,SKU-2201,Home,23.0,9134.68,397.16,124.0,0
2023-06-30,SKU-2201,Home,23.0,8799.34,382.58,195.0,0
2023-07-01,SKU-2201,Home,39.0,13878.54,355.86,215.0,1
2023-07-02,SKU-2201,Home,34.0,13588.1,399.65,237.0,0
2023-07-03,SKU-2201,Home,24.0,9675.36,403.14,249.0,0
2023-07-04,SKU-2201,Home,31.0,12579.18,405.78,224.0,0
2023-07-05,SKU-2201,Home,24.0,9181.92,382.58,325.0,0
2023-07-06,SKU-2201,Home,26.0,10370.88,398.88,320.0,0
2023-07-07,SKU-2201,Home,25.0,10309.5,412.38,386.0,0
2023-07-08,SKU-2201,Home,30.0,12179.7,405.99,372.0,0
2023-07-09,SKU-2201,Home,26.0,10274.94,395.19,294.0,0
2023-07-10,SKU-2201,Home,24.0,9472.32,394.68,329.0,0
2023-07-11,SKU-2201,Home,38.0,12535.82,329.89,201.0,1
2023-07-12,SKU-2201,Home,27.0,11222.01,415.63,294.0,0
2023-07-13,SKU-2201,Home,27.0,11060.28,409.64,209.0,0
2023-07-14,SKU-2201,Home,28.0,10729.88,383.21,383.0,0
2023-07-15,SKU-2201,Home,29.0,11451.52,394.88,,0
2023-07-16,SKU-2201,Home,138.46153295025687,12335.7,411.19,186.0,0
2023-07-17,SKU-2201,Home,24.0,9180.72,382.53,295.0,0
2023-07-18,SKU-2201,Home,26.0,10425.48,400.98,123.0,0
2023-07-19,SKU-2201,Home,29.0,9930.18,342.42,143.0,1
2023-07-20,SKU-2201,Home,21.0,8711.85,414.85,171.0,0
2023-07-21,SKU-2201,Home,26.0,10072.4,387.4,205.0,0
2023-07-22,SKU-2201,Home,32.0,12457.6,389.3,216.0,0
2023-07-23,SKU-2201,Home,24.0,9941.28,414.22,134.0,0
2023-07-24,SKU-2201,Home,22.0,8460.1,384.55,352.0,0
2023-07-25,SKU-2201,Home,29.0,11593.62,399.78,375.0,0
2023-07-26,SKU-2201,Home,28.0,10798.76,385.67,313.0,0
2023-07-27,SKU-2201,Home,26.0,10522.72,404.72,145.0,0
2023-07-28,SKU-2201,Home,27.0,10343.7,383.1,319.0,0
2023-07-29,SKU-2201,Home,26.0,10186.8,391.8,157.0,0
2023-07-30,SKU-2201,Home,35.0,12359.55,353.13,302.0,1
2023-07-31,SKU-2201,Home,29.0,10307.47,355.43,197.0,1
2023-08-01,SKU-2201,Home,26.0,8539.96,328.46,393.0,1
2023-08-02,SKU-2201,Home,26.0,10858.12,417.62,146.0,0
2023-08-03,SKU-2201,Home,30.0,11994.0,399.8,398.0,0
2023-08-04,SKU-2201,Home,24.0,9677.76,403.24,260.0,0
2023-08-05,SKU-2201,Home,31.0,12853.22,414.62,350.0,0
2023-08-06,SKU-2201,Home,31.0,11794.88,380.48,200.0,0
2023-08-07,SKU-2201,Home,20.0,7761.6,388.08,234.0,0
2023-08-08,SKU-2201,Home,21.0,8063.37,383.97,358.0,0
2023-08-09,SKU-2201,Home,24.0,9637.68,401.57,226.0,0
2023-08-10,SKU-2201,Home,25.0,10458.5,418.34,194.0,0
2023-08-11,SKU-2201,Home,28.0,11438.28,408.51,395.0,0
2023-08-12,SKU-2201,Home,29.0,11893.48,410.12,389.0,0
2023-08-13,SKU-2201,Home,29.0,11390.91,392.79,249.0,0
2023-08-14,SKU-2201,Home,30.0,10417.5,347.25,335.0,1
2023-08-15,SKU-2201,Home,35.0,11758.95,335.97,392.0,1
2023-08-16,SKU-2201,Home,21.0,8549.1,407.1,399.0,0
2023-08-17,SKU-2201,Home,21.0,8737.47,416.07,272.0,0
2023-08-18,SKU-2201,Home,24.0,9633.36,401.39,238.0,0
2023-08-19,SKU-2201,Home,23.0,8916.64,387.68,194.0,0
2023-08-20,SKU-2201,Home,,10551.58,405.83,399.0,0
2023-08-21,SKU-2201,Home,27.0,10497.87,388.81,306.0,0
2023-08-22,SKU-2201,Home,29.0,11712.52,,123.0,0
2023-08-23,SKU-2201,Home,24.0,9810.24,408.76,257.0,0
2023-08-24,SKU-2201,Home,29.0,11044.07,380.83,223.0,0
2023-08-25,SKU-2201,Home,23.0,9228.29,401.23,255.0,0
2023-08-26,SKU-2201,Home,30.0,11643.6,388.12,239.0,0
2023-08-27,SKU-2201,Home,34.0,14249.74,419.11,239.0,0
2023-08-28,SKU-2201,Home,17.0,6943.65,408.45,225.0,0
2023-08-29,SKU-2201,Home,20.0,8209.6,410.48,222.0,0
2023-08-30,SKU-2201,Home,33.0,11204.49,339.53,287.0,1
2023-08-31,SKU-2201,Home,33.0,11016.72,333.84,164.0,1
2023-09-01,SKU-2201,Home,19.0,7755.8,408.2,143.0,0
2023-09-02,SKU-2201,Home,32.0,12327.04,385.22,137.0,0
2023-09-03,SKU-2201,Home,27.0,11121.3,411.9,189.0,0
2023-09-04,SKU-2201,Home,27.0,11057.31,409.53,196.0,0
2023-09-05,SKU-2201,Home,23.0,8783.01,381.87,205.0,0
2023-09-06,SKU-2201,Home,28.0,10885.0,388.75,150.0,0
2023-09-07,SKU-2201,Home,24.0,9540.48,397.52,280.0,0
2023-09-08,SKU-2201,Home,40.0,16364.4,409.11,234.0,0
2023-09-09,SKU-2201,Home,30.0,12127.8,404.26,172.0,0
2023-09-10,SKU-2201,Home,25.0,9958.75,398.35,291.0,0
2023-09-11,SKU-2201,Home,24.0,9169.2,382.05,290.0,0
2023-09-12,SKU-2201,Home,25.0,10151.5,406.06,238.0,0
2023-09-13,SKU-2201,Home,34.0,13630.26,400.89,379.0,0
2023-09-14,SKU-2201,Home,26.0,10617.1,408.35,271.0,0
2023-09-15,SKU-2201,Home,30.0,12318.6,410.62,220.0,0
2023-09-16,SKU-2201,Home,28.0,10642.8,380.1,225.0,0
2023-09-17,SKU-2201,Home,34.0,14204.52,417.78,318.0,0
2023-09-18,SKU-2201,Home,28.0,11322.36,404.37,290.0,0
2023-09-19,SKU-2201,Home,26.0,10898.94,419.19,153.0,0
2023-09-20,SKU-2201,Home,26.0,10330.32,397.32,256.0,0
2023-09-21,SKU-2201,Home,28.0,11110.4,396.8,177.0,0
2023-09-22,SKU-2201,Home,26.0,10587.72,407.22,215.0,0
2023-09-23,SKU-2201,Home,29.0,11489.22,396.18,258.0,0
2023-09-24,SKU-2201,Home,33.0,12717.21,385.37,229.0,0
2023-09-25,SKU-2201,Home,23.0,9549.6,415.2,248.0,0
2023-09-26,SKU-2201,Home,30.0,12576.9,419.23,295.0,0
2023-09-27,SKU-2201,Home,28.0,11705.12,418.04,261.0,0
2023-09-28,SKU-2201,Home,29.0,11564.91,398.79,330.0,0
2023-09-29,SKU-2201,Home,36.0,12771.0,354.75,222.0,1
2023-09-30,SKU-2201,Home,34.0,14234.78,418.67,198.0,0
2023-10-01,SKU-2201,Home,29.0,11223.29,387.01,145.0,0
2023-10-02,SKU-2201,Home,29.0,11277.52,388.88,261.0,0
2023-10-03,SKU-2201,Home,40.0,13775.6,344.39,283.0,1
2023-10-04,SKU-2201,Home,27.0,11281.68,417.84,262.0,0
2023-10-05,SKU-2201,Home,31.0,12342.96,398.16,240.0,0
2023-10-06,SKU-2201,Home,28.0,10883.6,388.7,124.0,0
2023-10-07,SKU-2201,Home,41.0,16037.15,391.15,226.0,0
2023-10-08,SKU-2201,Home,44.0,14511.2,329.8,251.0,1
2023-10-09,SKU-2201,Home,33.0,12820.17,388.49,326.0,0
2023-10-10,SKU-2201,Home,34.0,13541.86,398.29,180.0,0
2023-10-11,SKU-2201,Home,34.0,13902.94,408.91,144.0,0
2023-10-12,SKU-2201,Home,31.0,12322.81,397.51,146.0,0
2023-10-13,SKU-2201,Home,32.0,13352.96,417.28,365.0,0
2023-10-14,SKU-2201,Home,35.0,13762.0,393.2,173.0,0
2023-10-15,SKU-2201,Home,51.0,21356.25,418.75,372.0,0
2023-10-16,SKU-2201,Home,43.0,16447.93,382.51,364.0,0
2023-10-17,SKU-2201,Home,46.0,19009.96,413.26,354.0,0
2023-10-18,SKU-2201,Home,39.0,15576.6,399.4,290.0,0
2023-10-19,SKU-2201,Home,48.0,19549.92,407.29,129.0,0
2023-10-20,SKU-2201,Home,44.0,18294.32,415.78,382.0,0
2023-10-21,SKU-2201,Home,45.0,17457.75,387.95,159.0,0
2023-10-22,SKU-2201,Home,55.0,21170.6,384.92,210.0,0
2023-10-23,SKU-2201,Home,65.0,22328.8,343.52,135.0,1
2023-10-24,SKU-2201,Home,51.0,21070.65,413.15,363.0,0
2023-10-25,SKU-2201,Home,46.0,19262.5,418.75,330.0,0
2023-10-26,SKU-2201,Home,36.0,14089.68,391.38,226.0,0
2023-10-27,SKU-2201,Home,34.0,13464.0,396.0,261.0,0
2023-10-28,SKU-2201,Home,40.0,16543.2,413.58,338.0,0
2023-10-29,SKU-2201,Home,47.0,19118.19,406.77,154.0,0
2023-10-30,SKU-2201,Home,31.0,12428.83,400.93,305.0,0
2023-10-31,SKU-2201,Home,33.0,13219.14,400.58,151.0,0
2023-11-01,SKU-2201,Home,42.0,17558.52,418.06,136.0,0
2023-11-02,SKU-2201,Home,44.0,15287.8,347.45,201.0,1
2023-11-03,SKU-2201,Home,48.0,16644.96,346.77,395.0,1
2023-11-04,SKU-2201,Home,47.0,19106.44,406.52,227.0,0
2023-11-05,SKU-2201,Home,63.0,20983.41,333.07,147.0,1
2023-11-06,SKU-2201,Home,37.0,14480.32,391.36,377.0,0
2023-11-07,SKU-2201,Home,48.0,16233.12,338.19,374.0,1
2023-11-08,SKU-2201,Home,40.0,16539.6,413.49,124.0,0
2023-11-09,SKU-2201,Home,41.0,17215.9,419.9,229.0,0
2023-11-10,SKU-2201,Home,40.0,16602.8,415.07,223.0,0
2023-11-11,SKU-2201,Home,42.0,17437.98,415.19,384.0,0
2023-11-12,SKU-2201,Home,44.0,18373.08,417.57,132.0,0
2023-11-13,SKU-2201,Home,45.0,18698.85,415.53,255.0,0
2023-11-14,SKU-2201,Home,32.0,13420.8,419.4,185.0,0
2023-11-15,SKU-2201,Home,32.0,12296.64,384.27,376.0,0
2023-11-16,SKU-2201,Home,30.0,11655.9,388.53,173.0,0
2023-11-17,SKU-2201,Home,41.0,17209.34,419.74,300.0,0
2023-11-18,SKU-2201,Home,,13968.9,410.85,284.0,0
2023-11-19,SKU-2201,Home,51.0,20742.72,406.72,301.0,0
2023-11-20,SKU-2201,Home,,13173.27,399.19,366.0,0
2023-11-21,SKU-2201,Home,39.0,16105.44,412.96,369.0,0
2023-11-22,SKU-2201,Home,39.0,15343.38,393.42,315.0,0
2023-11-23,SKU-2201,Home,,14930.61,403.53,177.0,0
2023-11-24,SKU-2201,Home,39.0,15529.8,398.2,274.0,0
2023-11-25,SKU-2201,Home,34.0,13403.14,394.21,198.0,0
2023-11-26,SKU-2201,Home,50.0,19392.0,387.84,189.0,0
2023-11-27,SKU-2201,Home,38.0,15460.68,406.86,147.0,0
2023-11-28,SKU-2201,Home,,14546.18,393.14,148.0,0
2023-11-29,SKU-2201,Home,43.0,14027.03,326.21,252.0,1
2023-11-30,SKU-2201,Home,38.0,15391.9,405.05,349.0,0
2023-12-01,SKU-2201,Home,30.0,12274.8,409.16,302.0,0
2023-12-02,SKU-2201,Home,36.0,14019.84,389.44,346.0,0
2023-12-03,SKU-2201,Home,41.0,16593.52,404.72,366.0,0
2023-12-04,SKU-2201,Home,34.0,12981.88,381.82,149.0,0
2023-12-05,SKU-2201,Home,31.0,12214.93,394.03,143.0,0
2023-12-06,SKU-2201,Home,31.0,12665.05,408.55,305.0,0
2023-12-07,SKU-2201,Home,31.0,12049.08,388.68,154.0,0
2023-12-08,SKU-2201,Home,35.0,14469.35,413.41,263.0,0
2023-12-09,SKU-2201,Home,42.0,17253.6,410.8,220.0,0
2023-12-10,SKU-2201,Home,33.0,13570.92,411.24,245.0,0
2023-12-11,SKU-2201,Home,42.0,16232.16,386.48,169.0,0
2023-12-12,SKU-2201,Home,34.0,13716.96,403.44,209.0,0
2023-12-13,SKU-2201,Home,42.0,14285.88,340.14,,1
2023-12-14,SKU-2201,Home,35.0,13485.15,385.29,140.0,0
2022-01-01,SKU-3305,Electronics,26.0,8921.9,343.15,400.0,0
2022-01-02,SKU-3305,Electronics,30.0,10068.0,335.6,262.0,0
2022-01-03,SKU-3305,Electronics,26.0,9452.3,363.55,378.0,0
2022-01-04,SKU-3305,Electronics,21.0,7150.08,340.48,359.0,0
2022-01-05,SKU-3305,Electronics,34.0,9849.46,289.69,485.0,1
2022-01-06,SKU-3305,Electronics,24.0,8424.96,351.04,281.0,0
2022-01-07,SKU-3305,Electronics,26.0,9243.52,355.52,418.0,0
2022-01-08,SKU-3305,Electronics,26.0,8799.18,338.43,413.0,0
2022-01-09,SKU-3305,Electronics,25.0,8818.5,352.74,195.0,0
2022-01-10,SKU-3305,Electronics,31.0,9138.49,294.79,252.0,1
2022-01-11,SKU-3305,Electronics,28.0,9803.08,350.11,539.0,0
2022-01-12,SKU-3305,Electronics,26.0,8901.62,342.37,254.0,0
2022-01-13,SKU-3305,Electronics,26.0,7868.38,302.63,495.0,1
2022-01-14,SKU-3305,Electronics,27.0,8255.25,305.75,414.0,1
2022-01-15,SKU-3305,Electronics,32.0,11149.12,348.41,443.0,0
2022-01-16,SKU-3305,Electronics,31.0,11378.55,367.05,243.0,0
2022-01-17,SKU-3305,Electronics,27.0,9499.14,351.82,415.0,0
2022-01-18,SKU-3305,Electronics,20.0,6703.2,335.16,234.0,0
2022-01-19,SKU-3305,Electronics,25.0,8474.0,338.96,267.0,0
2022-01-20,SKU-3305,Electronics,23.0,7717.42,335.54,405.0,0
2022-01-21,SKU-3305,Electronics,22.0,7446.56,338.48,460.0,0
2022-01-22,SKU-3305,Electronics,19.0,6549.49,344.71,570.0,0
2022-01-23,SKU-3305,Electronics,34.0,9844.02,289.53,557.0,1
2022-01-24,SKU-3305,Electronics,23.0,8289.43,360.41,,0
2022-01-25,SKU-3305,Electronics,28.0,10225.6,365.2,568.0,0
2022-01-26,SKU-3305,Electronics,23.0,7716.27,335.49,598.0,0
2022-01-27,SKU-3305,Electronics,26.0,8669.7,333.45,273.0,0
