data/sample_sales_data.csv
date,product_id,category,sales_qty,revenue,price,inventory_qty,promotion_flag
2022-01-28,SKU-3305,Electronics,21.0,7416.36,353.16,292.0,0
2022-01-29,SKU-3305,Electronics,28.0,9578.52,342.09,412.0,0
2022-01-30,SKU-3305,Electronics,24.0,8006.16,333.59,290.0,0
2022-01-31,SKU-3305,Electronics,25.0,8918.25,356.73,536.0,0
2022-02-01,SKU-3305,Electronics,24.0,8433.12,351.38,512.0,0
2022-02-02,SKU-3305,Electronics,25.0,7286.0,,278.0,1
2022-02-03,SKU-3305,Electronics,28.0,9992.08,356.86,244.0,0
2022-02-04,SKU-3305,Electronics,24.0,8383.68,349.32,428.0,0
2022-02-05,SKU-3305,Electronics,23.0,8157.87,354.69,406.0,0
2022-02-06,SKU-3305,Electronics,33.0,11761.86,356.42,367.0,0
2022-02-07,SKU-3305,Electronics,20.0,7255.0,362.75,378.0,0
2022-02-08,SKU-3305,Electronics,23.0,8130.5,353.5,302.0,0
2022-02-09,SKU-3305,Electronics,35.0,9924.6,283.56,573.0,1
2022-02-10,SKU-3305,Electronics,24.0,8147.52,339.48,465.0,0
2022-02-11,SKU-3305,Electronics,22.0,7866.1,357.55,561.0,0
2022-02-12,SKU-3305,Electronics,33.0,11165.55,338.35,250.0,0
2022-02-13,SKU-3305,Electronics,32.0,10865.92,339.56,462.0,0
2022-02-14,SKU-3305,Electronics,25.0,8808.75,352.35,490.0,0
2022-02-15,SKU-3305,Electronics,17.0,5667.8,333.4,323.0,0
2022-02-16,SKU-3305,Electronics,21.0,7115.64,338.84,466.0,0
2022-02-17,SKU-3305,Electronics,22.0,7795.48,354.34,369.0,0
2022-02-18,SKU-3305,Electronics,22.0,7489.46,,329.0,0
2022-02-19,SKU-3305,Electronics,,11313.45,364.95,278.0,0
2022-02-20,SKU-3305,Electronics,35.0,10288.25,293.95,548.0,1
2022-02-21,SKU-3305,Electronics,24.0,8791.2,366.3,361.0,0
2022-02-22,SKU-3305,Electronics,20.0,6907.4,345.37,353.0,0
2022-02-23,SKU-3305,Electronics,20.0,6971.6,348.58,509.0,0
2022-02-24,SKU-3305,Electronics,20.0,6894.8,344.74,505.0,0
2022-02-25,SKU-3305,Electronics,26.0,8761.48,336.98,322.0,0
2022-02-26,SKU-3305,Electronics,29.0,10472.48,361.12,269.0,0
2022-02-27,SKU-3305,Electronics,25.0,9150.75,366.03,334.0,0
2022-02-28,SKU-3305,Electronics,27.0,9232.38,341.94,526.0,0
2022-03-01,SKU-3305,Electronics,33.0,11185.68,338.96,332.0,0
2022-03-02,SKU-3305,Electronics,26.0,8883.16,341.66,283.0,0
2022-03-03,SKU-3305,Electronics,21.0,7066.29,336.49,243.0,0
2022-03-04,SKU-3305,Electronics,24.0,8118.24,338.26,318.0,0
2022-03-05,SKU-3305,Electronics,31.0,10478.93,338.03,472.0,0
2022-03-06,SKU-3305,Electronics,33.0,11064.24,335.28,487.0,0
2022-03-07,SKU-3305,Electronics,28.0,9931.32,354.69,233.0,0
2022-03-08,SKU-3305,Electronics,30.0,10548.9,351.63,339.0,0
2022-03-09,SKU-3305,Electronics,29.0,9944.1,342.9,305.0,0
2022-03-10,SKU-3305,Electronics,40.0,12009.2,300.23,475.0,1
2022-03-11,SKU-3305,Electronics,25.0,9014.75,360.59,420.0,0
2022-03-12,SKU-3305,Electronics,29.0,9904.08,341.52,205.0,0
2022-03-13,SKU-3305,Electronics,26.0,8655.66,332.91,357.0,0
2022-03-14,SKU-3305,Electronics,30.0,10368.3,345.61,250.0,0
2022-03-15,SKU-3305,Electronics,26.0,8790.6,338.1,189.0,0
2022-03-16,SKU-3305,Electronics,26.0,8890.96,341.96,585.0,0
2022-03-17,SKU-3305,Electronics,29.0,10600.66,365.54,242.0,0
2022-03-18,SKU-3305,Electronics,28.0,9924.04,354.43,569.0,0
2022-03-19,SKU-3305,Electronics,32.0,10739.2,335.6,384.0,0
2022-03-20,SKU-3305,Electronics,31.0,10695.62,345.02,452.0,0
2022-03-21,SKU-3305,Electronics,25.0,9047.0,361.88,181.0,0
2022-03-22,SKU-3305,Electronics,24.0,8636.64,359.86,450.0,0
2022-03-23,SKU-3305,Electronics,23.0,8221.58,357.46,263.0,0
2022-03-24,SKU-3305,Electronics,29.0,9764.59,336.71,291.0,0
2022-03-25,SKU-3305,Electronics,27.0,9887.4,366.2,211.0,0
2022-03-26,SKU-3305,Electronics,38.0,12736.46,335.17,295.0,0
2022-03-27,SKU-3305,Electronics,33.0,11742.39,355.83,248.0,0
2022-03-28,SKU-3305,Electronics,39.0,12088.05,309.95,579.0,1
2022-03-29,SKU-3305,Electronics,26.0,9355.06,359.81,380.0,0
2022-03-30,SKU-3305,Electronics,24.0,8797.44,366.56,274.0,0
2022-03-31,SKU-3305,Electronics,29.0,9943.52,342.88,480.0,0
2022-04-01,SKU-3305,Electronics,24.0,8640.48,360.02,488.0,0
2022-04-02,SKU-3305,Electronics,37.0,13475.77,364.21,185.0,0
2022-04-03,SKU-3305,Electronics,28.0,9733.36,347.62,591.0,0
2022-04-04,SKU-3305,Electronics,31.0,11074.13,357.23,436.0,0
2022-04-05,SKU-3305,Electronics,28.0,9400.72,335.74,494.0,0
2022-04-06,SKU-3305,Electronics,30.0,10954.2,365.14,408.0,0
2022-04-07,SKU-3305,Electronics,33.0,9622.14,291.58,391.0,1
2022-04-08,SKU-3305,Electronics,28.0,10232.32,365.44,548.0,0
2022-04-09,SKU-3305,Electronics,29.0,9749.51,336.19,273.0,0
2022-04-10,SKU-3305,Electronics,36.0,12227.4,339.65,393.0,0
2022-04-11,SKU-3305,Electronics,31.0,11357.78,366.38,207.0,0
2022-04-12,SKU-3305,Electronics,30.0,10796.1,359.87,495.0,0
2022-04-13,SKU-3305,Electronics,28.0,9494.24,339.08,212.0,0
2022-04-14,SKU-3305,Electronics,37.0,10499.86,283.78,460.0,1
2022-04-15,SKU-3305,Electronics,32.0,10899.84,340.62,186.0,0
2022-04-16,SKU-3305,Electronics,28.0,10232.88,365.46,250.0,0
2022-04-17,SKU-3305,Electronics,49.0,14365.82,293.18,201.0,1
2022-04-18,SKU-3305,Electronics,27.0,9044.73,334.99,268.0,0
2022-04-19,SKU-3305,Electronics,28.0,9606.24,343.08,416.0,0
2022-04-20,SKU-3305,Electronics,35.0,10664.15,304.69,386.0,1
2022-04-21,SKU-3305,Electronics,26.0,9488.7,364.95,587.0,0
2022-04-22,SKU-3305,Electronics,31.0,8981.01,289.71,561.0,1
2022-04-23,SKU-3305,Electronics,30.0,10613.7,353.79,298.0,0
2022-04-24,SKU-3305,Electronics,36.0,13163.4,365.65,551.0,0
2022-04-25,SKU-3305,Electronics,30.0,10924.5,364.15,523.0,0
2022-04-26,SKU-3305,Electronics,31.0,10680.74,344.54,487.0,0
2022-04-27,SKU-3305,Electronics,21.0,7019.46,334.26,202.0,0
2022-04-28,SKU-3305,Electronics,36.0,10743.84,298.44,193.0,1
2022-04-29,SKU-3305,Electronics,33.0,9714.54,294.38,256.0,1
2022-04-30,SKU-3305,Electronics,37.0,12861.2,347.6,339.0,0
2022-05-01,SKU-3305,Electronics,29.0,9954.25,343.25,409.0,0
2022-05-02,SKU-3305,Electronics,29.0,10239.61,353.09,347.0,0
2022-05-03,SKU-3305,Electronics,34.0,12209.74,359.11,244.0,0
2022-05-04,SKU-3305,Electronics,25.0,8383.5,335.34,596.0,0
2022-05-05,SKU-3305,Electronics,41.0,11983.07,292.27,464.0,1
2022-05-06,SKU-3305,Electronics,26.0,9143.94,351.69,253.0,0
2022-05-07,SKU-3305,Electronics,39.0,13777.53,353.27,186.0,0
2022-05-08,SKU-3305,Electronics,28.0,9545.48,340.91,219.0,0
2022-05-09,SKU-3305,Electronics,37.0,13403.25,362.25,262.0,0
2022-05-10,SKU-3305,Electronics,31.0,10696.55,345.05,562.0,0
2022-05-11,SKU-3305,Electronics,27.0,9590.13,355.19,205.0,0
2022-05-12,SKU-3305,Electronics,29.0,10081.85,347.65,430.0,0
2022-05-13,SKU-3305,Electronics,33.0,11415.03,345.91,270.0,0
2022-05-14,SKU-3305,Electronics,34.0,11499.48,338.22,257.0,0
2022-05-15,SKU-3305,Electronics,32.0,10830.4,338.45,233.0,0
2022-05-16,SKU-3305,Electronics,31.0,11042.51,356.21,409.0,0
2022-05-17,SKU-3305,Electronics,34.0,11784.4,346.6,398.0,0
2022-05-18,SKU-3305,Electronics,41.0,12279.5,299.5,514.0,1
2022-05-19,SKU-3305,Electronics,30.0,10825.8,360.86,360.0,0
2022-05-20,SKU-3305,Electronics,38.0,13516.98,355.71,465.0,0
2022-05-21,SKU-3305,Electronics,30.0,10680.3,356.01,486.0,0
2022-05-22,SKU-3305,Electronics,35.0,12008.15,343.09,540.0,0
2022-05-23,SKU-3305,Electronics,30.0,10474.2,349.14,536.0,0
2022-05-24,SKU-3305,Electronics,26.0,9502.22,365.47,305.0,0
2022-05-25,SKU-3305,Electronics,33.0,11564.85,350.45,314.0,0
2022-05-26,SKU-3305,Electronics,34.0,11710.96,344.44,366.0,0
2022-05-27,SKU-3305,Electronics,23.0,8352.68,363.16,560.0,0
2022-05-28,SKU-3305,Electronics,33.0,11300.85,342.45,301.0,0
2022-05-29,SKU-3305,Electronics,32.0,11738.88,366.84,340.0,0
2022-05-30,SKU-3305,Electronics,33.0,11208.12,339.64,376.0,0
2022-05-31,SKU-3305,Electronics,26.0,9336.34,359.09,322.0,0
2022-06-01,SKU-3305,Electronics,36.0,12984.48,360.68,534.0,0
2022-06-02,SKU-3305,Electronics,30.0,9975.9,332.53,196.0,0
2022-06-03,SKU-3305,Electronics,30.0,10148.7,,476.0,0
2022-06-04,SKU-3305,Electronics,38.0,12890.36,339.22,460.0,0
2022-06-05,SKU-3305,Electronics,30.0,10482.6,349.42,360.0,0
2022-06-06,SKU-3305,Electronics,28.0,10061.24,359.33,585.0,0
2022-06-07,SKU-3305,Electronics,28.0,9979.48,356.41,571.0,0
2022-06-08,SKU-3305,Electronics,30.0,10188.6,339.62,503.0,0
2022-06-09,SKU-3305,Electronics,36.0,13200.48,366.68,338.0,0
2022-06-10,SKU-3305,Electronics,28.0,9804.48,,183.0,0
2022-06-11,SKU-3305,Electronics,33.0,12094.83,366.51,395.0,0
2022-06-12,SKU-3305,Electronics,42.0,12454.68,296.54,434.0,1
2022-06-13,SKU-3305,Electronics,28.0,9395.12,335.54,307.0,0
2022-06-14,SKU-3305,Electronics,32.0,11324.8,353.9,335.0,0
2022-06-15,SKU-3305,Electronics,31.0,10735.61,346.31,544.0,0
2022-06-16,SKU-3305,Electronics,35.0,12381.6,353.76,217.0,0
2022-06-17,SKU-3305,Electronics,29.0,9711.52,334.88,313.0,0
2022-06-18,SKU-3305,Electronics,29.0,10124.19,349.11,320.0,0
2022-06-19,SKU-3305,Electronics,33.0,11710.38,354.86,214.0,0
2022-06-20,SKU-3305,Electronics,32.0,10948.16,342.13,448.0,0
2022-06-21,SKU-3305,Electronics,32.0,10713.92,334.81,588.0,0
2022-06-22,SKU-3305,Electronics,33.0,11028.93,334.21,534.0,0
2022-06-23,SKU-3305,Electronics,34.0,12450.8,366.2,443.0,0
2022-06-24,SKU-3305,Electronics,29.0,10336.18,356.42,429.0,0
2022-06-25,SKU-3305,Electronics,198.6458420082575,12612.25,360.35,239.0,0
2022-06-26,SKU-3305,Electronics,31.0,10782.42,347.82,310.0,0
2022-06-27,SKU-3305,Electronics,34.0,12453.86,366.29,564.0,0
2022-06-28,SKU-3305,Electronics,33.0,12123.21,367.37,379.0,0
2022-06-29,SKU-3305,Electronics,35.0,11646.6,332.76,357.0,0
2022-06-30,SKU-3305,Electronics,33.0,11541.09,349.73,260.0,0
2022-07-01,SKU-3305,Electronics,31.0,10573.79,341.09,481.0,0
2022-07-02,SKU-3305,Electronics,35.0,12015.85,343.31,334.0,0
2022-07-03,SKU-3305,Electronics,34.0,11391.02,335.03,467.0,0
2022-07-04,SKU-3305,Electronics,29.0,10530.48,363.12,234.0,0
2022-07-05,SKU-3305,Electronics,26.0,9415.64,362.14,529.0,0
2022-07-06,SKU-3305,Electronics,35.0,12052.6,344.36,416.0,0
2022-07-07,SKU-3305,Electronics,40.0,11911.6,297.79,306.0,1
2022-07-08,SKU-3305,Electronics,33.0,11129.58,337.26,531.0,0
2022-07-09,SKU-3305,Electronics,30.0,10230.6,341.02,533.0,0
2022-07-10,SKU-3305,Electronics,35.0,11786.25,336.75,594.0,0
2022-07-11,SKU-3305,Electronics,33.0,11688.27,354.19,458.0,0
2022-07-12,SKU-3305,Electronics,37.0,10614.19,286.87,343.0,1
2022-07-13,SKU-3305,Electronics,38.0,11356.68,298.86,330.0,1
2022-07-14,SKU-3305,Electronics,30.0,10014.3,333.81,419.0,0
2022-07-15,SKU-3305,Electronics,37.0,13024.0,352.0,491.0,0
2022-07-16,SKU-3305,Electronics,33.0,11417.67,345.99,564.0,0
2022-07-17,SKU-3305,Electronics,161.94759151982518,9469.98,364.23,260.0,0
2022-07-18,SKU-3305,Electronics,37.0,11503.3,310.9,341.0,1
2022-07-19,SKU-3305,Electronics,24.0,8690.16,362.09,485.0,0
2022-07-20,SKU-3305,Electronics,38.0,10902.96,286.92,365.0,1
2022-07-21,SKU-3305,Electronics,28.0,9965.76,355.92,352.0,0
2022-07-22,SKU-3305,Electronics,31.0,10524.19,339.49,335.0,0
2022-07-23,SKU-3305,Electronics,32.0,11646.4,363.95,556.0,0
2022-07-24,SKU-3305,Electronics,28.0,9854.32,351.94,401.0,0
2022-07-25,SKU-3305,Electronics,,10669.5,355.65,559.0,0
2022-07-26,SKU-3305,Electronics,33.0,11523.6,349.2,597.0,0
2022-07-27,SKU-3305,Electronics,23.0,8240.67,358.29,370.0,0
2022-07-28,SKU-3305,Electronics,25.0,8989.75,359.59,201.0,0
2022-07-29,SKU-3305,Electronics,25.0,8836.75,353.47,210.0,0
2022-07-30,SKU-3305,Electronics,32.0,11501.12,359.41,291.0,0
2022-07-31,SKU-3305,Electronics,37.0,13405.1,362.3,382.0,0
2022-08-01,SKU-3305,Electronics,33.0,11547.69,349.93,310.0,0
2022-08-02,SKU-3305,Electronics,28.0,9504.88,339.46,432.0,0
2022-08-03,SKU-3305,Electronics,33.0,11017.38,333.86,258.0,0
2022-08-04,SKU-3305,Electronics,25.0,8825.0,353.0,426.0,0
2022-08-05,SKU-3305,Electronics,29.0,10329.8,356.2,506.0,0
2022-08-06,SKU-3305,Electronics,30.0,10349.7,344.99,428.0,0
2022-08-07,SKU-3305,Electronics,31.0,10384.07,334.97,296.0,0
2022-08-08,SKU-3305,Electronics,32.0,11220.48,350.64,373.0,0
2022-08-09,SKU-3305,Electronics,23.0,8051.61,350.07,434.0,0
2022-08-10,SKU-3305,Electronics,34.0,10514.5,309.25,588.0,1
2022-08-11,SKU-3305,Electronics,31.0,10362.37,334.27,198.0,0
2022-08-12,SKU-3305,Electronics,29.0,10195.53,351.57,299.0,0
2022-08-13,SKU-3305,Electronics,34.0,11832.0,348.0,578.0,0
2022-08-14,SKU-3305,Electronics,27.0,9645.21,357.23,575.0,0
2022-08-15,SKU-3305,Electronics,20.0,7062.2,353.11,217.0,0
2022-08-16,SKU-3305,Electronics,30.0,10420.5,347.35,367.0,0
2022-08-17,SKU-3305,Electronics,33.0,9954.12,301.64,211.0,1
2022-08-18,SKU-3305,Electronics,23.0,8305.99,361.13,196.0,0
2022-08-19,SKU-3305,Electronics,31.0,10896.5,351.5,529.0,0
2022-08-20,SKU-3305,Electronics,33.0,11943.36,361.92,474.0,0
2022-08-21,SKU-3305,Electronics,37.0,13493.9,364.7,203.0,0
2022-08-22,SKU-3305,Electronics,25.0,8820.25,352.81,559.0,0
2022-08-23,SKU-3305,Electronics,38.0,13068.2,343.9,593.0,0
2022-08-24,SKU-3305,Electronics,29.0,10432.17,359.73,390.0,0
2022-08-25,SKU-3305,Electronics,31.0,11323.06,365.26,464.0,0
2022-08-26,SKU-3305,Electronics,28.0,10225.04,365.18,407.0,0
2022-08-27,SKU-3305,Electronics,41.0,12336.49,300.89,216.0,1
2022-08-28,SKU-3305,Electronics,27.0,9382.77,347.51,453.0,0
2022-08-29,SKU-3305,Electronics,41.0,12739.11,310.71,321.0,1
2022-08-30,SKU-3305,Electronics,24.0,8094.48,337.27,262.0,0
2022-08-31,SKU-3305,Electronics,35.0,10402.7,297.22,536.0,1
2022-09-01,SKU-3305,Electronics,29.0,10476.54,361.26,503.0,0
2022-09-02,SKU-3305,Electronics,30.0,10110.3,337.01,376.0,0
2022-09-03,SKU-3305,Electronics,32.0,10770.88,336.59,294.0,0
2022-09-04,SKU-3305,Electronics,34.0,12288.28,361.42,275.0,0
2022-09-05,SKU-3305,Electronics,27.0,9431.64,349.32,411.0,0
2022-09-06,SKU-3305,Electronics,30.0,10590.3,353.01,589.0,0
2022-09-07,SKU-3305,Electronics,32.0,10957.44,342.42,180.0,0
2022-09-08,SKU-3305,Electronics,29.0,10365.18,357.42,341.0,0
2022-09-09,SKU-3305,Electronics,30.0,10326.9,344.23,267.0,0
2022-09-10,SKU-3305,Electronics,35.0,11757.2,335.92,557.0,0
2022-09-11,SKU-3305,Electronics,40.0,13652.4,341.31,592.0,0
2022-09-12,SKU-3305,Electronics,33.0,11685.96,354.12,450.0,0
2022-09-13,SKU-3305,Electronics,31.0,11115.05,358.55,440.0,0
2022-09-14,SKU-3305,Electronics,30.0,10220.1,340.67,370.0,0
2022-09-15,SKU-3305,Electronics,35.0,10890.6,311.16,480.0,1
2022-09-16,SKU-3305,Electronics,30.0,10097.7,336.59,594.0,0
2022-09-17,SKU-3305,Electronics,30.0,10979.7,365.99,318.0,0
2022-09-18,SKU-3305,Electronics,34.0,11862.6,348.9,574.0,0
2022-09-19,SKU-3305,Electronics,145.5883880858768,10093.16,348.04,508.0,0
2022-09-20,SKU-3305,Electronics,33.0,11169.51,338.47,556.0,0
2022-09-21,SKU-3305,Electronics,39.0,14124.24,362.16,184.0,0
2022-09-22,SKU-3305,Electronics,35.0,12463.5,356.1,273.0,0
2022-09-23,SKU-3305,Electronics,24.0,8010.0,333.75,389.0,0
2022-09-24,SKU-3305,Electronics,44.0,15036.12,341.73,,0
2022-09-25,SKU-3305,Electronics,33.0,11972.4,362.8,484.0,0
2022-09-26,SKU-3305,Electronics,28.0,9515.8,339.85,386.0,0
2022-09-27,SKU-3305,Electronics,33.0,11477.4,347.8,349.0,0
2022-09-28,SKU-3305,Electronics,30.0,10657.8,355.26,318.0,0
2022-09-29,SKU-3305,Electronics,27.0,9180.0,340.0,207.0,0
2022-09-30,SKU-3305,Electronics,29.0,9919.16,342.04,529.0,0
2022-10-01,SKU-3305,Electronics,41.0,14515.23,354.03,527.0,0
2022-10-02,SKU-3305,Electronics,49.0,16301.81,332.69,417.0,0
2022-10-03,SKU-3305,Electronics,42.0,14902.02,354.81,412.0,0
2022-10-04,SKU-3305,Electronics,37.0,12436.81,336.13,521.0,0
2022-10-05,SKU-3305,Electronics,45.0,13249.8,294.44,419.0,1
2022-10-06,SKU-3305,Electronics,42.0,15027.18,357.79,265.0,0
2022-10-07,SKU-3305,Electronics,40.0,13611.6,340.29,481.0,0
2022-10-08,SKU-3305,Electronics,57.0,19760.19,346.67,263.0,0
2022-10-09,SKU-3305,Electronics,39.0,13337.22,341.98,539.0,0
2022-10-10,SKU-3305,Electronics,38.0,12666.16,333.32,318.0,0
2022-10-11,SKU-3305,Electronics,43.0,15033.66,349.62,369.0,0
2022-10-12,SKU-3305,Electronics,43.0,12524.18,291.26,407.0,1
2022-10-13,SKU-3305,Electronics,42.0,14207.34,338.27,327.0,0
2022-10-14,SKU-3305,Electronics,37.0,13175.33,356.09,407.0,0
2022-10-15,SKU-3305,Electronics,58.0,19386.5,334.25,546.0,0
2022-10-16,SKU-3305,Electronics,49.0,16579.15,338.35,351.0,0
2022-10-17,SKU-3305,Electronics,47.0,16116.77,342.91,304.0,0
2022-10-18,SKU-3305,Electronics,39.0,13602.42,348.78,469.0,0
2022-10-19,SKU-3305,Electronics,59.0,20398.07,345.73,374.0,0
2022-10-20,SKU-3305,Electronics,68.0,19596.24,288.18,325.0,1
2022-10-21,SKU-3305,Electronics,48.0,16063.2,334.65,201.0,0
2022-10-22,SKU-3305,Electronics,71.0,25629.58,360.98,387.0,0
2022-10-23,SKU-3305,Electronics,56.0,20455.12,365.27,187.0,0
2022-10-24,SKU-3305,Electronics,61.0,20383.76,334.16,272.0,0
2022-10-25,SKU-3305,Electronics,59.0,20716.08,351.12,519.0,0
2022-10-26,SKU-3305,Electronics,36.0,12204.72,339.02,232.0,0
2022-10-27,SKU-3305,Electronics,40.0,14595.2,364.88,241.0,0
2022-10-28,SKU-3305,Electronics,46.0,13346.9,290.15,397.0,1
2022-10-29,SKU-3305,Electronics,37.0,13126.49,354.77,495.0,0
2022-10-30,SKU-3305,Electronics,56.0,16903.04,301.84,588.0,1
2022-10-31,SKU-3305,Electronics,41.0,14239.3,347.3,417.0,0
2022-11-01,SKU-3305,Electronics,48.0,16122.72,335.89,434.0,0
2022-11-02,SKU-3305,Electronics,56.0,19378.8,346.05,285.0,0
2022-11-03,SKU-3305,Electronics,51.0,17514.42,343.42,562.0,0
2022-11-04,SKU-3305,Electronics,46.0,16788.62,364.97,319.0,0
2022-11-05,SKU-3305,Electronics,50.0,18206.5,364.13,352.0,0
2022-11-06,SKU-3305,Electronics,51.0,17014.62,333.62,437.0,0
2022-11-07,SKU-3305,Electronics,44.0,14775.2,335.8,252.0,0
2022-11-08,SKU-3305,Electronics,51.0,18356.94,359.94,398.0,0
2022-11-09,SKU-3305,Electronics,42.0,14886.06,354.43,485.0,0
2022-11-10,SKU-3305,Electronics,56.0,17452.96,311.66,319.0,1
2022-11-11,SKU-3305,Electronics,42.0,14767.62,351.61,269.0,0
2022-11-12,SKU-3305,Electronics,51.0,18070.83,354.33,528.0,0
2022-11-13,SKU-3305,Electronics,53.0,18509.19,349.23,273.0,0
2022-11-14,SKU-3305,Electronics,44.0,15381.52,349.58,569.0,0
2022-11-15,SKU-3305,Electronics,48.0,17284.8,360.1,477.0,0
2022-11-16,SKU-3305,Electronics,39.0,14050.92,360.28,509.0,0
2022-11-17,SKU-3305,Electronics,62.0,18249.7,294.35,464.0,1
2022-11-18,SKU-3305,Electronics,33.0,11262.9,341.3,471.0,0
2022-11-19,SKU-3305,Electronics,51.0,18064.71,354.21,408.0,0
