data/sample_sales_data.csv
date,product_id,category,sales_qty,revenue,price,inventory_qty,promotion_flag
2022-11-20,SKU-3305,Electronics,58.0,17143.64,295.58,348.0,1
2022-11-21,SKU-3305,Electronics,34.0,11394.42,335.13,556.0,0
2022-11-22,SKU-3305,Electronics,46.0,16790.92,365.02,547.0,0
2022-11-23,SKU-3305,Electronics,46.0,15910.48,345.88,572.0,0
2022-11-24,SKU-3305,Electronics,49.0,17046.12,347.88,305.0,0
2022-11-25,SKU-3305,Electronics,40.0,13315.6,332.89,281.0,0
2022-11-26,SKU-3305,Electronics,49.0,17024.07,347.43,434.0,0
2022-11-27,SKU-3305,Electronics,48.0,17571.36,366.07,391.0,0
2022-11-28,SKU-3305,Electronics,48.0,17454.72,363.64,474.0,0
2022-11-29,SKU-3305,Electronics,50.0,18266.0,365.32,202.0,0
2022-11-30,SKU-3305,Electronics,41.0,14188.46,346.06,432.0,0
2022-12-01,SKU-3305,Electronics,43.0,15590.51,362.57,212.0,0
2022-12-02,SKU-3305,Electronics,44.0,14974.08,340.32,213.0,0
2022-12-03,SKU-3305,Electronics,52.0,18889.0,363.25,329.0,0
2022-12-04,SKU-3305,Electronics,51.0,17667.93,346.43,580.0,0
2022-12-05,SKU-3305,Electronics,47.0,17253.23,367.09,325.0,0
2022-12-06,SKU-3305,Electronics,38.0,13838.46,364.17,415.0,0
2022-12-07,SKU-3305,Electronics,40.0,14344.4,358.61,266.0,0
2022-12-08,SKU-3305,Electronics,48.0,16383.84,341.33,316.0,0
2022-12-09,SKU-3305,Electronics,46.0,16273.42,353.77,244.0,0
2022-12-10,SKU-3305,Electronics,38.0,12722.4,334.8,348.0,0
2022-12-11,SKU-3305,Electronics,53.0,18649.64,351.88,481.0,0
2022-12-12,SKU-3305,Electronics,44.0,15034.36,341.69,283.0,0
2022-12-13,SKU-3305,Electronics,40.0,13451.6,336.29,393.0,0
2022-12-14,SKU-3305,Electronics,46.0,15879.66,345.21,579.0,0
2022-12-15,SKU-3305,Electronics,40.0,14584.4,364.61,369.0,0
2022-12-16,SKU-3305,Electronics,43.0,14586.46,339.22,424.0,0
2022-12-17,SKU-3305,Electronics,48.0,16792.8,349.85,570.0,0
2022-12-18,SKU-3305,Electronics,63.0,18203.22,288.94,540.0,1
2022-12-19,SKU-3305,Electronics,45.0,16027.65,356.17,323.0,0
2022-12-20,SKU-3305,Electronics,54.0,18806.58,348.27,358.0,0
2022-12-21,SKU-3305,Electronics,66.0,20187.42,305.87,243.0,1
2022-12-22,SKU-3305,Electronics,62.0,21377.6,344.8,250.0,0
2022-12-23,SKU-3305,Electronics,38.0,13946.76,367.02,524.0,0
2022-12-24,SKU-3305,Electronics,56.0,19076.4,340.65,560.0,0
2022-12-25,SKU-3305,Electronics,62.0,20846.26,336.23,325.0,0
2022-12-26,SKU-3305,Electronics,64.0,22879.36,357.49,302.0,0
2022-12-27,SKU-3305,Electronics,49.0,17984.96,367.04,308.0,0
2022-12-28,SKU-3305,Electronics,51.0,17386.92,340.92,396.0,0
2022-12-29,SKU-3305,Electronics,70.0,21828.8,311.84,206.0,1
2022-12-30,SKU-3305,Electronics,52.0,18445.44,354.72,539.0,0
2022-12-31,SKU-3305,Electronics,64.0,21735.04,339.61,566.0,0
2023-01-01,SKU-3305,Electronics,29.0,10580.94,364.86,527.0,0
2023-01-02,SKU-3305,Electronics,24.0,8355.84,348.16,565.0,0
2023-01-03,SKU-3305,Electronics,25.0,8376.0,335.04,531.0,0
2023-01-04,SKU-3305,Electronics,22.0,7619.92,346.36,592.0,0
2023-01-05,SKU-3305,Electronics,26.0,8817.38,339.13,410.0,0
2023-01-06,SKU-3305,Electronics,21.0,7296.03,347.43,258.0,0
2023-01-07,SKU-3305,Electronics,29.0,9746.61,336.09,537.0,0
2023-01-08,SKU-3305,Electronics,28.0,9852.36,351.87,332.0,0
2023-01-09,SKU-3305,Electronics,26.0,8932.04,343.54,512.0,0
2023-01-10,SKU-3305,Electronics,25.0,8987.75,359.51,557.0,0
2023-01-11,SKU-3305,Electronics,21.0,7527.03,358.43,432.0,0
2023-01-12,SKU-3305,Electronics,23.0,8054.14,350.18,582.0,0
2023-01-13,SKU-3305,Electronics,30.0,9186.6,306.22,243.0,1
2023-01-14,SKU-3305,Electronics,30.0,10027.8,334.26,346.0,0
2023-01-15,SKU-3305,Electronics,,7887.66,358.53,401.0,0
2023-01-16,SKU-3305,Electronics,18.0,6099.3,338.85,282.0,0
2023-01-17,SKU-3305,Electronics,22.0,7739.6,351.8,434.0,0
2023-01-18,SKU-3305,Electronics,25.0,8982.25,359.29,532.0,0
2023-01-19,SKU-3305,Electronics,20.0,6784.4,339.22,454.0,0
2023-01-20,SKU-3305,Electronics,30.0,9173.7,305.79,284.0,1
2023-01-21,SKU-3305,Electronics,25.0,8795.75,351.83,414.0,0
2023-01-22,SKU-3305,Electronics,25.0,8368.75,334.75,405.0,0
2023-01-23,SKU-3305,Electronics,18.0,6511.68,361.76,498.0,0
2023-01-24,SKU-3305,Electronics,24.0,8766.24,365.26,237.0,0
2023-01-25,SKU-3305,Electronics,22.0,7799.0,354.5,252.0,0
2023-01-26,SKU-3305,Electronics,31.0,9148.72,295.12,437.0,1
2023-01-27,SKU-3305,Electronics,21.0,7564.41,360.21,581.0,0
2023-01-28,SKU-3305,Electronics,24.0,8276.16,344.84,252.0,0
2023-01-29,SKU-3305,Electronics,28.0,9819.6,350.7,348.0,0
2023-01-30,SKU-3305,Electronics,26.0,7730.32,297.32,547.0,1
2023-01-31,SKU-3305,Electronics,33.0,9947.19,301.43,516.0,1
2023-02-01,SKU-3305,Electronics,23.0,7696.49,334.63,279.0,0
2023-02-02,SKU-3305,Electronics,26.0,8978.58,345.33,198.0,0
2023-02-03,SKU-3305,Electronics,22.0,7549.74,343.17,331.0,0
2023-02-04,SKU-3305,Electronics,32.0,9229.12,288.41,589.0,1
2023-02-05,SKU-3305,Electronics,26.0,8831.42,339.67,306.0,0
2023-02-06,SKU-3305,Electronics,21.0,7473.69,355.89,256.0,0
2023-02-07,SKU-3305,Electronics,29.0,10182.48,351.12,362.0,0
2023-02-08,SKU-3305,Electronics,28.0,9804.48,350.16,564.0,0
2023-02-09,SKU-3305,Electronics,26.0,8860.54,340.79,471.0,0
2023-02-10,SKU-3305,Electronics,23.0,7786.42,338.54,432.0,0
2023-02-11,SKU-3305,Electronics,23.0,8079.44,351.28,530.0,0
2023-02-12,SKU-3305,Electronics,26.0,9109.1,350.35,542.0,0
2023-02-13,SKU-3305,Electronics,27.0,9132.75,338.25,535.0,0
2023-02-14,SKU-3305,Electronics,26.0,7383.74,283.99,183.0,1
2023-02-15,SKU-3305,Electronics,22.0,7398.16,336.28,572.0,0
2023-02-16,SKU-3305,Electronics,28.0,9954.56,355.52,424.0,0
2023-02-17,SKU-3305,Electronics,27.0,8376.21,310.23,219.0,1
2023-02-18,SKU-3305,Electronics,32.0,11570.88,361.59,298.0,0
2023-02-19,SKU-3305,Electronics,37.0,10557.21,285.33,396.0,1
2023-02-20,SKU-3305,Electronics,19.0,6352.27,334.33,574.0,0
2023-02-21,SKU-3305,Electronics,22.0,8002.5,363.75,599.0,0
2023-02-22,SKU-3305,Electronics,20.0,6791.2,339.56,209.0,0
2023-02-23,SKU-3305,Electronics,22.0,7902.62,359.21,250.0,0
2023-02-24,SKU-3305,Electronics,22.0,8044.3,365.65,580.0,0
2023-02-25,SKU-3305,Electronics,29.0,9975.42,343.98,524.0,0
2023-02-26,SKU-3305,Electronics,25.0,8933.0,357.32,215.0,0
2023-02-27,SKU-3305,Electronics,20.0,6831.2,341.56,385.0,0
2023-02-28,SKU-3305,Electronics,23.0,8075.07,351.09,241.0,0
2023-03-01,SKU-3305,Electronics,28.0,9786.0,349.5,375.0,0
2023-03-02,SKU-3305,Electronics,25.0,9055.25,362.21,238.0,0
2023-03-03,SKU-3305,Electronics,25.0,8394.25,335.77,268.0,0
2023-03-04,SKU-3305,Electronics,24.0,7987.68,332.82,264.0,0
2023-03-05,SKU-3305,Electronics,40.0,12294.0,307.35,562.0,1
2023-03-06,SKU-3305,Electronics,24.0,8139.36,339.14,321.0,0
2023-03-07,SKU-3305,Electronics,35.0,10509.45,300.27,230.0,1
2023-03-08,SKU-3305,Electronics,24.0,8452.8,352.2,284.0,0
2023-03-09,SKU-3305,Electronics,29.0,8468.0,292.0,205.0,1
2023-03-10,SKU-3305,Electronics,25.0,8990.0,359.6,192.0,0
2023-03-11,SKU-3305,Electronics,33.0,11911.68,360.96,449.0,0
2023-03-12,SKU-3305,Electronics,30.0,10510.2,350.34,253.0,0
2023-03-13,SKU-3305,Electronics,25.0,8476.25,339.05,385.0,0
2023-03-14,SKU-3305,Electronics,26.0,8831.16,339.66,280.0,0
2023-03-15,SKU-3305,Electronics,26.0,8814.52,339.02,332.0,0
2023-03-16,SKU-3305,Electronics,24.0,8676.72,361.53,531.0,0
2023-03-17,SKU-3305,Electronics,22.0,7787.12,353.96,443.0,0
2023-03-18,SKU-3305,Electronics,31.0,10898.05,351.55,581.0,0
2023-03-19,SKU-3305,Electronics,31.0,10322.38,332.98,352.0,0
2023-03-20,SKU-3305,Electronics,26.0,9003.8,346.3,251.0,0
2023-03-21,SKU-3305,Electronics,31.0,9145.62,295.02,328.0,1
2023-03-22,SKU-3305,Electronics,22.0,8073.78,366.99,399.0,0
2023-03-23,SKU-3305,Electronics,36.0,10725.12,297.92,477.0,1
2023-03-24,SKU-3305,Electronics,24.0,8567.28,356.97,448.0,0
2023-03-25,SKU-3305,Electronics,31.0,11011.51,355.21,343.0,0
2023-03-26,SKU-3305,Electronics,29.0,9849.27,339.63,450.0,0
2023-03-27,SKU-3305,Electronics,28.0,9840.6,351.45,187.0,0
2023-03-28,SKU-3305,Electronics,26.0,9487.92,364.92,328.0,0
2023-03-29,SKU-3305,Electronics,24.0,8321.28,346.72,486.0,0
2023-03-30,SKU-3305,Electronics,30.0,10449.6,348.32,398.0,0
2023-03-31,SKU-3305,Electronics,28.0,9430.68,336.81,469.0,0
2023-04-01,SKU-3305,Electronics,27.0,8984.79,332.77,357.0,0
2023-04-02,SKU-3305,Electronics,32.0,10782.4,336.95,391.0,0
2023-04-03,SKU-3305,Electronics,33.0,11985.93,363.21,223.0,0
2023-04-04,SKU-3305,Electronics,28.0,9542.68,340.81,347.0,0
2023-04-05,SKU-3305,Electronics,32.0,11185.92,349.56,333.0,0
2023-04-06,SKU-3305,Electronics,27.0,9072.0,336.0,470.0,0
2023-04-07,SKU-3305,Electronics,30.0,10677.9,355.93,191.0,0
2023-04-08,SKU-3305,Electronics,30.0,10875.9,362.53,323.0,0
2023-04-09,SKU-3305,Electronics,31.0,10631.45,342.95,246.0,0
2023-04-10,SKU-3305,Electronics,26.0,9389.38,361.13,563.0,0
2023-04-11,SKU-3305,Electronics,28.0,9411.36,336.12,372.0,0
2023-04-12,SKU-3305,Electronics,24.0,8514.72,354.78,305.0,0
2023-04-13,SKU-3305,Electronics,27.0,9568.53,354.39,344.0,0
2023-04-14,SKU-3305,Electronics,34.0,11929.92,350.88,530.0,0
2023-04-15,SKU-3305,Electronics,40.0,11309.6,282.74,348.0,1
2023-04-16,SKU-3305,Electronics,37.0,12988.11,351.03,467.0,0
2023-04-17,SKU-3305,Electronics,26.0,9431.76,362.76,299.0,0
2023-04-18,SKU-3305,Electronics,30.0,10152.9,338.43,523.0,0
2023-04-19,SKU-3305,Electronics,32.0,11096.64,346.77,191.0,0
2023-04-20,SKU-3305,Electronics,24.0,8649.84,360.41,478.0,0
2023-04-21,SKU-3305,Electronics,23.0,8289.89,360.43,269.0,0
2023-04-22,SKU-3305,Electronics,37.0,13219.73,357.29,457.0,0
2023-04-23,SKU-3305,Electronics,35.0,12204.85,348.71,316.0,0
2023-04-24,SKU-3305,Electronics,25.0,8658.5,346.34,592.0,0
2023-04-25,SKU-3305,Electronics,31.0,11316.55,365.05,229.0,0
2023-04-26,SKU-3305,Electronics,33.0,11436.48,346.56,209.0,0
2023-04-27,SKU-3305,Electronics,32.0,10990.72,343.46,341.0,0
2023-04-28,SKU-3305,Electronics,26.0,9232.86,355.11,363.0,0
2023-04-29,SKU-3305,Electronics,38.0,13130.9,345.55,465.0,0
2023-04-30,SKU-3305,Electronics,45.0,12918.6,287.08,366.0,1
2023-05-01,SKU-3305,Electronics,30.0,10304.7,343.49,255.0,0
2023-05-02,SKU-3305,Electronics,28.0,9567.6,341.7,421.0,0
2023-05-03,SKU-3305,Electronics,40.0,11890.0,297.25,504.0,1
2023-05-04,SKU-3305,Electronics,28.0,9954.28,355.51,545.0,0
2023-05-05,SKU-3305,Electronics,21.0,7015.26,334.06,320.0,0
2023-05-06,SKU-3305,Electronics,27.0,9081.18,336.34,556.0,0
2023-05-07,SKU-3305,Electronics,36.0,13185.36,366.26,547.0,0
2023-05-08,SKU-3305,Electronics,28.0,10073.0,359.75,317.0,0
2023-05-09,SKU-3305,Electronics,29.0,10080.4,347.6,449.0,0
2023-05-10,SKU-3305,Electronics,34.0,11871.78,349.17,594.0,0
2023-05-11,SKU-3305,Electronics,30.0,10720.5,357.35,203.0,0
2023-05-12,SKU-3305,Electronics,26.0,9295.26,357.51,413.0,0
2023-05-13,SKU-3305,Electronics,35.0,11866.75,339.05,508.0,0
2023-05-14,SKU-3305,Electronics,35.0,12253.15,350.09,455.0,0
2023-05-15,SKU-3305,Electronics,31.0,11117.53,358.63,569.0,0
2023-05-16,SKU-3305,Electronics,25.0,9062.75,362.51,337.0,0
2023-05-17,SKU-3305,Electronics,27.0,9560.43,354.09,252.0,0
2023-05-18,SKU-3305,Electronics,25.0,8527.0,341.08,480.0,0
2023-05-19,SKU-3305,Electronics,34.0,11597.4,341.1,463.0,0
2023-05-20,SKU-3305,Electronics,34.0,12479.36,367.04,306.0,0
2023-05-21,SKU-3305,Electronics,37.0,13234.53,357.69,226.0,0
2023-05-22,SKU-3305,Electronics,26.0,8790.34,338.09,340.0,0
2023-05-23,SKU-3305,Electronics,33.0,11404.8,345.6,536.0,0
2023-05-24,SKU-3305,Electronics,29.0,8353.16,288.04,316.0,1
2023-05-25,SKU-3305,Electronics,31.0,11335.15,365.65,330.0,0
2023-05-26,SKU-3305,Electronics,30.0,10063.2,335.44,551.0,0
2023-05-27,SKU-3305,Electronics,31.0,10842.56,349.76,564.0,0
2023-05-28,SKU-3305,Electronics,35.0,12669.65,361.99,226.0,0
2023-05-29,SKU-3305,Electronics,22.0,7813.96,355.18,561.0,0
2023-05-30,SKU-3305,Electronics,32.0,11450.24,357.82,209.0,0
2023-05-31,SKU-3305,Electronics,36.0,12016.8,333.8,539.0,0
2023-06-01,SKU-3305,Electronics,34.0,11324.04,333.06,538.0,0
2023-06-02,SKU-3305,Electronics,28.0,9750.16,348.22,329.0,0
2023-06-03,SKU-3305,Electronics,44.0,12759.12,289.98,288.0,1
2023-06-04,SKU-3305,Electronics,29.0,10397.66,358.54,378.0,0
2023-06-05,SKU-3305,Electronics,28.0,10106.6,360.95,464.0,0
2023-06-06,SKU-3305,Electronics,20.0,6887.2,344.36,536.0,0
2023-06-07,SKU-3305,Electronics,32.0,11251.52,351.61,582.0,0
2023-06-08,SKU-3305,Electronics,28.0,9637.32,344.19,195.0,0
2023-06-09,SKU-3305,Electronics,37.0,10908.71,294.83,519.0,1
2023-06-10,SKU-3305,Electronics,37.0,13204.93,356.89,303.0,0
2023-06-11,SKU-3305,Electronics,38.0,13103.92,344.84,372.0,0
2023-06-12,SKU-3305,Electronics,31.0,11309.11,364.81,430.0,0
2023-06-13,SKU-3305,Electronics,33.0,11850.63,359.11,343.0,0
2023-06-14,SKU-3305,Electronics,36.0,12276.72,341.02,550.0,0
2023-06-15,SKU-3305,Electronics,36.0,12663.0,351.75,293.0,0
2023-06-16,SKU-3305,Electronics,41.0,12277.45,299.45,274.0,1
2023-06-17,SKU-3305,Electronics,46.0,13558.96,294.76,592.0,1
2023-06-18,SKU-3305,Electronics,35.0,11818.45,337.67,191.0,0
2023-06-19,SKU-3305,Electronics,30.0,10128.0,337.6,276.0,0
2023-06-20,SKU-3305,Electronics,31.0,10828.3,,433.0,0
2023-06-21,SKU-3305,Electronics,32.0,11448.96,357.78,559.0,0
2023-06-22,SKU-3305,Electronics,27.0,9630.36,356.68,583.0,0
2023-06-23,SKU-3305,Electronics,34.0,11736.12,345.18,449.0,0
2023-06-24,SKU-3305,Electronics,43.0,15728.11,365.77,225.0,0
2023-06-25,SKU-3305,Electronics,41.0,13908.84,339.24,477.0,0
2023-06-26,SKU-3305,Electronics,33.0,11153.67,337.99,538.0,0
2023-06-27,SKU-3305,Electronics,33.0,9565.05,289.85,435.0,1
2023-06-28,SKU-3305,Electronics,30.0,10750.5,358.35,303.0,0
2023-06-29,SKU-3305,Electronics,28.0,9419.76,336.42,445.0,0
2023-06-30,SKU-3305,Electronics,27.0,9423.27,349.01,443.0,0
2023-07-01,SKU-3305,Electronics,25.0,8623.75,344.95,533.0,0
2023-07-02,SKU-3305,Electronics,38.0,13275.3,349.35,455.0,0
2023-07-03,SKU-3305,Electronics,32.0,10759.04,336.22,268.0,0
2023-07-04,SKU-3305,Electronics,34.0,11774.2,346.3,308.0,0
2023-07-05,SKU-3305,Electronics,24.0,8433.12,351.38,256.0,0
2023-07-06,SKU-3305,Electronics,35.0,10248.0,292.8,570.0,1
2023-07-07,SKU-3305,Electronics,36.0,12898.8,358.3,458.0,0
2023-07-08,SKU-3305,Electronics,34.0,9666.54,284.31,464.0,1
2023-07-09,SKU-3305,Electronics,41.0,12097.05,295.05,246.0,1
2023-07-10,SKU-3305,Electronics,38.0,11126.02,292.79,309.0,1
2023-07-11,SKU-3305,Electronics,31.0,10501.56,338.76,214.0,0
2023-07-12,SKU-3305,Electronics,29.0,10223.08,352.52,483.0,0
2023-07-13,SKU-3305,Electronics,31.0,10632.69,342.99,249.0,0
2023-07-14,SKU-3305,Electronics,35.0,12443.9,355.54,395.0,0
2023-07-15,SKU-3305,Electronics,45.0,12797.55,284.39,582.0,1
2023-07-16,SKU-3305,Electronics,30.0,10602.9,353.43,252.0,0
2023-07-17,SKU-3305,Electronics,37.0,10628.62,287.26,233.0,1
2023-07-18,SKU-3305,Electronics,33.0,11163.24,338.28,581.0,0
2023-07-19,SKU-3305,Electronics,35.0,11907.35,,345.0,0
2023-07-20,SKU-3305,Electronics,32.0,11165.12,348.91,389.0,0
2023-07-21,SKU-3305,Electronics,29.0,10538.02,363.38,242.0,0
2023-07-22,SKU-3305,Electronics,33.0,11504.79,348.63,581.0,0
2023-07-23,SKU-3305,Electronics,21.0,7248.36,345.16,597.0,0
2023-07-24,SKU-3305,Electronics,27.0,9657.09,357.67,460.0,0
2023-07-25,SKU-3305,Electronics,25.0,8844.5,353.78,442.0,0
2023-07-26,SKU-3305,Electronics,25.0,9149.5,365.98,506.0,0
2023-07-27,SKU-3305,Electronics,27.0,9419.49,348.87,329.0,0
2023-07-28,SKU-3305,Electronics,35.0,10153.5,290.1,567.0,1
2023-07-29,SKU-3305,Electronics,31.0,10550.23,340.33,295.0,0
2023-07-30,SKU-3305,Electronics,34.0,12012.88,353.32,506.0,0
2023-07-31,SKU-3305,Electronics,33.0,11754.93,356.21,439.0,0
2023-08-01,SKU-3305,Electronics,118.05168720737969,8895.12,342.12,423.0,0
2023-08-02,SKU-3305,Electronics,28.0,9798.04,349.93,407.0,0
2023-08-03,SKU-3305,Electronics,26.0,9266.14,356.39,,0
2023-08-04,SKU-3305,Electronics,38.0,11032.54,290.33,558.0,1
2023-08-05,SKU-3305,Electronics,32.0,11380.8,355.65,453.0,0
2023-08-06,SKU-3305,Electronics,29.0,9748.35,336.15,556.0,0
2023-08-07,SKU-3305,Electronics,23.0,7767.1,337.7,181.0,0
2023-08-08,SKU-3305,Electronics,34.0,11561.36,340.04,528.0,0
2023-08-09,SKU-3305,Electronics,27.0,9238.32,342.16,255.0,0
2023-08-10,SKU-3305,Electronics,26.0,8762.52,337.02,277.0,0
2023-08-11,SKU-3305,Electronics,23.0,8197.89,356.43,591.0,0
2023-08-12,SKU-3305,Electronics,30.0,10503.3,350.11,387.0,0
2023-08-13,SKU-3305,Electronics,32.0,11600.64,362.52,195.0,0
2023-08-14,SKU-3305,Electronics,,8714.16,363.09,487.0,0
2023-08-15,SKU-3305,Electronics,31.0,10736.85,346.35,191.0,0
2023-08-16,SKU-3305,Electronics,28.0,10115.28,361.26,534.0,0
2023-08-17,SKU-3305,Electronics,30.0,10411.5,347.05,368.0,0
2023-08-18,SKU-3305,Electronics,31.0,10508.07,338.97,466.0,0
2023-08-19,SKU-3305,Electronics,39.0,13568.1,347.9,344.0,0
2023-08-20,SKU-3305,Electronics,30.0,10995.3,366.51,255.0,0
2023-08-21,SKU-3305,Electronics,30.0,10409.1,,331.0,0
2023-08-22,SKU-3305,Electronics,28.0,10223.08,365.11,388.0,0
2023-08-23,SKU-3305,Electronics,37.0,10552.4,285.2,488.0,1
2023-08-24,SKU-3305,Electronics,26.0,9196.2,353.7,301.0,0
2023-08-25,SKU-3305,Electronics,30.0,10092.9,336.43,530.0,0
2023-08-26,SKU-3305,Electronics,35.0,11660.25,333.15,580.0,0
2023-08-27,SKU-3305,Electronics,30.0,10055.1,335.17,412.0,0
2023-08-28,SKU-3305,Electronics,23.0,8079.44,351.28,370.0,0
2023-08-29,SKU-3305,Electronics,30.0,10383.9,346.13,397.0,0
2023-08-30,SKU-3305,Electronics,32.0,11342.08,354.44,187.0,0
2023-08-31,SKU-3305,Electronics,20.0,6761.8,338.09,553.0,0
2023-09-01,SKU-3305,Electronics,28.0,9565.36,341.62,252.0,0
2023-09-02,SKU-3305,Electronics,44.0,12855.48,292.17,476.0,1
2023-09-03,SKU-3305,Electronics,39.0,13456.95,345.05,250.0,0
2023-09-04,SKU-3305,Electronics,46.0,13441.2,292.2,522.0,1
2023-09-05,SKU-3305,Electronics,33.0,10043.22,304.34,257.0,1
2023-09-06,SKU-3305,Electronics,37.0,11254.29,304.17,341.0,1
2023-09-07,SKU-3305,Electronics,43.0,13329.57,309.99,359.0,1
2023-09-08,SKU-3305,Electronics,35.0,12153.75,347.25,430.0,0
2023-09-09,SKU-3305,Electronics,34.0,11643.64,342.46,460.0,0
2023-09-10,SKU-3305,Electronics,32.0,11327.04,353.97,577.0,0
2023-09-11,SKU-3305,Electronics,36.0,12438.72,345.52,518.0,0
2023-09-12,SKU-3305,Electronics,32.0,11466.56,358.33,317.0,0
