data/sample_sales_data.csv
date,product_id,category,sales_qty,revenue,price,inventory_qty,promotion_flag
2023-09-13,SKU-3305,Electronics,25.0,8718.75,348.75,317.0,0
2023-09-14,SKU-3305,Electronics,29.0,10307.18,355.42,196.0,0
2023-09-15,SKU-3305,Electronics,29.0,10411.87,359.03,194.0,0
2023-09-16,SKU-3305,Electronics,35.0,12605.25,360.15,364.0,0
2023-09-17,SKU-3305,Electronics,28.0,10210.2,364.65,422.0,0
2023-09-18,SKU-3305,Electronics,34.0,11502.2,338.3,,0
2023-09-19,SKU-3305,Electronics,41.0,12176.59,296.99,236.0,1
2023-09-20,SKU-3305,Electronics,,10770.02,347.42,479.0,0
2023-09-21,SKU-3305,Electronics,48.0,13667.04,284.73,320.0,1
2023-09-22,SKU-3305,Electronics,26.0,9292.92,357.42,247.0,0
2023-09-23,SKU-3305,Electronics,42.0,13074.6,311.3,469.0,1
2023-09-24,SKU-3305,Electronics,35.0,12700.45,362.87,219.0,0
2023-09-25,SKU-3305,Electronics,26.0,8715.72,335.22,348.0,0
2023-09-26,SKU-3305,Electronics,30.0,10402.2,346.74,560.0,0
2023-09-27,SKU-3305,Electronics,27.0,7899.93,292.59,404.0,1
2023-09-28,SKU-3305,Electronics,33.0,10240.89,310.33,525.0,1
2023-09-29,SKU-3305,Electronics,,11929.92,350.88,553.0,0
2023-09-30,SKU-3305,Electronics,36.0,13217.76,367.16,474.0,0
2023-10-01,SKU-3305,Electronics,45.0,16001.55,355.59,416.0,0
2023-10-02,SKU-3305,Electronics,37.0,13011.79,351.67,478.0,0
2023-10-03,SKU-3305,Electronics,45.0,14992.65,333.17,224.0,0
2023-10-04,SKU-3305,Electronics,,13229.72,357.56,382.0,0
2023-10-05,SKU-3305,Electronics,38.0,13684.18,360.11,210.0,0
2023-10-06,SKU-3305,Electronics,,12260.15,350.29,265.0,0
2023-10-07,SKU-3305,Electronics,52.0,18448.56,354.78,327.0,0
2023-10-08,SKU-3305,Electronics,71.0,21517.26,303.06,204.0,1
2023-10-09,SKU-3305,Electronics,48.0,17138.88,357.06,253.0,0
2023-10-10,SKU-3305,Electronics,40.0,14622.4,365.56,421.0,0
2023-10-11,SKU-3305,Electronics,39.0,14145.69,362.71,425.0,0
2023-10-12,SKU-3305,Electronics,42.0,15031.38,357.89,264.0,0
2023-10-13,SKU-3305,Electronics,46.0,15436.22,335.57,479.0,0
2023-10-14,SKU-3305,Electronics,41.0,14106.46,344.06,354.0,0
2023-10-15,SKU-3305,Electronics,69.0,23918.85,346.65,276.0,0
2023-10-16,SKU-3305,Electronics,42.0,14470.68,344.54,301.0,0
2023-10-17,SKU-3305,Electronics,52.0,18437.12,354.56,186.0,0
2023-10-18,SKU-3305,Electronics,57.0,19549.86,342.98,268.0,0
2023-10-19,SKU-3305,Electronics,56.0,19918.64,355.69,493.0,0
2023-10-20,SKU-3305,Electronics,51.0,18279.93,358.43,226.0,0
2023-10-21,SKU-3305,Electronics,61.0,21514.09,352.69,213.0,0
2023-10-22,SKU-3305,Electronics,60.0,21520.8,358.68,253.0,0
2023-10-23,SKU-3305,Electronics,61.0,21681.23,355.43,556.0,0
2023-10-24,SKU-3305,Electronics,60.0,21724.2,362.07,487.0,0
2023-10-25,SKU-3305,Electronics,51.0,17244.12,338.12,501.0,0
2023-10-26,SKU-3305,Electronics,54.0,15818.22,292.93,541.0,1
2023-10-27,SKU-3305,Electronics,52.0,15790.84,303.67,199.0,1
2023-10-28,SKU-3305,Electronics,43.0,15735.42,365.94,344.0,0
2023-10-29,SKU-3305,Electronics,48.0,17478.24,364.13,406.0,0
2023-10-30,SKU-3305,Electronics,35.0,12031.6,343.76,309.0,0
2023-10-31,SKU-3305,Electronics,44.0,15424.2,350.55,569.0,0
2023-11-01,SKU-3305,Electronics,51.0,17087.04,335.04,197.0,0
2023-11-02,SKU-3305,Electronics,44.0,13373.36,303.94,552.0,1
2023-11-03,SKU-3305,Electronics,44.0,14998.28,340.87,444.0,0
2023-11-04,SKU-3305,Electronics,40.0,13629.6,340.74,372.0,0
2023-11-05,SKU-3305,Electronics,68.0,24507.2,360.4,586.0,0
2023-11-06,SKU-3305,Electronics,55.0,19173.0,348.6,338.0,0
2023-11-07,SKU-3305,Electronics,76.0,22421.52,295.02,511.0,1
2023-11-08,SKU-3305,Electronics,44.0,14988.16,340.64,584.0,0
2023-11-09,SKU-3305,Electronics,47.0,16427.91,349.53,473.0,0
2023-11-10,SKU-3305,Electronics,37.0,13496.86,364.78,470.0,0
2023-11-11,SKU-3305,Electronics,57.0,19061.37,334.41,445.0,0
2023-11-12,SKU-3305,Electronics,61.0,20511.86,336.26,200.0,0
2023-11-13,SKU-3305,Electronics,46.0,16622.1,361.35,483.0,0
2023-11-14,SKU-3305,Electronics,42.0,14924.28,355.34,266.0,0
2023-11-15,SKU-3305,Electronics,42.0,14608.86,347.83,235.0,0
2023-11-16,SKU-3305,Electronics,38.0,13883.68,365.36,184.0,0
2023-11-17,SKU-3305,Electronics,48.0,15999.84,333.33,574.0,0
2023-11-18,SKU-3305,Electronics,53.0,18834.61,355.37,587.0,0
2023-11-19,SKU-3305,Electronics,65.0,19910.15,306.31,559.0,1
2023-11-20,SKU-3305,Electronics,64.0,18513.92,289.28,504.0,1
2023-11-21,SKU-3305,Electronics,44.0,15640.68,355.47,344.0,0
2023-11-22,SKU-3305,Electronics,55.0,19427.1,353.22,502.0,0
2023-11-23,SKU-3305,Electronics,68.0,20784.88,305.66,180.0,1
2023-11-24,SKU-3305,Electronics,40.0,13383.6,334.59,378.0,0
2023-11-25,SKU-3305,Electronics,58.0,21059.22,363.09,245.0,0
2023-11-26,SKU-3305,Electronics,53.0,19303.66,364.22,563.0,0
2023-11-27,SKU-3305,Electronics,63.0,18692.73,296.71,356.0,1
2023-11-28,SKU-3305,Electronics,41.0,14055.62,342.82,289.0,0
2023-11-29,SKU-3305,Electronics,70.0,20764.8,296.64,240.0,1
2023-11-30,SKU-3305,Electronics,43.0,15575.89,362.23,261.0,0
2023-12-01,SKU-3305,Electronics,43.0,15388.41,357.87,597.0,0
2023-12-02,SKU-3305,Electronics,65.0,19893.25,306.05,211.0,1
2023-12-03,SKU-3305,Electronics,49.0,16496.83,336.67,351.0,0
2023-12-04,SKU-3305,Electronics,,14923.92,339.18,350.0,0
2023-12-05,SKU-3305,Electronics,37.0,12979.97,350.81,257.0,0
2023-12-06,SKU-3305,Electronics,38.0,12829.56,337.62,352.0,0
2023-12-07,SKU-3305,Electronics,56.0,19275.2,344.2,444.0,0
2023-12-08,SKU-3305,Electronics,46.0,15656.1,340.35,193.0,0
2023-12-09,SKU-3305,Electronics,45.0,14981.4,332.92,327.0,0
2023-12-10,SKU-3305,Electronics,33.0,11784.3,357.1,537.0,0
2023-12-11,SKU-3305,Electronics,42.0,15212.4,362.2,188.0,0
2023-12-12,SKU-3305,Electronics,37.0,11162.16,301.68,384.0,1
2023-12-13,SKU-3305,Electronics,45.0,15244.2,338.76,382.0,0
2023-12-14,SKU-3305,Electronics,44.0,15541.24,353.21,407.0,0
2022-01-01,SKU-4412,FMCG,173.0,5155.4,29.8,1511.0,0
2022-01-02,SKU-4412,FMCG,187.0,5355.68,28.64,1583.0,0
2022-01-03,SKU-4412,FMCG,186.0,5367.96,28.86,2397.0,0
2022-01-04,SKU-4412,FMCG,153.0,4735.35,30.95,2707.0,0
2022-01-05,SKU-4412,FMCG,174.0,5150.4,29.6,2227.0,0
2022-01-06,SKU-4412,FMCG,185.0,5324.3,28.78,2784.0,0
2022-01-07,SKU-4412,FMCG,167.0,4806.26,28.78,1672.0,0
2022-01-08,SKU-4412,FMCG,202.0,6324.62,31.31,2361.0,0
2022-01-09,SKU-4412,FMCG,178.0,5322.2,29.9,2039.0,0
2022-01-10,SKU-4412,FMCG,176.0,5098.72,28.97,1425.0,0
2022-01-11,SKU-4412,FMCG,132.0,4023.36,30.48,1242.0,0
2022-01-12,SKU-4412,FMCG,172.0,5289.0,30.75,2594.0,0
2022-01-13,SKU-4412,FMCG,136.0,4198.32,30.87,2558.0,0
2022-01-14,SKU-4412,FMCG,155.0,4614.35,29.77,2803.0,0
2022-01-15,SKU-4412,FMCG,205.0,6201.25,30.25,2792.0,0
2022-01-16,SKU-4412,FMCG,173.0,5238.44,30.28,1699.0,0
2022-01-17,SKU-4412,FMCG,201.0,5318.46,26.46,1747.0,1
2022-01-18,SKU-4412,FMCG,172.0,4967.36,28.88,1218.0,0
2022-01-19,SKU-4412,FMCG,174.0,5152.14,29.61,1917.0,0
2022-01-20,SKU-4412,FMCG,188.0,5688.88,30.26,2465.0,0
2022-01-21,SKU-4412,FMCG,174.0,5444.46,31.29,2069.0,0
2022-01-22,SKU-4412,FMCG,166.0,5144.34,30.99,2926.0,0
2022-01-23,SKU-4412,FMCG,221.0,6552.65,29.65,2041.0,0
2022-01-24,SKU-4412,FMCG,176.0,4366.56,24.81,2416.0,1
2022-01-25,SKU-4412,FMCG,150.0,4477.5,29.85,1137.0,0
2022-01-26,SKU-4412,FMCG,138.0,4141.38,30.01,2150.0,0
2022-01-27,SKU-4412,FMCG,184.0,5370.96,29.19,2310.0,0
2022-01-28,SKU-4412,FMCG,166.0,4286.12,25.82,1759.0,1
2022-01-29,SKU-4412,FMCG,162.0,4932.9,30.45,2642.0,0
2022-01-30,SKU-4412,FMCG,199.0,6027.71,30.29,1007.0,0
2022-01-31,SKU-4412,FMCG,180.0,5265.0,29.25,1927.0,0
2022-02-01,SKU-4412,FMCG,155.0,4566.3,,2214.0,0
2022-02-02,SKU-4412,FMCG,145.0,4151.35,28.63,937.0,0
2022-02-03,SKU-4412,FMCG,152.0,4704.4,30.95,1371.0,0
2022-02-04,SKU-4412,FMCG,187.0,5791.39,30.97,1630.0,0
2022-02-05,SKU-4412,FMCG,205.0,6322.2,30.84,1124.0,0
2022-02-06,SKU-4412,FMCG,187.0,5482.84,29.32,2993.0,0
2022-02-07,SKU-4412,FMCG,240.0,6405.6,26.69,1289.0,1
2022-02-08,SKU-4412,FMCG,116.0,3547.28,30.58,2706.0,0
2022-02-09,SKU-4412,FMCG,182.0,5216.12,28.66,2036.0,0
2022-02-10,SKU-4412,FMCG,166.0,4767.52,28.72,964.0,0
2022-02-11,SKU-4412,FMCG,214.0,5281.52,24.68,1398.0,1
2022-02-12,SKU-4412,FMCG,207.0,5922.27,28.61,2446.0,0
2022-02-13,SKU-4412,FMCG,206.0,5500.2,26.7,1097.0,1
2022-02-14,SKU-4412,FMCG,172.0,5356.08,31.14,1748.0,0
2022-02-15,SKU-4412,FMCG,209.0,6194.76,29.64,1737.0,0
2022-02-16,SKU-4412,FMCG,159.0,4617.36,29.04,2002.0,0
2022-02-17,SKU-4412,FMCG,169.0,5113.94,30.26,1252.0,0
2022-02-18,SKU-4412,FMCG,144.0,4134.24,28.71,1990.0,0
2022-02-19,SKU-4412,FMCG,202.0,5999.4,29.7,1220.0,0
2022-02-20,SKU-4412,FMCG,186.0,5784.6,31.1,2592.0,0
2022-02-21,SKU-4412,FMCG,174.0,5122.56,29.44,1962.0,0
2022-02-22,SKU-4412,FMCG,159.0,4925.82,30.98,2440.0,0
2022-02-23,SKU-4412,FMCG,132.0,4115.76,31.18,2906.0,0
2022-02-24,SKU-4412,FMCG,144.0,4389.12,30.48,1288.0,0
2022-02-25,SKU-4412,FMCG,185.0,5786.8,31.28,1371.0,0
2022-02-26,SKU-4412,FMCG,173.0,5193.46,30.02,2665.0,0
2022-02-27,SKU-4412,FMCG,203.0,5984.44,29.48,1212.0,0
2022-02-28,SKU-4412,FMCG,175.0,5248.25,29.99,1061.0,0
2022-03-01,SKU-4412,FMCG,213.0,6283.5,29.5,955.0,0
2022-03-02,SKU-4412,FMCG,175.0,5463.5,31.22,1424.0,0
2022-03-03,SKU-4412,FMCG,1020.2212615923008,5981.9,29.18,1427.0,0
2022-03-04,SKU-4412,FMCG,162.0,4984.74,30.77,1990.0,0
2022-03-05,SKU-4412,FMCG,228.0,7040.64,30.88,1565.0,0
2022-03-06,SKU-4412,FMCG,215.0,6247.9,29.06,2702.0,0
2022-03-07,SKU-4412,FMCG,179.0,5464.87,30.53,1582.0,0
2022-03-08,SKU-4412,FMCG,177.0,5563.11,31.43,1132.0,0
2022-03-09,SKU-4412,FMCG,145.0,4455.85,30.73,1001.0,0
2022-03-10,SKU-4412,FMCG,208.0,6075.68,29.21,1975.0,0
2022-03-11,SKU-4412,FMCG,163.0,4896.52,30.04,1516.0,0
2022-03-12,SKU-4412,FMCG,210.0,6365.1,30.31,2341.0,0
2022-03-13,SKU-4412,FMCG,262.0,6544.76,24.98,1920.0,1
2022-03-14,SKU-4412,FMCG,204.0,6077.16,29.79,1199.0,0
2022-03-15,SKU-4412,FMCG,172.0,5292.44,30.77,1862.0,0
2022-03-16,SKU-4412,FMCG,169.0,5098.73,30.17,1629.0,0
2022-03-17,SKU-4412,FMCG,172.0,5141.08,29.89,2960.0,0
2022-03-18,SKU-4412,FMCG,116.0,3312.96,28.56,1901.0,0
2022-03-19,SKU-4412,FMCG,291.0,7106.22,24.42,1755.0,1
2022-03-20,SKU-4412,FMCG,213.0,6149.31,28.87,2766.0,0
2022-03-21,SKU-4412,FMCG,183.0,5350.92,29.24,2455.0,0
2022-03-22,SKU-4412,FMCG,173.0,4954.72,28.64,1656.0,0
2022-03-23,SKU-4412,FMCG,215.0,6701.55,31.17,1503.0,0
2022-03-24,SKU-4412,FMCG,192.0,5481.6,28.55,1515.0,0
2022-03-25,SKU-4412,FMCG,184.0,5446.4,29.6,1373.0,0
2022-03-26,SKU-4412,FMCG,207.0,6400.44,30.92,1865.0,0
2022-03-27,SKU-4412,FMCG,174.0,5254.8,30.2,2520.0,0
2022-03-28,SKU-4412,FMCG,167.0,5048.41,30.23,1649.0,0
2022-03-29,SKU-4412,FMCG,199.0,5968.01,29.99,1329.0,0
2022-03-30,SKU-4412,FMCG,180.0,5293.8,29.41,1538.0,0
2022-03-31,SKU-4412,FMCG,147.0,4524.66,30.78,1115.0,0
2022-04-01,SKU-4412,FMCG,181.0,5366.65,29.65,952.0,0
2022-04-02,SKU-4412,FMCG,225.0,6867.0,30.52,1008.0,0
2022-04-03,SKU-4412,FMCG,193.0,5539.1,28.7,1989.0,0
2022-04-04,SKU-4412,FMCG,163.0,4798.72,29.44,1469.0,0
2022-04-05,SKU-4412,FMCG,232.0,6161.92,26.56,1811.0,1
2022-04-06,SKU-4412,FMCG,200.0,5820.0,29.1,2195.0,0
2022-04-07,SKU-4412,FMCG,188.0,5389.96,28.67,1931.0,0
2022-04-08,SKU-4412,FMCG,139.0,4004.59,28.81,1724.0,0
2022-04-09,SKU-4412,FMCG,185.0,5561.1,30.06,2176.0,0
2022-04-10,SKU-4412,FMCG,265.0,6701.85,25.29,938.0,1
2022-04-11,SKU-4412,FMCG,138.0,4200.72,30.44,1055.0,0
2022-04-12,SKU-4412,FMCG,223.0,6892.93,30.91,,0
2022-04-13,SKU-4412,FMCG,210.0,6423.9,30.59,1703.0,0
2022-04-14,SKU-4412,FMCG,154.0,4538.38,29.47,2785.0,0
2022-04-15,SKU-4412,FMCG,160.0,4926.4,30.79,2209.0,0
2022-04-16,SKU-4412,FMCG,321.0,8185.5,25.5,2350.0,1
2022-04-17,SKU-4412,FMCG,259.0,7407.4,28.6,1789.0,0
2022-04-18,SKU-4412,FMCG,172.0,5020.68,29.19,1885.0,0
2022-04-19,SKU-4412,FMCG,213.0,5595.51,26.27,1188.0,1
2022-04-20,SKU-4412,FMCG,157.0,4702.15,29.95,2660.0,0
2022-04-21,SKU-4412,FMCG,209.0,6313.89,30.21,1200.0,0
2022-04-22,SKU-4412,FMCG,174.0,5202.6,29.9,1879.0,0
2022-04-23,SKU-4412,FMCG,283.0,6981.61,24.67,1697.0,1
2022-04-24,SKU-4412,FMCG,206.0,6328.32,30.72,1482.0,0
2022-04-25,SKU-4412,FMCG,224.0,6892.48,30.77,1016.0,0
2022-04-26,SKU-4412,FMCG,192.0,5852.16,30.48,2856.0,0
2022-04-27,SKU-4412,FMCG,212.0,5509.88,25.99,1861.0,1
2022-04-28,SKU-4412,FMCG,200.0,5986.0,29.93,1756.0,0
2022-04-29,SKU-4412,FMCG,243.0,5982.66,24.62,2637.0,1
2022-04-30,SKU-4412,FMCG,,6937.5,31.25,1427.0,0
2022-05-01,SKU-4412,FMCG,245.0,7288.75,29.75,1236.0,0
2022-05-02,SKU-4412,FMCG,199.0,6252.58,31.42,2042.0,0
2022-05-03,SKU-4412,FMCG,207.0,5992.65,28.95,1463.0,0
2022-05-04,SKU-4412,FMCG,221.0,6402.37,28.97,2975.0,0
2022-05-05,SKU-4412,FMCG,210.0,6358.8,30.28,2166.0,0
2022-05-06,SKU-4412,FMCG,245.0,7200.55,29.39,2294.0,0
2022-05-07,SKU-4412,FMCG,269.0,8255.61,30.69,1579.0,0
2022-05-08,SKU-4412,FMCG,271.0,7978.24,29.44,1102.0,0
2022-05-09,SKU-4412,FMCG,175.0,5054.0,28.88,2923.0,0
2022-05-10,SKU-4412,FMCG,243.0,6940.08,28.56,1563.0,0
2022-05-11,SKU-4412,FMCG,246.0,7611.24,30.94,2875.0,0
2022-05-12,SKU-4412,FMCG,198.0,5690.52,28.74,2873.0,0
2022-05-13,SKU-4412,FMCG,204.0,6085.32,29.83,1001.0,0
2022-05-14,SKU-4412,FMCG,207.0,6025.77,29.11,1712.0,0
2022-05-15,SKU-4412,FMCG,223.0,6438.01,28.87,1988.0,0
2022-05-16,SKU-4412,FMCG,187.0,5596.91,29.93,2837.0,0
2022-05-17,SKU-4412,FMCG,146.0,4597.54,31.49,1183.0,0
2022-05-18,SKU-4412,FMCG,174.0,5343.54,30.71,2181.0,0
2022-05-19,SKU-4412,FMCG,221.0,6795.75,30.75,2817.0,0
2022-05-20,SKU-4412,FMCG,164.0,5133.2,31.3,2993.0,0
2022-05-21,SKU-4412,FMCG,277.0,7116.13,25.69,1334.0,1
2022-05-22,SKU-4412,FMCG,235.0,7301.45,31.07,2505.0,0
2022-05-23,SKU-4412,FMCG,196.0,5811.4,29.65,1253.0,0
2022-05-24,SKU-4412,FMCG,179.0,5518.57,30.83,1725.0,0
2022-05-25,SKU-4412,FMCG,180.0,5452.2,30.29,2991.0,0
2022-05-26,SKU-4412,FMCG,189.0,5770.17,30.53,1968.0,0
2022-05-27,SKU-4412,FMCG,170.0,5096.6,29.98,1593.0,0
2022-05-28,SKU-4412,FMCG,235.0,6963.05,29.63,1725.0,0
2022-05-29,SKU-4412,FMCG,237.0,7306.71,30.83,1619.0,0
2022-05-30,SKU-4412,FMCG,188.0,5809.2,30.9,1278.0,0
2022-05-31,SKU-4412,FMCG,205.0,5463.25,26.65,2449.0,1
2022-06-01,SKU-4412,FMCG,227.0,6739.63,29.69,1007.0,0
2022-06-02,SKU-4412,FMCG,201.0,6317.43,31.43,1408.0,0
2022-06-03,SKU-4412,FMCG,177.0,5329.47,30.11,2234.0,0
2022-06-04,SKU-4412,FMCG,283.0,8594.71,30.37,2165.0,0
2022-06-05,SKU-4412,FMCG,258.0,7409.76,,1122.0,0
2022-06-06,SKU-4412,FMCG,203.0,6376.23,31.41,2716.0,0
2022-06-07,SKU-4412,FMCG,214.0,6469.22,30.23,1164.0,0
2022-06-08,SKU-4412,FMCG,202.0,6015.56,29.78,2087.0,0
2022-06-09,SKU-4412,FMCG,232.0,7171.12,30.91,1812.0,0
2022-06-10,SKU-4412,FMCG,251.0,7675.58,30.58,2288.0,0
2022-06-11,SKU-4412,FMCG,243.0,7136.91,29.37,1885.0,0
2022-06-12,SKU-4412,FMCG,314.0,7950.48,25.32,956.0,1
2022-06-13,SKU-4412,FMCG,181.0,5683.4,31.4,2883.0,0
2022-06-14,SKU-4412,FMCG,210.0,6472.2,30.82,1257.0,0
2022-06-15,SKU-4412,FMCG,187.0,5466.01,29.23,2930.0,0
2022-06-16,SKU-4412,FMCG,234.0,7144.02,30.53,1034.0,0
2022-06-17,SKU-4412,FMCG,228.0,6680.4,29.3,1962.0,0
2022-06-18,SKU-4412,FMCG,320.0,8224.0,25.7,2766.0,1
2022-06-19,SKU-4412,FMCG,303.0,7674.99,25.33,1514.0,1
2022-06-20,SKU-4412,FMCG,196.0,5785.92,29.52,2995.0,0
2022-06-21,SKU-4412,FMCG,160.0,4732.8,29.58,1903.0,0
2022-06-22,SKU-4412,FMCG,227.0,6766.87,29.81,1619.0,0
2022-06-23,SKU-4412,FMCG,275.0,6789.75,24.69,1121.0,1
2022-06-24,SKU-4412,FMCG,198.0,6090.48,30.76,1549.0,0
2022-06-25,SKU-4412,FMCG,215.0,6211.35,28.89,2251.0,0
2022-06-26,SKU-4412,FMCG,297.0,9144.63,30.79,2865.0,0
2022-06-27,SKU-4412,FMCG,179.0,5371.79,30.01,2569.0,0
2022-06-28,SKU-4412,FMCG,155.0,4797.25,30.95,1807.0,0
2022-06-29,SKU-4412,FMCG,138.0,4229.7,30.65,1829.0,0
2022-06-30,SKU-4412,FMCG,313.0,7953.33,25.41,1416.0,1
2022-07-01,SKU-4412,FMCG,174.0,5364.42,30.83,2314.0,0
2022-07-02,SKU-4412,FMCG,217.0,6685.77,30.81,2602.0,0
2022-07-03,SKU-4412,FMCG,142.0,4261.42,30.01,2506.0,0
2022-07-04,SKU-4412,FMCG,190.0,5825.4,30.66,1112.0,0
2022-07-05,SKU-4412,FMCG,123.0,3654.33,29.71,1599.0,0
2022-07-06,SKU-4412,FMCG,189.0,5501.79,29.11,2458.0,0
2022-07-07,SKU-4412,FMCG,214.0,6195.3,28.95,1497.0,0
2022-07-08,SKU-4412,FMCG,278.0,6844.36,24.62,1532.0,1
2022-07-09,SKU-4412,FMCG,243.0,7078.59,29.13,1052.0,0
2022-07-10,SKU-4412,FMCG,207.0,6383.88,30.84,1719.0,0
2022-07-11,SKU-4412,FMCG,184.0,4850.24,26.36,1352.0,1
2022-07-12,SKU-4412,FMCG,212.0,6648.32,31.36,1571.0,0
2022-07-13,SKU-4412,FMCG,257.0,7386.18,28.74,1306.0,0
2022-07-14,SKU-4412,FMCG,194.0,6064.44,31.26,2933.0,0
2022-07-15,SKU-4412,FMCG,183.0,5369.22,29.34,2086.0,0
2022-07-16,SKU-4412,FMCG,192.0,5911.68,30.79,1960.0,0
2022-07-17,SKU-4412,FMCG,210.0,6373.5,30.35,1752.0,0
2022-07-18,SKU-4412,FMCG,166.0,4941.82,29.77,2400.0,0
2022-07-19,SKU-4412,FMCG,201.0,6319.44,31.44,1226.0,0
2022-07-20,SKU-4412,FMCG,270.0,7965.0,29.5,1995.0,0
2022-07-21,SKU-4412,FMCG,205.0,6131.55,29.91,1003.0,0
2022-07-22,SKU-4412,FMCG,187.0,5611.87,30.01,2423.0,0
2022-07-23,SKU-4412,FMCG,233.0,6051.01,25.97,2703.0,1
2022-07-24,SKU-4412,FMCG,249.0,7587.03,30.47,1389.0,0
2022-07-25,SKU-4412,FMCG,218.0,6278.4,28.8,1387.0,0
2022-07-26,SKU-4412,FMCG,205.0,6260.7,30.54,1055.0,0
2022-07-27,SKU-4412,FMCG,186.0,5853.42,31.47,1014.0,0
2022-07-28,SKU-4412,FMCG,172.0,4908.88,28.54,2570.0,0
2022-07-29,SKU-4412,FMCG,147.0,4289.46,29.18,2856.0,0
2022-07-30,SKU-4412,FMCG,215.0,6622.0,30.8,1332.0,0
2022-07-31,SKU-4412,FMCG,213.0,6336.75,29.75,2953.0,0
2022-08-01,SKU-4412,FMCG,,5507.32,30.94,2721.0,0
2022-08-02,SKU-4412,FMCG,244.0,6997.92,28.68,1768.0,0
2022-08-03,SKU-4412,FMCG,160.0,4958.4,30.99,2510.0,0
2022-08-04,SKU-4412,FMCG,218.0,6505.12,29.84,2655.0,0
2022-08-05,SKU-4412,FMCG,212.0,6124.68,28.89,2162.0,0
2022-08-06,SKU-4412,FMCG,235.0,7287.35,31.01,991.0,0
2022-08-07,SKU-4412,FMCG,156.0,4597.32,29.47,2884.0,0
2022-08-08,SKU-4412,FMCG,182.0,5358.08,29.44,2120.0,0
2022-08-09,SKU-4412,FMCG,227.0,6850.86,30.18,1921.0,0
2022-08-10,SKU-4412,FMCG,178.0,5532.24,31.08,1131.0,0
2022-08-11,SKU-4412,FMCG,151.0,4629.66,30.66,1833.0,0
2022-08-12,SKU-4412,FMCG,161.0,5047.35,31.35,2669.0,0
2022-08-13,SKU-4412,FMCG,216.0,6315.84,29.24,2017.0,0
2022-08-14,SKU-4412,FMCG,157.0,4629.93,29.49,988.0,0
2022-08-15,SKU-4412,FMCG,212.0,6315.48,29.79,1267.0,0
2022-08-16,SKU-4412,FMCG,167.0,4886.42,29.26,2632.0,0
2022-08-17,SKU-4412,FMCG,186.0,5375.4,28.9,2253.0,0
