data/sample_sales_data.csv
date,product_id,category,sales_qty,revenue,price,inventory_qty,promotion_flag
2022-08-18,SKU-4412,FMCG,221.0,6875.31,31.11,1976.0,0
2022-08-19,SKU-4412,FMCG,212.0,5202.48,24.54,1172.0,1
2022-08-20,SKU-4412,FMCG,183.0,5649.21,30.87,1637.0,0
2022-08-21,SKU-4412,FMCG,225.0,6966.0,30.96,979.0,0
2022-08-22,SKU-4412,FMCG,208.0,6127.68,29.46,2307.0,0
2022-08-23,SKU-4412,FMCG,189.0,5764.5,30.5,992.0,0
2022-08-24,SKU-4412,FMCG,186.0,5500.02,29.57,1482.0,0
2022-08-25,SKU-4412,FMCG,160.0,4758.4,29.74,2348.0,0
2022-08-26,SKU-4412,FMCG,219.0,5599.83,25.57,1196.0,1
2022-08-27,SKU-4412,FMCG,286.0,7212.92,25.22,2397.0,1
2022-08-28,SKU-4412,FMCG,232.0,7117.76,30.68,901.0,0
2022-08-29,SKU-4412,FMCG,192.0,5794.56,30.18,1099.0,0
2022-08-30,SKU-4412,FMCG,184.0,5275.28,28.67,1316.0,0
2022-08-31,SKU-4412,FMCG,228.0,6981.36,,1929.0,0
2022-09-01,SKU-4412,FMCG,222.0,6724.38,30.29,1608.0,0
2022-09-02,SKU-4412,FMCG,228.0,6906.12,30.29,965.0,0
2022-09-03,SKU-4412,FMCG,208.0,6059.04,29.13,1856.0,0
2022-09-04,SKU-4412,FMCG,200.0,6014.0,30.07,2592.0,0
2022-09-05,SKU-4412,FMCG,191.0,5806.4,30.4,1439.0,0
2022-09-06,SKU-4412,FMCG,237.0,7133.7,30.1,2801.0,0
2022-09-07,SKU-4412,FMCG,189.0,5458.32,28.88,2860.0,0
2022-09-08,SKU-4412,FMCG,222.0,6595.62,29.71,2544.0,0
2022-09-09,SKU-4412,FMCG,234.0,6933.42,29.63,1565.0,0
2022-09-10,SKU-4412,FMCG,250.0,7387.5,29.55,2057.0,0
2022-09-11,SKU-4412,FMCG,234.0,7099.56,30.34,2566.0,0
2022-09-12,SKU-4412,FMCG,221.0,6318.39,28.59,2639.0,0
2022-09-13,SKU-4412,FMCG,238.0,7356.58,30.91,1806.0,0
2022-09-14,SKU-4412,FMCG,216.0,6490.8,30.05,2503.0,0
2022-09-15,SKU-4412,FMCG,215.0,6634.9,30.86,2378.0,0
2022-09-16,SKU-4412,FMCG,190.0,5591.7,29.43,1173.0,0
2022-09-17,SKU-4412,FMCG,286.0,8977.54,31.39,2793.0,0
2022-09-18,SKU-4412,FMCG,311.0,7681.7,24.7,2953.0,1
2022-09-19,SKU-4412,FMCG,210.0,6413.4,30.54,2233.0,0
2022-09-20,SKU-4412,FMCG,222.0,6764.34,30.47,2751.0,0
2022-09-21,SKU-4412,FMCG,213.0,6328.23,29.71,2805.0,0
2022-09-22,SKU-4412,FMCG,181.0,5176.6,28.6,1759.0,0
2022-09-23,SKU-4412,FMCG,172.0,5187.52,30.16,2073.0,0
2022-09-24,SKU-4412,FMCG,271.0,6924.05,25.55,2172.0,1
2022-09-25,SKU-4412,FMCG,203.0,6031.13,29.71,1350.0,0
2022-09-26,SKU-4412,FMCG,181.0,5169.36,28.56,2309.0,0
2022-09-27,SKU-4412,FMCG,191.0,5521.81,28.91,1964.0,0
2022-09-28,SKU-4412,FMCG,284.0,7162.48,25.22,1450.0,1
2022-09-29,SKU-4412,FMCG,208.0,6285.76,30.22,2206.0,0
2022-09-30,SKU-4412,FMCG,202.0,6350.88,31.44,1937.0,0
2022-10-01,SKU-4412,FMCG,375.0,9236.25,24.63,2148.0,1
2022-10-02,SKU-4412,FMCG,279.0,8236.08,29.52,1577.0,0
2022-10-03,SKU-4412,FMCG,373.0,9045.25,24.25,2362.0,1
2022-10-04,SKU-4412,FMCG,256.0,7326.72,28.62,2283.0,0
2022-10-05,SKU-4412,FMCG,258.0,8090.88,31.36,1985.0,0
2022-10-06,SKU-4412,FMCG,283.0,8351.33,29.51,1886.0,0
2022-10-07,SKU-4412,FMCG,248.0,7769.84,31.33,2008.0,0
2022-10-08,SKU-4412,FMCG,285.0,8943.3,31.38,1974.0,0
2022-10-09,SKU-4412,FMCG,263.0,7521.8,28.6,1059.0,0
2022-10-10,SKU-4412,FMCG,299.0,7651.41,25.59,,1
2022-10-11,SKU-4412,FMCG,259.0,7536.9,29.1,1546.0,0
2022-10-12,SKU-4412,FMCG,,8513.86,28.57,1067.0,0
2022-10-13,SKU-4412,FMCG,231.0,6765.99,29.29,1634.0,0
2022-10-14,SKU-4412,FMCG,200.0,6206.0,31.03,2499.0,0
2022-10-15,SKU-4412,FMCG,447.0,12842.31,28.73,1418.0,0
2022-10-16,SKU-4412,FMCG,557.0,13824.74,24.82,2023.0,1
2022-10-17,SKU-4412,FMCG,408.0,12517.44,30.68,1382.0,0
2022-10-18,SKU-4412,FMCG,372.0,11587.8,31.15,1334.0,0
2022-10-19,SKU-4412,FMCG,368.0,10587.36,28.77,2178.0,0
2022-10-20,SKU-4412,FMCG,344.0,10161.76,29.54,1885.0,0
2022-10-21,SKU-4412,FMCG,354.0,10492.56,29.64,1608.0,0
2022-10-22,SKU-4412,FMCG,452.0,13162.24,29.12,2448.0,0
2022-10-23,SKU-4412,FMCG,386.0,11506.66,29.81,945.0,0
2022-10-24,SKU-4412,FMCG,326.0,9982.12,30.62,2543.0,0
2022-10-25,SKU-4412,FMCG,327.0,10084.68,30.84,1351.0,0
2022-10-26,SKU-4412,FMCG,276.0,7981.92,28.92,2471.0,0
2022-10-27,SKU-4412,FMCG,218.0,6847.38,31.41,2889.0,0
2022-10-28,SKU-4412,FMCG,260.0,7420.4,28.54,1455.0,0
2022-10-29,SKU-4412,FMCG,315.0,8177.4,25.96,1316.0,1
2022-10-30,SKU-4412,FMCG,392.0,11238.64,28.67,2105.0,0
2022-10-31,SKU-4412,FMCG,313.0,9264.8,29.6,2865.0,0
2022-11-01,SKU-4412,FMCG,290.0,8656.5,,2870.0,0
2022-11-02,SKU-4412,FMCG,305.0,8845.0,29.0,1633.0,0
2022-11-03,SKU-4412,FMCG,300.0,7932.0,26.44,2072.0,1
2022-11-04,SKU-4412,FMCG,320.0,9603.2,30.01,929.0,0
2022-11-05,SKU-4412,FMCG,401.0,12058.07,30.07,1901.0,0
2022-11-06,SKU-4412,FMCG,434.0,13302.1,30.65,1775.0,0
2022-11-07,SKU-4412,FMCG,368.0,10602.08,28.81,2186.0,0
2022-11-08,SKU-4412,FMCG,320.0,9942.4,31.07,1721.0,0
2022-11-09,SKU-4412,FMCG,354.0,10811.16,30.54,1888.0,0
2022-11-10,SKU-4412,FMCG,289.0,8340.54,28.86,2097.0,0
2022-11-11,SKU-4412,FMCG,327.0,9787.11,29.93,1568.0,0
2022-11-12,SKU-4412,FMCG,378.0,11181.24,29.58,1803.0,0
2022-11-13,SKU-4412,FMCG,420.0,12860.4,30.62,1300.0,0
2022-11-14,SKU-4412,FMCG,331.0,9949.86,30.06,1923.0,0
2022-11-15,SKU-4412,FMCG,322.0,9421.72,29.26,2710.0,0
2022-11-16,SKU-4412,FMCG,312.0,9113.52,29.21,1506.0,0
2022-11-17,SKU-4412,FMCG,264.0,7901.52,29.93,2986.0,0
2022-11-18,SKU-4412,FMCG,292.0,8996.52,30.81,1414.0,0
2022-11-19,SKU-4412,FMCG,545.0,14229.95,26.11,2382.0,1
2022-11-20,SKU-4412,FMCG,324.0,9794.52,30.23,2125.0,0
2022-11-21,SKU-4412,FMCG,311.0,9613.01,30.91,1193.0,0
2022-11-22,SKU-4412,FMCG,212.0,6126.8,28.9,1262.0,0
2022-11-23,SKU-4412,FMCG,341.0,10161.8,29.8,2031.0,0
2022-11-24,SKU-4412,FMCG,267.0,7975.29,29.87,1049.0,0
2022-11-25,SKU-4412,FMCG,277.0,8459.58,30.54,1385.0,0
2022-11-26,SKU-4412,FMCG,343.0,10348.31,30.17,2267.0,0
2022-11-27,SKU-4412,FMCG,369.0,11531.25,31.25,2384.0,0
2022-11-28,SKU-4412,FMCG,361.0,10508.71,29.11,1802.0,0
2022-11-29,SKU-4412,FMCG,307.0,9210.0,30.0,1687.0,0
2022-11-30,SKU-4412,FMCG,292.0,8771.68,30.04,2358.0,0
2022-12-01,SKU-4412,FMCG,274.0,7896.68,28.82,1939.0,0
2022-12-02,SKU-4412,FMCG,259.0,8060.08,31.12,2703.0,0
2022-12-03,SKU-4412,FMCG,482.0,12045.18,24.99,1349.0,1
2022-12-04,SKU-4412,FMCG,329.0,10070.69,30.61,988.0,0
2022-12-05,SKU-4412,FMCG,299.0,9059.7,30.3,2868.0,0
2022-12-06,SKU-4412,FMCG,331.0,9880.35,29.85,2258.0,0
2022-12-07,SKU-4412,FMCG,332.0,9830.52,29.61,2231.0,0
2022-12-08,SKU-4412,FMCG,399.0,10513.65,26.35,2499.0,1
2022-12-09,SKU-4412,FMCG,234.0,6814.08,29.12,2205.0,0
2022-12-10,SKU-4412,FMCG,244.0,7512.76,30.79,2821.0,0
2022-12-11,SKU-4412,FMCG,307.0,9575.33,31.19,2793.0,0
2022-12-12,SKU-4412,FMCG,302.0,9482.8,31.4,917.0,0
2022-12-13,SKU-4412,FMCG,285.0,8518.65,29.89,2898.0,0
2022-12-14,SKU-4412,FMCG,269.0,8430.46,31.34,1204.0,0
2022-12-15,SKU-4412,FMCG,326.0,10017.98,30.73,1880.0,0
2022-12-16,SKU-4412,FMCG,318.0,9546.36,30.02,1737.0,0
2022-12-17,SKU-4412,FMCG,374.0,11657.58,31.17,2550.0,0
2022-12-18,SKU-4412,FMCG,291.0,8345.88,28.68,1352.0,0
2022-12-19,SKU-4412,FMCG,268.0,8074.84,30.13,2665.0,0
2022-12-20,SKU-4412,FMCG,530.0,13525.6,25.52,2884.0,1
2022-12-21,SKU-4412,FMCG,343.0,10440.92,30.44,2826.0,0
2022-12-22,SKU-4412,FMCG,340.0,9724.0,28.6,1710.0,0
2022-12-23,SKU-4412,FMCG,343.0,10221.4,29.8,2427.0,0
2022-12-24,SKU-4412,FMCG,397.0,11358.17,28.61,1361.0,0
2022-12-25,SKU-4412,FMCG,363.0,10508.85,28.95,2235.0,0
2022-12-26,SKU-4412,FMCG,419.0,12347.93,29.47,1819.0,0
2022-12-27,SKU-4412,FMCG,332.0,9588.16,28.88,2045.0,0
2022-12-28,SKU-4412,FMCG,346.0,10452.66,30.21,1365.0,0
2022-12-29,SKU-4412,FMCG,396.0,12359.16,31.21,,0
2022-12-30,SKU-4412,FMCG,422.0,12647.34,29.97,1355.0,0
2022-12-31,SKU-4412,FMCG,453.0,14151.72,31.24,2977.0,0
2023-01-01,SKU-4412,FMCG,218.0,5467.44,25.08,1472.0,1
2023-01-02,SKU-4412,FMCG,157.0,4694.3,29.9,1477.0,0
2023-01-03,SKU-4412,FMCG,136.0,3946.72,29.02,1048.0,0
2023-01-04,SKU-4412,FMCG,165.0,5103.45,30.93,1235.0,0
2023-01-05,SKU-4412,FMCG,155.0,4428.35,28.57,2504.0,0
2023-01-06,SKU-4412,FMCG,179.0,5160.57,28.83,2417.0,0
2023-01-07,SKU-4412,FMCG,214.0,6484.2,30.3,2917.0,0
2023-01-08,SKU-4412,FMCG,196.0,5801.6,29.6,2746.0,0
2023-01-09,SKU-4412,FMCG,137.0,3957.93,28.89,2501.0,0
2023-01-10,SKU-4412,FMCG,199.0,4990.92,25.08,2983.0,1
2023-01-11,SKU-4412,FMCG,129.0,3935.79,30.51,1717.0,0
2023-01-12,SKU-4412,FMCG,168.0,4875.36,29.02,,0
2023-01-13,SKU-4412,FMCG,133.0,4053.84,30.48,1579.0,0
2023-01-14,SKU-4412,FMCG,173.0,5122.53,29.61,1498.0,0
2023-01-15,SKU-4412,FMCG,188.0,5589.24,29.73,1464.0,0
2023-01-16,SKU-4412,FMCG,156.0,4836.0,31.0,2190.0,0
2023-01-17,SKU-4412,FMCG,153.0,4684.86,30.62,2328.0,0
2023-01-18,SKU-4412,FMCG,249.0,6543.72,26.28,934.0,1
2023-01-19,SKU-4412,FMCG,168.0,4814.88,28.66,1558.0,0
2023-01-20,SKU-4412,FMCG,178.0,5434.34,30.53,2794.0,0
2023-01-21,SKU-4412,FMCG,223.0,6540.59,29.33,1899.0,0
2023-01-22,SKU-4412,FMCG,229.0,5967.74,26.06,1352.0,1
2023-01-23,SKU-4412,FMCG,146.0,4301.16,29.46,1116.0,0
2023-01-24,SKU-4412,FMCG,155.0,4643.8,29.96,1443.0,0
2023-01-25,SKU-4412,FMCG,138.0,4040.64,29.28,1882.0,0
2023-01-26,SKU-4412,FMCG,140.0,4310.6,30.79,2045.0,0
2023-01-27,SKU-4412,FMCG,149.0,4431.26,29.74,2900.0,0
2023-01-28,SKU-4412,FMCG,177.0,5242.74,29.62,1776.0,0
2023-01-29,SKU-4412,FMCG,181.0,5440.86,30.06,2535.0,0
2023-01-30,SKU-4412,FMCG,154.0,4798.64,31.16,923.0,0
2023-01-31,SKU-4412,FMCG,107.0,3195.02,29.86,2616.0,0
2023-02-01,SKU-4412,FMCG,174.0,5181.72,29.78,2434.0,0
2023-02-02,SKU-4412,FMCG,171.0,5372.82,31.42,936.0,0
2023-02-03,SKU-4412,FMCG,149.0,4434.24,29.76,1107.0,0
2023-02-04,SKU-4412,FMCG,209.0,6182.22,29.58,2162.0,0
2023-02-05,SKU-4412,FMCG,143.0,4161.3,29.1,2525.0,0
2023-02-06,SKU-4412,FMCG,176.0,5339.84,30.34,1765.0,0
2023-02-07,SKU-4412,FMCG,175.0,5190.5,29.66,2667.0,0
2023-02-08,SKU-4412,FMCG,168.0,5103.84,30.38,2664.0,0
2023-02-09,SKU-4412,FMCG,167.0,5248.81,31.43,2920.0,0
2023-02-10,SKU-4412,FMCG,145.0,4442.8,30.64,1565.0,0
2023-02-11,SKU-4412,FMCG,,5766.5,30.35,2230.0,0
2023-02-12,SKU-4412,FMCG,167.0,4968.25,29.75,2462.0,0
2023-02-13,SKU-4412,FMCG,134.0,4145.96,30.94,1900.0,0
2023-02-14,SKU-4412,FMCG,219.0,6889.74,31.46,2283.0,0
2023-02-15,SKU-4412,FMCG,140.0,4111.8,29.37,1993.0,0
2023-02-16,SKU-4412,FMCG,149.0,4483.41,30.09,2671.0,0
2023-02-17,SKU-4412,FMCG,240.0,6040.8,25.17,2388.0,1
2023-02-18,SKU-4412,FMCG,192.0,5786.88,30.14,1074.0,0
2023-02-19,SKU-4412,FMCG,172.0,4934.68,28.69,1648.0,0
2023-02-20,SKU-4412,FMCG,213.0,5261.1,24.7,1316.0,1
2023-02-21,SKU-4412,FMCG,163.0,4733.52,29.04,1152.0,0
2023-02-22,SKU-4412,FMCG,131.0,4037.42,30.82,1424.0,0
2023-02-23,SKU-4412,FMCG,163.0,4953.57,30.39,1079.0,0
2023-02-24,SKU-4412,FMCG,150.0,4720.5,31.47,2596.0,0
2023-02-25,SKU-4412,FMCG,158.0,4589.9,29.05,1875.0,0
2023-02-26,SKU-4412,FMCG,172.0,5283.84,30.72,2356.0,0
2023-02-27,SKU-4412,FMCG,174.0,5300.04,30.46,1154.0,0
2023-02-28,SKU-4412,FMCG,200.0,5784.0,28.92,2125.0,0
2023-03-01,SKU-4412,FMCG,182.0,5543.72,30.46,1117.0,0
2023-03-02,SKU-4412,FMCG,191.0,5775.84,30.24,2765.0,0
2023-03-03,SKU-4412,FMCG,164.0,4792.08,29.22,2827.0,0
2023-03-04,SKU-4412,FMCG,231.0,6662.04,28.84,2669.0,0
2023-03-05,SKU-4412,FMCG,207.0,6056.82,29.26,2522.0,0
2023-03-06,SKU-4412,FMCG,184.0,5286.32,28.73,1302.0,0
2023-03-07,SKU-4412,FMCG,158.0,4657.84,29.48,2082.0,0
2023-03-08,SKU-4412,FMCG,201.0,6220.95,30.95,1132.0,0
2023-03-09,SKU-4412,FMCG,204.0,6234.24,30.56,2092.0,0
2023-03-10,SKU-4412,FMCG,157.0,4791.64,30.52,2614.0,0
2023-03-11,SKU-4412,FMCG,221.0,6601.27,29.87,2715.0,0
2023-03-12,SKU-4412,FMCG,264.0,6937.92,26.28,2765.0,1
2023-03-13,SKU-4412,FMCG,167.0,5158.63,30.89,2094.0,0
2023-03-14,SKU-4412,FMCG,172.0,5018.96,29.18,1729.0,0
2023-03-15,SKU-4412,FMCG,155.0,4477.95,28.89,1858.0,0
2023-03-16,SKU-4412,FMCG,212.0,5575.6,26.3,2254.0,1
2023-03-17,SKU-4412,FMCG,191.0,5863.7,30.7,2203.0,0
2023-03-18,SKU-4412,FMCG,231.0,7197.96,31.16,1255.0,0
2023-03-19,SKU-4412,FMCG,233.0,5687.53,24.41,1750.0,1
2023-03-20,SKU-4412,FMCG,215.0,5480.35,25.49,1889.0,1
2023-03-21,SKU-4412,FMCG,161.0,4841.27,30.07,2159.0,0
2023-03-22,SKU-4412,FMCG,153.0,4424.76,28.92,1361.0,0
2023-03-23,SKU-4412,FMCG,207.0,6141.69,29.67,2666.0,0
2023-03-24,SKU-4412,FMCG,146.0,4394.6,30.1,2513.0,0
2023-03-25,SKU-4412,FMCG,178.0,5340.0,30.0,2738.0,0
2023-03-26,SKU-4412,FMCG,182.0,5729.36,31.48,925.0,0
2023-03-27,SKU-4412,FMCG,160.0,4590.4,28.69,2764.0,0
2023-03-28,SKU-4412,FMCG,218.0,5535.02,25.39,2961.0,1
2023-03-29,SKU-4412,FMCG,167.0,5243.8,31.4,2599.0,0
2023-03-30,SKU-4412,FMCG,190.0,5876.7,30.93,1798.0,0
2023-03-31,SKU-4412,FMCG,143.0,4390.1,30.7,989.0,0
2023-04-01,SKU-4412,FMCG,222.0,6418.02,28.91,1237.0,0
2023-04-02,SKU-4412,FMCG,191.0,5764.38,30.18,1609.0,0
2023-04-03,SKU-4412,FMCG,190.0,5633.5,29.65,2529.0,0
2023-04-04,SKU-4412,FMCG,205.0,6307.85,30.77,2266.0,0
2023-04-05,SKU-4412,FMCG,160.0,4870.4,30.44,2889.0,0
2023-04-06,SKU-4412,FMCG,183.0,5231.97,28.59,2197.0,0
2023-04-07,SKU-4412,FMCG,148.0,4425.2,29.9,1021.0,0
2023-04-08,SKU-4412,FMCG,,8057.5,29.3,2968.0,0
2023-04-09,SKU-4412,FMCG,140.0,4009.6,28.64,1311.0,0
2023-04-10,SKU-4412,FMCG,158.0,4599.38,29.11,2040.0,0
2023-04-11,SKU-4412,FMCG,209.0,6192.67,29.63,2113.0,0
2023-04-12,SKU-4412,FMCG,307.0,7579.83,24.69,2194.0,1
2023-04-13,SKU-4412,FMCG,195.0,6136.65,,1905.0,0
2023-04-14,SKU-4412,FMCG,206.0,5891.6,28.6,1463.0,0
2023-04-15,SKU-4412,FMCG,247.0,7177.82,29.06,2211.0,0
2023-04-16,SKU-4412,FMCG,204.0,6195.48,30.37,1221.0,0
2023-04-17,SKU-4412,FMCG,193.0,5857.55,30.35,2956.0,0
2023-04-18,SKU-4412,FMCG,233.0,6899.13,29.61,1516.0,0
2023-04-19,SKU-4412,FMCG,180.0,5160.6,28.67,2698.0,0
2023-04-20,SKU-4412,FMCG,192.0,5775.36,30.08,1980.0,0
2023-04-21,SKU-4412,FMCG,193.0,5654.9,29.3,1389.0,0
2023-04-22,SKU-4412,FMCG,260.0,7498.4,28.84,1511.0,0
2023-04-23,SKU-4412,FMCG,240.0,7279.2,30.33,2740.0,0
2023-04-24,SKU-4412,FMCG,209.0,6109.07,29.23,1690.0,0
2023-04-25,SKU-4412,FMCG,205.0,5986.0,29.2,2797.0,0
2023-04-26,SKU-4412,FMCG,172.0,5297.6,30.8,1049.0,0
2023-04-27,SKU-4412,FMCG,186.0,5808.78,31.23,2657.0,0
2023-04-28,SKU-4412,FMCG,157.0,4592.25,29.25,1602.0,0
2023-04-29,SKU-4412,FMCG,238.0,7292.32,30.64,2864.0,0
2023-04-30,SKU-4412,FMCG,238.0,6909.14,29.03,2290.0,0
2023-05-01,SKU-4412,FMCG,187.0,5750.25,30.75,1329.0,0
2023-05-02,SKU-4412,FMCG,227.0,7030.19,30.97,2535.0,0
2023-05-03,SKU-4412,FMCG,173.0,5421.82,31.34,1143.0,0
2023-05-04,SKU-4412,FMCG,191.0,5955.38,31.18,2251.0,0
2023-05-05,SKU-4412,FMCG,210.0,6230.7,29.67,2978.0,0
2023-05-06,SKU-4412,FMCG,268.0,7667.48,28.61,2712.0,0
2023-05-07,SKU-4412,FMCG,185.0,5759.05,31.13,1269.0,0
2023-05-08,SKU-4412,FMCG,200.0,5984.0,29.92,2577.0,0
2023-05-09,SKU-4412,FMCG,165.0,5169.45,31.33,1136.0,0
2023-05-10,SKU-4412,FMCG,193.0,5755.26,29.82,2264.0,0
2023-05-11,SKU-4412,FMCG,204.0,6201.6,30.4,2505.0,0
2023-05-12,SKU-4412,FMCG,223.0,6429.09,28.83,2857.0,0
2023-05-13,SKU-4412,FMCG,312.0,8317.92,26.66,2118.0,1
2023-05-14,SKU-4412,FMCG,224.0,6664.0,29.75,2225.0,0
2023-05-15,SKU-4412,FMCG,172.0,5235.68,30.44,2937.0,0
2023-05-16,SKU-4412,FMCG,181.0,5167.55,28.55,1719.0,0
2023-05-17,SKU-4412,FMCG,173.0,5145.02,29.74,1913.0,0
2023-05-18,SKU-4412,FMCG,219.0,6583.14,30.06,2334.0,0
2023-05-19,SKU-4412,FMCG,218.0,6241.34,28.63,2659.0,0
2023-05-20,SKU-4412,FMCG,244.0,6975.96,28.59,1247.0,0
2023-05-21,SKU-4412,FMCG,228.0,6618.84,29.03,2552.0,0
2023-05-22,SKU-4412,FMCG,199.0,5765.03,28.97,2923.0,0
2023-05-23,SKU-4412,FMCG,212.0,6145.88,28.99,1468.0,0
2023-05-24,SKU-4412,FMCG,219.0,6274.35,28.65,2895.0,0
2023-05-25,SKU-4412,FMCG,199.0,5755.08,28.92,1583.0,0
2023-05-26,SKU-4412,FMCG,215.0,6301.65,29.31,1411.0,0
2023-05-27,SKU-4412,FMCG,262.0,8218.94,31.37,2846.0,0
2023-05-28,SKU-4412,FMCG,188.0,5805.44,30.88,1284.0,0
2023-05-29,SKU-4412,FMCG,222.0,6604.5,29.75,1560.0,0
2023-05-30,SKU-4412,FMCG,198.0,6048.9,30.55,2342.0,0
2023-05-31,SKU-4412,FMCG,222.0,6930.84,31.22,2685.0,0
2023-06-01,SKU-4412,FMCG,217.0,6523.02,30.06,2204.0,0
2023-06-02,SKU-4412,FMCG,197.0,6018.35,30.55,2929.0,0
2023-06-03,SKU-4412,FMCG,205.0,6381.65,31.13,1981.0,0
2023-06-04,SKU-4412,FMCG,247.0,7256.86,29.38,2584.0,0
2023-06-05,SKU-4412,FMCG,220.0,6857.4,31.17,1843.0,0
2023-06-06,SKU-4412,FMCG,231.0,6918.45,29.95,2648.0,0
2023-06-07,SKU-4412,FMCG,243.0,7469.82,30.74,2685.0,0
2023-06-08,SKU-4412,FMCG,229.0,7096.71,30.99,2684.0,0
2023-06-09,SKU-4412,FMCG,234.0,6128.46,26.19,1368.0,1
2023-06-10,SKU-4412,FMCG,274.0,8261.1,30.15,2231.0,0
2023-06-11,SKU-4412,FMCG,216.0,6253.2,28.95,1750.0,0
2023-06-12,SKU-4412,FMCG,247.0,6594.9,26.7,1186.0,1
2023-06-13,SKU-4412,FMCG,228.0,7011.0,30.75,1712.0,0
2023-06-14,SKU-4412,FMCG,204.0,6156.72,30.18,2179.0,0
2023-06-15,SKU-4412,FMCG,263.0,6898.49,26.23,1466.0,1
2023-06-16,SKU-4412,FMCG,239.0,7468.75,31.25,1301.0,0
2023-06-17,SKU-4412,FMCG,252.0,7469.28,29.64,2241.0,0
2023-06-18,SKU-4412,FMCG,299.0,7998.25,26.75,1485.0,1
2023-06-19,SKU-4412,FMCG,194.0,5887.9,,1041.0,0
2023-06-20,SKU-4412,FMCG,207.0,5268.15,25.45,2862.0,1
2023-06-21,SKU-4412,FMCG,176.0,5482.4,31.15,1968.0,0
2023-06-22,SKU-4412,FMCG,199.0,6053.58,30.42,2195.0,0
2023-06-23,SKU-4412,FMCG,259.0,7591.29,29.31,2569.0,0
2023-06-24,SKU-4412,FMCG,231.0,5615.61,24.31,2176.0,1
2023-06-25,SKU-4412,FMCG,248.0,7112.64,28.68,2829.0,0
2023-06-26,SKU-4412,FMCG,212.0,6489.32,30.61,2525.0,0
2023-06-27,SKU-4412,FMCG,225.0,5967.0,26.52,1544.0,1
2023-06-28,SKU-4412,FMCG,186.0,5620.92,30.22,1772.0,0
2023-06-29,SKU-4412,FMCG,185.0,5407.55,29.23,1483.0,0
2023-06-30,SKU-4412,FMCG,216.0,6706.8,31.05,1382.0,0
2023-07-01,SKU-4412,FMCG,218.0,6701.32,30.74,2983.0,0
2023-07-02,SKU-4412,FMCG,213.0,6191.91,29.07,2020.0,0
2023-07-03,SKU-4412,FMCG,204.0,6040.44,29.61,2598.0,0
2023-07-04,SKU-4412,FMCG,245.0,7281.4,29.72,2105.0,0
2023-07-05,SKU-4412,FMCG,204.0,6083.28,29.82,2579.0,0
2023-07-06,SKU-4412,FMCG,214.0,6471.36,30.24,1275.0,0
2023-07-07,SKU-4412,FMCG,192.0,5786.88,30.14,2751.0,0
2023-07-08,SKU-4412,FMCG,269.0,7930.12,29.48,1882.0,0
2023-07-09,SKU-4412,FMCG,263.0,6711.76,25.52,1078.0,1
2023-07-10,SKU-4412,FMCG,194.0,5951.92,30.68,1539.0,0
2023-07-11,SKU-4412,FMCG,205.0,6383.7,31.14,2822.0,0
2023-07-12,SKU-4412,FMCG,193.0,5818.95,30.15,2550.0,0
2023-07-13,SKU-4412,FMCG,186.0,5382.84,28.94,1561.0,0
2023-07-14,SKU-4412,FMCG,257.0,6283.65,24.45,2249.0,1
2023-07-15,SKU-4412,FMCG,257.0,7437.58,28.94,2465.0,0
2023-07-16,SKU-4412,FMCG,200.0,5762.0,28.81,2325.0,0
2023-07-17,SKU-4412,FMCG,171.0,4880.34,28.54,2223.0,0
