data/sample_sales_data.csv
date,product_id,category,sales_qty,revenue,price,inventory_qty,promotion_flag
2023-07-18,SKU-4412,FMCG,221.0,6446.57,29.17,1861.0,0
2023-07-19,SKU-4412,FMCG,220.0,6666.0,30.3,1685.0,0
2023-07-20,SKU-4412,FMCG,172.0,4967.36,28.88,2592.0,0
2023-07-21,SKU-4412,FMCG,236.0,7087.08,30.03,2258.0,0
2023-07-22,SKU-4412,FMCG,215.0,6329.6,29.44,2795.0,0
2023-07-23,SKU-4412,FMCG,360.0,8823.6,24.51,2139.0,1
2023-07-24,SKU-4412,FMCG,213.0,6547.62,30.74,1296.0,0
2023-07-25,SKU-4412,FMCG,186.0,5546.52,29.82,1921.0,0
2023-07-26,SKU-4412,FMCG,224.0,5875.52,26.23,2209.0,1
2023-07-27,SKU-4412,FMCG,210.0,6331.5,30.15,2383.0,0
2023-07-28,SKU-4412,FMCG,200.0,6256.0,31.28,2577.0,0
2023-07-29,SKU-4412,FMCG,248.0,7504.48,30.26,2285.0,0
2023-07-30,SKU-4412,FMCG,236.0,7247.56,30.71,2932.0,0
2023-07-31,SKU-4412,FMCG,196.0,6001.52,30.62,2640.0,0
2023-08-01,SKU-4412,FMCG,153.0,4388.04,28.68,1214.0,0
2023-08-02,SKU-4412,FMCG,151.0,4439.4,29.4,2301.0,0
2023-08-03,SKU-4412,FMCG,194.0,5674.5,29.25,1642.0,0
2023-08-04,SKU-4412,FMCG,211.0,6285.69,29.79,2609.0,0
2023-08-05,SKU-4412,FMCG,200.0,6216.0,31.08,1194.0,0
2023-08-06,SKU-4412,FMCG,219.0,6626.94,30.26,2862.0,0
2023-08-07,SKU-4412,FMCG,176.0,5528.16,31.41,2881.0,0
2023-08-08,SKU-4412,FMCG,196.0,6128.92,31.27,2234.0,0
2023-08-09,SKU-4412,FMCG,145.0,4374.65,30.17,2669.0,0
2023-08-10,SKU-4412,FMCG,181.0,5507.83,30.43,1856.0,0
2023-08-11,SKU-4412,FMCG,203.0,5893.09,29.03,1584.0,0
2023-08-12,SKU-4412,FMCG,211.0,6123.22,29.02,2439.0,0
2023-08-13,SKU-4412,FMCG,199.0,5761.05,28.95,1162.0,0
2023-08-14,SKU-4412,FMCG,211.0,6484.03,30.73,2992.0,0
2023-08-15,SKU-4412,FMCG,195.0,5688.15,29.17,2885.0,0
2023-08-16,SKU-4412,FMCG,178.0,5466.38,30.71,2783.0,0
2023-08-17,SKU-4412,FMCG,126.0,3929.94,31.19,2555.0,0
2023-08-18,SKU-4412,FMCG,189.0,5910.03,31.27,2031.0,0
2023-08-19,SKU-4412,FMCG,186.0,5615.34,30.19,1407.0,0
2023-08-20,SKU-4412,FMCG,200.0,6006.0,30.03,1403.0,0
2023-08-21,SKU-4412,FMCG,211.0,6479.81,30.71,2456.0,0
2023-08-22,SKU-4412,FMCG,219.0,6697.02,30.58,1045.0,0
2023-08-23,SKU-4412,FMCG,234.0,7254.0,31.0,2797.0,0
2023-08-24,SKU-4412,FMCG,208.0,6425.12,30.89,2576.0,0
2023-08-25,SKU-4412,FMCG,198.0,5989.5,30.25,1206.0,0
2023-08-26,SKU-4412,FMCG,276.0,8564.28,31.03,1447.0,0
2023-08-27,SKU-4412,FMCG,162.0,4777.38,29.49,1154.0,0
2023-08-28,SKU-4412,FMCG,167.0,5205.39,31.17,2362.0,0
2023-08-29,SKU-4412,FMCG,239.0,7043.33,29.47,2207.0,0
2023-08-30,SKU-4412,FMCG,178.0,5398.74,30.33,1932.0,0
2023-08-31,SKU-4412,FMCG,201.0,6325.47,31.47,2094.0,0
2023-09-01,SKU-4412,FMCG,160.0,4627.2,28.92,1669.0,0
2023-09-02,SKU-4412,FMCG,217.0,6750.87,31.11,2548.0,0
2023-09-03,SKU-4412,FMCG,258.0,7425.24,28.78,2108.0,0
2023-09-04,SKU-4412,FMCG,233.0,7024.95,30.15,2724.0,0
2023-09-05,SKU-4412,FMCG,204.0,6026.16,29.54,2292.0,0
2023-09-06,SKU-4412,FMCG,215.0,6174.8,28.72,2606.0,0
2023-09-07,SKU-4412,FMCG,228.0,6698.64,29.38,2243.0,0
2023-09-08,SKU-4412,FMCG,257.0,8054.38,31.34,1305.0,0
2023-09-09,SKU-4412,FMCG,247.0,7269.21,29.43,1004.0,0
2023-09-10,SKU-4412,FMCG,211.0,6439.72,30.52,2544.0,0
2023-09-11,SKU-4412,FMCG,239.0,7193.9,30.1,1121.0,0
2023-09-12,SKU-4412,FMCG,210.0,6505.8,30.98,2514.0,0
2023-09-13,SKU-4412,FMCG,238.0,7070.98,29.71,2627.0,0
2023-09-14,SKU-4412,FMCG,287.0,7398.86,25.78,2406.0,1
2023-09-15,SKU-4412,FMCG,238.0,7175.7,30.15,2936.0,0
2023-09-16,SKU-4412,FMCG,267.0,6763.11,25.33,2069.0,1
2023-09-17,SKU-4412,FMCG,189.0,5787.18,30.62,1775.0,0
2023-09-18,SKU-4412,FMCG,196.0,5697.72,29.07,1462.0,0
2023-09-19,SKU-4412,FMCG,202.0,5989.3,29.65,1143.0,0
2023-09-20,SKU-4412,FMCG,191.0,5814.04,30.44,1288.0,0
2023-09-21,SKU-4412,FMCG,188.0,5367.4,28.55,2473.0,0
2023-09-22,SKU-4412,FMCG,183.0,5222.82,28.54,2152.0,0
2023-09-23,SKU-4412,FMCG,266.0,7894.88,29.68,2373.0,0
2023-09-24,SKU-4412,FMCG,247.0,7286.5,29.5,1637.0,0
2023-09-25,SKU-4412,FMCG,246.0,7448.88,30.28,1503.0,0
2023-09-26,SKU-4412,FMCG,229.0,7046.33,30.77,2960.0,0
2023-09-27,SKU-4412,FMCG,174.0,5195.64,29.86,977.0,0
2023-09-28,SKU-4412,FMCG,193.0,5869.13,30.41,1187.0,0
2023-09-29,SKU-4412,FMCG,250.0,7127.5,28.51,1492.0,0
2023-09-30,SKU-4412,FMCG,271.0,7894.23,29.13,1751.0,0
2023-10-01,SKU-4412,FMCG,338.0,9703.98,28.71,2151.0,0
2023-10-02,SKU-4412,FMCG,267.0,8298.36,31.08,2864.0,0
2023-10-03,SKU-4412,FMCG,286.0,8459.88,29.58,1225.0,0
2023-10-04,SKU-4412,FMCG,277.0,8415.26,30.38,1959.0,0
2023-10-05,SKU-4412,FMCG,385.0,9513.35,24.71,2058.0,1
2023-10-06,SKU-4412,FMCG,301.0,7877.17,26.17,1406.0,1
2023-10-07,SKU-4412,FMCG,364.0,10719.8,29.45,2184.0,0
2023-10-08,SKU-4412,FMCG,286.0,8511.36,29.76,2126.0,0
2023-10-09,SKU-4412,FMCG,235.0,7383.7,31.42,2192.0,0
2023-10-10,SKU-4412,FMCG,292.0,8430.04,28.87,1258.0,0
2023-10-11,SKU-4412,FMCG,250.0,7285.0,29.14,1090.0,0
2023-10-12,SKU-4412,FMCG,280.0,8559.6,30.57,922.0,0
2023-10-13,SKU-4412,FMCG,233.0,7320.86,31.42,2028.0,0
2023-10-14,SKU-4412,FMCG,,9804.2,29.8,1763.0,0
2023-10-15,SKU-4412,FMCG,419.0,12234.8,29.2,2290.0,0
2023-10-16,SKU-4412,FMCG,392.0,11709.04,29.87,1607.0,0
2023-10-17,SKU-4412,FMCG,375.0,11640.0,31.04,2418.0,0
2023-10-18,SKU-4412,FMCG,339.0,10227.63,30.17,1761.0,0
2023-10-19,SKU-4412,FMCG,404.0,10528.24,26.06,2284.0,1
2023-10-20,SKU-4412,FMCG,370.0,11288.7,30.51,2536.0,0
2023-10-21,SKU-4412,FMCG,411.0,12457.41,30.31,2686.0,0
2023-10-22,SKU-4412,FMCG,588.0,14882.28,25.31,1141.0,1
2023-10-23,SKU-4412,FMCG,457.0,14189.85,31.05,2959.0,0
2023-10-24,SKU-4412,FMCG,366.0,11236.2,30.7,1121.0,0
2023-10-25,SKU-4412,FMCG,321.0,9206.28,28.68,2664.0,0
2023-10-26,SKU-4412,FMCG,261.0,7480.26,28.66,2962.0,0
2023-10-27,SKU-4412,FMCG,267.0,8282.34,31.02,2977.0,0
2023-10-28,SKU-4412,FMCG,348.0,8898.36,25.57,1646.0,1
2023-10-29,SKU-4412,FMCG,280.0,8005.2,28.59,2846.0,0
2023-10-30,SKU-4412,FMCG,285.0,8433.15,29.59,2999.0,0
2023-10-31,SKU-4412,FMCG,310.0,9318.6,30.06,2980.0,0
2023-11-01,SKU-4412,FMCG,330.0,9507.3,28.81,1083.0,0
2023-11-02,SKU-4412,FMCG,294.0,8379.0,28.5,2344.0,0
2023-11-03,SKU-4412,FMCG,272.0,8410.24,30.92,2929.0,0
2023-11-04,SKU-4412,FMCG,303.0,9259.68,30.56,2458.0,0
2023-11-05,SKU-4412,FMCG,528.0,12867.36,24.37,2142.0,1
2023-11-06,SKU-4412,FMCG,243.0,7088.31,29.17,2341.0,0
2023-11-07,SKU-4412,FMCG,221.0,6579.17,29.77,1465.0,0
2023-11-08,SKU-4412,FMCG,303.0,9090.0,30.0,1735.0,0
2023-11-09,SKU-4412,FMCG,359.0,10658.71,29.69,1164.0,0
2023-11-10,SKU-4412,FMCG,229.0,6695.96,29.24,1288.0,0
2023-11-11,SKU-4412,FMCG,309.0,9130.95,29.55,2514.0,0
2023-11-12,SKU-4412,FMCG,382.0,11784.7,30.85,1707.0,0
2023-11-13,SKU-4412,FMCG,312.0,9690.72,31.06,1713.0,0
2023-11-14,SKU-4412,FMCG,360.0,10767.6,29.91,2958.0,0
2023-11-15,SKU-4412,FMCG,388.0,10375.12,26.74,1599.0,1
2023-11-16,SKU-4412,FMCG,326.0,9297.52,28.52,1960.0,0
2023-11-17,SKU-4412,FMCG,,12111.14,30.43,1092.0,0
2023-11-18,SKU-4412,FMCG,340.0,10281.6,30.24,2624.0,0
2023-11-19,SKU-4412,FMCG,444.0,11521.8,25.95,1509.0,1
2023-11-20,SKU-4412,FMCG,277.0,8273.99,29.87,1125.0,0
2023-11-21,SKU-4412,FMCG,324.0,9574.2,29.55,1806.0,0
2023-11-22,SKU-4412,FMCG,200.0,5754.0,28.77,2531.0,0
2023-11-23,SKU-4412,FMCG,301.0,9036.02,30.02,1393.0,0
2023-11-24,SKU-4412,FMCG,368.0,11058.4,30.05,2694.0,0
2023-11-25,SKU-4412,FMCG,373.0,11551.81,30.97,1435.0,0
2023-11-26,SKU-4412,FMCG,283.0,8110.78,28.66,1067.0,0
2023-11-27,SKU-4412,FMCG,357.0,11124.12,31.16,1414.0,0
2023-11-28,SKU-4412,FMCG,285.0,8666.85,30.41,2904.0,0
2023-11-29,SKU-4412,FMCG,282.0,8465.64,30.02,2804.0,0
2023-11-30,SKU-4412,FMCG,318.0,9457.32,29.74,2072.0,0
2023-12-01,SKU-4412,FMCG,260.0,7950.8,30.58,2342.0,0
2023-12-02,SKU-4412,FMCG,311.0,9242.92,,1608.0,0
2023-12-03,SKU-4412,FMCG,307.0,9047.29,29.47,,0
2023-12-04,SKU-4412,FMCG,,9608.28,30.12,2671.0,0
2023-12-05,SKU-4412,FMCG,306.0,8978.04,29.34,1983.0,0
2023-12-06,SKU-4412,FMCG,250.0,7182.5,28.73,2475.0,0
2023-12-07,SKU-4412,FMCG,316.0,9072.36,28.71,1204.0,0
2023-12-08,SKU-4412,FMCG,277.0,8254.6,29.8,2379.0,0
2023-12-09,SKU-4412,FMCG,300.0,8634.0,28.78,1575.0,0
2023-12-10,SKU-4412,FMCG,365.0,10957.3,30.02,1909.0,0
2023-12-11,SKU-4412,FMCG,256.0,7347.2,28.7,1860.0,0
2023-12-12,SKU-4412,FMCG,279.0,7954.29,28.51,2264.0,0
2023-12-13,SKU-4412,FMCG,361.0,9580.94,26.54,1577.0,1
2023-12-14,SKU-4412,FMCG,254.0,7429.5,29.25,1597.0,0
2022-01-01,SKU-5501,Apparel,48.0,7050.24,146.88,556.0,0
2022-01-02,SKU-5501,Apparel,45.0,6971.85,154.93,549.0,0
2022-01-03,SKU-5501,Apparel,62.0,8118.9,130.95,645.0,1
2022-01-04,SKU-5501,Apparel,48.0,7140.48,148.76,455.0,0
2022-01-05,SKU-5501,Apparel,64.0,7825.92,122.28,884.0,1
2022-01-06,SKU-5501,Apparel,49.0,7231.91,147.59,544.0,0
2022-01-07,SKU-5501,Apparel,42.0,6598.2,157.1,575.0,0
2022-01-08,SKU-5501,Apparel,49.0,7434.77,151.73,993.0,0
2022-01-09,SKU-5501,Apparel,59.0,8434.64,142.96,326.0,0
2022-01-10,SKU-5501,Apparel,58.0,8839.2,152.4,495.0,0
2022-01-11,SKU-5501,Apparel,61.0,7409.06,121.46,710.0,1
2022-01-12,SKU-5501,Apparel,47.0,6959.76,,843.0,0
2022-01-13,SKU-5501,Apparel,59.0,7189.74,121.86,684.0,1
2022-01-14,SKU-5501,Apparel,59.0,7154.93,121.27,628.0,1
2022-01-15,SKU-5501,Apparel,69.0,10119.54,146.66,431.0,0
2022-01-16,SKU-5501,Apparel,54.0,8030.88,148.72,491.0,0
2022-01-17,SKU-5501,Apparel,51.0,7806.06,153.06,449.0,0
2022-01-18,SKU-5501,Apparel,62.0,7653.28,123.44,541.0,1
2022-01-19,SKU-5501,Apparel,39.0,5828.16,149.44,823.0,0
2022-01-20,SKU-5501,Apparel,42.0,6163.92,146.76,554.0,0
2022-01-21,SKU-5501,Apparel,38.0,5853.52,154.04,430.0,0
2022-01-22,SKU-5501,Apparel,57.0,8925.06,156.58,426.0,0
2022-01-23,SKU-5501,Apparel,56.0,8078.0,144.25,957.0,0
2022-01-24,SKU-5501,Apparel,53.0,8104.23,152.91,679.0,0
2022-01-25,SKU-5501,Apparel,48.0,7265.76,151.37,579.0,0
2022-01-26,SKU-5501,Apparel,60.0,7428.0,123.8,928.0,1
2022-01-27,SKU-5501,Apparel,44.0,6700.76,152.29,466.0,0
2022-01-28,SKU-5501,Apparel,45.0,5619.6,124.88,963.0,1
2022-01-29,SKU-5501,Apparel,56.0,8484.56,151.51,765.0,0
2022-01-30,SKU-5501,Apparel,72.0,10620.72,147.51,839.0,0
2022-01-31,SKU-5501,Apparel,50.0,7260.5,145.21,697.0,0
2022-02-01,SKU-5501,Apparel,50.0,7299.5,145.99,317.0,0
2022-02-02,SKU-5501,Apparel,48.0,7116.48,148.26,775.0,0
2022-02-03,SKU-5501,Apparel,50.0,7569.5,151.39,706.0,0
2022-02-04,SKU-5501,Apparel,53.0,7765.03,146.51,915.0,0
2022-02-05,SKU-5501,Apparel,58.0,9102.52,156.94,539.0,0
2022-02-06,SKU-5501,Apparel,46.0,6667.7,144.95,856.0,0
2022-02-07,SKU-5501,Apparel,51.0,7857.06,154.06,891.0,0
2022-02-08,SKU-5501,Apparel,43.0,6283.59,146.13,990.0,0
2022-02-09,SKU-5501,Apparel,53.0,8120.13,153.21,861.0,0
2022-02-10,SKU-5501,Apparel,59.0,7799.8,132.2,809.0,1
2022-02-11,SKU-5501,Apparel,49.0,7164.29,146.21,909.0,0
2022-02-12,SKU-5501,Apparel,54.0,8378.64,155.16,863.0,0
2022-02-13,SKU-5501,Apparel,52.0,8087.04,155.52,424.0,0
2022-02-14,SKU-5501,Apparel,56.0,8658.72,154.62,833.0,0
2022-02-15,SKU-5501,Apparel,55.0,8339.1,151.62,835.0,0
2022-02-16,SKU-5501,Apparel,45.0,6795.45,151.01,479.0,0
2022-02-17,SKU-5501,Apparel,52.0,7579.0,145.75,367.0,0
2022-02-18,SKU-5501,Apparel,50.0,7785.0,155.7,755.0,0
2022-02-19,SKU-5501,Apparel,64.0,9619.84,150.31,736.0,0
2022-02-20,SKU-5501,Apparel,52.0,7472.92,143.71,582.0,0
2022-02-21,SKU-5501,Apparel,,6540.73,152.11,451.0,0
2022-02-22,SKU-5501,Apparel,45.0,6425.55,142.79,481.0,0
2022-02-23,SKU-5501,Apparel,45.0,6876.9,152.82,606.0,0
2022-02-24,SKU-5501,Apparel,56.0,8202.88,146.48,314.0,0
2022-02-25,SKU-5501,Apparel,43.0,6410.87,149.09,729.0,0
2022-02-26,SKU-5501,Apparel,73.0,9391.45,128.65,655.0,1
2022-02-27,SKU-5501,Apparel,61.0,9604.45,157.45,557.0,0
2022-02-28,SKU-5501,Apparel,48.0,7404.96,154.27,795.0,0
2022-03-01,SKU-5501,Apparel,54.0,7936.92,146.98,958.0,0
2022-03-02,SKU-5501,Apparel,59.0,8805.75,149.25,843.0,0
2022-03-03,SKU-5501,Apparel,55.0,8269.25,150.35,380.0,0
2022-03-04,SKU-5501,Apparel,56.0,8718.64,155.69,909.0,0
2022-03-05,SKU-5501,Apparel,59.0,8570.34,145.26,925.0,0
2022-03-06,SKU-5501,Apparel,63.0,9648.45,153.15,520.0,0
2022-03-07,SKU-5501,Apparel,63.0,7771.05,123.35,899.0,1
2022-03-08,SKU-5501,Apparel,50.0,7680.0,153.6,942.0,0
2022-03-09,SKU-5501,Apparel,60.0,9352.8,155.88,429.0,0
2022-03-10,SKU-5501,Apparel,52.0,7790.64,149.82,756.0,0
2022-03-11,SKU-5501,Apparel,52.0,7478.12,143.81,731.0,0
2022-03-12,SKU-5501,Apparel,60.0,8960.4,149.34,558.0,0
2022-03-13,SKU-5501,Apparel,72.0,8833.68,122.69,691.0,1
2022-03-14,SKU-5501,Apparel,52.0,7530.64,144.82,317.0,0
2022-03-15,SKU-5501,Apparel,57.0,8221.68,144.24,969.0,0
2022-03-16,SKU-5501,Apparel,47.0,7010.52,149.16,738.0,0
2022-03-17,SKU-5501,Apparel,61.0,9231.13,151.33,562.0,0
2022-03-18,SKU-5501,Apparel,61.0,9326.29,152.89,394.0,0
2022-03-19,SKU-5501,Apparel,57.0,8420.61,147.73,377.0,0
2022-03-20,SKU-5501,Apparel,39.0,5900.31,151.29,737.0,0
2022-03-21,SKU-5501,Apparel,49.0,7247.1,,489.0,0
2022-03-22,SKU-5501,Apparel,54.0,8045.46,148.99,620.0,0
2022-03-23,SKU-5501,Apparel,50.0,7208.5,144.17,661.0,0
2022-03-24,SKU-5501,Apparel,68.0,8538.08,125.56,560.0,1
2022-03-25,SKU-5501,Apparel,51.0,7743.84,151.84,846.0,0
2022-03-26,SKU-5501,Apparel,45.0,6442.2,143.16,416.0,0
2022-03-27,SKU-5501,Apparel,59.0,8415.76,142.64,549.0,0
2022-03-28,SKU-5501,Apparel,49.0,7397.04,150.96,551.0,0
2022-03-29,SKU-5501,Apparel,45.0,6636.15,147.47,898.0,0
2022-03-30,SKU-5501,Apparel,58.0,8910.54,153.63,893.0,0
2022-03-31,SKU-5501,Apparel,66.0,9770.64,148.04,953.0,0
2022-04-01,SKU-5501,Apparel,46.0,7041.22,153.07,871.0,0
2022-04-02,SKU-5501,Apparel,51.0,7502.1,147.1,547.0,0
2022-04-03,SKU-5501,Apparel,63.0,9674.91,153.57,793.0,0
2022-04-04,SKU-5501,Apparel,63.0,9872.1,156.7,374.0,0
2022-04-05,SKU-5501,Apparel,54.0,8280.9,153.35,306.0,0
2022-04-06,SKU-5501,Apparel,78.0,9966.06,127.77,347.0,1
2022-04-07,SKU-5501,Apparel,67.0,8675.16,129.48,482.0,1
2022-04-08,SKU-5501,Apparel,58.0,8433.78,145.41,901.0,0
2022-04-09,SKU-5501,Apparel,54.0,7872.66,145.79,971.0,0
2022-04-10,SKU-5501,Apparel,86.0,13065.98,151.93,782.0,0
2022-04-11,SKU-5501,Apparel,65.0,9685.0,149.0,998.0,0
2022-04-12,SKU-5501,Apparel,59.0,8956.79,151.81,819.0,0
2022-04-13,SKU-5501,Apparel,75.0,9846.0,131.28,490.0,1
2022-04-14,SKU-5501,Apparel,54.0,8424.54,156.01,997.0,0
2022-04-15,SKU-5501,Apparel,74.0,9494.94,128.31,737.0,1
2022-04-16,SKU-5501,Apparel,73.0,10703.99,146.63,409.0,0
2022-04-17,SKU-5501,Apparel,67.0,10432.57,155.71,918.0,0
2022-04-18,SKU-5501,Apparel,53.0,7685.53,145.01,403.0,0
2022-04-19,SKU-5501,Apparel,58.0,8390.28,144.66,736.0,0
2022-04-20,SKU-5501,Apparel,63.0,9361.8,148.6,,0
2022-04-21,SKU-5501,Apparel,65.0,9620.65,148.01,360.0,0
2022-04-22,SKU-5501,Apparel,52.0,7790.12,149.81,600.0,0
2022-04-23,SKU-5501,Apparel,62.0,9533.12,153.76,387.0,0
2022-04-24,SKU-5501,Apparel,72.0,11329.2,157.35,518.0,0
2022-04-25,SKU-5501,Apparel,50.0,7427.0,148.54,919.0,0
2022-04-26,SKU-5501,Apparel,58.0,8836.88,152.36,928.0,0
2022-04-27,SKU-5501,Apparel,60.0,8777.4,146.29,704.0,0
2022-04-28,SKU-5501,Apparel,60.0,9424.2,157.07,693.0,0
2022-04-29,SKU-5501,Apparel,56.0,8121.12,145.02,915.0,0
2022-04-30,SKU-5501,Apparel,65.0,9763.65,150.21,515.0,0
2022-05-01,SKU-5501,Apparel,66.0,10154.76,153.86,928.0,0
2022-05-02,SKU-5501,Apparel,66.0,9673.62,146.57,932.0,0
2022-05-03,SKU-5501,Apparel,51.0,7787.7,152.7,339.0,0
2022-05-04,SKU-5501,Apparel,83.0,10970.11,132.17,502.0,1
2022-05-05,SKU-5501,Apparel,81.0,10254.6,126.6,493.0,1
2022-05-06,SKU-5501,Apparel,61.0,9208.56,150.96,650.0,0
2022-05-07,SKU-5501,Apparel,74.0,10925.36,147.64,394.0,0
2022-05-08,SKU-5501,Apparel,80.0,12448.0,155.6,996.0,0
2022-05-09,SKU-5501,Apparel,59.0,8925.52,151.28,678.0,0
2022-05-10,SKU-5501,Apparel,52.0,7936.76,152.63,577.0,0
2022-05-11,SKU-5501,Apparel,62.0,8975.74,144.77,634.0,0
2022-05-12,SKU-5501,Apparel,79.0,10403.51,131.69,356.0,1
2022-05-13,SKU-5501,Apparel,63.0,9533.16,151.32,547.0,0
2022-05-14,SKU-5501,Apparel,67.0,10062.06,150.18,638.0,0
2022-05-15,SKU-5501,Apparel,63.0,9912.42,157.34,779.0,0
2022-05-16,SKU-5501,Apparel,58.0,8569.5,147.75,847.0,0
2022-05-17,SKU-5501,Apparel,53.0,7658.5,144.5,411.0,0
2022-05-18,SKU-5501,Apparel,51.0,7467.42,146.42,593.0,0
2022-05-19,SKU-5501,Apparel,50.0,7326.5,146.53,439.0,0
2022-05-20,SKU-5501,Apparel,52.0,8096.4,155.7,334.0,0
2022-05-21,SKU-5501,Apparel,52.0,7743.32,148.91,751.0,0
2022-05-22,SKU-5501,Apparel,72.0,11280.96,156.68,777.0,0
2022-05-23,SKU-5501,Apparel,61.0,8865.74,145.34,804.0,0
2022-05-24,SKU-5501,Apparel,63.0,9326.52,148.04,550.0,0
2022-05-25,SKU-5501,Apparel,82.0,10292.64,125.52,338.0,1
2022-05-26,SKU-5501,Apparel,61.0,9134.75,149.75,990.0,0
2022-05-27,SKU-5501,Apparel,58.0,8524.26,146.97,524.0,0
2022-05-28,SKU-5501,Apparel,58.0,8866.46,152.87,417.0,0
2022-05-29,SKU-5501,Apparel,59.0,8536.71,144.69,956.0,0
2022-05-30,SKU-5501,Apparel,86.0,10444.7,121.45,783.0,1
2022-05-31,SKU-5501,Apparel,83.0,10106.08,121.76,479.0,1
2022-06-01,SKU-5501,Apparel,75.0,11194.5,149.26,824.0,0
2022-06-02,SKU-5501,Apparel,70.0,10553.2,150.76,407.0,0
2022-06-03,SKU-5501,Apparel,58.0,8300.96,143.12,525.0,0
2022-06-04,SKU-5501,Apparel,99.0,14604.48,147.52,663.0,0
2022-06-05,SKU-5501,Apparel,85.0,10506.85,123.61,653.0,1
2022-06-06,SKU-5501,Apparel,75.0,11008.5,146.78,741.0,0
2022-06-07,SKU-5501,Apparel,74.0,10996.4,148.6,915.0,0
2022-06-08,SKU-5501,Apparel,72.0,11216.16,155.78,360.0,0
2022-06-09,SKU-5501,Apparel,61.0,9559.92,156.72,453.0,0
2022-06-10,SKU-5501,Apparel,62.0,9745.78,157.19,594.0,0
2022-06-11,SKU-5501,Apparel,68.0,9886.52,145.39,390.0,0
2022-06-12,SKU-5501,Apparel,75.0,11174.25,148.99,674.0,0
2022-06-13,SKU-5501,Apparel,69.0,10773.66,156.14,304.0,0
2022-06-14,SKU-5501,Apparel,51.0,7597.98,148.98,847.0,0
2022-06-15,SKU-5501,Apparel,68.0,10676.0,157.0,610.0,0
2022-06-16,SKU-5501,Apparel,74.0,10778.84,145.66,889.0,0
2022-06-17,SKU-5501,Apparel,66.0,10241.22,155.17,551.0,0
2022-06-18,SKU-5501,Apparel,89.0,13374.92,150.28,335.0,0
2022-06-19,SKU-5501,Apparel,62.0,9477.94,152.87,856.0,0
2022-06-20,SKU-5501,Apparel,56.0,8761.76,156.46,317.0,0
2022-06-21,SKU-5501,Apparel,73.0,11127.39,152.43,800.0,0
2022-06-22,SKU-5501,Apparel,56.0,8615.6,153.85,707.0,0
2022-06-23,SKU-5501,Apparel,65.0,9865.05,151.77,847.0,0
2022-06-24,SKU-5501,Apparel,46.0,7233.96,157.26,504.0,0
2022-06-25,SKU-5501,Apparel,68.0,10359.12,152.34,676.0,0
