data/sample_sales_data.csv
date,product_id,category,sales_qty,revenue,price,inventory_qty,promotion_flag
2022-06-26,SKU-5501,Apparel,75.0,10971.75,146.29,347.0,0
2022-06-27,SKU-5501,Apparel,58.0,8501.64,146.58,871.0,0
2022-06-28,SKU-5501,Apparel,66.0,10282.8,155.8,587.0,0
2022-06-29,SKU-5501,Apparel,56.0,8663.2,154.7,711.0,0
2022-06-30,SKU-5501,Apparel,61.0,9563.58,156.78,673.0,0
2022-07-01,SKU-5501,Apparel,66.0,9482.88,143.68,531.0,0
2022-07-02,SKU-5501,Apparel,73.0,10847.8,148.6,840.0,0
2022-07-03,SKU-5501,Apparel,73.0,9445.47,129.39,420.0,1
2022-07-04,SKU-5501,Apparel,49.0,7562.17,154.33,463.0,0
2022-07-05,SKU-5501,Apparel,79.0,11540.32,146.08,855.0,0
2022-07-06,SKU-5501,Apparel,62.0,9162.98,147.79,805.0,0
2022-07-07,SKU-5501,Apparel,69.0,10390.71,150.59,354.0,0
2022-07-08,SKU-5501,Apparel,55.0,8047.6,146.32,642.0,0
2022-07-09,SKU-5501,Apparel,62.0,9690.6,156.3,755.0,0
2022-07-10,SKU-5501,Apparel,94.0,12049.86,128.19,422.0,1
2022-07-11,SKU-5501,Apparel,60.0,9433.2,157.22,368.0,0
2022-07-12,SKU-5501,Apparel,55.0,8435.35,153.37,518.0,0
2022-07-13,SKU-5501,Apparel,59.0,8820.5,149.5,336.0,0
2022-07-14,SKU-5501,Apparel,44.0,6893.92,156.68,771.0,0
2022-07-15,SKU-5501,Apparel,58.0,8917.5,153.75,785.0,0
2022-07-16,SKU-5501,Apparel,68.0,9749.16,143.37,483.0,0
2022-07-17,SKU-5501,Apparel,68.0,9960.64,146.48,780.0,0
2022-07-18,SKU-5501,Apparel,48.0,7135.68,148.66,452.0,0
2022-07-19,SKU-5501,Apparel,55.0,8491.45,154.39,430.0,0
2022-07-20,SKU-5501,Apparel,59.0,9081.28,153.92,799.0,0
2022-07-21,SKU-5501,Apparel,64.0,9555.84,,511.0,0
2022-07-22,SKU-5501,Apparel,58.0,8687.24,149.78,678.0,0
2022-07-23,SKU-5501,Apparel,61.0,8911.49,146.09,592.0,0
2022-07-24,SKU-5501,Apparel,65.0,9939.15,152.91,311.0,0
2022-07-25,SKU-5501,Apparel,66.0,10253.76,155.36,590.0,0
2022-07-26,SKU-5501,Apparel,63.0,9264.78,147.06,360.0,0
2022-07-27,SKU-5501,Apparel,58.0,8702.9,150.05,521.0,0
2022-07-28,SKU-5501,Apparel,52.0,7593.56,,952.0,0
2022-07-29,SKU-5501,Apparel,60.0,8567.4,142.79,528.0,0
2022-07-30,SKU-5501,Apparel,65.0,10182.25,156.65,952.0,0
2022-07-31,SKU-5501,Apparel,64.0,9400.32,146.88,420.0,0
2022-08-01,SKU-5501,Apparel,70.0,8984.5,128.35,834.0,1
2022-08-02,SKU-5501,Apparel,43.0,6610.39,153.73,879.0,0
2022-08-03,SKU-5501,Apparel,50.0,7525.0,150.5,300.0,0
2022-08-04,SKU-5501,Apparel,56.0,8431.92,150.57,764.0,0
2022-08-05,SKU-5501,Apparel,58.0,8399.56,144.82,428.0,0
2022-08-06,SKU-5501,Apparel,70.0,9984.8,142.64,440.0,0
2022-08-07,SKU-5501,Apparel,65.0,9917.05,152.57,413.0,0
2022-08-08,SKU-5501,Apparel,54.0,8204.76,151.94,789.0,0
2022-08-09,SKU-5501,Apparel,49.0,7579.81,154.69,679.0,0
2022-08-10,SKU-5501,Apparel,58.0,8273.12,142.64,609.0,0
2022-08-11,SKU-5501,Apparel,53.0,8085.15,152.55,300.0,0
2022-08-12,SKU-5501,Apparel,56.0,8069.04,144.09,644.0,0
2022-08-13,SKU-5501,Apparel,82.0,11768.64,143.52,435.0,0
2022-08-14,SKU-5501,Apparel,92.0,13342.76,145.03,,0
2022-08-15,SKU-5501,Apparel,59.0,9015.79,152.81,527.0,0
2022-08-16,SKU-5501,Apparel,79.0,11618.53,147.07,427.0,0
2022-08-17,SKU-5501,Apparel,67.0,10107.62,150.86,479.0,0
2022-08-18,SKU-5501,Apparel,58.0,8845.58,152.51,308.0,0
2022-08-19,SKU-5501,Apparel,63.0,9369.36,148.72,528.0,0
2022-08-20,SKU-5501,Apparel,54.0,7850.52,145.38,342.0,0
2022-08-21,SKU-5501,Apparel,73.0,10564.56,144.72,822.0,0
2022-08-22,SKU-5501,Apparel,62.0,9148.1,147.55,447.0,0
2022-08-23,SKU-5501,Apparel,82.0,9990.88,121.84,316.0,1
2022-08-24,SKU-5501,Apparel,68.0,10578.08,155.56,539.0,0
2022-08-25,SKU-5501,Apparel,49.0,7715.05,157.45,825.0,0
2022-08-26,SKU-5501,Apparel,60.0,9373.2,156.22,446.0,0
2022-08-27,SKU-5501,Apparel,77.0,11298.98,146.74,564.0,0
2022-08-28,SKU-5501,Apparel,61.0,8727.27,143.07,386.0,0
2022-08-29,SKU-5501,Apparel,70.0,8662.5,123.75,913.0,1
2022-08-30,SKU-5501,Apparel,54.0,7984.98,147.87,305.0,0
2022-08-31,SKU-5501,Apparel,78.0,10021.44,128.48,454.0,1
2022-09-01,SKU-5501,Apparel,73.0,9316.26,127.62,709.0,1
2022-09-02,SKU-5501,Apparel,69.0,10849.56,157.24,745.0,0
2022-09-03,SKU-5501,Apparel,80.0,11515.2,143.94,945.0,0
2022-09-04,SKU-5501,Apparel,83.0,12132.94,146.18,376.0,0
2022-09-05,SKU-5501,Apparel,47.0,7014.28,149.24,699.0,0
2022-09-06,SKU-5501,Apparel,78.0,12069.72,154.74,991.0,0
2022-09-07,SKU-5501,Apparel,60.0,9250.8,154.18,726.0,0
2022-09-08,SKU-5501,Apparel,58.0,8592.12,148.14,554.0,0
2022-09-09,SKU-5501,Apparel,67.0,8608.16,128.48,346.0,1
2022-09-10,SKU-5501,Apparel,64.0,9685.76,151.34,667.0,0
2022-09-11,SKU-5501,Apparel,77.0,9926.84,128.92,787.0,1
2022-09-12,SKU-5501,Apparel,57.0,8728.41,153.13,450.0,0
2022-09-13,SKU-5501,Apparel,61.0,9553.21,156.61,640.0,0
2022-09-14,SKU-5501,Apparel,73.0,11079.94,151.78,379.0,0
2022-09-15,SKU-5501,Apparel,53.0,8235.14,155.38,969.0,0
2022-09-16,SKU-5501,Apparel,65.0,9324.9,143.46,903.0,0
2022-09-17,SKU-5501,Apparel,99.0,13248.18,133.82,476.0,1
2022-09-18,SKU-5501,Apparel,72.0,10443.6,145.05,521.0,0
2022-09-19,SKU-5501,Apparel,73.0,10995.26,150.62,526.0,0
2022-09-20,SKU-5501,Apparel,,13284.65,156.29,929.0,0
2022-09-21,SKU-5501,Apparel,65.0,9778.6,150.44,543.0,0
2022-09-22,SKU-5501,Apparel,69.0,10661.19,154.51,619.0,0
2022-09-23,SKU-5501,Apparel,56.0,8191.68,146.28,867.0,0
2022-09-24,SKU-5501,Apparel,91.0,11568.83,127.13,701.0,1
2022-09-25,SKU-5501,Apparel,60.0,8708.4,145.14,820.0,0
2022-09-26,SKU-5501,Apparel,70.0,10147.9,144.97,862.0,0
2022-09-27,SKU-5501,Apparel,62.0,9544.9,153.95,480.0,0
2022-09-28,SKU-5501,Apparel,55.0,8432.05,153.31,658.0,0
2022-09-29,SKU-5501,Apparel,73.0,11345.66,155.42,730.0,0
2022-09-30,SKU-5501,Apparel,68.0,9766.84,143.63,960.0,0
2022-10-01,SKU-5501,Apparel,77.0,11114.95,144.35,986.0,0
2022-10-02,SKU-5501,Apparel,100.0,15164.0,151.64,897.0,0
2022-10-03,SKU-5501,Apparel,83.0,12845.91,154.77,711.0,0
2022-10-04,SKU-5501,Apparel,104.0,13240.24,127.31,513.0,1
2022-10-05,SKU-5501,Apparel,79.0,11305.69,143.11,520.0,0
2022-10-06,SKU-5501,Apparel,88.0,12974.72,147.44,396.0,0
2022-10-07,SKU-5501,Apparel,58.0,8548.62,147.39,632.0,0
2022-10-08,SKU-5501,Apparel,83.0,12269.89,147.83,585.0,0
2022-10-09,SKU-5501,Apparel,80.0,11678.4,145.98,858.0,0
2022-10-10,SKU-5501,Apparel,79.0,11887.92,150.48,486.0,0
2022-10-11,SKU-5501,Apparel,98.0,12180.42,124.29,512.0,1
2022-10-12,SKU-5501,Apparel,83.0,12725.56,153.32,361.0,0
2022-10-13,SKU-5501,Apparel,69.0,10407.27,150.83,369.0,0
2022-10-14,SKU-5501,Apparel,83.0,12638.41,152.27,899.0,0
2022-10-15,SKU-5501,Apparel,113.0,17587.32,155.64,508.0,0
2022-10-16,SKU-5501,Apparel,126.0,18252.36,144.86,769.0,0
2022-10-17,SKU-5501,Apparel,126.0,16025.94,127.19,331.0,1
2022-10-18,SKU-5501,Apparel,101.0,14562.18,144.18,503.0,0
2022-10-19,SKU-5501,Apparel,98.0,14765.66,150.67,672.0,0
2022-10-20,SKU-5501,Apparel,99.0,14323.32,144.68,323.0,0
2022-10-21,SKU-5501,Apparel,121.0,17334.46,143.26,454.0,0
2022-10-22,SKU-5501,Apparel,109.0,17009.45,156.05,373.0,0
2022-10-23,SKU-5501,Apparel,129.0,19004.28,147.32,392.0,0
2022-10-24,SKU-5501,Apparel,133.0,19726.56,148.32,411.0,0
2022-10-25,SKU-5501,Apparel,120.0,17722.8,147.69,420.0,0
2022-10-26,SKU-5501,Apparel,91.0,13985.79,153.69,723.0,0
2022-10-27,SKU-5501,Apparel,75.0,11400.75,152.01,832.0,0
2022-10-28,SKU-5501,Apparel,103.0,16108.17,156.39,751.0,0
2022-10-29,SKU-5501,Apparel,105.0,15712.2,149.64,675.0,0
2022-10-30,SKU-5501,Apparel,89.0,12787.52,143.68,692.0,0
2022-10-31,SKU-5501,Apparel,79.0,12313.73,155.87,862.0,0
2022-11-01,SKU-5501,Apparel,108.0,13122.0,121.5,603.0,1
2022-11-02,SKU-5501,Apparel,99.0,15097.5,152.5,463.0,0
2022-11-03,SKU-5501,Apparel,77.0,11011.0,143.0,871.0,0
2022-11-04,SKU-5501,Apparel,87.0,12628.92,145.16,319.0,0
2022-11-05,SKU-5501,Apparel,122.0,18348.8,150.4,521.0,0
2022-11-06,SKU-5501,Apparel,93.0,13561.26,145.82,412.0,0
2022-11-07,SKU-5501,Apparel,92.0,13138.52,142.81,474.0,0
2022-11-08,SKU-5501,Apparel,86.0,12616.2,146.7,337.0,0
2022-11-09,SKU-5501,Apparel,73.0,11103.3,152.1,646.0,0
2022-11-10,SKU-5501,Apparel,91.0,13817.44,151.84,520.0,0
2022-11-11,SKU-5501,Apparel,94.0,14782.44,157.26,313.0,0
2022-11-12,SKU-5501,Apparel,81.0,12666.78,156.38,880.0,0
2022-11-13,SKU-5501,Apparel,83.0,13016.89,156.83,320.0,0
2022-11-14,SKU-5501,Apparel,108.0,15562.8,144.1,874.0,0
2022-11-15,SKU-5501,Apparel,89.0,12856.94,144.46,982.0,0
2022-11-16,SKU-5501,Apparel,84.0,12496.68,148.77,691.0,0
2022-11-17,SKU-5501,Apparel,88.0,12872.64,146.28,559.0,0
2022-11-18,SKU-5501,Apparel,74.0,10818.8,146.2,306.0,0
2022-11-19,SKU-5501,Apparel,128.0,19916.8,155.6,602.0,0
2022-11-20,SKU-5501,Apparel,104.0,14983.28,144.07,900.0,0
2022-11-21,SKU-5501,Apparel,96.0,14269.44,148.64,477.0,0
2022-11-22,SKU-5501,Apparel,94.0,12122.24,128.96,931.0,1
2022-11-23,SKU-5501,Apparel,,16750.72,149.56,333.0,0
2022-11-24,SKU-5501,Apparel,83.0,12730.54,153.38,347.0,0
2022-11-25,SKU-5501,Apparel,100.0,15291.0,152.91,576.0,0
2022-11-26,SKU-5501,Apparel,108.0,15685.92,145.24,,0
2022-11-27,SKU-5501,Apparel,98.0,14288.4,145.8,306.0,0
2022-11-28,SKU-5501,Apparel,82.0,12859.24,156.82,390.0,0
2022-11-29,SKU-5501,Apparel,129.0,16086.3,124.7,689.0,1
2022-11-30,SKU-5501,Apparel,88.0,13621.52,154.79,355.0,0
2022-12-01,SKU-5501,Apparel,68.0,10421.0,153.25,716.0,0
2022-12-02,SKU-5501,Apparel,100.0,15086.0,150.86,897.0,0
2022-12-03,SKU-5501,Apparel,101.0,15393.41,152.41,730.0,0
2022-12-04,SKU-5501,Apparel,96.0,14342.4,149.4,696.0,0
2022-12-05,SKU-5501,Apparel,89.0,13689.98,153.82,362.0,0
2022-12-06,SKU-5501,Apparel,82.0,12263.92,149.56,520.0,0
2022-12-07,SKU-5501,Apparel,100.0,12684.0,126.84,895.0,1
2022-12-08,SKU-5501,Apparel,88.0,12621.84,143.43,446.0,0
2022-12-09,SKU-5501,Apparel,80.0,12402.4,155.03,528.0,0
2022-12-10,SKU-5501,Apparel,78.0,11937.12,153.04,959.0,0
2022-12-11,SKU-5501,Apparel,100.0,14287.0,,563.0,0
2022-12-12,SKU-5501,Apparel,81.0,12693.51,156.71,539.0,0
2022-12-13,SKU-5501,Apparel,74.0,10940.16,147.84,962.0,0
2022-12-14,SKU-5501,Apparel,86.0,12761.54,148.39,303.0,0
2022-12-15,SKU-5501,Apparel,77.0,11463.76,148.88,828.0,0
2022-12-16,SKU-5501,Apparel,81.0,11630.79,143.59,369.0,0
2022-12-17,SKU-5501,Apparel,101.0,14731.86,145.86,610.0,0
2022-12-18,SKU-5501,Apparel,86.0,13041.9,151.65,808.0,0
2022-12-19,SKU-5501,Apparel,71.0,10162.23,143.13,718.0,0
2022-12-20,SKU-5501,Apparel,117.0,16988.4,145.2,806.0,0
2022-12-21,SKU-5501,Apparel,122.0,17583.86,144.13,475.0,0
2022-12-22,SKU-5501,Apparel,106.0,15433.6,145.6,978.0,0
2022-12-23,SKU-5501,Apparel,102.0,15074.58,147.79,582.0,0
2022-12-24,SKU-5501,Apparel,139.0,20920.89,150.51,452.0,0
2022-12-25,SKU-5501,Apparel,145.0,22524.3,155.34,382.0,0
2022-12-26,SKU-5501,Apparel,103.0,14685.74,142.58,329.0,0
2022-12-27,SKU-5501,Apparel,114.0,16751.16,146.94,693.0,0
2022-12-28,SKU-5501,Apparel,98.0,15320.34,156.33,759.0,0
2022-12-29,SKU-5501,Apparel,,18218.07,155.71,830.0,0
2022-12-30,SKU-5501,Apparel,126.0,15652.98,124.23,508.0,1
2022-12-31,SKU-5501,Apparel,135.0,20904.75,154.85,461.0,0
2023-01-01,SKU-5501,Apparel,66.0,10388.4,157.4,392.0,0
2023-01-02,SKU-5501,Apparel,42.0,6231.96,148.38,712.0,0
2023-01-03,SKU-5501,Apparel,56.0,8697.92,155.32,981.0,0
2023-01-04,SKU-5501,Apparel,53.0,6859.26,129.42,829.0,1
2023-01-05,SKU-5501,Apparel,58.0,8310.24,143.28,447.0,0
2023-01-06,SKU-5501,Apparel,52.0,8186.36,157.43,353.0,0
2023-01-07,SKU-5501,Apparel,48.0,7181.28,149.61,753.0,0
2023-01-08,SKU-5501,Apparel,63.0,9013.41,143.07,723.0,0
2023-01-09,SKU-5501,Apparel,49.0,7241.22,147.78,462.0,0
2023-01-10,SKU-5501,Apparel,54.0,8323.56,154.14,674.0,0
2023-01-11,SKU-5501,Apparel,62.0,7678.7,123.85,592.0,1
2023-01-12,SKU-5501,Apparel,71.0,8917.6,125.6,519.0,1
2023-01-13,SKU-5501,Apparel,69.0,8768.52,127.08,868.0,1
2023-01-14,SKU-5501,Apparel,56.0,8033.76,143.46,800.0,0
2023-01-15,SKU-5501,Apparel,60.0,8742.6,145.71,980.0,0
2023-01-16,SKU-5501,Apparel,47.0,6783.04,144.32,304.0,0
2023-01-17,SKU-5501,Apparel,42.0,6414.24,152.72,544.0,0
2023-01-18,SKU-5501,Apparel,,7932.96,125.92,987.0,1
2023-01-19,SKU-5501,Apparel,49.0,7469.07,152.43,804.0,0
2023-01-20,SKU-5501,Apparel,55.0,8435.35,153.37,341.0,0
2023-01-21,SKU-5501,Apparel,39.0,6037.59,154.81,615.0,0
2023-01-22,SKU-5501,Apparel,75.0,9478.5,126.38,822.0,1
2023-01-23,SKU-5501,Apparel,44.0,6492.2,147.55,827.0,0
2023-01-24,SKU-5501,Apparel,52.0,7519.72,144.61,913.0,0
2023-01-25,SKU-5501,Apparel,50.0,7817.5,156.35,823.0,0
2023-01-26,SKU-5501,Apparel,64.0,7996.16,124.94,551.0,1
2023-01-27,SKU-5501,Apparel,47.0,7172.67,152.61,604.0,0
2023-01-28,SKU-5501,Apparel,61.0,9533.08,156.28,580.0,0
2023-01-29,SKU-5501,Apparel,48.0,7260.96,151.27,765.0,0
2023-01-30,SKU-5501,Apparel,46.0,6581.68,143.08,893.0,0
2023-01-31,SKU-5501,Apparel,36.0,5485.32,152.37,802.0,0
2023-02-01,SKU-5501,Apparel,51.0,6504.54,127.54,948.0,1
2023-02-02,SKU-5501,Apparel,48.0,6847.2,142.65,782.0,0
2023-02-03,SKU-5501,Apparel,49.0,7377.44,150.56,610.0,0
2023-02-04,SKU-5501,Apparel,64.0,9998.08,156.22,772.0,0
2023-02-05,SKU-5501,Apparel,62.0,9195.22,148.31,936.0,0
2023-02-06,SKU-5501,Apparel,44.0,6343.92,144.18,808.0,0
2023-02-07,SKU-5501,Apparel,53.0,8154.58,153.86,593.0,0
2023-02-08,SKU-5501,Apparel,49.0,7478.87,152.63,419.0,0
2023-02-09,SKU-5501,Apparel,47.0,6801.84,144.72,791.0,0
2023-02-10,SKU-5501,Apparel,60.0,8929.2,148.82,897.0,0
2023-02-11,SKU-5501,Apparel,61.0,9545.28,156.48,658.0,0
2023-02-12,SKU-5501,Apparel,67.0,8450.71,126.13,549.0,1
2023-02-13,SKU-5501,Apparel,46.0,6566.96,142.76,733.0,0
2023-02-14,SKU-5501,Apparel,46.0,6739.0,146.5,541.0,0
2023-02-15,SKU-5501,Apparel,51.0,7524.03,147.53,844.0,0
2023-02-16,SKU-5501,Apparel,47.0,6807.01,144.83,717.0,0
2023-02-17,SKU-5501,Apparel,53.0,7682.88,144.96,339.0,0
2023-02-18,SKU-5501,Apparel,55.0,8162.55,148.41,511.0,0
2023-02-19,SKU-5501,Apparel,64.0,9508.48,148.57,600.0,0
2023-02-20,SKU-5501,Apparel,43.0,6139.54,142.78,403.0,0
2023-02-21,SKU-5501,Apparel,51.0,7773.42,152.42,893.0,0
2023-02-22,SKU-5501,Apparel,73.0,9280.49,127.13,913.0,1
2023-02-23,SKU-5501,Apparel,48.0,7003.2,145.9,390.0,0
2023-02-24,SKU-5501,Apparel,57.0,7151.22,125.46,522.0,1
2023-02-25,SKU-5501,Apparel,56.0,8027.04,143.34,984.0,0
2023-02-26,SKU-5501,Apparel,50.0,7596.5,151.93,833.0,0
2023-02-27,SKU-5501,Apparel,45.0,7069.95,157.11,578.0,0
2023-02-28,SKU-5501,Apparel,53.0,7609.74,143.58,913.0,0
2023-03-01,SKU-5501,Apparel,,8390.25,152.55,309.0,0
2023-03-02,SKU-5501,Apparel,64.0,9892.48,154.57,815.0,0
2023-03-03,SKU-5501,Apparel,53.0,7975.97,150.49,929.0,0
2023-03-04,SKU-5501,Apparel,55.0,8629.5,156.9,565.0,0
2023-03-05,SKU-5501,Apparel,55.0,8616.3,156.66,313.0,0
2023-03-06,SKU-5501,Apparel,46.0,7019.14,152.59,712.0,0
2023-03-07,SKU-5501,Apparel,71.0,9479.92,133.52,450.0,1
2023-03-08,SKU-5501,Apparel,56.0,8136.8,145.3,679.0,0
2023-03-09,SKU-5501,Apparel,62.0,9334.72,150.56,628.0,0
2023-03-10,SKU-5501,Apparel,59.0,8475.94,143.66,480.0,0
2023-03-11,SKU-5501,Apparel,66.0,9789.78,148.33,383.0,0
2023-03-12,SKU-5501,Apparel,60.0,9232.8,153.88,368.0,0
2023-03-13,SKU-5501,Apparel,55.0,8406.2,152.84,767.0,0
2023-03-14,SKU-5501,Apparel,48.0,7398.72,154.14,803.0,0
2023-03-15,SKU-5501,Apparel,48.0,6907.68,143.91,599.0,0
2023-03-16,SKU-5501,Apparel,44.0,6275.72,142.63,883.0,0
2023-03-17,SKU-5501,Apparel,54.0,8239.32,152.58,369.0,0
2023-03-18,SKU-5501,Apparel,65.0,9625.85,148.09,560.0,0
2023-03-19,SKU-5501,Apparel,57.0,8866.35,155.55,822.0,0
2023-03-20,SKU-5501,Apparel,53.0,8176.84,154.28,959.0,0
2023-03-21,SKU-5501,Apparel,66.0,9709.92,147.12,388.0,0
2023-03-22,SKU-5501,Apparel,50.0,7472.0,149.44,593.0,0
2023-03-23,SKU-5501,Apparel,61.0,9182.94,150.54,919.0,0
2023-03-24,SKU-5501,Apparel,58.0,8949.4,154.3,533.0,0
2023-03-25,SKU-5501,Apparel,63.0,9138.78,145.06,325.0,0
2023-03-26,SKU-5501,Apparel,79.0,12340.59,156.21,654.0,0
2023-03-27,SKU-5501,Apparel,51.0,7949.37,155.87,715.0,0
2023-03-28,SKU-5501,Apparel,63.0,9767.52,155.04,816.0,0
2023-03-29,SKU-5501,Apparel,54.0,7929.9,146.85,879.0,0
2023-03-30,SKU-5501,Apparel,50.0,7438.5,148.77,832.0,0
2023-03-31,SKU-5501,Apparel,48.0,6929.28,144.36,593.0,0
2023-04-01,SKU-5501,Apparel,72.0,10748.88,149.29,654.0,0
2023-04-02,SKU-5501,Apparel,70.0,10360.0,148.0,832.0,0
2023-04-03,SKU-5501,Apparel,44.0,6541.48,148.67,721.0,0
2023-04-04,SKU-5501,Apparel,49.0,7350.0,150.0,822.0,0
2023-04-05,SKU-5501,Apparel,65.0,9636.9,148.26,630.0,0
2023-04-06,SKU-5501,Apparel,54.0,8449.92,156.48,666.0,0
2023-04-07,SKU-5501,Apparel,73.0,9648.41,132.17,917.0,1
2023-04-08,SKU-5501,Apparel,62.0,8860.42,142.91,491.0,0
2023-04-09,SKU-5501,Apparel,76.0,11023.04,145.04,375.0,0
2023-04-10,SKU-5501,Apparel,74.0,9372.84,126.66,434.0,1
2023-04-11,SKU-5501,Apparel,54.0,8500.14,157.41,680.0,0
2023-04-12,SKU-5501,Apparel,56.0,7980.56,142.51,725.0,0
2023-04-13,SKU-5501,Apparel,53.0,8072.43,152.31,353.0,0
2023-04-14,SKU-5501,Apparel,51.0,7807.59,153.09,575.0,0
2023-04-15,SKU-5501,Apparel,64.0,9159.04,143.11,759.0,0
2023-04-16,SKU-5501,Apparel,78.0,10374.78,133.01,475.0,1
2023-04-17,SKU-5501,Apparel,67.0,9995.06,149.18,342.0,0
2023-04-18,SKU-5501,Apparel,60.0,9358.2,155.97,740.0,0
2023-04-19,SKU-5501,Apparel,71.0,8929.67,125.77,957.0,1
2023-04-20,SKU-5501,Apparel,58.0,9057.86,156.17,365.0,0
2023-04-21,SKU-5501,Apparel,43.0,6226.83,144.81,617.0,0
2023-04-22,SKU-5501,Apparel,59.0,8709.58,147.62,976.0,0
2023-04-23,SKU-5501,Apparel,56.0,8800.96,157.16,774.0,0
2023-04-24,SKU-5501,Apparel,52.0,7792.2,149.85,565.0,0
2023-04-25,SKU-5501,Apparel,60.0,9027.6,,358.0,0
2023-04-26,SKU-5501,Apparel,69.0,10239.6,148.4,452.0,0
2023-04-27,SKU-5501,Apparel,60.0,7357.2,122.62,311.0,1
2023-04-28,SKU-5501,Apparel,59.0,9114.32,154.48,620.0,0
2023-04-29,SKU-5501,Apparel,85.0,10386.15,122.19,491.0,1
2023-04-30,SKU-5501,Apparel,59.0,9160.34,155.26,620.0,0
2023-05-01,SKU-5501,Apparel,52.0,7809.36,150.18,953.0,0
2023-05-02,SKU-5501,Apparel,71.0,8613.01,121.31,915.0,1
2023-05-03,SKU-5501,Apparel,51.0,7383.27,144.77,867.0,0
2023-05-04,SKU-5501,Apparel,45.0,7074.0,157.2,523.0,0
2023-05-05,SKU-5501,Apparel,61.0,9595.91,157.31,854.0,0
2023-05-06,SKU-5501,Apparel,100.0,13288.0,132.88,406.0,1
2023-05-07,SKU-5501,Apparel,386.2721499235302,10175.88,154.18,348.0,0
2023-05-08,SKU-5501,Apparel,50.0,7378.5,147.57,998.0,0
2023-05-09,SKU-5501,Apparel,50.0,7795.5,155.91,975.0,0
2023-05-10,SKU-5501,Apparel,61.0,9471.47,155.27,959.0,0
