data/sample_sales_data.csv
date,product_id,category,sales_qty,revenue,price,inventory_qty,promotion_flag
2023-05-11,SKU-5501,Apparel,65.0,9482.85,145.89,982.0,0
2023-05-12,SKU-5501,Apparel,72.0,10801.44,150.02,723.0,0
2023-05-13,SKU-5501,Apparel,59.0,8744.98,148.22,814.0,0
2023-05-14,SKU-5501,Apparel,69.0,8915.49,129.21,713.0,1
2023-05-15,SKU-5501,Apparel,50.0,7532.5,150.65,568.0,0
2023-05-16,SKU-5501,Apparel,51.0,7597.98,148.98,339.0,0
2023-05-17,SKU-5501,Apparel,63.0,9020.34,143.18,965.0,0
2023-05-18,SKU-5501,Apparel,64.0,9546.24,149.16,717.0,0
2023-05-19,SKU-5501,Apparel,63.0,9189.81,145.87,347.0,0
2023-05-20,SKU-5501,Apparel,55.0,7917.8,143.96,602.0,0
2023-05-21,SKU-5501,Apparel,,10557.4,150.82,742.0,0
2023-05-22,SKU-5501,Apparel,58.0,8821.8,152.1,673.0,0
2023-05-23,SKU-5501,Apparel,59.0,8743.8,148.2,863.0,0
2023-05-24,SKU-5501,Apparel,69.0,10270.65,148.85,932.0,0
2023-05-25,SKU-5501,Apparel,64.0,9956.48,155.57,658.0,0
2023-05-26,SKU-5501,Apparel,,10245.6,128.07,643.0,1
2023-05-27,SKU-5501,Apparel,61.0,8964.56,146.96,608.0,0
2023-05-28,SKU-5501,Apparel,72.0,10468.8,145.4,631.0,0
2023-05-29,SKU-5501,Apparel,51.0,7323.6,143.6,648.0,0
2023-05-30,SKU-5501,Apparel,58.0,8773.66,151.27,308.0,0
2023-05-31,SKU-5501,Apparel,63.0,9576.0,152.0,775.0,0
2023-06-01,SKU-5501,Apparel,61.0,8900.51,145.91,477.0,0
2023-06-02,SKU-5501,Apparel,73.0,9677.61,132.57,326.0,1
2023-06-03,SKU-5501,Apparel,69.0,10025.7,145.3,384.0,0
2023-06-04,SKU-5501,Apparel,75.0,10873.5,144.98,754.0,0
2023-06-05,SKU-5501,Apparel,59.0,7848.18,133.02,800.0,1
2023-06-06,SKU-5501,Apparel,79.0,10081.98,127.62,666.0,1
2023-06-07,SKU-5501,Apparel,68.0,10317.64,151.73,525.0,0
2023-06-08,SKU-5501,Apparel,52.0,7469.8,143.65,827.0,0
2023-06-09,SKU-5501,Apparel,52.0,8180.64,157.32,966.0,0
2023-06-10,SKU-5501,Apparel,79.0,12321.63,155.97,979.0,0
2023-06-11,SKU-5501,Apparel,73.0,10509.81,143.97,853.0,0
2023-06-12,SKU-5501,Apparel,91.0,11632.53,127.83,363.0,1
2023-06-13,SKU-5501,Apparel,66.0,9721.14,147.29,596.0,0
2023-06-14,SKU-5501,Apparel,64.0,9697.28,151.52,827.0,0
2023-06-15,SKU-5501,Apparel,68.0,9863.4,145.05,933.0,0
2023-06-16,SKU-5501,Apparel,67.0,8289.24,123.72,527.0,1
2023-06-17,SKU-5501,Apparel,81.0,11622.69,143.49,834.0,0
2023-06-18,SKU-5501,Apparel,68.0,9772.96,143.72,637.0,0
2023-06-19,SKU-5501,Apparel,80.0,11906.4,148.83,313.0,0
2023-06-20,SKU-5501,Apparel,71.0,9433.06,132.86,353.0,1
2023-06-21,SKU-5501,Apparel,53.0,7924.56,149.52,934.0,0
2023-06-22,SKU-5501,Apparel,56.0,8592.64,153.44,721.0,0
2023-06-23,SKU-5501,Apparel,58.0,8945.92,154.24,795.0,0
2023-06-24,SKU-5501,Apparel,47.0,7151.99,152.17,688.0,0
2023-06-25,SKU-5501,Apparel,46.0,7226.6,157.1,993.0,0
2023-06-26,SKU-5501,Apparel,55.0,8584.95,156.09,551.0,0
2023-06-27,SKU-5501,Apparel,82.0,10707.56,130.58,951.0,1
2023-06-28,SKU-5501,Apparel,60.0,9202.2,153.37,728.0,0
2023-06-29,SKU-5501,Apparel,62.0,9199.56,148.38,806.0,0
2023-06-30,SKU-5501,Apparel,58.0,8853.7,152.65,601.0,0
2023-07-01,SKU-5501,Apparel,,8918.7,143.85,997.0,0
2023-07-02,SKU-5501,Apparel,71.0,10948.91,154.21,838.0,0
2023-07-03,SKU-5501,Apparel,64.0,9172.48,143.32,958.0,0
2023-07-04,SKU-5501,Apparel,48.0,7387.68,153.91,672.0,0
2023-07-05,SKU-5501,Apparel,51.0,7821.36,153.36,430.0,0
2023-07-06,SKU-5501,Apparel,63.0,9174.06,145.62,913.0,0
2023-07-07,SKU-5501,Apparel,68.0,8968.52,131.89,771.0,1
2023-07-08,SKU-5501,Apparel,73.0,11306.24,154.88,615.0,0
2023-07-09,SKU-5501,Apparel,69.0,10089.18,146.22,366.0,0
2023-07-10,SKU-5501,Apparel,58.0,8892.56,153.32,528.0,0
2023-07-11,SKU-5501,Apparel,54.0,8229.6,152.4,530.0,0
2023-07-12,SKU-5501,Apparel,53.0,7595.43,143.31,701.0,0
2023-07-13,SKU-5501,Apparel,47.0,6712.07,142.81,367.0,0
2023-07-14,SKU-5501,Apparel,72.0,9298.8,129.15,847.0,1
2023-07-15,SKU-5501,Apparel,59.0,8558.54,145.06,909.0,0
2023-07-16,SKU-5501,Apparel,69.0,10209.24,147.96,602.0,0
2023-07-17,SKU-5501,Apparel,67.0,8391.08,125.24,418.0,1
2023-07-18,SKU-5501,Apparel,61.0,9035.93,148.13,547.0,0
2023-07-19,SKU-5501,Apparel,53.0,8300.33,156.61,825.0,0
2023-07-20,SKU-5501,Apparel,66.0,8308.74,125.89,867.0,1
2023-07-21,SKU-5501,Apparel,83.0,11100.42,133.74,381.0,1
2023-07-22,SKU-5501,Apparel,63.0,9467.64,150.28,770.0,0
2023-07-23,SKU-5501,Apparel,72.0,11102.4,154.2,750.0,0
2023-07-24,SKU-5501,Apparel,56.0,8287.44,147.99,855.0,0
2023-07-25,SKU-5501,Apparel,58.0,9113.54,157.13,808.0,0
2023-07-26,SKU-5501,Apparel,63.0,9543.24,151.48,972.0,0
2023-07-27,SKU-5501,Apparel,61.0,9117.67,149.47,578.0,0
2023-07-28,SKU-5501,Apparel,60.0,9312.6,155.21,903.0,0
2023-07-29,SKU-5501,Apparel,53.0,8255.28,155.76,851.0,0
2023-07-30,SKU-5501,Apparel,,10701.6,152.88,923.0,0
2023-07-31,SKU-5501,Apparel,62.0,9662.7,155.85,674.0,0
2023-08-01,SKU-5501,Apparel,53.0,7739.59,146.03,855.0,0
2023-08-02,SKU-5501,Apparel,65.0,9373.65,144.21,633.0,0
2023-08-03,SKU-5501,Apparel,58.0,8289.94,142.93,731.0,0
2023-08-04,SKU-5501,Apparel,66.0,10035.3,152.05,398.0,0
2023-08-05,SKU-5501,Apparel,60.0,8900.4,148.34,310.0,0
2023-08-06,SKU-5501,Apparel,97.0,12001.81,123.73,732.0,1
2023-08-07,SKU-5501,Apparel,60.0,9156.0,152.6,348.0,0
2023-08-08,SKU-5501,Apparel,63.0,9012.15,143.05,859.0,0
2023-08-09,SKU-5501,Apparel,61.0,9542.84,156.44,611.0,0
2023-08-10,SKU-5501,Apparel,64.0,8406.4,131.35,848.0,1
2023-08-11,SKU-5501,Apparel,49.0,6998.67,142.83,535.0,0
2023-08-12,SKU-5501,Apparel,58.0,8553.84,147.48,694.0,0
2023-08-13,SKU-5501,Apparel,65.0,10154.95,156.23,917.0,0
2023-08-14,SKU-5501,Apparel,62.0,9719.74,156.77,405.0,0
2023-08-15,SKU-5501,Apparel,59.0,8474.17,143.63,500.0,0
2023-08-16,SKU-5501,Apparel,252.20550093157493,7741.98,143.37,896.0,0
2023-08-17,SKU-5501,Apparel,60.0,9446.4,157.44,716.0,0
2023-08-18,SKU-5501,Apparel,46.0,5576.58,121.23,610.0,1
2023-08-19,SKU-5501,Apparel,64.0,9443.2,147.55,841.0,0
2023-08-20,SKU-5501,Apparel,78.0,9849.06,126.27,469.0,1
2023-08-21,SKU-5501,Apparel,47.0,7349.86,156.38,686.0,0
2023-08-22,SKU-5501,Apparel,53.0,7831.81,147.77,383.0,0
2023-08-23,SKU-5501,Apparel,69.0,10610.82,153.78,409.0,0
2023-08-24,SKU-5501,Apparel,59.0,8659.43,146.77,866.0,0
2023-08-25,SKU-5501,Apparel,57.0,8713.59,152.87,469.0,0
2023-08-26,SKU-5501,Apparel,73.0,10507.62,143.94,652.0,0
2023-08-27,SKU-5501,Apparel,66.0,9802.98,148.53,374.0,0
2023-08-28,SKU-5501,Apparel,60.0,9423.6,157.06,745.0,0
2023-08-29,SKU-5501,Apparel,60.0,8797.8,146.63,312.0,0
2023-08-30,SKU-5501,Apparel,70.0,8961.4,128.02,521.0,1
2023-08-31,SKU-5501,Apparel,62.0,9486.62,153.01,330.0,0
2023-09-01,SKU-5501,Apparel,57.0,8931.9,156.7,835.0,0
2023-09-02,SKU-5501,Apparel,64.0,9801.6,153.15,553.0,0
2023-09-03,SKU-5501,Apparel,84.0,12321.96,146.69,414.0,0
2023-09-04,SKU-5501,Apparel,66.0,9424.8,142.8,470.0,0
2023-09-05,SKU-5501,Apparel,75.0,11769.0,156.92,381.0,0
2023-09-06,SKU-5501,Apparel,51.0,7951.92,155.92,331.0,0
2023-09-07,SKU-5501,Apparel,76.0,11308.8,148.8,407.0,0
2023-09-08,SKU-5501,Apparel,54.0,8202.6,151.9,391.0,0
2023-09-09,SKU-5501,Apparel,67.0,9611.15,143.45,352.0,0
2023-09-10,SKU-5501,Apparel,60.0,8958.6,149.31,864.0,0
2023-09-11,SKU-5501,Apparel,77.0,9805.18,127.34,402.0,1
2023-09-12,SKU-5501,Apparel,59.0,8660.02,146.78,855.0,0
2023-09-13,SKU-5501,Apparel,72.0,8964.0,124.5,535.0,1
2023-09-14,SKU-5501,Apparel,53.0,7979.68,150.56,883.0,0
2023-09-15,SKU-5501,Apparel,57.0,8869.2,155.6,698.0,0
2023-09-16,SKU-5501,Apparel,81.0,11917.53,147.13,875.0,0
2023-09-17,SKU-5501,Apparel,78.0,11826.36,151.62,650.0,0
2023-09-18,SKU-5501,Apparel,70.0,10203.9,145.77,773.0,0
2023-09-19,SKU-5501,Apparel,73.0,11044.17,151.29,724.0,0
2023-09-20,SKU-5501,Apparel,58.0,8420.44,145.18,760.0,0
2023-09-21,SKU-5501,Apparel,73.0,9740.39,133.43,315.0,1
2023-09-22,SKU-5501,Apparel,64.0,9871.36,154.24,770.0,0
2023-09-23,SKU-5501,Apparel,76.0,11244.96,147.96,650.0,0
2023-09-24,SKU-5501,Apparel,76.0,10902.2,143.45,509.0,0
2023-09-25,SKU-5501,Apparel,61.0,9028.61,148.01,387.0,0
2023-09-26,SKU-5501,Apparel,76.0,9720.4,127.9,930.0,1
2023-09-27,SKU-5501,Apparel,56.0,8708.56,155.51,719.0,0
2023-09-28,SKU-5501,Apparel,70.0,9230.9,131.87,995.0,1
2023-09-29,SKU-5501,Apparel,53.0,8274.36,156.12,753.0,0
2023-09-30,SKU-5501,Apparel,61.0,9388.51,153.91,708.0,0
2023-10-01,SKU-5501,Apparel,87.0,13624.2,156.6,475.0,0
2023-10-02,SKU-5501,Apparel,83.0,12367.0,149.0,378.0,0
2023-10-03,SKU-5501,Apparel,79.0,12223.67,154.73,826.0,0
2023-10-04,SKU-5501,Apparel,81.0,11899.71,146.91,560.0,0
2023-10-05,SKU-5501,Apparel,66.0,10222.08,154.88,350.0,0
2023-10-06,SKU-5501,Apparel,83.0,13055.07,157.29,999.0,0
2023-10-07,SKU-5501,Apparel,85.0,12166.05,143.13,350.0,0
2023-10-08,SKU-5501,Apparel,92.0,13333.56,144.93,674.0,0
2023-10-09,SKU-5501,Apparel,80.0,12124.0,151.55,780.0,0
2023-10-10,SKU-5501,Apparel,78.0,11597.04,148.68,515.0,0
2023-10-11,SKU-5501,Apparel,87.0,12622.83,145.09,319.0,0
2023-10-12,SKU-5501,Apparel,70.0,10852.1,155.03,573.0,0
2023-10-13,SKU-5501,Apparel,81.0,10466.01,129.21,713.0,1
2023-10-14,SKU-5501,Apparel,104.0,16098.16,154.79,858.0,0
2023-10-15,SKU-5501,Apparel,157.0,23988.03,152.79,315.0,0
2023-10-16,SKU-5501,Apparel,128.0,19535.36,152.62,506.0,0
2023-10-17,SKU-5501,Apparel,131.0,18852.21,143.91,670.0,0
2023-10-18,SKU-5501,Apparel,79.0,11643.02,147.38,487.0,0
2023-10-19,SKU-5501,Apparel,143.0,17796.35,124.45,938.0,1
2023-10-20,SKU-5501,Apparel,120.0,17571.6,146.43,947.0,0
2023-10-21,SKU-5501,Apparel,136.0,16778.32,123.37,943.0,1
2023-10-22,SKU-5501,Apparel,130.0,19709.3,151.61,449.0,0
2023-10-23,SKU-5501,Apparel,104.0,14896.96,143.24,886.0,0
2023-10-24,SKU-5501,Apparel,132.0,16003.68,121.24,410.0,1
2023-10-25,SKU-5501,Apparel,111.0,16171.59,145.69,552.0,0
2023-10-26,SKU-5501,Apparel,75.0,11559.0,154.12,826.0,0
2023-10-27,SKU-5501,Apparel,82.0,12358.22,150.71,621.0,0
2023-10-28,SKU-5501,Apparel,93.0,14643.78,157.46,842.0,0
2023-10-29,SKU-5501,Apparel,82.0,12421.36,151.48,600.0,0
2023-10-30,SKU-5501,Apparel,70.0,10384.5,148.35,642.0,0
2023-10-31,SKU-5501,Apparel,,10170.08,149.56,427.0,0
2023-11-01,SKU-5501,Apparel,74.0,11499.6,155.4,612.0,0
2023-11-02,SKU-5501,Apparel,102.0,12991.74,127.37,362.0,1
2023-11-03,SKU-5501,Apparel,105.0,16407.3,156.26,778.0,0
2023-11-04,SKU-5501,Apparel,96.0,14781.12,153.97,304.0,0
2023-11-05,SKU-5501,Apparel,131.0,16739.18,127.78,413.0,1
2023-11-06,SKU-5501,Apparel,79.0,12192.86,154.34,898.0,0
2023-11-07,SKU-5501,Apparel,92.0,13926.04,151.37,727.0,0
2023-11-08,SKU-5501,Apparel,70.0,10342.5,147.75,515.0,0
2023-11-09,SKU-5501,Apparel,123.0,17900.19,145.53,954.0,0
2023-11-10,SKU-5501,Apparel,81.0,11821.95,145.95,760.0,0
2023-11-11,SKU-5501,Apparel,99.0,14887.62,150.38,382.0,0
2023-11-12,SKU-5501,Apparel,488.0548324318494,16455.44,155.24,711.0,0
2023-11-13,SKU-5501,Apparel,78.0,11249.94,144.23,411.0,0
2023-11-14,SKU-5501,Apparel,95.0,14357.35,151.13,695.0,0
2023-11-15,SKU-5501,Apparel,105.0,16412.55,156.31,828.0,0
2023-11-16,SKU-5501,Apparel,76.0,11393.92,149.92,588.0,0
2023-11-17,SKU-5501,Apparel,133.0,16957.5,127.5,514.0,1
2023-11-18,SKU-5501,Apparel,96.0,15068.16,156.96,315.0,0
2023-11-19,SKU-5501,Apparel,108.0,16077.96,148.87,797.0,0
2023-11-20,SKU-5501,Apparel,82.0,12606.68,153.74,351.0,0
2023-11-21,SKU-5501,Apparel,112.0,14728.0,131.5,821.0,1
2023-11-22,SKU-5501,Apparel,110.0,16215.1,147.41,586.0,0
2023-11-23,SKU-5501,Apparel,76.0,11236.6,147.85,958.0,0
2023-11-24,SKU-5501,Apparel,107.0,13245.53,123.79,518.0,1
2023-11-25,SKU-5501,Apparel,114.0,17022.48,149.32,437.0,0
2023-11-26,SKU-5501,Apparel,93.0,13384.56,143.92,571.0,0
2023-11-27,SKU-5501,Apparel,72.0,11093.04,154.07,941.0,0
2023-11-28,SKU-5501,Apparel,119.0,15603.28,131.12,809.0,1
2023-11-29,SKU-5501,Apparel,95.0,14383.95,151.41,824.0,0
2023-11-30,SKU-5501,Apparel,98.0,14490.28,147.86,842.0,0
2023-12-01,SKU-5501,Apparel,95.0,14957.75,157.45,845.0,0
2023-12-02,SKU-5501,Apparel,91.0,13902.07,152.77,721.0,0
2023-12-03,SKU-5501,Apparel,107.0,15837.07,148.01,902.0,0
2023-12-04,SKU-5501,Apparel,85.0,13027.1,153.26,984.0,0
2023-12-05,SKU-5501,Apparel,79.0,11609.05,146.95,948.0,0
2023-12-06,SKU-5501,Apparel,87.0,12514.95,143.85,923.0,0
2023-12-07,SKU-5501,Apparel,76.0,11833.96,155.71,399.0,0
2023-12-08,SKU-5501,Apparel,64.0,9763.2,152.55,478.0,0
2023-12-09,SKU-5501,Apparel,106.0,16439.54,155.09,476.0,0
2023-12-10,SKU-5501,Apparel,84.0,13153.56,156.59,521.0,0
2023-12-11,SKU-5501,Apparel,96.0,11960.64,124.59,462.0,1
2023-12-12,SKU-5501,Apparel,65.0,9354.15,143.91,454.0,0
2023-12-13,SKU-5501,Apparel,82.0,11776.02,143.61,915.0,0
2023-12-14,SKU-5501,Apparel,107.0,13128.9,122.7,627.0,1
2022-01-01,SKU-6623,Home,29.0,6135.53,211.57,339.0,1
2022-01-02,SKU-6623,Home,21.0,5134.92,244.52,271.0,0
2022-01-03,SKU-6623,Home,29.0,6176.42,212.98,239.0,1
2022-01-04,SKU-6623,Home,19.0,4569.5,240.5,214.0,0
2022-01-05,SKU-6623,Home,25.0,6138.0,245.52,172.0,0
2022-01-06,SKU-6623,Home,21.0,5368.65,255.65,371.0,0
2022-01-07,SKU-6623,Home,22.0,4858.26,220.83,296.0,1
2022-01-08,SKU-6623,Home,23.0,5543.0,241.0,265.0,0
2022-01-09,SKU-6623,Home,18.0,4645.26,258.07,220.0,0
2022-01-10,SKU-6623,Home,20.0,5227.4,261.37,326.0,0
2022-01-11,SKU-6623,Home,18.0,4698.18,261.01,281.0,0
2022-01-12,SKU-6623,Home,20.0,4920.4,246.02,380.0,0
2022-01-13,SKU-6623,Home,17.0,4225.18,248.54,368.0,0
2022-01-14,SKU-6623,Home,17.0,4061.47,238.91,153.0,0
2022-01-15,SKU-6623,Home,20.0,4981.8,249.09,218.0,0
2022-01-16,SKU-6623,Home,26.0,6211.66,238.91,362.0,0
2022-01-17,SKU-6623,Home,23.0,5540.93,240.91,124.0,0
2022-01-18,SKU-6623,Home,17.0,4418.64,259.92,252.0,0
2022-01-19,SKU-6623,Home,23.0,5483.66,238.42,190.0,0
2022-01-20,SKU-6623,Home,24.0,5174.4,215.6,279.0,1
2022-01-21,SKU-6623,Home,26.0,5427.5,208.75,239.0,1
2022-01-22,SKU-6623,Home,21.0,5022.36,239.16,327.0,0
2022-01-23,SKU-6623,Home,25.0,6329.75,253.19,213.0,0
2022-01-24,SKU-6623,Home,23.0,5607.17,243.79,216.0,0
2022-01-25,SKU-6623,Home,22.0,5255.14,238.87,213.0,0
2022-01-26,SKU-6623,Home,19.0,4609.97,242.63,173.0,0
2022-01-27,SKU-6623,Home,21.0,5039.79,239.99,188.0,0
2022-01-28,SKU-6623,Home,24.0,6158.16,256.59,159.0,0
2022-01-29,SKU-6623,Home,32.0,6579.2,205.6,376.0,1
2022-01-30,SKU-6623,Home,28.0,5715.92,204.14,141.0,1
2022-01-31,SKU-6623,Home,20.0,5207.8,260.39,129.0,0
2022-02-01,SKU-6623,Home,22.0,5703.5,259.25,125.0,0
2022-02-02,SKU-6623,Home,21.0,5102.16,242.96,385.0,0
2022-02-03,SKU-6623,Home,16.0,3836.64,239.79,365.0,0
2022-02-04,SKU-6623,Home,25.0,6436.0,257.44,304.0,0
2022-02-05,SKU-6623,Home,28.0,7092.96,253.32,380.0,0
2022-02-06,SKU-6623,Home,17.0,4332.28,254.84,181.0,0
2022-02-07,SKU-6623,Home,21.0,5387.13,256.53,295.0,0
2022-02-08,SKU-6623,Home,20.0,4821.2,241.06,259.0,0
2022-02-09,SKU-6623,Home,21.0,5165.79,245.99,348.0,0
2022-02-10,SKU-6623,Home,16.0,4097.12,256.07,239.0,0
2022-02-11,SKU-6623,Home,23.0,5718.49,248.63,264.0,0
2022-02-12,SKU-6623,Home,36.0,7715.16,214.31,363.0,1
2022-02-13,SKU-6623,Home,28.0,7134.96,254.82,354.0,0
2022-02-14,SKU-6623,Home,17.0,4376.65,257.45,241.0,0
2022-02-15,SKU-6623,Home,26.0,6703.32,257.82,321.0,0
2022-02-16,SKU-6623,Home,21.0,5492.97,261.57,255.0,0
2022-02-17,SKU-6623,Home,21.0,4999.89,,299.0,0
2022-02-18,SKU-6623,Home,16.0,4013.12,250.82,210.0,0
2022-02-19,SKU-6623,Home,23.0,5513.79,239.73,331.0,0
2022-02-20,SKU-6623,Home,26.0,6287.84,241.84,314.0,0
2022-02-21,SKU-6623,Home,25.0,5376.0,215.04,302.0,1
2022-02-22,SKU-6623,Home,14.0,3591.14,256.51,158.0,0
2022-02-23,SKU-6623,Home,23.0,5609.01,243.87,355.0,0
2022-02-24,SKU-6623,Home,22.0,5270.1,239.55,391.0,0
2022-02-25,SKU-6623,Home,15.0,3916.2,261.08,187.0,0
2022-02-26,SKU-6623,Home,28.0,6858.32,244.94,278.0,0
2022-02-27,SKU-6623,Home,22.0,5471.84,248.72,322.0,0
2022-02-28,SKU-6623,Home,19.0,4887.18,257.22,264.0,0
2022-03-01,SKU-6623,Home,17.0,4147.66,243.98,240.0,0
2022-03-02,SKU-6623,Home,20.0,4782.6,239.13,256.0,0
2022-03-03,SKU-6623,Home,25.0,6475.0,259.0,322.0,0
2022-03-04,SKU-6623,Home,21.0,5112.87,243.47,246.0,0
2022-03-05,SKU-6623,Home,30.0,6473.4,215.78,162.0,1
2022-03-06,SKU-6623,Home,29.0,7229.12,249.28,350.0,0
2022-03-07,SKU-6623,Home,23.0,5593.14,243.18,354.0,0
2022-03-08,SKU-6623,Home,22.0,5379.0,244.5,360.0,0
2022-03-09,SKU-6623,Home,27.0,6465.69,239.47,187.0,0
2022-03-10,SKU-6623,Home,20.0,5225.2,261.26,288.0,0
2022-03-11,SKU-6623,Home,24.0,5768.4,240.35,216.0,0
2022-03-12,SKU-6623,Home,23.0,5532.19,240.53,237.0,0
2022-03-13,SKU-6623,Home,26.0,6398.08,246.08,324.0,0
2022-03-14,SKU-6623,Home,24.0,6087.6,253.65,298.0,0
2022-03-15,SKU-6623,Home,27.0,5630.85,208.55,,1
2022-03-16,SKU-6623,Home,23.0,5743.56,249.72,232.0,0
2022-03-17,SKU-6623,Home,22.0,5382.08,244.64,176.0,0
2022-03-18,SKU-6623,Home,25.0,6124.5,244.98,220.0,0
2022-03-19,SKU-6623,Home,25.0,6442.75,257.71,385.0,0
2022-03-20,SKU-6623,Home,26.0,6221.54,239.29,,0
2022-03-21,SKU-6623,Home,21.0,5429.97,258.57,207.0,0
2022-03-22,SKU-6623,Home,24.0,5825.28,242.72,223.0,0
2022-03-23,SKU-6623,Home,27.0,5604.12,207.56,353.0,1
2022-03-24,SKU-6623,Home,26.0,6175.78,237.53,203.0,0
2022-03-25,SKU-6623,Home,21.0,5291.16,,161.0,0
2022-03-26,SKU-6623,Home,30.0,7459.2,248.64,178.0,0
2022-03-27,SKU-6623,Home,25.0,6516.25,260.65,184.0,0
2022-03-28,SKU-6623,Home,24.0,6094.08,253.92,187.0,0
2022-03-29,SKU-6623,Home,23.0,5581.64,242.68,139.0,0
2022-03-30,SKU-6623,Home,19.0,4713.33,248.07,204.0,0
2022-03-31,SKU-6623,Home,30.0,7745.7,258.19,315.0,0
2022-04-01,SKU-6623,Home,22.0,5525.52,251.16,390.0,0
2022-04-02,SKU-6623,Home,28.0,7084.84,253.03,213.0,0
2022-04-03,SKU-6623,Home,24.0,5953.68,248.07,217.0,0
2022-04-04,SKU-6623,Home,24.0,5792.88,241.37,384.0,0
2022-04-05,SKU-6623,Home,19.0,4792.56,252.24,291.0,0
2022-04-06,SKU-6623,Home,26.0,6416.28,246.78,377.0,0
2022-04-07,SKU-6623,Home,27.0,6520.23,241.49,164.0,0
2022-04-08,SKU-6623,Home,32.0,8141.44,254.42,354.0,0
2022-04-09,SKU-6623,Home,25.0,6322.75,252.91,275.0,0
2022-04-10,SKU-6623,Home,23.0,5608.09,243.83,122.0,0
2022-04-11,SKU-6623,Home,22.0,5532.56,251.48,209.0,0
2022-04-12,SKU-6623,Home,21.0,5076.75,241.75,174.0,0
2022-04-13,SKU-6623,Home,26.0,6625.06,254.81,193.0,0
2022-04-14,SKU-6623,Home,25.0,6453.5,258.14,356.0,0
2022-04-15,SKU-6623,Home,26.0,6736.86,259.11,284.0,0
2022-04-16,SKU-6623,Home,31.0,7855.4,253.4,287.0,0
2022-04-17,SKU-6623,Home,24.0,6095.52,253.98,179.0,0
