data/sample_sales_data.csv
date,product_id,category,sales_qty,revenue,price,inventory_qty,promotion_flag
2022-04-18,SKU-6623,Home,22.0,5760.26,261.83,332.0,0
2022-04-19,SKU-6623,Home,31.0,7574.54,244.34,256.0,0
2022-04-20,SKU-6623,Home,22.0,5474.7,248.85,333.0,0
2022-04-21,SKU-6623,Home,22.0,5531.24,251.42,356.0,0
2022-04-22,SKU-6623,Home,25.0,6310.5,252.42,399.0,0
2022-04-23,SKU-6623,Home,31.0,7961.42,256.82,186.0,0
2022-04-24,SKU-6623,Home,32.0,7872.0,246.0,142.0,0
2022-04-25,SKU-6623,Home,28.0,7276.92,259.89,374.0,0
2022-04-26,SKU-6623,Home,27.0,6682.23,247.49,211.0,0
2022-04-27,SKU-6623,Home,19.0,4683.12,246.48,350.0,0
2022-04-28,SKU-6623,Home,20.0,5107.4,255.37,139.0,0
2022-04-29,SKU-6623,Home,22.0,5531.46,251.43,184.0,0
2022-04-30,SKU-6623,Home,31.0,7806.73,251.83,211.0,0
2022-05-01,SKU-6623,Home,24.0,5750.4,239.6,230.0,0
2022-05-02,SKU-6623,Home,21.0,5184.27,246.87,,0
2022-05-03,SKU-6623,Home,19.0,4529.03,238.37,229.0,0
2022-05-04,SKU-6623,Home,30.0,7475.7,249.19,293.0,0
2022-05-05,SKU-6623,Home,30.0,7701.3,256.71,183.0,0
2022-05-06,SKU-6623,Home,27.0,6459.21,239.23,145.0,0
2022-05-07,SKU-6623,Home,35.0,8395.1,239.86,352.0,0
2022-05-08,SKU-6623,Home,20.0,5041.4,252.07,347.0,0
2022-05-09,SKU-6623,Home,22.0,5272.3,239.65,135.0,0
2022-05-10,SKU-6623,Home,,7179.48,256.41,247.0,0
2022-05-11,SKU-6623,Home,25.0,6313.75,252.55,282.0,0
2022-05-12,SKU-6623,Home,29.0,7233.18,249.42,296.0,0
2022-05-13,SKU-6623,Home,26.0,6694.74,257.49,275.0,0
2022-05-14,SKU-6623,Home,26.0,6423.82,247.07,354.0,0
2022-05-15,SKU-6623,Home,24.0,6269.28,261.22,159.0,0
2022-05-16,SKU-6623,Home,23.0,6033.13,262.31,187.0,0
2022-05-17,SKU-6623,Home,29.0,7575.67,261.23,366.0,0
2022-05-18,SKU-6623,Home,24.0,6059.52,252.48,263.0,0
2022-05-19,SKU-6623,Home,25.0,6091.75,243.67,205.0,0
2022-05-20,SKU-6623,Home,28.0,6811.84,243.28,371.0,0
2022-05-21,SKU-6623,Home,28.0,7171.64,256.13,185.0,0
2022-05-22,SKU-6623,Home,32.0,6685.44,208.92,260.0,1
2022-05-23,SKU-6623,Home,28.0,7007.84,250.28,289.0,0
2022-05-24,SKU-6623,Home,31.0,6484.89,209.19,265.0,1
2022-05-25,SKU-6623,Home,24.0,5822.64,242.61,237.0,0
2022-05-26,SKU-6623,Home,24.0,6152.64,256.36,189.0,0
2022-05-27,SKU-6623,Home,24.0,5798.64,241.61,339.0,0
2022-05-28,SKU-6623,Home,36.0,7504.92,208.47,260.0,1
2022-05-29,SKU-6623,Home,30.0,7813.2,260.44,368.0,0
2022-05-30,SKU-6623,Home,21.0,5153.4,245.4,135.0,0
2022-05-31,SKU-6623,Home,25.0,6228.25,249.13,183.0,0
2022-06-01,SKU-6623,Home,23.0,5667.66,246.42,297.0,0
2022-06-02,SKU-6623,Home,27.0,6903.9,255.7,288.0,0
2022-06-03,SKU-6623,Home,24.0,6035.76,251.49,360.0,0
2022-06-04,SKU-6623,Home,26.0,6303.44,242.44,345.0,0
2022-06-05,SKU-6623,Home,32.0,8215.04,256.72,137.0,0
2022-06-06,SKU-6623,Home,28.0,6968.92,248.89,254.0,0
2022-06-07,SKU-6623,Home,27.0,6850.44,253.72,371.0,0
2022-06-08,SKU-6623,Home,25.0,6274.0,250.96,375.0,0
2022-06-09,SKU-6623,Home,26.0,6387.16,245.66,331.0,0
2022-06-10,SKU-6623,Home,25.0,6251.25,250.05,374.0,0
2022-06-11,SKU-6623,Home,33.0,8083.35,244.95,338.0,0
2022-06-12,SKU-6623,Home,31.0,7732.02,249.42,228.0,0
2022-06-13,SKU-6623,Home,20.0,5155.4,257.77,385.0,0
2022-06-14,SKU-6623,Home,22.0,5491.2,249.6,342.0,0
2022-06-15,SKU-6623,Home,31.0,6469.7,208.7,267.0,1
2022-06-16,SKU-6623,Home,28.0,6671.28,238.26,356.0,0
2022-06-17,SKU-6623,Home,27.0,6876.36,,207.0,0
2022-06-18,SKU-6623,Home,33.0,8029.56,243.32,257.0,0
2022-06-19,SKU-6623,Home,30.0,7247.4,241.58,149.0,0
2022-06-20,SKU-6623,Home,23.0,5863.16,254.92,323.0,0
2022-06-21,SKU-6623,Home,22.0,5372.4,244.2,208.0,0
2022-06-22,SKU-6623,Home,26.0,6296.16,242.16,172.0,0
2022-06-23,SKU-6623,Home,37.0,8022.34,216.82,353.0,1
2022-06-24,SKU-6623,Home,28.0,5827.92,208.14,219.0,1
2022-06-25,SKU-6623,Home,34.0,8650.62,254.43,311.0,0
2022-06-26,SKU-6623,Home,32.0,7814.4,244.2,375.0,0
2022-06-27,SKU-6623,Home,25.0,6174.0,246.96,144.0,0
2022-06-28,SKU-6623,Home,30.0,7578.3,252.61,296.0,0
2022-06-29,SKU-6623,Home,28.0,6797.56,242.77,186.0,0
2022-06-30,SKU-6623,Home,35.0,7535.5,215.3,272.0,1
2022-07-01,SKU-6623,Home,25.0,6092.75,243.71,396.0,0
2022-07-02,SKU-6623,Home,28.0,6988.8,249.6,371.0,0
2022-07-03,SKU-6623,Home,28.0,7260.68,259.31,291.0,0
2022-07-04,SKU-6623,Home,28.0,7097.44,253.48,185.0,0
2022-07-05,SKU-6623,Home,24.0,5991.84,249.66,213.0,0
2022-07-06,SKU-6623,Home,24.0,5891.52,245.48,373.0,0
2022-07-07,SKU-6623,Home,28.0,5663.28,202.26,148.0,1
2022-07-08,SKU-6623,Home,20.0,4953.8,247.69,396.0,0
2022-07-09,SKU-6623,Home,34.0,8151.84,239.76,385.0,0
2022-07-10,SKU-6623,Home,29.0,7162.13,246.97,356.0,0
2022-07-11,SKU-6623,Home,28.0,6862.24,245.08,298.0,0
2022-07-12,SKU-6623,Home,24.0,6169.68,257.07,243.0,0
2022-07-13,SKU-6623,Home,33.0,6688.11,202.67,320.0,1
2022-07-14,SKU-6623,Home,31.0,7412.72,239.12,250.0,0
2022-07-15,SKU-6623,Home,22.0,5769.94,262.27,197.0,0
2022-07-16,SKU-6623,Home,29.0,7203.6,248.4,163.0,0
2022-07-17,SKU-6623,Home,27.0,7052.94,261.22,195.0,0
2022-07-18,SKU-6623,Home,27.0,7064.55,261.65,156.0,0
2022-07-19,SKU-6623,Home,23.0,5500.91,239.17,399.0,0
2022-07-20,SKU-6623,Home,25.0,6166.5,246.66,134.0,0
2022-07-21,SKU-6623,Home,23.0,5683.3,247.1,359.0,0
2022-07-22,SKU-6623,Home,22.0,5675.12,257.96,168.0,0
2022-07-23,SKU-6623,Home,26.0,6338.28,243.78,209.0,0
2022-07-24,SKU-6623,Home,31.0,7651.42,246.82,218.0,0
2022-07-25,SKU-6623,Home,26.0,6232.98,239.73,242.0,0
2022-07-26,SKU-6623,Home,19.0,4513.26,237.54,245.0,0
2022-07-27,SKU-6623,Home,18.0,4603.14,255.73,364.0,0
2022-07-28,SKU-6623,Home,24.0,6215.76,258.99,318.0,0
2022-07-29,SKU-6623,Home,25.0,6330.0,253.2,197.0,0
2022-07-30,SKU-6623,Home,21.0,5096.07,242.67,220.0,0
2022-07-31,SKU-6623,Home,26.0,6421.48,246.98,375.0,0
2022-08-01,SKU-6623,Home,24.0,5781.84,240.91,184.0,0
2022-08-02,SKU-6623,Home,29.0,7446.62,256.78,130.0,0
2022-08-03,SKU-6623,Home,20.0,4870.6,243.53,178.0,0
2022-08-04,SKU-6623,Home,19.0,4884.9,257.1,230.0,0
2022-08-05,SKU-6623,Home,28.0,5869.64,209.63,241.0,1
2022-08-06,SKU-6623,Home,27.0,7059.96,261.48,291.0,0
2022-08-07,SKU-6623,Home,22.0,5492.52,249.66,326.0,0
2022-08-08,SKU-6623,Home,29.0,7403.12,255.28,134.0,0
2022-08-09,SKU-6623,Home,24.0,5778.72,240.78,334.0,0
2022-08-10,SKU-6623,Home,26.0,6204.9,238.65,272.0,0
2022-08-11,SKU-6623,Home,22.0,5668.3,257.65,142.0,0
2022-08-12,SKU-6623,Home,25.0,6038.0,241.52,393.0,0
2022-08-13,SKU-6623,Home,27.0,6557.22,242.86,326.0,0
2022-08-14,SKU-6623,Home,27.0,7077.24,262.12,384.0,0
2022-08-15,SKU-6623,Home,25.0,5996.75,239.87,393.0,0
2022-08-16,SKU-6623,Home,21.0,5032.65,239.65,319.0,0
2022-08-17,SKU-6623,Home,21.0,5329.17,253.77,152.0,0
2022-08-18,SKU-6623,Home,17.0,4407.93,259.29,245.0,0
2022-08-19,SKU-6623,Home,24.0,6064.08,252.67,380.0,0
2022-08-20,SKU-6623,Home,23.0,5802.21,252.27,396.0,0
2022-08-21,SKU-6623,Home,20.0,4754.2,237.71,167.0,0
2022-08-22,SKU-6623,Home,21.0,5151.93,245.33,170.0,0
2022-08-23,SKU-6623,Home,20.0,4975.0,248.75,213.0,0
2022-08-24,SKU-6623,Home,27.0,6931.98,256.74,277.0,0
2022-08-25,SKU-6623,Home,21.0,5326.02,253.62,219.0,0
2022-08-26,SKU-6623,Home,22.0,5590.86,254.13,142.0,0
2022-08-27,SKU-6623,Home,33.0,7922.31,240.07,321.0,0
2022-08-28,SKU-6623,Home,25.0,6554.0,262.16,208.0,0
2022-08-29,SKU-6623,Home,20.0,4829.2,241.46,247.0,0
2022-08-30,SKU-6623,Home,21.0,5428.08,258.48,128.0,0
2022-08-31,SKU-6623,Home,23.0,5617.29,244.23,344.0,0
2022-09-01,SKU-6623,Home,31.0,6494.81,209.51,253.0,1
2022-09-02,SKU-6623,Home,32.0,6569.92,205.31,373.0,1
2022-09-03,SKU-6623,Home,42.0,8986.32,213.96,221.0,1
2022-09-04,SKU-6623,Home,25.0,6434.0,257.36,147.0,0
2022-09-05,SKU-6623,Home,25.0,6209.75,248.39,236.0,0
2022-09-06,SKU-6623,Home,21.0,5191.62,247.22,133.0,0
2022-09-07,SKU-6623,Home,27.0,7067.79,261.77,224.0,0
2022-09-08,SKU-6623,Home,18.0,4298.58,238.81,311.0,0
2022-09-09,SKU-6623,Home,29.0,7026.12,242.28,234.0,0
2022-09-10,SKU-6623,Home,28.0,6791.96,242.57,246.0,0
2022-09-11,SKU-6623,Home,44.0,9202.6,209.15,150.0,1
2022-09-12,SKU-6623,Home,28.0,6678.28,238.51,176.0,0
2022-09-13,SKU-6623,Home,30.0,7472.1,249.07,339.0,0
2022-09-14,SKU-6623,Home,25.0,6035.25,241.41,242.0,0
2022-09-15,SKU-6623,Home,41.0,8711.68,212.48,380.0,1
2022-09-16,SKU-6623,Home,27.0,6002.37,222.31,189.0,1
2022-09-17,SKU-6623,Home,34.0,7179.44,211.16,265.0,1
2022-09-18,SKU-6623,Home,30.0,7443.3,248.11,206.0,0
2022-09-19,SKU-6623,Home,27.0,6504.57,240.91,368.0,0
2022-09-20,SKU-6623,Home,23.0,5720.1,248.7,196.0,0
2022-09-21,SKU-6623,Home,39.0,8304.66,212.94,303.0,1
2022-09-22,SKU-6623,Home,24.0,6063.84,252.66,289.0,0
2022-09-23,SKU-6623,Home,28.0,7313.04,261.18,158.0,0
2022-09-24,SKU-6623,Home,31.0,8081.7,260.7,351.0,0
2022-09-25,SKU-6623,Home,26.0,6338.8,243.8,247.0,0
2022-09-26,SKU-6623,Home,33.0,7217.1,218.7,155.0,1
2022-09-27,SKU-6623,Home,22.0,5489.44,249.52,397.0,0
2022-09-28,SKU-6623,Home,20.0,5221.8,261.09,131.0,0
2022-09-29,SKU-6623,Home,26.0,6183.32,237.82,314.0,0
2022-09-30,SKU-6623,Home,20.0,4932.6,246.63,375.0,0
2022-10-01,SKU-6623,Home,38.0,9398.92,247.34,183.0,0
2022-10-02,SKU-6623,Home,39.0,9520.29,244.11,265.0,0
2022-10-03,SKU-6623,Home,31.0,7557.8,243.8,177.0,0
2022-10-04,SKU-6623,Home,30.0,7513.2,250.44,226.0,0
2022-10-05,SKU-6623,Home,47.0,10063.17,214.11,386.0,1
2022-10-06,SKU-6623,Home,29.0,7176.92,247.48,394.0,0
2022-10-07,SKU-6623,Home,40.0,10102.8,252.57,396.0,0
2022-10-08,SKU-6623,Home,55.0,11581.35,210.57,272.0,1
2022-10-09,SKU-6623,Home,43.0,9195.12,213.84,121.0,1
2022-10-10,SKU-6623,Home,29.0,7539.71,259.99,379.0,0
2022-10-11,SKU-6623,Home,38.0,8293.5,218.25,211.0,1
2022-10-12,SKU-6623,Home,32.0,8277.12,258.66,325.0,0
2022-10-13,SKU-6623,Home,47.0,10292.06,218.98,223.0,1
2022-10-14,SKU-6623,Home,34.0,8170.54,240.31,217.0,0
2022-10-15,SKU-6623,Home,62.0,14743.6,237.8,204.0,0
2022-10-16,SKU-6623,Home,43.0,11023.05,256.35,150.0,0
2022-10-17,SKU-6623,Home,38.0,9946.88,261.76,320.0,0
2022-10-18,SKU-6623,Home,43.0,10872.55,252.85,345.0,0
2022-10-19,SKU-6623,Home,42.0,10054.8,239.4,315.0,0
2022-10-20,SKU-6623,Home,43.0,10718.18,249.26,387.0,0
2022-10-21,SKU-6623,Home,50.0,12218.0,244.36,273.0,0
2022-10-22,SKU-6623,Home,57.0,14937.99,262.07,360.0,0
2022-10-23,SKU-6623,Home,29.0,7160.39,246.91,308.0,0
2022-10-24,SKU-6623,Home,54.0,11358.36,210.34,282.0,1
2022-10-25,SKU-6623,Home,49.0,11640.93,237.57,246.0,0
2022-10-26,SKU-6623,Home,39.0,8441.94,216.46,125.0,1
2022-10-27,SKU-6623,Home,33.0,8650.95,262.15,170.0,0
2022-10-28,SKU-6623,Home,34.0,8427.58,247.87,380.0,0
2022-10-29,SKU-6623,Home,37.0,9500.86,256.78,305.0,0
2022-10-30,SKU-6623,Home,42.0,10323.6,245.8,163.0,0
2022-10-31,SKU-6623,Home,30.0,7263.0,242.1,202.0,0
2022-11-01,SKU-6623,Home,35.0,8555.75,244.45,363.0,0
2022-11-02,SKU-6623,Home,41.0,10340.2,252.2,279.0,0
2022-11-03,SKU-6623,Home,32.0,7960.32,248.76,211.0,0
2022-11-04,SKU-6623,Home,35.0,9108.05,260.23,122.0,0
2022-11-05,SKU-6623,Home,41.0,10001.95,243.95,130.0,0
2022-11-06,SKU-6623,Home,46.0,11352.8,246.8,357.0,0
2022-11-07,SKU-6623,Home,35.0,9091.95,259.77,321.0,0
2022-11-08,SKU-6623,Home,39.0,10038.21,257.39,236.0,0
2022-11-09,SKU-6623,Home,31.0,8020.63,258.73,364.0,0
2022-11-10,SKU-6623,Home,38.0,9539.9,251.05,145.0,0
2022-11-11,SKU-6623,Home,43.0,9319.39,216.73,190.0,1
2022-11-12,SKU-6623,Home,36.0,8647.92,240.22,150.0,0
2022-11-13,SKU-6623,Home,44.0,10669.56,242.49,187.0,0
2022-11-14,SKU-6623,Home,40.0,9935.6,248.39,140.0,0
2022-11-15,SKU-6623,Home,37.0,9590.77,259.21,370.0,0
2022-11-16,SKU-6623,Home,38.0,9203.22,242.19,245.0,0
2022-11-17,SKU-6623,Home,54.0,10924.74,202.31,266.0,1
2022-11-18,SKU-6623,Home,42.0,10222.38,243.39,158.0,0
2022-11-19,SKU-6623,Home,45.0,11151.9,247.82,333.0,0
2022-11-20,SKU-6623,Home,51.0,12507.24,245.24,391.0,0
2022-11-21,SKU-6623,Home,43.0,11136.57,258.99,316.0,0
2022-11-22,SKU-6623,Home,33.0,8631.48,261.56,303.0,0
2022-11-23,SKU-6623,Home,29.0,7526.95,259.55,244.0,0
2022-11-24,SKU-6623,Home,40.0,10455.2,261.38,174.0,0
2022-11-25,SKU-6623,Home,37.0,9131.97,246.81,247.0,0
2022-11-26,SKU-6623,Home,38.0,9347.24,245.98,318.0,0
2022-11-27,SKU-6623,Home,44.0,11237.6,255.4,216.0,0
2022-11-28,SKU-6623,Home,37.0,9432.78,254.94,261.0,0
2022-11-29,SKU-6623,Home,39.0,9953.58,255.22,157.0,0
2022-11-30,SKU-6623,Home,36.0,9320.04,258.89,145.0,0
2022-12-01,SKU-6623,Home,38.0,9333.56,245.62,127.0,0
2022-12-02,SKU-6623,Home,31.0,7606.78,245.38,266.0,0
2022-12-03,SKU-6623,Home,44.0,11384.12,258.73,254.0,0
2022-12-04,SKU-6623,Home,44.0,10614.12,241.23,251.0,0
2022-12-05,SKU-6623,Home,31.0,8029.93,259.03,347.0,0
2022-12-06,SKU-6623,Home,33.0,8415.0,255.0,351.0,0
2022-12-07,SKU-6623,Home,39.0,10018.71,256.89,200.0,0
2022-12-08,SKU-6623,Home,26.0,6490.9,249.65,144.0,0
2022-12-09,SKU-6623,Home,32.0,7990.4,249.7,383.0,0
2022-12-10,SKU-6623,Home,31.0,7569.58,244.18,243.0,0
2022-12-11,SKU-6623,Home,39.0,10135.71,259.89,196.0,0
2022-12-12,SKU-6623,Home,36.0,8946.36,248.51,317.0,0
2022-12-13,SKU-6623,Home,55.0,11807.95,214.69,282.0,1
2022-12-14,SKU-6623,Home,34.0,8307.9,244.35,287.0,0
2022-12-15,SKU-6623,Home,32.0,8084.16,252.63,312.0,0
2022-12-16,SKU-6623,Home,38.0,8006.98,210.71,205.0,1
2022-12-17,SKU-6623,Home,31.0,7737.91,249.61,352.0,0
2022-12-18,SKU-6623,Home,53.0,11053.68,208.56,352.0,1
2022-12-19,SKU-6623,Home,37.0,8141.48,220.04,226.0,1
2022-12-20,SKU-6623,Home,45.0,11601.45,257.81,310.0,0
2022-12-21,SKU-6623,Home,48.0,12473.28,259.86,320.0,0
2022-12-22,SKU-6623,Home,59.0,11942.19,202.41,340.0,1
2022-12-23,SKU-6623,Home,43.0,10230.13,237.91,348.0,0
2022-12-24,SKU-6623,Home,42.0,10147.62,241.61,186.0,0
2022-12-25,SKU-6623,Home,41.0,10444.34,254.74,234.0,0
2022-12-26,SKU-6623,Home,47.0,11449.2,243.6,152.0,0
2022-12-27,SKU-6623,Home,50.0,12768.5,255.37,323.0,0
2022-12-28,SKU-6623,Home,51.0,12668.91,248.41,341.0,0
2022-12-29,SKU-6623,Home,43.0,10818.37,251.59,153.0,0
2022-12-30,SKU-6623,Home,47.0,11820.97,251.51,231.0,0
2022-12-31,SKU-6623,Home,49.0,11758.04,239.96,394.0,0
2023-01-01,SKU-6623,Home,24.0,5729.52,238.73,314.0,0
2023-01-02,SKU-6623,Home,20.0,4887.8,244.39,169.0,0
2023-01-03,SKU-6623,Home,15.0,3727.35,248.49,136.0,0
2023-01-04,SKU-6623,Home,17.0,4356.08,256.24,262.0,0
2023-01-05,SKU-6623,Home,28.0,5696.6,203.45,200.0,1
2023-01-06,SKU-6623,Home,18.0,4487.94,249.33,344.0,0
2023-01-07,SKU-6623,Home,24.0,5717.04,238.21,124.0,0
2023-01-08,SKU-6623,Home,26.0,6490.12,249.62,149.0,0
2023-01-09,SKU-6623,Home,22.0,5564.24,252.92,262.0,0
2023-01-10,SKU-6623,Home,21.0,5406.24,257.44,286.0,0
2023-01-11,SKU-6623,Home,24.0,4993.92,208.08,334.0,1
2023-01-12,SKU-6623,Home,22.0,5601.42,254.61,180.0,0
2023-01-13,SKU-6623,Home,17.0,4103.8,241.4,341.0,0
2023-01-14,SKU-6623,Home,23.0,5765.64,250.68,372.0,0
2023-01-15,SKU-6623,Home,23.0,5544.61,241.07,148.0,0
2023-01-16,SKU-6623,Home,20.0,5004.0,250.2,399.0,0
2023-01-17,SKU-6623,Home,17.0,4127.94,242.82,224.0,0
2023-01-18,SKU-6623,Home,17.0,4320.38,254.14,387.0,0
2023-01-19,SKU-6623,Home,17.0,4145.96,243.88,144.0,0
2023-01-20,SKU-6623,Home,18.0,4536.72,252.04,156.0,0
2023-01-21,SKU-6623,Home,21.0,5304.39,252.59,370.0,0
2023-01-22,SKU-6623,Home,30.0,6313.8,210.46,309.0,1
2023-01-23,SKU-6623,Home,20.0,4897.2,244.86,333.0,0
2023-01-24,SKU-6623,Home,22.0,5324.44,242.02,343.0,0
2023-01-25,SKU-6623,Home,16.0,4066.56,254.16,283.0,0
2023-01-26,SKU-6623,Home,20.0,5108.8,255.44,291.0,0
2023-01-27,SKU-6623,Home,23.0,5783.81,251.47,136.0,0
2023-01-28,SKU-6623,Home,19.0,4603.89,242.31,195.0,0
2023-01-29,SKU-6623,Home,21.0,5361.72,255.32,366.0,0
2023-01-30,SKU-6623,Home,21.0,5441.1,259.1,286.0,0
2023-01-31,SKU-6623,Home,21.0,5280.45,251.45,135.0,0
2023-02-01,SKU-6623,Home,22.0,5673.36,257.88,210.0,0
2023-02-02,SKU-6623,Home,21.0,5502.21,262.01,390.0,0
2023-02-03,SKU-6623,Home,19.0,4813.84,253.36,351.0,0
2023-02-04,SKU-6623,Home,36.0,7576.2,210.45,361.0,1
2023-02-05,SKU-6623,Home,27.0,7066.98,261.74,168.0,0
2023-02-06,SKU-6623,Home,19.0,4961.09,261.11,291.0,0
2023-02-07,SKU-6623,Home,18.0,4408.74,244.93,251.0,0
2023-02-08,SKU-6623,Home,20.0,4844.8,242.24,,0
2023-02-09,SKU-6623,Home,19.0,4857.16,255.64,308.0,0
2023-02-10,SKU-6623,Home,21.0,5392.59,256.79,138.0,0
2023-02-11,SKU-6623,Home,23.0,5638.22,245.14,248.0,0
2023-02-12,SKU-6623,Home,25.0,6458.0,258.32,132.0,0
2023-02-13,SKU-6623,Home,22.0,5476.9,248.95,278.0,0
2023-02-14,SKU-6623,Home,15.0,3805.95,253.73,367.0,0
2023-02-15,SKU-6623,Home,20.0,5177.8,258.89,241.0,0
2023-02-16,SKU-6623,Home,16.0,3900.16,243.76,213.0,0
2023-02-17,SKU-6623,Home,17.0,4089.01,240.53,380.0,0
2023-02-18,SKU-6623,Home,25.0,6225.5,249.02,190.0,0
2023-02-19,SKU-6623,Home,29.0,7051.93,243.17,247.0,0
2023-02-20,SKU-6623,Home,12.0,2963.4,246.95,311.0,0
2023-02-21,SKU-6623,Home,18.0,4613.4,256.3,245.0,0
2023-02-22,SKU-6623,Home,22.0,5468.98,248.59,199.0,0
2023-02-23,SKU-6623,Home,21.0,5484.15,261.15,319.0,0
2023-02-24,SKU-6623,Home,19.0,4966.79,261.41,340.0,0
2023-02-25,SKU-6623,Home,22.0,5659.72,257.26,257.0,0
2023-02-26,SKU-6623,Home,21.0,5447.61,259.41,358.0,0
2023-02-27,SKU-6623,Home,18.0,4544.46,252.47,187.0,0
2023-02-28,SKU-6623,Home,19.0,4761.59,250.61,234.0,0
2023-03-01,SKU-6623,Home,22.0,5337.64,242.62,311.0,0
2023-03-02,SKU-6623,Home,22.0,5733.86,260.63,245.0,0
2023-03-03,SKU-6623,Home,20.0,5248.8,262.44,330.0,0
2023-03-04,SKU-6623,Home,22.0,5230.28,237.74,199.0,0
2023-03-05,SKU-6623,Home,132.0247211983221,6017.49,261.63,161.0,0
2023-03-06,SKU-6623,Home,26.0,6320.34,243.09,357.0,0
2023-03-07,SKU-6623,Home,26.0,5352.1,205.85,247.0,1
2023-03-08,SKU-6623,Home,25.0,6114.0,244.56,210.0,0
2023-03-09,SKU-6623,Home,19.0,4755.32,250.28,298.0,0
2023-03-10,SKU-6623,Home,17.0,4077.62,239.86,208.0,0
2023-03-11,SKU-6623,Home,24.0,5748.24,239.51,163.0,0
2023-03-12,SKU-6623,Home,29.0,6916.79,238.51,330.0,0
2023-03-13,SKU-6623,Home,24.0,5969.76,248.74,313.0,0
2023-03-14,SKU-6623,Home,27.0,6497.82,240.66,133.0,0
2023-03-15,SKU-6623,Home,18.0,4717.44,262.08,212.0,0
2023-03-16,SKU-6623,Home,19.0,4554.11,239.69,296.0,0
2023-03-17,SKU-6623,Home,24.0,5928.24,247.01,335.0,0
2023-03-18,SKU-6623,Home,25.0,6059.5,242.38,152.0,0
2023-03-19,SKU-6623,Home,22.0,5345.56,242.98,140.0,0
2023-03-20,SKU-6623,Home,24.0,6226.08,259.42,178.0,0
2023-03-21,SKU-6623,Home,24.0,6156.48,256.52,358.0,0
2023-03-22,SKU-6623,Home,28.0,6116.32,218.44,219.0,1
