data/sample_sales_data.csv
date,product_id,category,sales_qty,revenue,price,inventory_qty,promotion_flag
2023-03-23,SKU-6623,Home,25.0,6095.0,243.8,226.0,0
2023-03-24,SKU-6623,Home,26.0,6747.78,259.53,292.0,0
2023-03-25,SKU-6623,Home,25.0,6053.5,242.14,334.0,0
2023-03-26,SKU-6623,Home,37.0,7896.91,213.43,252.0,1
2023-03-27,SKU-6623,Home,24.0,6183.6,257.65,239.0,0
2023-03-28,SKU-6623,Home,18.0,3735.18,207.51,124.0,1
2023-03-29,SKU-6623,Home,20.0,5086.0,254.3,391.0,0
2023-03-30,SKU-6623,Home,34.0,6990.06,205.59,214.0,1
2023-03-31,SKU-6623,Home,34.0,7004.0,206.0,236.0,1
2023-04-01,SKU-6623,Home,29.0,6911.28,238.32,139.0,0
2023-04-02,SKU-6623,Home,28.0,6989.64,249.63,176.0,0
2023-04-03,SKU-6623,Home,21.0,5512.5,262.5,258.0,0
2023-04-04,SKU-6623,Home,26.0,6540.82,251.57,143.0,0
2023-04-05,SKU-6623,Home,24.0,6221.28,259.22,236.0,0
2023-04-06,SKU-6623,Home,23.0,5487.34,238.58,215.0,0
2023-04-07,SKU-6623,Home,20.0,4785.0,239.25,237.0,0
2023-04-08,SKU-6623,Home,28.0,6838.44,244.23,349.0,0
2023-04-09,SKU-6623,Home,28.0,7174.44,256.23,205.0,0
2023-04-10,SKU-6623,Home,30.0,7491.3,249.71,232.0,0
2023-04-11,SKU-6623,Home,23.0,5734.82,249.34,387.0,0
2023-04-12,SKU-6623,Home,23.0,5670.65,246.55,330.0,0
2023-04-13,SKU-6623,Home,24.0,5152.8,214.7,380.0,1
2023-04-14,SKU-6623,Home,29.0,6022.43,207.67,120.0,1
2023-04-15,SKU-6623,Home,,8532.15,258.55,321.0,0
2023-04-16,SKU-6623,Home,28.0,7163.8,255.85,199.0,0
2023-04-17,SKU-6623,Home,25.0,6436.0,257.44,129.0,0
2023-04-18,SKU-6623,Home,26.0,6656.52,256.02,354.0,0
2023-04-19,SKU-6623,Home,24.0,6097.68,254.07,356.0,0
2023-04-20,SKU-6623,Home,21.0,5125.89,244.09,372.0,0
2023-04-21,SKU-6623,Home,24.0,6224.4,259.35,279.0,0
2023-04-22,SKU-6623,Home,36.0,7722.0,214.5,344.0,1
2023-04-23,SKU-6623,Home,19.0,4705.92,247.68,127.0,0
2023-04-24,SKU-6623,Home,22.0,5607.14,254.87,348.0,0
2023-04-25,SKU-6623,Home,21.0,5137.23,244.63,265.0,0
2023-04-26,SKU-6623,Home,23.0,5899.04,256.48,339.0,0
2023-04-27,SKU-6623,Home,26.0,6244.68,240.18,201.0,0
2023-04-28,SKU-6623,Home,,5577.5,242.5,347.0,0
2023-04-29,SKU-6623,Home,31.0,7593.14,244.94,277.0,0
2023-04-30,SKU-6623,Home,24.0,5714.4,238.1,258.0,0
2023-05-01,SKU-6623,Home,28.0,6676.04,238.43,260.0,0
2023-05-02,SKU-6623,Home,20.0,4827.2,241.36,361.0,0
2023-05-03,SKU-6623,Home,21.0,5386.5,256.5,255.0,0
2023-05-04,SKU-6623,Home,25.0,6402.5,256.1,268.0,0
2023-05-05,SKU-6623,Home,20.0,5246.6,262.33,391.0,0
2023-05-06,SKU-6623,Home,24.0,6040.08,251.67,334.0,0
2023-05-07,SKU-6623,Home,28.0,7039.76,251.42,189.0,0
2023-05-08,SKU-6623,Home,23.0,5937.22,258.14,367.0,0
2023-05-09,SKU-6623,Home,30.0,6361.5,212.05,149.0,1
2023-05-10,SKU-6623,Home,23.0,6035.89,262.43,199.0,0
2023-05-11,SKU-6623,Home,27.0,7084.26,262.38,141.0,0
2023-05-12,SKU-6623,Home,23.0,5636.61,245.07,176.0,0
2023-05-13,SKU-6623,Home,33.0,8602.77,260.69,296.0,0
2023-05-14,SKU-6623,Home,24.0,5876.16,244.84,161.0,0
2023-05-15,SKU-6623,Home,21.0,4988.34,237.54,324.0,0
2023-05-16,SKU-6623,Home,27.0,6809.4,252.2,331.0,0
2023-05-17,SKU-6623,Home,24.0,6049.2,252.05,342.0,0
2023-05-18,SKU-6623,Home,25.0,5201.5,208.06,320.0,1
2023-05-19,SKU-6623,Home,22.0,5489.88,249.54,167.0,0
2023-05-20,SKU-6623,Home,25.0,6148.75,245.95,154.0,0
2023-05-21,SKU-6623,Home,33.0,8199.84,248.48,310.0,0
2023-05-22,SKU-6623,Home,26.0,6705.14,257.89,295.0,0
2023-05-23,SKU-6623,Home,23.0,5838.09,253.83,242.0,0
2023-05-24,SKU-6623,Home,25.0,6239.5,249.58,280.0,0
2023-05-25,SKU-6623,Home,24.0,6039.12,251.63,121.0,0
2023-05-26,SKU-6623,Home,19.0,4853.36,255.44,208.0,0
2023-05-27,SKU-6623,Home,26.0,6379.1,245.35,224.0,0
2023-05-28,SKU-6623,Home,32.0,8145.6,254.55,297.0,0
2023-05-29,SKU-6623,Home,18.0,4497.48,249.86,284.0,0
2023-05-30,SKU-6623,Home,27.0,6636.6,245.8,137.0,0
2023-05-31,SKU-6623,Home,27.0,6956.82,257.66,305.0,0
2023-06-01,SKU-6623,Home,23.0,5752.3,250.1,347.0,0
2023-06-02,SKU-6623,Home,25.0,6533.0,261.32,306.0,0
2023-06-03,SKU-6623,Home,22.0,5703.72,259.26,383.0,0
2023-06-04,SKU-6623,Home,30.0,7308.3,243.61,373.0,0
2023-06-05,SKU-6623,Home,22.0,5735.62,260.71,343.0,0
2023-06-06,SKU-6623,Home,,7019.3,206.45,321.0,1
2023-06-07,SKU-6623,Home,19.0,4783.44,251.76,186.0,0
2023-06-08,SKU-6623,Home,30.0,7669.8,255.66,375.0,0
2023-06-09,SKU-6623,Home,28.0,7044.24,251.58,315.0,0
2023-06-10,SKU-6623,Home,30.0,7625.7,254.19,392.0,0
2023-06-11,SKU-6623,Home,26.0,6543.42,251.67,322.0,0
2023-06-12,SKU-6623,Home,27.0,6805.89,252.07,291.0,0
2023-06-13,SKU-6623,Home,20.0,4996.2,249.81,359.0,0
2023-06-14,SKU-6623,Home,26.0,6456.58,248.33,273.0,0
2023-06-15,SKU-6623,Home,30.0,7275.6,242.52,397.0,0
2023-06-16,SKU-6623,Home,28.0,6655.04,237.68,310.0,0
2023-06-17,SKU-6623,Home,33.0,8476.71,256.87,308.0,0
2023-06-18,SKU-6623,Home,30.0,7429.5,247.65,289.0,0
2023-06-19,SKU-6623,Home,23.0,6029.22,262.14,222.0,0
2023-06-20,SKU-6623,Home,23.0,5813.02,252.74,310.0,0
2023-06-21,SKU-6623,Home,31.0,8083.87,260.77,370.0,0
2023-06-22,SKU-6623,Home,26.0,6605.04,254.04,371.0,0
2023-06-23,SKU-6623,Home,24.0,5809.68,242.07,152.0,0
2023-06-24,SKU-6623,Home,24.0,6080.4,253.35,364.0,0
2023-06-25,SKU-6623,Home,28.0,7105.0,253.75,155.0,0
2023-06-26,SKU-6623,Home,23.0,5498.84,239.08,288.0,0
2023-06-27,SKU-6623,Home,25.0,6041.0,241.64,160.0,0
2023-06-28,SKU-6623,Home,23.0,5531.27,240.49,165.0,0
2023-06-29,SKU-6623,Home,29.0,7546.96,260.24,127.0,0
2023-06-30,SKU-6623,Home,28.0,6730.36,240.37,319.0,0
2023-07-01,SKU-6623,Home,36.0,9046.44,251.29,316.0,0
2023-07-02,SKU-6623,Home,21.0,5173.56,246.36,314.0,0
2023-07-03,SKU-6623,Home,23.0,5784.96,251.52,304.0,0
2023-07-04,SKU-6623,Home,23.0,5501.37,239.19,223.0,0
2023-07-05,SKU-6623,Home,24.0,6143.04,255.96,254.0,0
2023-07-06,SKU-6623,Home,27.0,6767.28,250.64,369.0,0
2023-07-07,SKU-6623,Home,24.0,6209.52,258.73,158.0,0
2023-07-08,SKU-6623,Home,29.0,7168.51,247.19,187.0,0
2023-07-09,SKU-6623,Home,26.0,6450.6,248.1,376.0,0
2023-07-10,SKU-6623,Home,23.0,5824.52,253.24,304.0,0
2023-07-11,SKU-6623,Home,20.0,5188.6,259.43,150.0,0
2023-07-12,SKU-6623,Home,23.0,5858.33,254.71,211.0,0
2023-07-13,SKU-6623,Home,28.0,6853.28,244.76,304.0,0
2023-07-14,SKU-6623,Home,21.0,5347.23,254.63,308.0,0
2023-07-15,SKU-6623,Home,30.0,7439.7,247.99,303.0,0
2023-07-16,SKU-6623,Home,42.0,8825.46,210.13,388.0,1
2023-07-17,SKU-6623,Home,24.0,6264.96,261.04,209.0,0
2023-07-18,SKU-6623,Home,22.0,5679.74,258.17,122.0,0
2023-07-19,SKU-6623,Home,24.0,5700.72,237.53,334.0,0
2023-07-20,SKU-6623,Home,25.0,6292.75,251.71,150.0,0
2023-07-21,SKU-6623,Home,25.0,6018.75,240.75,156.0,0
2023-07-22,SKU-6623,Home,26.0,6203.86,238.61,181.0,0
2023-07-23,SKU-6623,Home,29.0,6972.18,240.42,224.0,0
2023-07-24,SKU-6623,Home,23.0,5886.85,255.95,379.0,0
2023-07-25,SKU-6623,Home,24.0,6249.12,260.38,205.0,0
2023-07-26,SKU-6623,Home,33.0,6796.35,205.95,384.0,1
2023-07-27,SKU-6623,Home,30.0,7771.5,259.05,212.0,0
2023-07-28,SKU-6623,Home,20.0,5058.2,252.91,379.0,0
2023-07-29,SKU-6623,Home,26.0,6581.9,253.15,214.0,0
2023-07-30,SKU-6623,Home,25.0,6483.75,259.35,393.0,0
2023-07-31,SKU-6623,Home,34.0,7064.18,207.77,366.0,1
2023-08-01,SKU-6623,Home,26.0,6235.58,239.83,242.0,0
2023-08-02,SKU-6623,Home,29.0,7145.89,246.41,257.0,0
2023-08-03,SKU-6623,Home,29.0,7185.91,247.79,378.0,0
2023-08-04,SKU-6623,Home,29.0,6254.72,215.68,173.0,1
2023-08-05,SKU-6623,Home,27.0,7018.92,259.96,267.0,0
2023-08-06,SKU-6623,Home,24.0,5777.76,240.74,120.0,0
2023-08-07,SKU-6623,Home,24.0,5770.56,240.44,376.0,0
2023-08-08,SKU-6623,Home,33.0,6758.73,204.81,182.0,1
2023-08-09,SKU-6623,Home,27.0,7076.16,262.08,202.0,0
2023-08-10,SKU-6623,Home,24.0,5712.96,238.04,227.0,0
2023-08-11,SKU-6623,Home,24.0,6219.12,259.13,132.0,0
2023-08-12,SKU-6623,Home,26.0,6647.16,255.66,254.0,0
2023-08-13,SKU-6623,Home,27.0,6434.37,238.31,330.0,0
2023-08-14,SKU-6623,Home,25.0,6248.5,249.94,282.0,0
2023-08-15,SKU-6623,Home,23.0,5513.1,239.7,360.0,0
2023-08-16,SKU-6623,Home,23.0,5882.48,255.76,315.0,0
2023-08-17,SKU-6623,Home,21.0,5400.15,257.15,335.0,0
2023-08-18,SKU-6623,Home,23.0,5674.79,246.73,307.0,0
2023-08-19,SKU-6623,Home,27.0,6896.07,255.41,291.0,0
2023-08-20,SKU-6623,Home,39.0,8611.2,220.8,376.0,1
2023-08-21,SKU-6623,Home,26.0,6688.76,257.26,180.0,0
2023-08-22,SKU-6623,Home,146.4113443670604,6752.76,241.17,172.0,0
2023-08-23,SKU-6623,Home,25.0,6040.25,241.61,139.0,0
2023-08-24,SKU-6623,Home,29.0,7022.35,242.15,201.0,0
2023-08-25,SKU-6623,Home,18.0,4515.66,250.87,311.0,0
2023-08-26,SKU-6623,Home,36.0,7616.52,211.57,234.0,1
2023-08-27,SKU-6623,Home,28.0,6667.08,238.11,350.0,0
2023-08-28,SKU-6623,Home,26.0,6801.34,261.59,164.0,0
2023-08-29,SKU-6623,Home,22.0,5529.04,251.32,281.0,0
2023-08-30,SKU-6623,Home,32.0,6987.2,218.35,380.0,1
2023-08-31,SKU-6623,Home,25.0,6036.0,241.44,139.0,0
2023-09-01,SKU-6623,Home,26.0,6650.02,255.77,168.0,0
2023-09-02,SKU-6623,Home,30.0,7189.2,239.64,355.0,0
2023-09-03,SKU-6623,Home,21.0,5240.55,249.55,249.0,0
2023-09-04,SKU-6623,Home,34.0,6928.86,203.79,243.0,1
2023-09-05,SKU-6623,Home,25.0,6381.0,255.24,184.0,0
2023-09-06,SKU-6623,Home,27.0,6548.85,242.55,330.0,0
2023-09-07,SKU-6623,Home,21.0,5234.04,249.24,313.0,0
2023-09-08,SKU-6623,Home,23.0,5969.88,259.56,351.0,0
2023-09-09,SKU-6623,Home,33.0,8045.07,243.79,169.0,0
2023-09-10,SKU-6623,Home,34.0,7193.38,211.57,357.0,1
2023-09-11,SKU-6623,Home,30.0,6609.3,220.31,199.0,1
2023-09-12,SKU-6623,Home,28.0,7306.32,260.94,338.0,0
2023-09-13,SKU-6623,Home,29.0,7498.82,258.58,127.0,0
2023-09-14,SKU-6623,Home,,5894.16,245.59,190.0,0
2023-09-15,SKU-6623,Home,25.0,6178.25,247.13,151.0,0
2023-09-16,SKU-6623,Home,31.0,7801.15,251.65,204.0,0
2023-09-17,SKU-6623,Home,33.0,7099.62,215.14,178.0,1
2023-09-18,SKU-6623,Home,22.0,5275.16,239.78,161.0,0
2023-09-19,SKU-6623,Home,25.0,6062.75,242.51,216.0,0
2023-09-20,SKU-6623,Home,23.0,6034.28,262.36,302.0,0
2023-09-21,SKU-6623,Home,26.0,6558.5,252.25,337.0,0
2023-09-22,SKU-6623,Home,28.0,6998.32,249.94,321.0,0
2023-09-23,SKU-6623,Home,33.0,8584.29,260.13,296.0,0
2023-09-24,SKU-6623,Home,28.0,6657.0,237.75,314.0,0
2023-09-25,SKU-6623,Home,26.0,6438.12,247.62,131.0,0
2023-09-26,SKU-6623,Home,30.0,7538.7,251.29,191.0,0
2023-09-27,SKU-6623,Home,24.0,6158.16,256.59,387.0,0
2023-09-28,SKU-6623,Home,27.0,6659.82,246.66,247.0,0
2023-09-29,SKU-6623,Home,33.0,6996.99,212.03,348.0,1
2023-09-30,SKU-6623,Home,25.0,5961.25,238.45,365.0,0
2023-10-01,SKU-6623,Home,39.0,9569.04,245.36,295.0,0
2023-10-02,SKU-6623,Home,37.0,9443.88,255.24,397.0,0
2023-10-03,SKU-6623,Home,30.0,7737.9,257.93,306.0,0
2023-10-04,SKU-6623,Home,31.0,7441.55,240.05,371.0,0
2023-10-05,SKU-6623,Home,39.0,9453.99,242.41,204.0,0
2023-10-06,SKU-6623,Home,39.0,10110.36,259.24,332.0,0
2023-10-07,SKU-6623,Home,34.0,8281.72,243.58,125.0,0
2023-10-08,SKU-6623,Home,46.0,11974.72,260.32,124.0,0
2023-10-09,SKU-6623,Home,28.0,6925.52,247.34,336.0,0
2023-10-10,SKU-6623,Home,31.0,7481.85,241.35,355.0,0
2023-10-11,SKU-6623,Home,36.0,8917.56,247.71,283.0,0
2023-10-12,SKU-6623,Home,32.0,6467.52,202.11,218.0,1
2023-10-13,SKU-6623,Home,32.0,8121.6,253.8,127.0,0
2023-10-14,SKU-6623,Home,37.0,8881.11,240.03,343.0,0
2023-10-15,SKU-6623,Home,52.0,12420.2,238.85,269.0,0
2023-10-16,SKU-6623,Home,46.0,11533.12,250.72,355.0,0
2023-10-17,SKU-6623,Home,46.0,11259.88,244.78,392.0,0
2023-10-18,SKU-6623,Home,44.0,11048.84,251.11,345.0,0
2023-10-19,SKU-6623,Home,53.0,12611.88,237.96,222.0,0
2023-10-20,SKU-6623,Home,51.0,12341.49,241.99,373.0,0
2023-10-21,SKU-6623,Home,50.0,12013.5,240.27,362.0,0
2023-10-22,SKU-6623,Home,46.0,11470.56,249.36,361.0,0
2023-10-23,SKU-6623,Home,46.0,11488.04,249.74,348.0,0
2023-10-24,SKU-6623,Home,44.0,11418.44,259.51,187.0,0
2023-10-25,SKU-6623,Home,47.0,11723.21,249.43,289.0,0
2023-10-26,SKU-6623,Home,35.0,9101.05,260.03,206.0,0
2023-10-27,SKU-6623,Home,40.0,8356.8,208.92,304.0,1
2023-10-28,SKU-6623,Home,37.0,9161.57,247.61,258.0,0
2023-10-29,SKU-6623,Home,44.0,10961.72,249.13,368.0,0
2023-10-30,SKU-6623,Home,38.0,9420.96,247.92,351.0,0
2023-10-31,SKU-6623,Home,32.0,8077.76,252.43,314.0,0
2023-11-01,SKU-6623,Home,38.0,9685.82,254.89,302.0,0
2023-11-02,SKU-6623,Home,40.0,10246.8,256.17,357.0,0
2023-11-03,SKU-6623,Home,36.0,8768.52,243.57,290.0,0
2023-11-04,SKU-6623,Home,49.0,12222.07,249.43,342.0,0
2023-11-05,SKU-6623,Home,44.0,10872.4,247.1,283.0,0
2023-11-06,SKU-6623,Home,41.0,10681.32,260.52,165.0,0
2023-11-07,SKU-6623,Home,42.0,10729.74,255.47,207.0,0
2023-11-08,SKU-6623,Home,40.0,8253.6,206.34,168.0,1
2023-11-09,SKU-6623,Home,30.0,7295.7,243.19,234.0,0
2023-11-10,SKU-6623,Home,33.0,7933.2,240.4,228.0,0
2023-11-11,SKU-6623,Home,48.0,11900.16,247.92,221.0,0
2023-11-12,SKU-6623,Home,51.0,10470.3,205.3,124.0,1
2023-11-13,SKU-6623,Home,37.0,9481.99,256.27,319.0,0
2023-11-14,SKU-6623,Home,32.0,8092.16,252.88,260.0,0
2023-11-15,SKU-6623,Home,39.0,9920.04,254.36,250.0,0
2023-11-16,SKU-6623,Home,46.0,10156.34,220.79,122.0,1
2023-11-17,SKU-6623,Home,44.0,11034.76,250.79,264.0,0
2023-11-18,SKU-6623,Home,48.0,12322.56,256.72,390.0,0
2023-11-19,SKU-6623,Home,46.0,11922.74,,393.0,0
2023-11-20,SKU-6623,Home,30.0,7619.7,253.99,320.0,0
2023-11-21,SKU-6623,Home,45.0,10710.45,238.01,296.0,0
2023-11-22,SKU-6623,Home,40.0,9731.2,243.28,394.0,0
2023-11-23,SKU-6623,Home,51.0,10555.98,206.98,146.0,1
2023-11-24,SKU-6623,Home,38.0,9135.58,240.41,247.0,0
2023-11-25,SKU-6623,Home,42.0,10143.0,241.5,252.0,0
2023-11-26,SKU-6623,Home,38.0,9583.22,252.19,281.0,0
2023-11-27,SKU-6623,Home,33.0,8538.42,258.74,343.0,0
2023-11-28,SKU-6623,Home,38.0,9418.3,247.85,210.0,0
2023-11-29,SKU-6623,Home,33.0,7961.91,241.27,383.0,0
2023-11-30,SKU-6623,Home,30.0,7613.7,253.79,185.0,0
2023-12-01,SKU-6623,Home,35.0,8848.35,252.81,142.0,0
2023-12-02,SKU-6623,Home,58.0,12911.38,222.61,382.0,1
2023-12-03,SKU-6623,Home,33.0,8360.55,253.35,180.0,0
2023-12-04,SKU-6623,Home,32.0,8245.76,257.68,197.0,0
2023-12-05,SKU-6623,Home,36.0,8936.28,248.23,382.0,0
2023-12-06,SKU-6623,Home,40.0,10465.6,261.64,176.0,0
2023-12-07,SKU-6623,Home,35.0,8902.25,254.35,229.0,0
2023-12-08,SKU-6623,Home,25.0,6407.5,256.3,162.0,0
2023-12-09,SKU-6623,Home,41.0,9874.85,240.85,174.0,0
2023-12-10,SKU-6623,Home,37.0,9528.24,257.52,320.0,0
2023-12-11,SKU-6623,Home,37.0,9156.76,247.48,182.0,0
2023-12-12,SKU-6623,Home,31.0,7535.79,243.09,381.0,0
2023-12-13,SKU-6623,Home,38.0,9264.4,243.8,126.0,0
2023-12-14,SKU-6623,Home,38.0,9925.98,261.21,237.0,0
2022-01-01,SKU-7734,Electronics,27.0,13624.74,504.62,199.0,0
2022-01-02,SKU-7734,Electronics,28.0,13404.44,478.73,594.0,0
2022-01-03,SKU-7734,Electronics,,11777.28,490.72,393.0,0
2022-01-04,SKU-7734,Electronics,23.0,11521.62,500.94,475.0,0
2022-01-05,SKU-7734,Electronics,24.0,12213.12,508.88,186.0,0
2022-01-06,SKU-7734,Electronics,24.0,12170.4,507.1,215.0,0
2022-01-07,SKU-7734,Electronics,24.0,12092.4,503.85,386.0,0
2022-01-08,SKU-7734,Electronics,28.0,14275.8,509.85,475.0,0
2022-01-09,SKU-7734,Electronics,34.0,14839.98,436.47,270.0,1
2022-01-10,SKU-7734,Electronics,30.0,14879.4,495.98,284.0,0
2022-01-11,SKU-7734,Electronics,28.0,13941.48,497.91,409.0,0
2022-01-12,SKU-7734,Electronics,23.0,11788.42,512.54,496.0,0
2022-01-13,SKU-7734,Electronics,21.0,10125.15,482.15,499.0,0
2022-01-14,SKU-7734,Electronics,24.0,12295.2,512.3,425.0,0
2022-01-15,SKU-7734,Electronics,,13093.0,523.72,594.0,0
2022-01-16,SKU-7734,Electronics,27.0,13863.15,513.45,576.0,0
2022-01-17,SKU-7734,Electronics,27.0,13354.47,494.61,363.0,0
2022-01-18,SKU-7734,Electronics,21.0,10176.81,484.61,197.0,0
2022-01-19,SKU-7734,Electronics,25.0,12514.5,500.58,403.0,0
2022-01-20,SKU-7734,Electronics,19.0,9121.71,480.09,244.0,0
2022-01-21,SKU-7734,Electronics,19.0,9134.06,480.74,436.0,0
2022-01-22,SKU-7734,Electronics,31.0,14941.69,481.99,514.0,0
2022-01-23,SKU-7734,Electronics,28.0,14168.0,506.0,404.0,0
2022-01-24,SKU-7734,Electronics,18.0,8965.8,498.1,577.0,0
2022-01-25,SKU-7734,Electronics,21.0,10539.27,501.87,566.0,0
2022-01-26,SKU-7734,Electronics,23.0,11574.52,503.24,207.0,0
2022-01-27,SKU-7734,Electronics,26.0,13429.26,516.51,346.0,0
2022-01-28,SKU-7734,Electronics,23.0,11953.79,519.73,515.0,0
2022-01-29,SKU-7734,Electronics,21.0,10519.95,500.95,199.0,0
2022-01-30,SKU-7734,Electronics,34.0,14722.34,433.01,362.0,1
2022-01-31,SKU-7734,Electronics,20.0,10424.4,521.22,587.0,0
2022-02-01,SKU-7734,Electronics,24.0,12526.8,521.95,515.0,0
2022-02-02,SKU-7734,Electronics,27.0,14100.48,522.24,376.0,0
2022-02-03,SKU-7734,Electronics,22.0,11427.68,519.44,581.0,0
2022-02-04,SKU-7734,Electronics,27.0,13766.49,509.87,465.0,0
2022-02-05,SKU-7734,Electronics,33.0,13745.82,416.54,477.0,1
2022-02-06,SKU-7734,Electronics,36.0,15536.52,431.57,294.0,1
2022-02-07,SKU-7734,Electronics,25.0,12870.75,514.83,382.0,0
2022-02-08,SKU-7734,Electronics,29.0,14586.42,502.98,184.0,0
2022-02-09,SKU-7734,Electronics,28.0,13933.36,497.62,450.0,0
2022-02-10,SKU-7734,Electronics,20.0,10487.6,524.38,196.0,0
2022-02-11,SKU-7734,Electronics,27.0,13045.86,483.18,344.0,0
2022-02-12,SKU-7734,Electronics,27.0,13189.23,488.49,203.0,0
2022-02-13,SKU-7734,Electronics,,13996.08,499.86,439.0,0
2022-02-14,SKU-7734,Electronics,24.0,12053.28,502.22,182.0,0
2022-02-15,SKU-7734,Electronics,26.0,12666.42,487.17,569.0,0
2022-02-16,SKU-7734,Electronics,25.0,11929.25,477.17,445.0,0
2022-02-17,SKU-7734,Electronics,27.0,13138.2,486.6,344.0,0
2022-02-18,SKU-7734,Electronics,28.0,14691.88,524.71,457.0,0
2022-02-19,SKU-7734,Electronics,28.0,14394.8,514.1,477.0,0
2022-02-20,SKU-7734,Electronics,35.0,15084.65,430.99,525.0,1
2022-02-21,SKU-7734,Electronics,29.0,11780.38,406.22,597.0,1
2022-02-22,SKU-7734,Electronics,25.0,10106.75,404.27,281.0,1
2022-02-23,SKU-7734,Electronics,30.0,15239.1,507.97,555.0,0
2022-02-24,SKU-7734,Electronics,27.0,13668.21,506.23,340.0,0
2022-02-25,SKU-7734,Electronics,23.0,11945.05,519.35,451.0,0
2022-02-26,SKU-7734,Electronics,30.0,15204.3,506.81,499.0,0
2022-02-27,SKU-7734,Electronics,29.0,14342.82,494.58,353.0,0
2022-02-28,SKU-7734,Electronics,21.0,10319.61,491.41,362.0,0
2022-03-01,SKU-7734,Electronics,35.0,14812.7,423.22,382.0,1
2022-03-02,SKU-7734,Electronics,23.0,9625.73,418.51,557.0,1
2022-03-03,SKU-7734,Electronics,27.0,13558.86,502.18,214.0,0
2022-03-04,SKU-7734,Electronics,29.0,14556.26,501.94,389.0,0
