data/sample_sales_data.csv
date,product_id,category,sales_qty,revenue,price,inventory_qty,promotion_flag
2022-03-05,SKU-7734,Electronics,38.0,18208.46,479.17,550.0,0
2022-03-06,SKU-7734,Electronics,23.0,11493.33,499.71,527.0,0
2022-03-07,SKU-7734,Electronics,37.0,16030.25,433.25,395.0,1
2022-03-08,SKU-7734,Electronics,28.0,14355.6,512.7,518.0,0
2022-03-09,SKU-7734,Electronics,27.0,12910.86,478.18,529.0,0
2022-03-10,SKU-7734,Electronics,27.0,13681.17,506.71,209.0,0
2022-03-11,SKU-7734,Electronics,30.0,14990.4,,474.0,0
2022-03-12,SKU-7734,Electronics,30.0,14370.3,479.01,329.0,0
2022-03-13,SKU-7734,Electronics,34.0,17327.08,509.62,360.0,0
2022-03-14,SKU-7734,Electronics,31.0,13055.96,421.16,310.0,1
2022-03-15,SKU-7734,Electronics,30.0,15726.0,524.2,301.0,0
2022-03-16,SKU-7734,Electronics,30.0,15180.9,506.03,264.0,0
2022-03-17,SKU-7734,Electronics,25.0,12514.0,500.56,386.0,0
2022-03-18,SKU-7734,Electronics,24.0,11652.96,485.54,582.0,0
2022-03-19,SKU-7734,Electronics,23.0,11013.32,478.84,390.0,0
2022-03-20,SKU-7734,Electronics,34.0,17548.42,516.13,517.0,0
2022-03-21,SKU-7734,Electronics,27.0,13410.63,496.69,562.0,0
2022-03-22,SKU-7734,Electronics,25.0,12834.5,513.38,354.0,0
2022-03-23,SKU-7734,Electronics,26.0,12990.64,499.64,349.0,0
2022-03-24,SKU-7734,Electronics,27.0,13968.45,517.35,189.0,0
2022-03-25,SKU-7734,Electronics,28.0,13843.48,494.41,463.0,0
2022-03-26,SKU-7734,Electronics,29.0,15167.87,523.03,262.0,0
2022-03-27,SKU-7734,Electronics,32.0,13357.44,417.42,536.0,1
2022-03-28,SKU-7734,Electronics,27.0,13123.08,486.04,196.0,0
2022-03-29,SKU-7734,Electronics,18.0,9279.72,515.54,531.0,0
2022-03-30,SKU-7734,Electronics,30.0,15475.2,515.84,256.0,0
2022-03-31,SKU-7734,Electronics,25.0,13026.25,521.05,471.0,0
2022-04-01,SKU-7734,Electronics,35.0,15199.8,434.28,542.0,1
2022-04-02,SKU-7734,Electronics,30.0,14352.6,478.42,509.0,0
2022-04-03,SKU-7734,Electronics,26.0,12617.02,485.27,382.0,0
2022-04-04,SKU-7734,Electronics,30.0,14553.9,485.13,426.0,0
2022-04-05,SKU-7734,Electronics,24.0,12256.8,510.7,218.0,0
2022-04-06,SKU-7734,Electronics,32.0,15630.08,488.44,334.0,0
2022-04-07,SKU-7734,Electronics,31.0,15987.01,515.71,467.0,0
2022-04-08,SKU-7734,Electronics,29.0,14411.84,496.96,436.0,0
2022-04-09,SKU-7734,Electronics,26.0,13053.3,502.05,472.0,0
2022-04-10,SKU-7734,Electronics,33.0,17054.73,516.81,524.0,0
2022-04-11,SKU-7734,Electronics,26.0,12834.38,493.63,208.0,0
2022-04-12,SKU-7734,Electronics,,15924.6,442.35,498.0,1
2022-04-13,SKU-7734,Electronics,29.0,14245.67,491.23,293.0,0
2022-04-14,SKU-7734,Electronics,30.0,14350.8,478.36,219.0,0
2022-04-15,SKU-7734,Electronics,28.0,14359.52,512.84,365.0,0
2022-04-16,SKU-7734,Electronics,34.0,16923.84,497.76,460.0,0
2022-04-17,SKU-7734,Electronics,35.0,17126.55,489.33,517.0,0
2022-04-18,SKU-7734,Electronics,28.0,13689.76,488.92,515.0,0
2022-04-19,SKU-7734,Electronics,28.0,13728.96,490.32,525.0,0
2022-04-20,SKU-7734,Electronics,27.0,14109.39,522.57,253.0,0
2022-04-21,SKU-7734,Electronics,26.0,13224.64,508.64,272.0,0
2022-04-22,SKU-7734,Electronics,26.0,13425.88,516.38,251.0,0
2022-04-23,SKU-7734,Electronics,35.0,18251.1,521.46,342.0,0
2022-04-24,SKU-7734,Electronics,26.0,12796.42,492.17,530.0,0
2022-04-25,SKU-7734,Electronics,40.0,16611.6,415.29,260.0,1
2022-04-26,SKU-7734,Electronics,28.0,14107.52,503.84,374.0,0
2022-04-27,SKU-7734,Electronics,35.0,14653.1,418.66,332.0,1
2022-04-28,SKU-7734,Electronics,25.0,12641.0,505.64,574.0,0
2022-04-29,SKU-7734,Electronics,34.0,17778.94,522.91,272.0,0
2022-04-30,SKU-7734,Electronics,32.0,16365.44,511.42,325.0,0
2022-05-01,SKU-7734,Electronics,38.0,18359.7,483.15,278.0,0
2022-05-02,SKU-7734,Electronics,29.0,14981.98,516.62,518.0,0
2022-05-03,SKU-7734,Electronics,26.0,13184.08,507.08,289.0,0
2022-05-04,SKU-7734,Electronics,24.0,11796.24,491.51,416.0,0
2022-05-05,SKU-7734,Electronics,26.0,13163.02,506.27,493.0,0
2022-05-06,SKU-7734,Electronics,23.0,11979.78,520.86,350.0,0
2022-05-07,SKU-7734,Electronics,35.0,16805.95,480.17,348.0,0
2022-05-08,SKU-7734,Electronics,29.0,14359.06,495.14,462.0,0
2022-05-09,SKU-7734,Electronics,30.0,15066.6,502.22,278.0,0
2022-05-10,SKU-7734,Electronics,32.0,15601.28,487.54,230.0,0
2022-05-11,SKU-7734,Electronics,23.0,11070.82,481.34,344.0,0
2022-05-12,SKU-7734,Electronics,39.0,16205.67,415.53,575.0,1
2022-05-13,SKU-7734,Electronics,31.0,15940.82,514.22,431.0,0
2022-05-14,SKU-7734,Electronics,34.0,16255.4,478.1,209.0,0
2022-05-15,SKU-7734,Electronics,38.0,18195.92,478.84,181.0,0
2022-05-16,SKU-7734,Electronics,,14586.9,486.23,347.0,0
2022-05-17,SKU-7734,Electronics,27.0,13728.42,508.46,383.0,0
2022-05-18,SKU-7734,Electronics,23.0,11769.79,511.73,190.0,0
2022-05-19,SKU-7734,Electronics,37.0,18363.84,496.32,438.0,0
2022-05-20,SKU-7734,Electronics,33.0,13517.46,409.62,540.0,1
2022-05-21,SKU-7734,Electronics,35.0,14426.65,412.19,509.0,1
2022-05-22,SKU-7734,Electronics,35.0,16835.0,481.0,311.0,0
2022-05-23,SKU-7734,Electronics,34.0,17560.32,516.48,477.0,0
2022-05-24,SKU-7734,Electronics,33.0,16509.24,500.28,393.0,0
2022-05-25,SKU-7734,Electronics,27.0,12987.54,481.02,208.0,0
2022-05-26,SKU-7734,Electronics,30.0,15536.4,517.88,220.0,0
2022-05-27,SKU-7734,Electronics,31.0,14916.89,481.19,209.0,0
2022-05-28,SKU-7734,Electronics,37.0,18769.36,507.28,245.0,0
2022-05-29,SKU-7734,Electronics,39.0,18659.55,478.45,320.0,0
2022-05-30,SKU-7734,Electronics,24.0,11864.16,494.34,213.0,0
2022-05-31,SKU-7734,Electronics,31.0,15381.89,496.19,323.0,0
2022-06-01,SKU-7734,Electronics,33.0,16575.24,502.28,265.0,0
2022-06-02,SKU-7734,Electronics,34.0,17808.18,523.77,420.0,0
2022-06-03,SKU-7734,Electronics,35.0,15549.1,444.26,482.0,1
2022-06-04,SKU-7734,Electronics,44.0,21863.16,496.89,296.0,0
2022-06-05,SKU-7734,Electronics,31.0,14781.42,476.82,202.0,0
2022-06-06,SKU-7734,Electronics,28.0,13745.2,490.9,568.0,0
2022-06-07,SKU-7734,Electronics,27.0,13242.96,490.48,264.0,0
2022-06-08,SKU-7734,Electronics,35.0,16858.8,481.68,572.0,0
2022-06-09,SKU-7734,Electronics,37.0,18397.51,497.23,491.0,0
2022-06-10,SKU-7734,Electronics,42.0,18381.72,437.66,543.0,1
2022-06-11,SKU-7734,Electronics,29.0,14015.99,483.31,319.0,0
2022-06-12,SKU-7734,Electronics,40.0,20854.0,521.35,584.0,0
2022-06-13,SKU-7734,Electronics,31.0,14747.01,475.71,288.0,0
2022-06-14,SKU-7734,Electronics,24.0,12372.0,515.5,280.0,0
2022-06-15,SKU-7734,Electronics,27.0,13819.14,511.82,201.0,0
2022-06-16,SKU-7734,Electronics,25.0,12042.25,481.69,580.0,0
2022-06-17,SKU-7734,Electronics,32.0,15215.68,475.49,351.0,0
2022-06-18,SKU-7734,Electronics,32.0,16006.72,,315.0,0
2022-06-19,SKU-7734,Electronics,25.0,12008.5,480.34,452.0,0
2022-06-20,SKU-7734,Electronics,33.0,16743.21,507.37,233.0,0
2022-06-21,SKU-7734,Electronics,32.0,15263.68,476.99,431.0,0
2022-06-22,SKU-7734,Electronics,35.0,16655.45,475.87,200.0,0
2022-06-23,SKU-7734,Electronics,37.0,15945.89,430.97,311.0,1
2022-06-24,SKU-7734,Electronics,25.0,13019.0,520.76,291.0,0
2022-06-25,SKU-7734,Electronics,30.0,14308.5,476.95,371.0,0
2022-06-26,SKU-7734,Electronics,42.0,20490.12,487.86,482.0,0
2022-06-27,SKU-7734,Electronics,27.0,13049.91,483.33,594.0,0
2022-06-28,SKU-7734,Electronics,27.0,12951.36,479.68,187.0,0
2022-06-29,SKU-7734,Electronics,35.0,17352.3,495.78,288.0,0
2022-06-30,SKU-7734,Electronics,30.0,14398.8,479.96,441.0,0
2022-07-01,SKU-7734,Electronics,35.0,17823.4,509.24,269.0,0
2022-07-02,SKU-7734,Electronics,31.0,15973.06,515.26,537.0,0
2022-07-03,SKU-7734,Electronics,39.0,16785.21,430.39,286.0,1
2022-07-04,SKU-7734,Electronics,40.0,16365.6,409.14,543.0,1
2022-07-05,SKU-7734,Electronics,29.0,15151.34,522.46,308.0,0
2022-07-06,SKU-7734,Electronics,29.0,14489.85,499.65,214.0,0
2022-07-07,SKU-7734,Electronics,40.0,17233.6,430.84,516.0,1
2022-07-08,SKU-7734,Electronics,30.0,14331.9,477.73,531.0,0
2022-07-09,SKU-7734,Electronics,31.0,15348.41,495.11,201.0,0
2022-07-10,SKU-7734,Electronics,50.0,22029.5,440.59,555.0,1
2022-07-11,SKU-7734,Electronics,40.0,16261.6,406.54,410.0,1
2022-07-12,SKU-7734,Electronics,35.0,17294.2,494.12,366.0,0
2022-07-13,SKU-7734,Electronics,32.0,15589.12,487.16,492.0,0
2022-07-14,SKU-7734,Electronics,29.0,14435.33,497.77,424.0,0
2022-07-15,SKU-7734,Electronics,22.0,10934.66,497.03,539.0,0
2022-07-16,SKU-7734,Electronics,37.0,18909.59,511.07,575.0,0
2022-07-17,SKU-7734,Electronics,39.0,17294.55,443.45,501.0,1
2022-07-18,SKU-7734,Electronics,29.0,14096.61,486.09,507.0,0
2022-07-19,SKU-7734,Electronics,33.0,16590.09,,558.0,0
2022-07-20,SKU-7734,Electronics,27.0,13073.13,484.19,422.0,0
2022-07-21,SKU-7734,Electronics,26.0,12502.88,480.88,285.0,0
2022-07-22,SKU-7734,Electronics,32.0,16089.28,502.79,473.0,0
2022-07-23,SKU-7734,Electronics,32.0,16115.52,503.61,365.0,0
2022-07-24,SKU-7734,Electronics,31.0,15949.81,514.51,271.0,0
2022-07-25,SKU-7734,Electronics,27.0,13867.47,513.61,211.0,0
2022-07-26,SKU-7734,Electronics,38.0,16956.36,446.22,300.0,1
2022-07-27,SKU-7734,Electronics,30.0,15488.7,516.29,307.0,0
2022-07-28,SKU-7734,Electronics,39.0,20426.64,523.76,585.0,0
2022-07-29,SKU-7734,Electronics,30.0,14358.0,478.6,561.0,0
2022-07-30,SKU-7734,Electronics,34.0,16933.02,498.03,558.0,0
2022-07-31,SKU-7734,Electronics,28.0,14608.16,521.72,200.0,0
2022-08-01,SKU-7734,Electronics,28.0,13925.52,497.34,182.0,0
2022-08-02,SKU-7734,Electronics,29.0,15130.46,521.74,530.0,0
2022-08-03,SKU-7734,Electronics,32.0,15647.36,488.98,260.0,0
2022-08-04,SKU-7734,Electronics,25.0,13040.75,521.63,340.0,0
2022-08-05,SKU-7734,Electronics,33.0,14030.28,425.16,256.0,1
2022-08-06,SKU-7734,Electronics,33.0,15721.53,476.41,282.0,0
2022-08-07,SKU-7734,Electronics,35.0,17795.75,508.45,233.0,0
2022-08-08,SKU-7734,Electronics,28.0,13667.36,488.12,281.0,0
2022-08-09,SKU-7734,Electronics,26.0,13023.92,500.92,227.0,0
2022-08-10,SKU-7734,Electronics,28.0,14158.48,505.66,544.0,0
2022-08-11,SKU-7734,Electronics,27.0,13479.48,499.24,329.0,0
2022-08-12,SKU-7734,Electronics,36.0,15092.28,419.23,448.0,1
2022-08-13,SKU-7734,Electronics,43.0,17754.7,412.9,541.0,1
2022-08-14,SKU-7734,Electronics,43.0,18648.67,433.69,370.0,1
2022-08-15,SKU-7734,Electronics,27.0,13702.23,507.49,190.0,0
2022-08-16,SKU-7734,Electronics,31.0,15330.12,494.52,354.0,0
2022-08-17,SKU-7734,Electronics,20.0,9767.8,488.39,433.0,0
2022-08-18,SKU-7734,Electronics,26.0,12921.22,496.97,388.0,0
2022-08-19,SKU-7734,Electronics,33.0,16145.58,489.26,280.0,0
2022-08-20,SKU-7734,Electronics,38.0,16682.38,439.01,475.0,1
2022-08-21,SKU-7734,Electronics,40.0,20833.2,520.83,476.0,0
2022-08-22,SKU-7734,Electronics,28.0,13643.28,487.26,368.0,0
2022-08-23,SKU-7734,Electronics,23.0,11114.52,483.24,469.0,0
2022-08-24,SKU-7734,Electronics,29.0,14525.52,500.88,422.0,0
2022-08-25,SKU-7734,Electronics,34.0,17063.58,501.87,533.0,0
2022-08-26,SKU-7734,Electronics,25.0,12795.0,511.8,306.0,0
2022-08-27,SKU-7734,Electronics,41.0,19985.45,487.45,316.0,0
2022-08-28,SKU-7734,Electronics,36.0,17562.6,487.85,188.0,0
2022-08-29,SKU-7734,Electronics,35.0,17295.25,494.15,545.0,0
2022-08-30,SKU-7734,Electronics,37.0,18784.53,507.69,342.0,0
2022-08-31,SKU-7734,Electronics,30.0,14842.2,494.74,386.0,0
2022-09-01,SKU-7734,Electronics,36.0,18722.16,520.06,248.0,0
2022-09-02,SKU-7734,Electronics,33.0,14616.36,442.92,498.0,1
2022-09-03,SKU-7734,Electronics,32.0,16309.76,509.68,196.0,0
2022-09-04,SKU-7734,Electronics,39.0,19200.48,492.32,588.0,0
2022-09-05,SKU-7734,Electronics,43.0,18883.88,439.16,284.0,1
2022-09-06,SKU-7734,Electronics,33.0,16002.69,484.93,387.0,0
2022-09-07,SKU-7734,Electronics,29.0,14349.49,494.81,584.0,0
2022-09-08,SKU-7734,Electronics,26.0,13410.8,515.8,517.0,0
2022-09-09,SKU-7734,Electronics,30.0,15246.0,508.2,287.0,0
2022-09-10,SKU-7734,Electronics,37.0,17754.45,479.85,410.0,0
2022-09-11,SKU-7734,Electronics,36.0,18037.08,501.03,491.0,0
2022-09-12,SKU-7734,Electronics,29.0,14381.68,495.92,393.0,0
2022-09-13,SKU-7734,Electronics,32.0,15487.68,483.99,376.0,0
2022-09-14,SKU-7734,Electronics,46.0,19707.78,428.43,343.0,1
2022-09-15,SKU-7734,Electronics,35.0,17420.2,497.72,267.0,0
2022-09-16,SKU-7734,Electronics,29.0,14704.16,507.04,353.0,0
2022-09-17,SKU-7734,Electronics,33.0,16406.94,497.18,251.0,0
2022-09-18,SKU-7734,Electronics,38.0,18050.76,475.02,430.0,0
2022-09-19,SKU-7734,Electronics,44.0,18860.6,428.65,463.0,1
2022-09-20,SKU-7734,Electronics,25.0,12233.5,489.34,292.0,0
2022-09-21,SKU-7734,Electronics,47.0,20696.45,440.35,244.0,1
2022-09-22,SKU-7734,Electronics,38.0,15787.48,415.46,291.0,1
2022-09-23,SKU-7734,Electronics,25.0,11950.0,478.0,316.0,0
2022-09-24,SKU-7734,Electronics,31.0,15132.03,488.13,391.0,0
2022-09-25,SKU-7734,Electronics,37.0,18298.35,494.55,213.0,0
2022-09-26,SKU-7734,Electronics,27.0,13168.98,487.74,290.0,0
2022-09-27,SKU-7734,Electronics,34.0,16855.16,495.74,502.0,0
2022-09-28,SKU-7734,Electronics,41.0,21361.41,521.01,200.0,0
2022-09-29,SKU-7734,Electronics,37.0,18775.65,507.45,327.0,0
2022-09-30,SKU-7734,Electronics,34.0,17181.56,505.34,443.0,0
2022-10-01,SKU-7734,Electronics,47.0,23757.09,505.47,450.0,0
2022-10-02,SKU-7734,Electronics,54.0,23080.14,427.41,457.0,1
2022-10-03,SKU-7734,Electronics,37.0,18122.6,489.8,396.0,0
2022-10-04,SKU-7734,Electronics,34.0,17844.9,524.85,358.0,0
2022-10-05,SKU-7734,Electronics,37.0,17982.37,486.01,264.0,0
2022-10-06,SKU-7734,Electronics,41.0,20362.65,496.65,209.0,0
2022-10-07,SKU-7734,Electronics,38.0,19299.06,507.87,555.0,0
2022-10-08,SKU-7734,Electronics,43.0,20714.82,481.74,388.0,0
2022-10-09,SKU-7734,Electronics,34.0,16343.8,480.7,463.0,0
2022-10-10,SKU-7734,Electronics,43.0,21250.6,494.2,489.0,0
2022-10-11,SKU-7734,Electronics,35.0,17980.9,513.74,234.0,0
2022-10-12,SKU-7734,Electronics,44.0,21789.24,495.21,273.0,0
2022-10-13,SKU-7734,Electronics,45.0,21846.6,485.48,551.0,0
2022-10-14,SKU-7734,Electronics,37.0,17719.67,478.91,511.0,0
2022-10-15,SKU-7734,Electronics,48.0,24083.52,501.74,548.0,0
2022-10-16,SKU-7734,Electronics,56.0,28274.96,504.91,291.0,0
2022-10-17,SKU-7734,Electronics,46.0,22881.78,497.43,443.0,0
2022-10-18,SKU-7734,Electronics,56.0,26615.68,475.28,258.0,0
2022-10-19,SKU-7734,Electronics,46.0,22929.62,498.47,482.0,0
2022-10-20,SKU-7734,Electronics,59.0,29928.34,507.26,527.0,0
2022-10-21,SKU-7734,Electronics,52.0,25624.56,492.78,512.0,0
2022-10-22,SKU-7734,Electronics,65.0,33222.8,511.12,259.0,0
2022-10-23,SKU-7734,Electronics,64.0,32287.36,504.49,264.0,0
2022-10-24,SKU-7734,Electronics,41.0,20517.22,500.42,190.0,0
2022-10-25,SKU-7734,Electronics,59.0,28579.6,484.4,541.0,0
2022-10-26,SKU-7734,Electronics,,20445.21,475.47,193.0,0
2022-10-27,SKU-7734,Electronics,44.0,18093.24,411.21,356.0,1
2022-10-28,SKU-7734,Electronics,36.0,17335.44,481.54,463.0,0
2022-10-29,SKU-7734,Electronics,49.0,23673.37,483.13,598.0,0
2022-10-30,SKU-7734,Electronics,45.0,23474.7,521.66,518.0,0
2022-10-31,SKU-7734,Electronics,36.0,18561.24,515.59,481.0,0
2022-11-01,SKU-7734,Electronics,53.0,26584.8,501.6,218.0,0
2022-11-02,SKU-7734,Electronics,60.0,29975.4,499.59,417.0,0
2022-11-03,SKU-7734,Electronics,,25023.96,481.23,540.0,0
2022-11-04,SKU-7734,Electronics,41.0,21345.01,520.61,554.0,0
2022-11-05,SKU-7734,Electronics,42.0,20261.22,482.41,454.0,0
2022-11-06,SKU-7734,Electronics,49.0,24718.54,504.46,482.0,0
2022-11-07,SKU-7734,Electronics,51.0,25757.04,505.04,466.0,0
2022-11-08,SKU-7734,Electronics,41.0,21322.87,520.07,530.0,0
2022-11-09,SKU-7734,Electronics,43.0,21780.36,506.52,306.0,0
2022-11-10,SKU-7734,Electronics,51.0,26685.75,523.25,289.0,0
2022-11-11,SKU-7734,Electronics,44.0,22957.44,521.76,184.0,0
2022-11-12,SKU-7734,Electronics,46.0,23273.7,505.95,240.0,0
2022-11-13,SKU-7734,Electronics,42.0,20981.94,499.57,546.0,0
2022-11-14,SKU-7734,Electronics,42.0,20160.84,480.02,446.0,0
2022-11-15,SKU-7734,Electronics,45.0,22829.4,507.32,409.0,0
2022-11-16,SKU-7734,Electronics,36.0,18505.8,514.05,532.0,0
2022-11-17,SKU-7734,Electronics,63.0,32993.1,523.7,562.0,0
2022-11-18,SKU-7734,Electronics,38.0,19054.34,501.43,427.0,0
2022-11-19,SKU-7734,Electronics,47.0,24421.67,519.61,192.0,0
2022-11-20,SKU-7734,Electronics,50.0,23866.5,477.33,476.0,0
2022-11-21,SKU-7734,Electronics,56.0,26854.8,479.55,379.0,0
2022-11-22,SKU-7734,Electronics,45.0,21843.9,485.42,400.0,0
2022-11-23,SKU-7734,Electronics,39.0,18531.63,475.17,283.0,0
2022-11-24,SKU-7734,Electronics,45.0,23552.55,523.39,380.0,0
2022-11-25,SKU-7734,Electronics,47.0,23180.87,493.21,537.0,0
2022-11-26,SKU-7734,Electronics,63.0,27323.73,433.71,275.0,1
2022-11-27,SKU-7734,Electronics,47.0,24250.59,515.97,234.0,0
2022-11-28,SKU-7734,Electronics,45.0,21890.25,486.45,231.0,0
2022-11-29,SKU-7734,Electronics,47.0,24556.56,522.48,322.0,0
2022-11-30,SKU-7734,Electronics,42.0,21235.62,505.61,244.0,0
2022-12-01,SKU-7734,Electronics,38.0,19635.36,516.72,356.0,0
2022-12-02,SKU-7734,Electronics,30.0,15587.1,519.57,249.0,0
2022-12-03,SKU-7734,Electronics,46.0,23981.64,,473.0,0
2022-12-04,SKU-7734,Electronics,57.0,29351.58,514.94,576.0,0
2022-12-05,SKU-7734,Electronics,41.0,20518.86,500.46,403.0,0
2022-12-06,SKU-7734,Electronics,45.0,23099.85,513.33,332.0,0
2022-12-07,SKU-7734,Electronics,,23648.52,503.16,248.0,0
2022-12-08,SKU-7734,Electronics,44.0,22975.92,522.18,471.0,0
2022-12-09,SKU-7734,Electronics,49.0,21046.48,429.52,497.0,1
2022-12-10,SKU-7734,Electronics,63.0,25732.35,408.45,443.0,1
2022-12-11,SKU-7734,Electronics,42.0,21236.04,505.62,364.0,0
2022-12-12,SKU-7734,Electronics,33.0,16588.77,502.69,486.0,0
2022-12-13,SKU-7734,Electronics,41.0,20382.33,497.13,228.0,0
2022-12-14,SKU-7734,Electronics,40.0,19221.2,480.53,567.0,0
2022-12-15,SKU-7734,Electronics,41.0,19566.02,477.22,523.0,0
2022-12-16,SKU-7734,Electronics,41.0,21028.49,512.89,402.0,0
2022-12-17,SKU-7734,Electronics,47.0,22366.83,475.89,541.0,0
2022-12-18,SKU-7734,Electronics,48.0,20517.6,427.45,422.0,1
2022-12-19,SKU-7734,Electronics,45.0,22220.1,493.78,239.0,0
2022-12-20,SKU-7734,Electronics,62.0,32119.1,518.05,525.0,0
2022-12-21,SKU-7734,Electronics,63.0,31229.73,495.71,198.0,0
2022-12-22,SKU-7734,Electronics,53.0,27607.17,520.89,238.0,0
2022-12-23,SKU-7734,Electronics,61.0,29200.7,478.7,253.0,0
2022-12-24,SKU-7734,Electronics,49.0,25596.62,522.38,374.0,0
