data/sample_sales_data.csv
date,product_id,category,sales_qty,revenue,price,inventory_qty,promotion_flag
2022-12-25,SKU-7734,Electronics,59.0,28249.2,478.8,472.0,0
2022-12-26,SKU-7734,Electronics,62.0,31734.08,511.84,270.0,0
2022-12-27,SKU-7734,Electronics,60.0,31110.6,518.51,423.0,0
2022-12-28,SKU-7734,Electronics,50.0,24599.5,491.99,573.0,0
2022-12-29,SKU-7734,Electronics,40.0,20584.4,514.61,498.0,0
2022-12-30,SKU-7734,Electronics,64.0,26177.28,409.02,389.0,1
2022-12-31,SKU-7734,Electronics,68.0,32314.28,475.21,188.0,0
2023-01-01,SKU-7734,Electronics,28.0,14249.76,508.92,580.0,0
2023-01-02,SKU-7734,Electronics,22.0,11482.46,521.93,313.0,0
2023-01-03,SKU-7734,Electronics,25.0,12434.75,497.39,309.0,0
2023-01-04,SKU-7734,Electronics,23.0,11067.37,481.19,417.0,0
2023-01-05,SKU-7734,Electronics,26.0,13145.86,505.61,410.0,0
2023-01-06,SKU-7734,Electronics,25.0,12311.25,492.45,370.0,0
2023-01-07,SKU-7734,Electronics,26.0,12908.48,496.48,384.0,0
2023-01-08,SKU-7734,Electronics,29.0,14572.5,502.5,353.0,0
2023-01-09,SKU-7734,Electronics,21.0,10490.76,499.56,466.0,0
2023-01-10,SKU-7734,Electronics,25.0,12542.0,501.68,525.0,0
2023-01-11,SKU-7734,Electronics,21.0,10060.47,479.07,184.0,0
2023-01-12,SKU-7734,Electronics,20.0,9508.4,475.42,587.0,0
2023-01-13,SKU-7734,Electronics,26.0,12678.38,487.63,317.0,0
2023-01-14,SKU-7734,Electronics,29.0,14501.16,500.04,385.0,0
2023-01-15,SKU-7734,Electronics,28.0,14393.4,514.05,334.0,0
2023-01-16,SKU-7734,Electronics,20.0,10376.8,518.84,508.0,0
2023-01-17,SKU-7734,Electronics,22.0,11363.22,516.51,538.0,0
2023-01-18,SKU-7734,Electronics,25.0,12276.75,491.07,595.0,0
2023-01-19,SKU-7734,Electronics,23.0,12012.67,522.29,271.0,0
2023-01-20,SKU-7734,Electronics,19.0,9058.25,476.75,407.0,0
2023-01-21,SKU-7734,Electronics,24.0,12491.28,520.47,452.0,0
2023-01-22,SKU-7734,Electronics,24.0,11598.72,483.28,265.0,0
2023-01-23,SKU-7734,Electronics,21.0,10740.24,511.44,494.0,0
2023-01-24,SKU-7734,Electronics,18.0,8692.38,482.91,250.0,0
2023-01-25,SKU-7734,Electronics,20.0,10394.8,519.74,284.0,0
2023-01-26,SKU-7734,Electronics,22.0,10964.58,498.39,356.0,0
2023-01-27,SKU-7734,Electronics,23.0,11864.55,515.85,526.0,0
2023-01-28,SKU-7734,Electronics,28.0,13937.0,497.75,242.0,0
2023-01-29,SKU-7734,Electronics,31.0,13778.88,444.48,362.0,1
2023-01-30,SKU-7734,Electronics,27.0,13886.64,514.32,553.0,0
2023-01-31,SKU-7734,Electronics,28.0,11641.28,415.76,462.0,1
2023-02-01,SKU-7734,Electronics,26.0,12588.94,484.19,394.0,0
2023-02-02,SKU-7734,Electronics,23.0,11575.44,503.28,447.0,0
2023-02-03,SKU-7734,Electronics,37.0,16438.36,444.28,532.0,1
2023-02-04,SKU-7734,Electronics,28.0,14630.84,522.53,442.0,0
2023-02-05,SKU-7734,Electronics,28.0,13427.68,479.56,363.0,0
2023-02-06,SKU-7734,Electronics,27.0,13179.78,488.14,198.0,0
2023-02-07,SKU-7734,Electronics,24.0,12005.04,500.21,536.0,0
2023-02-08,SKU-7734,Electronics,24.0,11776.08,490.67,459.0,0
2023-02-09,SKU-7734,Electronics,21.0,10584.84,504.04,383.0,0
2023-02-10,SKU-7734,Electronics,20.0,10057.6,502.88,581.0,0
2023-02-11,SKU-7734,Electronics,29.0,14500.0,500.0,223.0,0
2023-02-12,SKU-7734,Electronics,40.0,17111.2,427.78,363.0,1
2023-02-13,SKU-7734,Electronics,28.0,13417.32,479.19,247.0,0
2023-02-14,SKU-7734,Electronics,25.0,12027.0,481.08,270.0,0
2023-02-15,SKU-7734,Electronics,28.0,14577.92,520.64,497.0,0
2023-02-16,SKU-7734,Electronics,23.0,11030.8,479.6,468.0,0
2023-02-17,SKU-7734,Electronics,28.0,13765.64,491.63,428.0,0
2023-02-18,SKU-7734,Electronics,32.0,16534.72,516.71,307.0,0
2023-02-19,SKU-7734,Electronics,28.0,14052.92,501.89,507.0,0
2023-02-20,SKU-7734,Electronics,29.0,12395.76,427.44,553.0,1
2023-02-21,SKU-7734,Electronics,29.0,14518.56,500.64,379.0,0
2023-02-22,SKU-7734,Electronics,23.0,12043.03,523.61,414.0,0
2023-02-23,SKU-7734,Electronics,24.0,11969.76,498.74,226.0,0
2023-02-24,SKU-7734,Electronics,22.0,11450.56,520.48,527.0,0
2023-02-25,SKU-7734,Electronics,36.0,15696.0,436.0,260.0,1
2023-02-26,SKU-7734,Electronics,28.0,14572.04,520.43,519.0,0
2023-02-27,SKU-7734,Electronics,22.0,10488.28,476.74,376.0,0
2023-02-28,SKU-7734,Electronics,21.0,10296.09,490.29,551.0,0
2023-03-01,SKU-7734,Electronics,28.0,13709.08,489.61,571.0,0
2023-03-02,SKU-7734,Electronics,25.0,12572.5,502.9,257.0,0
2023-03-03,SKU-7734,Electronics,26.0,13190.58,507.33,327.0,0
2023-03-04,SKU-7734,Electronics,31.0,15018.57,484.47,331.0,0
2023-03-05,SKU-7734,Electronics,28.0,13791.12,492.54,271.0,0
2023-03-06,SKU-7734,Electronics,31.0,15354.3,495.3,593.0,0
2023-03-07,SKU-7734,Electronics,24.0,11423.76,475.99,407.0,0
2023-03-08,SKU-7734,Electronics,25.0,13107.5,524.3,193.0,0
2023-03-09,SKU-7734,Electronics,22.0,10604.88,482.04,245.0,0
2023-03-10,SKU-7734,Electronics,25.0,12577.25,503.09,362.0,0
2023-03-11,SKU-7734,Electronics,30.0,15302.1,510.07,594.0,0
2023-03-12,SKU-7734,Electronics,35.0,18055.1,515.86,564.0,0
2023-03-13,SKU-7734,Electronics,24.0,12321.6,513.4,185.0,0
2023-03-14,SKU-7734,Electronics,30.0,15730.5,524.35,552.0,0
2023-03-15,SKU-7734,Electronics,29.0,13884.62,478.78,374.0,0
2023-03-16,SKU-7734,Electronics,37.0,19289.58,521.34,193.0,0
2023-03-17,SKU-7734,Electronics,24.0,12594.96,524.79,556.0,0
2023-03-18,SKU-7734,Electronics,34.0,17797.3,523.45,504.0,0
2023-03-19,SKU-7734,Electronics,28.0,14372.4,513.3,,0
2023-03-20,SKU-7734,Electronics,19.0,9404.81,494.99,331.0,0
2023-03-21,SKU-7734,Electronics,25.0,12498.25,499.93,403.0,0
2023-03-22,SKU-7734,Electronics,24.0,12280.56,511.69,597.0,0
2023-03-23,SKU-7734,Electronics,26.0,13505.96,519.46,325.0,0
2023-03-24,SKU-7734,Electronics,27.0,13119.84,485.92,407.0,0
2023-03-25,SKU-7734,Electronics,34.0,17042.16,501.24,189.0,0
2023-03-26,SKU-7734,Electronics,28.0,14070.56,502.52,309.0,0
2023-03-27,SKU-7734,Electronics,26.0,12944.36,497.86,411.0,0
2023-03-28,SKU-7734,Electronics,30.0,15593.7,519.79,581.0,0
2023-03-29,SKU-7734,Electronics,26.0,13001.56,500.06,280.0,0
2023-03-30,SKU-7734,Electronics,24.0,11676.48,486.52,423.0,0
2023-03-31,SKU-7734,Electronics,39.0,17029.35,436.65,434.0,1
2023-04-01,SKU-7734,Electronics,33.0,16895.34,511.98,434.0,0
2023-04-02,SKU-7734,Electronics,,14938.28,481.88,599.0,0
2023-04-03,SKU-7734,Electronics,26.0,12405.12,477.12,414.0,0
2023-04-04,SKU-7734,Electronics,26.0,12685.14,487.89,417.0,0
2023-04-05,SKU-7734,Electronics,27.0,13039.11,482.93,449.0,0
2023-04-06,SKU-7734,Electronics,27.0,13729.5,508.5,377.0,0
2023-04-07,SKU-7734,Electronics,24.0,12318.48,513.27,492.0,0
2023-04-08,SKU-7734,Electronics,30.0,15298.5,509.95,599.0,0
2023-04-09,SKU-7734,Electronics,32.0,15722.88,491.34,301.0,0
2023-04-10,SKU-7734,Electronics,30.0,14451.0,481.7,217.0,0
2023-04-11,SKU-7734,Electronics,27.0,13915.8,515.4,289.0,0
2023-04-12,SKU-7734,Electronics,27.0,13374.45,495.35,453.0,0
2023-04-13,SKU-7734,Electronics,29.0,13806.32,476.08,277.0,0
2023-04-14,SKU-7734,Electronics,31.0,15337.25,494.75,416.0,0
2023-04-15,SKU-7734,Electronics,30.0,15583.2,519.44,315.0,0
2023-04-16,SKU-7734,Electronics,35.0,15243.9,435.54,413.0,1
2023-04-17,SKU-7734,Electronics,28.0,14019.88,500.71,430.0,0
2023-04-18,SKU-7734,Electronics,32.0,13611.52,425.36,214.0,1
2023-04-19,SKU-7734,Electronics,26.0,12972.44,498.94,258.0,0
2023-04-20,SKU-7734,Electronics,31.0,15553.94,501.74,430.0,0
2023-04-21,SKU-7734,Electronics,27.0,13050.45,483.35,421.0,0
2023-04-22,SKU-7734,Electronics,29.0,14911.8,514.2,468.0,0
2023-04-23,SKU-7734,Electronics,29.0,14984.88,516.72,496.0,0
2023-04-24,SKU-7734,Electronics,26.0,13154.7,505.95,203.0,0
2023-04-25,SKU-7734,Electronics,30.0,15182.7,506.09,388.0,0
2023-04-26,SKU-7734,Electronics,27.0,13508.37,500.31,332.0,0
2023-04-27,SKU-7734,Electronics,26.0,12527.06,481.81,256.0,0
2023-04-28,SKU-7734,Electronics,27.0,13319.1,493.3,549.0,0
2023-04-29,SKU-7734,Electronics,39.0,16957.59,434.81,305.0,1
2023-04-30,SKU-7734,Electronics,26.0,13082.94,503.19,212.0,0
2023-05-01,SKU-7734,Electronics,30.0,14665.2,488.84,347.0,0
2023-05-02,SKU-7734,Electronics,25.0,11924.0,476.96,317.0,0
2023-05-03,SKU-7734,Electronics,27.0,13575.06,502.78,512.0,0
2023-05-04,SKU-7734,Electronics,30.0,13342.5,444.75,420.0,1
2023-05-05,SKU-7734,Electronics,36.0,17298.72,480.52,365.0,0
2023-05-06,SKU-7734,Electronics,35.0,17718.4,506.24,498.0,0
2023-05-07,SKU-7734,Electronics,37.0,18633.2,503.6,545.0,0
2023-05-08,SKU-7734,Electronics,29.0,14205.65,489.85,278.0,0
2023-05-09,SKU-7734,Electronics,,15767.36,492.73,552.0,0
2023-05-10,SKU-7734,Electronics,24.0,12076.56,503.19,246.0,0
2023-05-11,SKU-7734,Electronics,29.0,14774.34,509.46,322.0,0
2023-05-12,SKU-7734,Electronics,21.0,10384.71,494.51,462.0,0
2023-05-13,SKU-7734,Electronics,32.0,15539.2,485.6,403.0,0
2023-05-14,SKU-7734,Electronics,29.0,14686.47,506.43,564.0,0
2023-05-15,SKU-7734,Electronics,32.0,15752.0,492.25,399.0,0
2023-05-16,SKU-7734,Electronics,24.0,11505.84,479.41,264.0,0
2023-05-17,SKU-7734,Electronics,24.0,12455.28,518.97,556.0,0
2023-05-18,SKU-7734,Electronics,27.0,13230.81,490.03,457.0,0
2023-05-19,SKU-7734,Electronics,26.0,12795.12,492.12,418.0,0
2023-05-20,SKU-7734,Electronics,37.0,18133.7,490.1,479.0,0
2023-05-21,SKU-7734,Electronics,37.0,18160.34,490.82,247.0,0
2023-05-22,SKU-7734,Electronics,30.0,15604.5,520.15,561.0,0
2023-05-23,SKU-7734,Electronics,28.0,13552.28,484.01,443.0,0
2023-05-24,SKU-7734,Electronics,36.0,18119.88,503.33,294.0,0
2023-05-25,SKU-7734,Electronics,27.0,13998.15,518.45,450.0,0
2023-05-26,SKU-7734,Electronics,34.0,14858.34,437.01,458.0,1
2023-05-27,SKU-7734,Electronics,40.0,20471.2,511.78,522.0,0
2023-05-28,SKU-7734,Electronics,38.0,19036.48,500.96,392.0,0
2023-05-29,SKU-7734,Electronics,34.0,17642.94,518.91,581.0,0
2023-05-30,SKU-7734,Electronics,34.0,16500.88,485.32,401.0,0
2023-05-31,SKU-7734,Electronics,26.0,13516.1,519.85,187.0,0
2023-06-01,SKU-7734,Electronics,33.0,16565.01,501.97,359.0,0
2023-06-02,SKU-7734,Electronics,31.0,15423.43,497.53,319.0,0
2023-06-03,SKU-7734,Electronics,35.0,18301.85,522.91,214.0,0
2023-06-04,SKU-7734,Electronics,37.0,19038.35,514.55,329.0,0
2023-06-05,SKU-7734,Electronics,28.0,13707.96,489.57,586.0,0
2023-06-06,SKU-7734,Electronics,32.0,16113.28,503.54,563.0,0
2023-06-07,SKU-7734,Electronics,37.0,16101.29,435.17,564.0,1
2023-06-08,SKU-7734,Electronics,34.0,17418.2,512.3,444.0,0
2023-06-09,SKU-7734,Electronics,33.0,16829.67,509.99,582.0,0
2023-06-10,SKU-7734,Electronics,33.0,16380.21,496.37,280.0,0
2023-06-11,SKU-7734,Electronics,28.0,13437.48,479.91,400.0,0
2023-06-12,SKU-7734,Electronics,34.0,17460.36,513.54,,0
2023-06-13,SKU-7734,Electronics,23.0,11209.97,487.39,351.0,0
2023-06-14,SKU-7734,Electronics,33.0,15676.98,475.06,298.0,0
2023-06-15,SKU-7734,Electronics,34.0,17497.08,514.62,287.0,0
2023-06-16,SKU-7734,Electronics,34.0,16760.64,492.96,381.0,0
2023-06-17,SKU-7734,Electronics,35.0,16818.2,480.52,378.0,0
2023-06-18,SKU-7734,Electronics,39.0,19567.86,501.74,471.0,0
2023-06-19,SKU-7734,Electronics,36.0,15261.84,423.94,343.0,1
2023-06-20,SKU-7734,Electronics,38.0,18378.32,483.64,538.0,0
2023-06-21,SKU-7734,Electronics,38.0,16180.02,425.79,507.0,1
2023-06-22,SKU-7734,Electronics,34.0,17726.24,521.36,595.0,0
2023-06-23,SKU-7734,Electronics,33.0,16214.88,491.36,456.0,0
2023-06-24,SKU-7734,Electronics,36.0,17931.24,498.09,448.0,0
2023-06-25,SKU-7734,Electronics,50.0,25036.0,500.72,419.0,0
2023-06-26,SKU-7734,Electronics,32.0,16226.88,507.09,547.0,0
2023-06-27,SKU-7734,Electronics,39.0,19461.39,499.01,431.0,0
2023-06-28,SKU-7734,Electronics,35.0,17236.45,492.47,430.0,0
2023-06-29,SKU-7734,Electronics,39.0,19146.27,490.93,504.0,0
2023-06-30,SKU-7734,Electronics,29.0,14294.68,492.92,454.0,0
2023-07-01,SKU-7734,Electronics,39.0,20363.07,522.13,249.0,0
2023-07-02,SKU-7734,Electronics,43.0,17632.58,410.06,465.0,1
2023-07-03,SKU-7734,Electronics,34.0,16433.22,483.33,200.0,0
2023-07-04,SKU-7734,Electronics,31.0,15225.96,491.16,574.0,0
2023-07-05,SKU-7734,Electronics,34.0,17354.62,510.43,193.0,0
2023-07-06,SKU-7734,Electronics,28.0,13966.4,498.8,293.0,0
2023-07-07,SKU-7734,Electronics,31.0,16000.96,516.16,477.0,0
2023-07-08,SKU-7734,Electronics,30.0,15706.8,523.56,421.0,0
2023-07-09,SKU-7734,Electronics,37.0,19188.2,518.6,588.0,0
2023-07-10,SKU-7734,Electronics,31.0,15395.53,496.63,249.0,0
2023-07-11,SKU-7734,Electronics,27.0,12913.56,478.28,497.0,0
2023-07-12,SKU-7734,Electronics,28.0,13438.88,479.96,474.0,0
2023-07-13,SKU-7734,Electronics,30.0,14429.7,480.99,268.0,0
2023-07-14,SKU-7734,Electronics,28.0,13360.2,477.15,482.0,0
2023-07-15,SKU-7734,Electronics,41.0,20457.36,498.96,300.0,0
2023-07-16,SKU-7734,Electronics,31.0,15320.51,494.21,408.0,0
2023-07-17,SKU-7734,Electronics,41.0,17682.48,431.28,478.0,1
2023-07-18,SKU-7734,Electronics,31.0,16253.3,524.3,427.0,0
2023-07-19,SKU-7734,Electronics,34.0,16919.76,497.64,506.0,0
2023-07-20,SKU-7734,Electronics,25.0,12521.75,500.87,534.0,0
2023-07-21,SKU-7734,Electronics,26.0,13303.42,511.67,350.0,0
2023-07-22,SKU-7734,Electronics,26.0,13276.38,510.63,394.0,0
2023-07-23,SKU-7734,Electronics,37.0,18781.57,507.61,392.0,0
2023-07-24,SKU-7734,Electronics,26.0,12784.2,491.7,409.0,0
2023-07-25,SKU-7734,Electronics,33.0,16161.09,489.73,411.0,0
2023-07-26,SKU-7734,Electronics,32.0,15396.48,481.14,406.0,0
2023-07-27,SKU-7734,Electronics,41.0,17180.64,419.04,535.0,1
2023-07-28,SKU-7734,Electronics,33.0,16424.1,497.7,296.0,0
2023-07-29,SKU-7734,Electronics,37.0,18675.38,504.74,509.0,0
2023-07-30,SKU-7734,Electronics,39.0,19358.04,496.36,357.0,0
2023-07-31,SKU-7734,Electronics,33.0,15741.33,477.01,346.0,0
2023-08-01,SKU-7734,Electronics,34.0,15011.0,441.5,561.0,1
2023-08-02,SKU-7734,Electronics,29.0,13795.3,475.7,364.0,0
2023-08-03,SKU-7734,Electronics,35.0,17007.9,485.94,499.0,0
2023-08-04,SKU-7734,Electronics,25.0,11902.5,476.1,268.0,0
2023-08-05,SKU-7734,Electronics,30.0,14829.9,494.33,517.0,0
2023-08-06,SKU-7734,Electronics,34.0,17725.9,521.35,320.0,0
2023-08-07,SKU-7734,Electronics,33.0,17157.03,519.91,368.0,0
2023-08-08,SKU-7734,Electronics,23.0,11685.61,508.07,435.0,0
2023-08-09,SKU-7734,Electronics,31.0,15311.21,493.91,443.0,0
2023-08-10,SKU-7734,Electronics,30.0,14604.6,486.82,371.0,0
2023-08-11,SKU-7734,Electronics,34.0,17770.44,522.66,593.0,0
2023-08-12,SKU-7734,Electronics,29.0,15101.17,520.73,570.0,0
2023-08-13,SKU-7734,Electronics,38.0,18989.74,499.73,596.0,0
2023-08-14,SKU-7734,Electronics,32.0,16419.84,513.12,482.0,0
2023-08-15,SKU-7734,Electronics,32.0,16301.44,509.42,587.0,0
2023-08-16,SKU-7734,Electronics,25.0,13072.75,522.91,206.0,0
2023-08-17,SKU-7734,Electronics,24.0,12268.8,511.2,389.0,0
2023-08-18,SKU-7734,Electronics,27.0,13439.52,497.76,505.0,0
2023-08-19,SKU-7734,Electronics,31.0,16096.75,519.25,347.0,0
2023-08-20,SKU-7734,Electronics,41.0,19814.48,483.28,362.0,0
2023-08-21,SKU-7734,Electronics,40.0,16235.2,405.88,395.0,1
2023-08-22,SKU-7734,Electronics,31.0,15295.71,493.41,484.0,0
2023-08-23,SKU-7734,Electronics,28.0,14696.92,524.89,361.0,0
2023-08-24,SKU-7734,Electronics,31.0,15788.61,509.31,454.0,0
2023-08-25,SKU-7734,Electronics,41.0,18068.7,440.7,377.0,1
2023-08-26,SKU-7734,Electronics,32.0,15301.76,478.18,,0
2023-08-27,SKU-7734,Electronics,33.0,14016.09,424.73,363.0,1
2023-08-28,SKU-7734,Electronics,29.0,15200.93,524.17,355.0,0
2023-08-29,SKU-7734,Electronics,26.0,13511.42,519.67,436.0,0
2023-08-30,SKU-7734,Electronics,33.0,16497.36,499.92,346.0,0
2023-08-31,SKU-7734,Electronics,24.0,11477.52,478.23,402.0,0
2023-09-01,SKU-7734,Electronics,34.0,17820.08,524.12,494.0,0
2023-09-02,SKU-7734,Electronics,31.0,16075.67,518.57,558.0,0
2023-09-03,SKU-7734,Electronics,38.0,19197.22,505.19,434.0,0
2023-09-04,SKU-7734,Electronics,31.0,16042.19,517.49,317.0,0
2023-09-05,SKU-7734,Electronics,29.0,13972.2,481.8,314.0,0
2023-09-06,SKU-7734,Electronics,27.0,12908.7,478.1,540.0,0
2023-09-07,SKU-7734,Electronics,39.0,16020.03,410.77,354.0,1
2023-09-08,SKU-7734,Electronics,29.0,15127.85,521.65,528.0,0
2023-09-09,SKU-7734,Electronics,33.0,17002.59,515.23,253.0,0
2023-09-10,SKU-7734,Electronics,40.0,17630.0,440.75,189.0,1
2023-09-11,SKU-7734,Electronics,34.0,17166.6,504.9,260.0,0
2023-09-12,SKU-7734,Electronics,26.0,13033.54,501.29,278.0,0
2023-09-13,SKU-7734,Electronics,32.0,16223.68,506.99,275.0,0
2023-09-14,SKU-7734,Electronics,34.0,16368.62,481.43,593.0,0
2023-09-15,SKU-7734,Electronics,31.0,15163.65,489.15,327.0,0
2023-09-16,SKU-7734,Electronics,40.0,17208.4,430.21,276.0,1
2023-09-17,SKU-7734,Electronics,34.0,16840.2,495.3,519.0,0
2023-09-18,SKU-7734,Electronics,34.0,17611.32,517.98,586.0,0
2023-09-19,SKU-7734,Electronics,31.0,16022.66,516.86,313.0,0
2023-09-20,SKU-7734,Electronics,25.0,12265.75,490.63,562.0,0
2023-09-21,SKU-7734,Electronics,35.0,14198.1,405.66,416.0,1
2023-09-22,SKU-7734,Electronics,29.0,14262.49,491.81,273.0,0
2023-09-23,SKU-7734,Electronics,32.0,15670.08,489.69,590.0,0
2023-09-24,SKU-7734,Electronics,42.0,20736.24,493.72,267.0,0
2023-09-25,SKU-7734,Electronics,36.0,15266.52,424.07,408.0,1
2023-09-26,SKU-7734,Electronics,34.0,16314.56,479.84,492.0,0
2023-09-27,SKU-7734,Electronics,27.0,13369.59,495.17,377.0,0
2023-09-28,SKU-7734,Electronics,32.0,16630.4,519.7,204.0,0
2023-09-29,SKU-7734,Electronics,39.0,18530.46,475.14,333.0,0
2023-09-30,SKU-7734,Electronics,33.0,16553.79,501.63,274.0,0
2023-10-01,SKU-7734,Electronics,44.0,22840.84,519.11,196.0,0
2023-10-02,SKU-7734,Electronics,50.0,25474.0,509.48,482.0,0
2023-10-03,SKU-7734,Electronics,34.0,17838.1,524.65,256.0,0
2023-10-04,SKU-7734,Electronics,34.0,17714.34,521.01,518.0,0
2023-10-05,SKU-7734,Electronics,45.0,21654.45,481.21,576.0,0
2023-10-06,SKU-7734,Electronics,45.0,23527.35,522.83,189.0,0
2023-10-07,SKU-7734,Electronics,48.0,22946.88,478.06,363.0,0
2023-10-08,SKU-7734,Electronics,41.0,19488.12,475.32,243.0,0
2023-10-09,SKU-7734,Electronics,40.0,20372.4,509.31,466.0,0
2023-10-10,SKU-7734,Electronics,38.0,18632.16,490.32,247.0,0
2023-10-11,SKU-7734,Electronics,43.0,21737.79,505.53,226.0,0
2023-10-12,SKU-7734,Electronics,42.0,21926.1,522.05,255.0,0
2023-10-13,SKU-7734,Electronics,49.0,23783.62,485.38,267.0,0
2023-10-14,SKU-7734,Electronics,50.0,26223.5,524.47,436.0,0
2023-10-15,SKU-7734,Electronics,66.0,33172.26,502.61,426.0,0
