data/sample_sales_data.csv
date,product_id,category,sales_qty,revenue,price,inventory_qty,promotion_flag
2023-10-16,SKU-7734,Electronics,84.0,34670.16,412.74,492.0,1
2023-10-17,SKU-7734,Electronics,71.0,31483.53,443.43,325.0,1
2023-10-18,SKU-7734,Electronics,48.0,23940.96,498.77,208.0,0
2023-10-19,SKU-7734,Electronics,51.0,24288.24,476.24,207.0,0
2023-10-20,SKU-7734,Electronics,49.0,25300.17,516.33,181.0,0
2023-10-21,SKU-7734,Electronics,58.0,28896.76,498.22,523.0,0
2023-10-22,SKU-7734,Electronics,59.0,30916.0,524.0,436.0,0
2023-10-23,SKU-7734,Electronics,48.0,24480.48,510.01,564.0,0
2023-10-24,SKU-7734,Electronics,55.0,26777.3,486.86,388.0,0
2023-10-25,SKU-7734,Electronics,73.0,30563.64,418.68,554.0,1
2023-10-26,SKU-7734,Electronics,44.0,22612.92,513.93,345.0,0
2023-10-27,SKU-7734,Electronics,46.0,18625.86,404.91,302.0,1
2023-10-28,SKU-7734,Electronics,42.0,19975.62,475.61,398.0,0
2023-10-29,SKU-7734,Electronics,42.0,19973.52,475.56,275.0,0
2023-10-30,SKU-7734,Electronics,30.0,15412.2,513.74,538.0,0
2023-10-31,SKU-7734,Electronics,34.0,16946.62,498.43,214.0,0
2023-11-01,SKU-7734,Electronics,38.0,18700.56,492.12,514.0,0
2023-11-02,SKU-7734,Electronics,41.0,20889.91,509.51,180.0,0
2023-11-03,SKU-7734,Electronics,61.0,25147.86,412.26,283.0,1
2023-11-04,SKU-7734,Electronics,48.0,24347.04,507.23,560.0,0
2023-11-05,SKU-7734,Electronics,56.0,28599.76,510.71,360.0,0
2023-11-06,SKU-7734,Electronics,49.0,23761.57,484.93,181.0,0
2023-11-07,SKU-7734,Electronics,47.0,22518.64,479.12,337.0,0
2023-11-08,SKU-7734,Electronics,48.0,24021.12,500.44,305.0,0
2023-11-09,SKU-7734,Electronics,57.0,23758.74,416.82,385.0,1
2023-11-10,SKU-7734,Electronics,37.0,17695.62,478.26,214.0,0
2023-11-11,SKU-7734,Electronics,54.0,28053.54,519.51,563.0,0
2023-11-12,SKU-7734,Electronics,54.0,27407.16,507.54,521.0,0
2023-11-13,SKU-7734,Electronics,47.0,22985.82,489.06,513.0,0
2023-11-14,SKU-7734,Electronics,42.0,20817.72,495.66,503.0,0
2023-11-15,SKU-7734,Electronics,40.0,20768.0,519.2,408.0,0
2023-11-16,SKU-7734,Electronics,56.0,22971.2,410.2,199.0,1
2023-11-17,SKU-7734,Electronics,48.0,24247.2,505.15,370.0,0
2023-11-18,SKU-7734,Electronics,74.0,31645.36,427.64,499.0,1
2023-11-19,SKU-7734,Electronics,50.0,24804.0,496.08,226.0,0
2023-11-20,SKU-7734,Electronics,51.0,24679.41,483.91,426.0,0
2023-11-21,SKU-7734,Electronics,36.0,18573.12,515.92,409.0,0
2023-11-22,SKU-7734,Electronics,45.0,22477.05,499.49,272.0,0
2023-11-23,SKU-7734,Electronics,229.6016375366039,22819.05,507.09,317.0,0
2023-11-24,SKU-7734,Electronics,45.0,23044.05,512.09,466.0,0
2023-11-25,SKU-7734,Electronics,67.0,29180.51,435.53,556.0,1
2023-11-26,SKU-7734,Electronics,39.0,19902.48,510.32,527.0,0
2023-11-27,SKU-7734,Electronics,46.0,23882.74,519.19,533.0,0
2023-11-28,SKU-7734,Electronics,43.0,22129.09,514.63,299.0,0
2023-11-29,SKU-7734,Electronics,63.0,26096.49,414.23,490.0,1
2023-11-30,SKU-7734,Electronics,46.0,22885.92,497.52,250.0,0
2023-12-01,SKU-7734,Electronics,46.0,23633.88,513.78,232.0,0
2023-12-02,SKU-7734,Electronics,72.0,31608.0,439.0,557.0,1
2023-12-03,SKU-7734,Electronics,53.0,26198.96,494.32,405.0,0
2023-12-04,SKU-7734,Electronics,46.0,23528.54,511.49,524.0,0
2023-12-05,SKU-7734,Electronics,42.0,20554.8,489.4,512.0,0
2023-12-06,SKU-7734,Electronics,46.0,23091.54,501.99,315.0,0
2023-12-07,SKU-7734,Electronics,49.0,24498.53,499.97,484.0,0
2023-12-08,SKU-7734,Electronics,50.0,25821.0,516.42,512.0,0
2023-12-09,SKU-7734,Electronics,48.0,23238.24,484.13,533.0,0
2023-12-10,SKU-7734,Electronics,53.0,25619.14,483.38,443.0,0
2023-12-11,SKU-7734,Electronics,48.0,24266.4,505.55,214.0,0
2023-12-12,SKU-7734,Electronics,39.0,18795.66,481.94,213.0,0
2023-12-13,SKU-7734,Electronics,43.0,22527.27,523.89,226.0,0
2023-12-14,SKU-7734,Electronics,39.0,19638.45,503.55,534.0,0
2022-01-01,SKU-8891,FMCG,190.0,13058.7,68.73,1258.0,1
2022-01-02,SKU-8891,FMCG,219.0,15297.15,,1317.0,1
2022-01-03,SKU-8891,FMCG,154.0,12822.04,83.26,1423.0,0
2022-01-04,SKU-8891,FMCG,167.0,13177.97,78.91,2940.0,0
2022-01-05,SKU-8891,FMCG,150.0,12015.0,80.1,1375.0,0
2022-01-06,SKU-8891,FMCG,166.0,12830.14,77.29,2786.0,0
2022-01-07,SKU-8891,FMCG,187.0,14503.72,77.56,2417.0,0
2022-01-08,SKU-8891,FMCG,196.0,15460.48,78.88,1516.0,0
2022-01-09,SKU-8891,FMCG,200.0,13768.0,68.84,1079.0,1
2022-01-10,SKU-8891,FMCG,179.0,14114.15,78.85,2491.0,0
2022-01-11,SKU-8891,FMCG,136.0,11360.08,83.53,1710.0,0
2022-01-12,SKU-8891,FMCG,181.0,13904.42,76.82,2795.0,0
2022-01-13,SKU-8891,FMCG,153.0,12385.35,80.95,1112.0,0
2022-01-14,SKU-8891,FMCG,144.0,12052.8,83.7,1687.0,0
2022-01-15,SKU-8891,FMCG,187.0,15257.33,81.59,2025.0,0
2022-01-16,SKU-8891,FMCG,185.0,15318.0,82.8,1419.0,0
2022-01-17,SKU-8891,FMCG,126.0,10486.98,83.23,1631.0,0
2022-01-18,SKU-8891,FMCG,169.0,13072.15,77.35,1485.0,0
2022-01-19,SKU-8891,FMCG,165.0,12681.9,76.86,1839.0,0
2022-01-20,SKU-8891,FMCG,170.0,13254.9,77.97,1237.0,0
2022-01-21,SKU-8891,FMCG,160.0,12529.6,78.31,2120.0,0
2022-01-22,SKU-8891,FMCG,189.0,14668.29,77.61,1243.0,0
2022-01-23,SKU-8891,FMCG,174.0,14468.1,83.15,2556.0,0
2022-01-24,SKU-8891,FMCG,188.0,14519.24,77.23,2131.0,0
2022-01-25,SKU-8891,FMCG,128.0,10082.56,78.77,1628.0,0
2022-01-26,SKU-8891,FMCG,149.0,12247.8,82.2,1851.0,0
2022-01-27,SKU-8891,FMCG,210.0,14519.4,69.14,1330.0,1
2022-01-28,SKU-8891,FMCG,181.0,14371.4,79.4,947.0,0
2022-01-29,SKU-8891,FMCG,155.0,11986.15,77.33,2449.0,0
2022-01-30,SKU-8891,FMCG,223.0,17387.31,77.97,2620.0,0
2022-01-31,SKU-8891,FMCG,180.0,15039.0,83.55,1895.0,0
2022-02-01,SKU-8891,FMCG,184.0,15452.32,83.98,1636.0,0
2022-02-02,SKU-8891,FMCG,159.0,12864.69,80.91,1250.0,0
2022-02-03,SKU-8891,FMCG,156.0,12932.4,82.9,2599.0,0
2022-02-04,SKU-8891,FMCG,173.0,14004.35,80.95,2480.0,0
2022-02-05,SKU-8891,FMCG,192.0,14695.68,76.54,2122.0,0
2022-02-06,SKU-8891,FMCG,175.0,14631.75,83.61,1217.0,0
2022-02-07,SKU-8891,FMCG,177.0,13618.38,76.94,1162.0,0
2022-02-08,SKU-8891,FMCG,181.0,14228.41,78.61,1987.0,0
2022-02-09,SKU-8891,FMCG,167.0,13395.07,80.21,2436.0,0
2022-02-10,SKU-8891,FMCG,135.0,11196.9,82.94,2115.0,0
2022-02-11,SKU-8891,FMCG,162.0,11532.78,71.19,1442.0,1
2022-02-12,SKU-8891,FMCG,184.0,14766.0,80.25,2866.0,0
2022-02-13,SKU-8891,FMCG,196.0,16258.2,82.95,2098.0,0
2022-02-14,SKU-8891,FMCG,166.0,13047.6,78.6,1669.0,0
2022-02-15,SKU-8891,FMCG,169.0,12925.12,76.48,2862.0,0
2022-02-16,SKU-8891,FMCG,238.0,16914.66,71.07,2163.0,1
2022-02-17,SKU-8891,FMCG,207.0,16717.32,80.76,1943.0,0
2022-02-18,SKU-8891,FMCG,140.0,11264.4,80.46,2434.0,0
2022-02-19,SKU-8891,FMCG,185.0,14113.65,76.29,1536.0,0
2022-02-20,SKU-8891,FMCG,188.0,14487.28,77.06,2710.0,0
2022-02-21,SKU-8891,FMCG,193.0,14756.78,76.46,2359.0,0
2022-02-22,SKU-8891,FMCG,167.0,13996.27,83.81,2583.0,0
2022-02-23,SKU-8891,FMCG,190.0,13096.7,68.93,2189.0,1
2022-02-24,SKU-8891,FMCG,186.0,12276.0,66.0,1154.0,1
2022-02-25,SKU-8891,FMCG,158.0,12369.82,78.29,2613.0,0
2022-02-26,SKU-8891,FMCG,197.0,15224.16,77.28,1869.0,0
2022-02-27,SKU-8891,FMCG,209.0,17046.04,81.56,906.0,0
2022-02-28,SKU-8891,FMCG,200.0,13040.0,65.2,1363.0,1
2022-03-01,SKU-8891,FMCG,168.0,12947.76,77.07,1069.0,0
2022-03-02,SKU-8891,FMCG,199.0,15157.83,76.17,2293.0,0
2022-03-03,SKU-8891,FMCG,172.0,13703.24,79.67,1917.0,0
2022-03-04,SKU-8891,FMCG,178.0,13677.52,76.84,2279.0,0
2022-03-05,SKU-8891,FMCG,180.0,14837.4,82.43,1960.0,0
2022-03-06,SKU-8891,FMCG,191.0,15027.88,78.68,1264.0,0
2022-03-07,SKU-8891,FMCG,150.0,11766.0,78.44,1346.0,0
2022-03-08,SKU-8891,FMCG,174.0,13248.36,76.14,2921.0,0
2022-03-09,SKU-8891,FMCG,205.0,16561.95,,1141.0,0
2022-03-10,SKU-8891,FMCG,216.0,16856.64,78.04,1659.0,0
2022-03-11,SKU-8891,FMCG,180.0,15109.2,83.94,1176.0,0
2022-03-12,SKU-8891,FMCG,208.0,17374.24,83.53,2304.0,0
2022-03-13,SKU-8891,FMCG,217.0,17659.46,81.38,1478.0,0
2022-03-14,SKU-8891,FMCG,175.0,14248.5,81.42,2172.0,0
2022-03-15,SKU-8891,FMCG,187.0,15650.03,83.69,1717.0,0
2022-03-16,SKU-8891,FMCG,222.0,17573.52,79.16,982.0,0
2022-03-17,SKU-8891,FMCG,209.0,16849.58,80.62,2717.0,0
2022-03-18,SKU-8891,FMCG,198.0,15061.86,76.07,2995.0,0
2022-03-19,SKU-8891,FMCG,265.0,18550.0,70.0,2384.0,1
2022-03-20,SKU-8891,FMCG,182.0,14636.44,80.42,1992.0,0
2022-03-21,SKU-8891,FMCG,184.0,14539.68,79.02,2924.0,0
2022-03-22,SKU-8891,FMCG,176.0,14534.08,82.58,2685.0,0
2022-03-23,SKU-8891,FMCG,158.0,12679.5,80.25,2149.0,0
2022-03-24,SKU-8891,FMCG,181.0,15057.39,83.19,2544.0,0
2022-03-25,SKU-8891,FMCG,204.0,15928.32,78.08,1624.0,0
2022-03-26,SKU-8891,FMCG,221.0,18477.81,83.61,2989.0,0
2022-03-27,SKU-8891,FMCG,222.0,18166.26,81.83,,0
2022-03-28,SKU-8891,FMCG,159.0,12130.11,76.29,1267.0,0
2022-03-29,SKU-8891,FMCG,184.0,14473.44,78.66,2356.0,0
2022-03-30,SKU-8891,FMCG,158.0,12477.26,78.97,2794.0,0
2022-03-31,SKU-8891,FMCG,218.0,17838.94,81.83,2709.0,0
2022-04-01,SKU-8891,FMCG,174.0,13472.82,77.43,2580.0,0
2022-04-02,SKU-8891,FMCG,258.0,20198.82,78.29,1808.0,0
2022-04-03,SKU-8891,FMCG,251.0,16673.93,66.43,1503.0,1
2022-04-04,SKU-8891,FMCG,197.0,16077.17,81.61,2328.0,0
2022-04-05,SKU-8891,FMCG,205.0,15905.95,77.59,2742.0,0
2022-04-06,SKU-8891,FMCG,243.0,20207.88,83.16,2299.0,0
2022-04-07,SKU-8891,FMCG,197.0,15145.36,76.88,1507.0,0
2022-04-08,SKU-8891,FMCG,203.0,15687.84,77.28,2314.0,0
2022-04-09,SKU-8891,FMCG,169.0,13793.78,81.62,1260.0,0
2022-04-10,SKU-8891,FMCG,264.0,21846.0,82.75,1918.0,0
2022-04-11,SKU-8891,FMCG,162.0,12791.52,78.96,1874.0,0
2022-04-12,SKU-8891,FMCG,200.0,16156.0,80.78,2273.0,0
2022-04-13,SKU-8891,FMCG,202.0,15661.06,77.53,2358.0,0
2022-04-14,SKU-8891,FMCG,193.0,13778.27,71.39,1585.0,1
2022-04-15,SKU-8891,FMCG,238.0,16519.58,69.41,1717.0,1
2022-04-16,SKU-8891,FMCG,195.0,16126.5,82.7,1256.0,0
2022-04-17,SKU-8891,FMCG,197.0,16544.06,83.98,963.0,0
2022-04-18,SKU-8891,FMCG,200.0,15722.0,78.61,1528.0,0
2022-04-19,SKU-8891,FMCG,171.0,13074.66,76.46,1779.0,0
2022-04-20,SKU-8891,FMCG,183.0,14738.82,80.54,2116.0,0
2022-04-21,SKU-8891,FMCG,201.0,15627.75,77.75,2735.0,0
2022-04-22,SKU-8891,FMCG,221.0,16849.04,76.24,1329.0,0
2022-04-23,SKU-8891,FMCG,266.0,20356.98,76.53,940.0,0
2022-04-24,SKU-8891,FMCG,260.0,18449.6,70.96,1290.0,1
2022-04-25,SKU-8891,FMCG,205.0,13501.3,65.86,1618.0,1
2022-04-26,SKU-8891,FMCG,240.0,15698.4,65.41,2959.0,1
2022-04-27,SKU-8891,FMCG,220.0,18139.0,82.45,1589.0,0
2022-04-28,SKU-8891,FMCG,185.0,15038.65,81.29,1061.0,0
2022-04-29,SKU-8891,FMCG,190.0,15787.1,83.09,2862.0,0
2022-04-30,SKU-8891,FMCG,286.0,19779.76,69.16,2591.0,1
2022-05-01,SKU-8891,FMCG,275.0,20952.25,76.19,2653.0,0
2022-05-02,SKU-8891,FMCG,185.0,14391.15,77.79,1374.0,0
2022-05-03,SKU-8891,FMCG,214.0,17781.26,83.09,2780.0,0
2022-05-04,SKU-8891,FMCG,154.0,12751.2,82.8,1323.0,0
2022-05-05,SKU-8891,FMCG,218.0,16949.5,77.75,1025.0,0
2022-05-06,SKU-8891,FMCG,225.0,17358.75,77.15,2400.0,0
2022-05-07,SKU-8891,FMCG,247.0,20212.01,81.83,2537.0,0
2022-05-08,SKU-8891,FMCG,200.0,16292.0,81.46,1562.0,0
2022-05-09,SKU-8891,FMCG,178.0,14435.8,81.1,2622.0,0
2022-05-10,SKU-8891,FMCG,196.0,15813.28,80.68,2935.0,0
2022-05-11,SKU-8891,FMCG,175.0,13527.5,77.3,2442.0,0
2022-05-12,SKU-8891,FMCG,213.0,16398.87,76.99,2737.0,0
2022-05-13,SKU-8891,FMCG,226.0,17924.06,79.31,2911.0,0
2022-05-14,SKU-8891,FMCG,197.0,15876.23,80.59,2088.0,0
2022-05-15,SKU-8891,FMCG,171.0,13912.56,81.36,2247.0,0
2022-05-16,SKU-8891,FMCG,201.0,15935.28,79.28,2954.0,0
2022-05-17,SKU-8891,FMCG,171.0,13568.85,79.35,1651.0,0
2022-05-18,SKU-8891,FMCG,249.0,17076.42,68.58,2877.0,1
2022-05-19,SKU-8891,FMCG,231.0,17706.15,76.65,1084.0,0
2022-05-20,SKU-8891,FMCG,182.0,14560.0,80.0,2317.0,0
2022-05-21,SKU-8891,FMCG,212.0,17653.24,83.27,1677.0,0
2022-05-22,SKU-8891,FMCG,363.0,25431.78,70.06,2708.0,1
2022-05-23,SKU-8891,FMCG,245.0,16003.4,65.32,2661.0,1
2022-05-24,SKU-8891,FMCG,196.0,15113.56,77.11,2963.0,0
2022-05-25,SKU-8891,FMCG,212.0,17339.48,81.79,2850.0,0
2022-05-26,SKU-8891,FMCG,200.0,16330.0,81.65,,0
2022-05-27,SKU-8891,FMCG,178.0,14823.84,83.28,1299.0,0
2022-05-28,SKU-8891,FMCG,252.0,20255.76,80.38,1083.0,0
2022-05-29,SKU-8891,FMCG,304.0,20285.92,66.73,2234.0,1
2022-05-30,SKU-8891,FMCG,214.0,16516.52,77.18,1525.0,0
2022-05-31,SKU-8891,FMCG,204.0,17072.76,83.69,1834.0,0
2022-06-01,SKU-8891,FMCG,191.0,14962.94,78.34,2472.0,0
2022-06-02,SKU-8891,FMCG,229.0,18029.17,78.73,2261.0,0
2022-06-03,SKU-8891,FMCG,257.0,21444.08,83.44,2007.0,0
2022-06-04,SKU-8891,FMCG,219.0,17622.93,80.47,1628.0,0
2022-06-05,SKU-8891,FMCG,247.0,20419.49,82.67,1147.0,0
2022-06-06,SKU-8891,FMCG,292.0,18974.16,64.98,1919.0,1
2022-06-07,SKU-8891,FMCG,218.0,18152.86,83.27,2496.0,0
2022-06-08,SKU-8891,FMCG,200.0,16402.0,82.01,2876.0,0
2022-06-09,SKU-8891,FMCG,171.0,13308.93,77.83,1022.0,0
2022-06-10,SKU-8891,FMCG,314.0,21260.94,67.71,1897.0,1
2022-06-11,SKU-8891,FMCG,236.0,19710.72,83.52,1620.0,0
2022-06-12,SKU-8891,FMCG,196.0,15693.72,80.07,1850.0,0
2022-06-13,SKU-8891,FMCG,224.0,17830.4,79.6,2355.0,0
2022-06-14,SKU-8891,FMCG,232.0,18049.6,77.8,1959.0,0
2022-06-15,SKU-8891,FMCG,233.0,17798.87,76.39,1711.0,0
2022-06-16,SKU-8891,FMCG,204.0,15622.32,76.58,1318.0,0
2022-06-17,SKU-8891,FMCG,251.0,16776.84,66.84,2356.0,1
2022-06-18,SKU-8891,FMCG,225.0,17563.5,78.06,1874.0,0
2022-06-19,SKU-8891,FMCG,300.0,24882.0,82.94,2639.0,0
2022-06-20,SKU-8891,FMCG,237.0,19244.4,81.2,2963.0,0
2022-06-21,SKU-8891,FMCG,188.0,15596.48,82.96,2770.0,0
2022-06-22,SKU-8891,FMCG,217.0,17485.86,80.58,2620.0,0
2022-06-23,SKU-8891,FMCG,229.0,19158.14,83.66,970.0,0
2022-06-24,SKU-8891,FMCG,220.0,18297.4,83.17,1117.0,0
2022-06-25,SKU-8891,FMCG,263.0,21863.19,83.13,2095.0,0
2022-06-26,SKU-8891,FMCG,265.0,20198.3,76.22,1688.0,0
2022-06-27,SKU-8891,FMCG,255.0,21055.35,82.57,1491.0,0
2022-06-28,SKU-8891,FMCG,203.0,16846.97,82.99,1396.0,0
2022-06-29,SKU-8891,FMCG,220.0,18246.8,82.94,2305.0,0
2022-06-30,SKU-8891,FMCG,186.0,14800.02,79.57,2533.0,0
2022-07-01,SKU-8891,FMCG,229.0,15166.67,66.23,1490.0,1
2022-07-02,SKU-8891,FMCG,246.0,19264.26,78.31,2899.0,0
2022-07-03,SKU-8891,FMCG,230.0,18958.9,82.43,2617.0,0
2022-07-04,SKU-8891,FMCG,209.0,16876.75,80.75,1166.0,0
2022-07-05,SKU-8891,FMCG,190.0,14696.5,77.35,1867.0,0
2022-07-06,SKU-8891,FMCG,195.0,15126.15,77.57,2881.0,0
2022-07-07,SKU-8891,FMCG,196.0,15627.08,79.73,1659.0,0
2022-07-08,SKU-8891,FMCG,187.0,14978.7,80.1,2006.0,0
2022-07-09,SKU-8891,FMCG,196.0,15674.12,79.97,1158.0,0
2022-07-10,SKU-8891,FMCG,265.0,22090.4,83.36,1099.0,0
2022-07-11,SKU-8891,FMCG,195.0,15742.35,80.73,2270.0,0
2022-07-12,SKU-8891,FMCG,198.0,15643.98,79.01,1671.0,0
2022-07-13,SKU-8891,FMCG,343.0,22548.82,65.74,1298.0,1
2022-07-14,SKU-8891,FMCG,161.0,12694.85,78.85,1244.0,0
2022-07-15,SKU-8891,FMCG,199.0,16212.53,81.47,2753.0,0
2022-07-16,SKU-8891,FMCG,187.0,15530.35,83.05,1981.0,0
2022-07-17,SKU-8891,FMCG,231.0,18771.06,81.26,2630.0,0
2022-07-18,SKU-8891,FMCG,198.0,15366.78,77.61,1068.0,0
2022-07-19,SKU-8891,FMCG,190.0,15847.9,83.41,919.0,0
2022-07-20,SKU-8891,FMCG,172.0,13285.28,77.24,1648.0,0
2022-07-21,SKU-8891,FMCG,222.0,18508.14,83.37,2121.0,0
2022-07-22,SKU-8891,FMCG,222.0,17604.6,79.3,1190.0,0
2022-07-23,SKU-8891,FMCG,209.0,16462.93,78.77,2467.0,0
2022-07-24,SKU-8891,FMCG,232.0,18889.44,81.42,2586.0,0
2022-07-25,SKU-8891,FMCG,176.0,14541.12,82.62,1798.0,0
2022-07-26,SKU-8891,FMCG,228.0,17838.72,78.24,1235.0,0
2022-07-27,SKU-8891,FMCG,227.0,17976.13,79.19,1565.0,0
2022-07-28,SKU-8891,FMCG,146.0,11347.12,77.72,2603.0,0
2022-07-29,SKU-8891,FMCG,217.0,18154.22,83.66,1063.0,0
2022-07-30,SKU-8891,FMCG,197.0,16437.68,83.44,1705.0,0
2022-07-31,SKU-8891,FMCG,278.0,21595.04,77.68,2088.0,0
2022-08-01,SKU-8891,FMCG,234.0,19319.04,82.56,1655.0,0
2022-08-02,SKU-8891,FMCG,163.0,13486.62,82.74,1536.0,0
2022-08-03,SKU-8891,FMCG,226.0,15374.78,68.03,2717.0,1
2022-08-04,SKU-8891,FMCG,205.0,16777.2,81.84,942.0,0
2022-08-05,SKU-8891,FMCG,200.0,16118.0,80.59,2238.0,0
2022-08-06,SKU-8891,FMCG,222.0,18437.1,83.05,1773.0,0
2022-08-07,SKU-8891,FMCG,251.0,20976.07,83.57,1178.0,0
2022-08-08,SKU-8891,FMCG,222.0,17728.92,79.86,2762.0,0
2022-08-09,SKU-8891,FMCG,187.0,15608.89,83.47,1285.0,0
2022-08-10,SKU-8891,FMCG,146.0,11869.8,81.3,1811.0,0
2022-08-11,SKU-8891,FMCG,167.0,13121.19,78.57,2924.0,0
2022-08-12,SKU-8891,FMCG,166.0,12786.98,77.03,1803.0,0
2022-08-13,SKU-8891,FMCG,190.0,15872.6,83.54,1988.0,0
2022-08-14,SKU-8891,FMCG,218.0,17509.76,80.32,2684.0,0
2022-08-15,SKU-8891,FMCG,156.0,12866.88,82.48,2026.0,0
2022-08-16,SKU-8891,FMCG,172.0,13717.0,79.75,1672.0,0
2022-08-17,SKU-8891,FMCG,228.0,18917.16,82.97,2997.0,0
2022-08-18,SKU-8891,FMCG,186.0,14736.78,79.23,2325.0,0
2022-08-19,SKU-8891,FMCG,205.0,16871.5,82.3,1018.0,0
2022-08-20,SKU-8891,FMCG,247.0,20641.79,83.57,1758.0,0
2022-08-21,SKU-8891,FMCG,242.0,19691.54,81.37,1728.0,0
2022-08-22,SKU-8891,FMCG,215.0,16890.4,78.56,2463.0,0
2022-08-23,SKU-8891,FMCG,186.0,14902.32,80.12,1320.0,0
2022-08-24,SKU-8891,FMCG,275.0,19167.5,69.7,2925.0,1
2022-08-25,SKU-8891,FMCG,203.0,15482.81,76.27,,0
2022-08-26,SKU-8891,FMCG,204.0,16260.84,79.71,2158.0,0
2022-08-27,SKU-8891,FMCG,226.0,17779.42,78.67,954.0,0
2022-08-28,SKU-8891,FMCG,237.0,18433.86,77.78,1018.0,0
2022-08-29,SKU-8891,FMCG,216.0,17398.8,80.55,1822.0,0
2022-08-30,SKU-8891,FMCG,239.0,19402.02,81.18,994.0,0
2022-08-31,SKU-8891,FMCG,187.0,15530.35,83.05,1767.0,0
2022-09-01,SKU-8891,FMCG,176.0,13912.8,79.05,1195.0,0
2022-09-02,SKU-8891,FMCG,211.0,17270.35,81.85,2389.0,0
2022-09-03,SKU-8891,FMCG,266.0,22003.52,82.72,1841.0,0
2022-09-04,SKU-8891,FMCG,228.0,19115.52,83.84,1463.0,0
2022-09-05,SKU-8891,FMCG,238.0,19249.44,80.88,2128.0,0
2022-09-06,SKU-8891,FMCG,302.0,21034.3,69.65,2517.0,1
2022-09-07,SKU-8891,FMCG,214.0,17186.34,80.31,1504.0,0
2022-09-08,SKU-8891,FMCG,253.0,17181.23,67.91,1526.0,1
2022-09-09,SKU-8891,FMCG,225.0,17329.5,77.02,1022.0,0
2022-09-10,SKU-8891,FMCG,279.0,22771.98,81.62,2564.0,0
2022-09-11,SKU-8891,FMCG,221.0,17697.68,80.08,1787.0,0
2022-09-12,SKU-8891,FMCG,184.0,14685.04,79.81,1468.0,0
2022-09-13,SKU-8891,FMCG,242.0,20265.08,83.74,2481.0,0
2022-09-14,SKU-8891,FMCG,194.0,15009.78,77.37,1376.0,0
2022-09-15,SKU-8891,FMCG,269.0,20452.07,76.03,1407.0,0
2022-09-16,SKU-8891,FMCG,208.0,16257.28,78.16,1334.0,0
2022-09-17,SKU-8891,FMCG,214.0,17759.86,82.99,2380.0,0
2022-09-18,SKU-8891,FMCG,221.0,18415.93,83.33,1504.0,0
