data/sample_sales_data.csv
date,product_id,category,sales_qty,revenue,price,inventory_qty,promotion_flag
2022-09-19,SKU-8891,FMCG,207.0,17063.01,82.43,2284.0,0
2022-09-20,SKU-8891,FMCG,172.0,14257.08,82.89,1046.0,0
2022-09-21,SKU-8891,FMCG,194.0,15444.34,79.61,1756.0,0
2022-09-22,SKU-8891,FMCG,241.0,19349.89,80.29,1843.0,0
2022-09-23,SKU-8891,FMCG,209.0,16124.35,77.15,2390.0,0
2022-09-24,SKU-8891,FMCG,219.0,17947.05,81.95,1956.0,0
2022-09-25,SKU-8891,FMCG,240.0,18412.8,76.72,2140.0,0
2022-09-26,SKU-8891,FMCG,200.0,16090.0,80.45,1763.0,0
2022-09-27,SKU-8891,FMCG,222.0,16943.04,76.32,1158.0,0
2022-09-28,SKU-8891,FMCG,212.0,17085.08,80.59,2692.0,0
2022-09-29,SKU-8891,FMCG,160.0,13334.4,83.34,1181.0,0
2022-09-30,SKU-8891,FMCG,286.0,19716.84,68.94,2220.0,1
2022-10-01,SKU-8891,FMCG,263.0,20172.1,76.7,2776.0,0
2022-10-02,SKU-8891,FMCG,298.0,24060.52,80.74,2446.0,0
2022-10-03,SKU-8891,FMCG,242.0,15904.24,65.72,2953.0,1
2022-10-04,SKU-8891,FMCG,265.0,20879.35,78.79,2391.0,0
2022-10-05,SKU-8891,FMCG,276.0,23012.88,83.38,2690.0,0
2022-10-06,SKU-8891,FMCG,272.0,18474.24,67.92,2374.0,1
2022-10-07,SKU-8891,FMCG,290.0,22950.6,79.14,2919.0,0
2022-10-08,SKU-8891,FMCG,410.0,31713.5,77.35,1164.0,0
2022-10-09,SKU-8891,FMCG,246.0,20078.52,81.62,2413.0,0
2022-10-10,SKU-8891,FMCG,252.0,20112.12,79.81,1157.0,0
2022-10-11,SKU-8891,FMCG,243.0,19350.09,79.63,1964.0,0
2022-10-12,SKU-8891,FMCG,272.0,21787.2,80.1,2052.0,0
2022-10-13,SKU-8891,FMCG,286.0,23145.98,80.93,1800.0,0
2022-10-14,SKU-8891,FMCG,269.0,22240.92,82.68,1241.0,0
2022-10-15,SKU-8891,FMCG,477.0,39734.1,83.3,1458.0,0
2022-10-16,SKU-8891,FMCG,415.0,33291.3,80.22,1986.0,0
2022-10-17,SKU-8891,FMCG,313.0,24154.21,77.17,1296.0,0
2022-10-18,SKU-8891,FMCG,499.0,32574.72,65.28,1662.0,1
2022-10-19,SKU-8891,FMCG,384.0,30812.16,80.24,1730.0,0
2022-10-20,SKU-8891,FMCG,422.0,32434.92,76.86,1959.0,0
2022-10-21,SKU-8891,FMCG,310.0,24824.8,80.08,1168.0,0
2022-10-22,SKU-8891,FMCG,427.0,33963.58,79.54,1050.0,0
2022-10-23,SKU-8891,FMCG,493.0,38601.9,78.3,1239.0,0
2022-10-24,SKU-8891,FMCG,367.0,28809.5,78.5,2621.0,0
2022-10-25,SKU-8891,FMCG,275.0,21466.5,78.06,1375.0,0
2022-10-26,SKU-8891,FMCG,270.0,19005.3,70.39,2336.0,1
2022-10-27,SKU-8891,FMCG,296.0,24375.6,82.35,1876.0,0
2022-10-28,SKU-8891,FMCG,348.0,23806.68,68.41,2558.0,1
2022-10-29,SKU-8891,FMCG,364.0,23809.24,65.41,931.0,1
2022-10-30,SKU-8891,FMCG,341.0,27805.14,81.54,910.0,0
2022-10-31,SKU-8891,FMCG,267.0,21851.28,81.84,1110.0,0
2022-11-01,SKU-8891,FMCG,352.0,28005.12,79.56,2998.0,0
2022-11-02,SKU-8891,FMCG,267.0,21819.24,81.72,1130.0,0
2022-11-03,SKU-8891,FMCG,295.0,24538.1,83.18,2888.0,0
2022-11-04,SKU-8891,FMCG,396.0,27343.8,69.05,2311.0,1
2022-11-05,SKU-8891,FMCG,363.0,29566.35,81.45,2479.0,0
2022-11-06,SKU-8891,FMCG,391.0,30470.63,77.93,1253.0,0
2022-11-07,SKU-8891,FMCG,299.0,25101.05,83.95,1387.0,0
2022-11-08,SKU-8891,FMCG,273.0,21957.39,80.43,2193.0,0
2022-11-09,SKU-8891,FMCG,366.0,23691.18,64.73,2766.0,1
2022-11-10,SKU-8891,FMCG,333.0,25357.95,76.15,2045.0,0
2022-11-11,SKU-8891,FMCG,282.0,22757.4,80.7,1952.0,0
2022-11-12,SKU-8891,FMCG,338.0,27100.84,80.18,915.0,0
2022-11-13,SKU-8891,FMCG,325.0,26552.5,81.7,2117.0,0
2022-11-14,SKU-8891,FMCG,345.0,28648.8,83.04,2764.0,0
2022-11-15,SKU-8891,FMCG,335.0,25597.35,76.41,2465.0,0
2022-11-16,SKU-8891,FMCG,334.0,26249.06,78.59,2661.0,0
2022-11-17,SKU-8891,FMCG,324.0,25041.96,77.29,1674.0,0
2022-11-18,SKU-8891,FMCG,313.0,24532.94,78.38,973.0,0
2022-11-19,SKU-8891,FMCG,350.0,28696.5,81.99,2493.0,0
2022-11-20,SKU-8891,FMCG,334.0,27655.2,82.8,1811.0,0
2022-11-21,SKU-8891,FMCG,334.0,25901.7,77.55,1337.0,0
2022-11-22,SKU-8891,FMCG,344.0,27671.36,80.44,2459.0,0
2022-11-23,SKU-8891,FMCG,309.0,25226.76,81.64,1108.0,0
2022-11-24,SKU-8891,FMCG,383.0,26637.65,69.55,1678.0,1
2022-11-25,SKU-8891,FMCG,260.0,21333.0,82.05,2182.0,0
2022-11-26,SKU-8891,FMCG,322.0,26519.92,82.36,2224.0,0
2022-11-27,SKU-8891,FMCG,391.0,30259.49,77.39,1615.0,0
2022-11-28,SKU-8891,FMCG,342.0,26987.22,78.91,1436.0,0
2022-11-29,SKU-8891,FMCG,429.0,28030.86,65.34,1963.0,1
2022-11-30,SKU-8891,FMCG,337.0,25790.61,76.53,1353.0,0
2022-12-01,SKU-8891,FMCG,303.0,24427.86,80.62,2733.0,0
2022-12-02,SKU-8891,FMCG,272.0,20998.4,77.2,2111.0,0
2022-12-03,SKU-8891,FMCG,446.0,29592.1,66.35,2084.0,1
2022-12-04,SKU-8891,FMCG,299.0,24180.13,80.87,1434.0,0
2022-12-05,SKU-8891,FMCG,334.0,22184.28,66.42,2814.0,1
2022-12-06,SKU-8891,FMCG,267.0,21859.29,81.87,1118.0,0
2022-12-07,SKU-8891,FMCG,240.0,18835.2,78.48,2789.0,0
2022-12-08,SKU-8891,FMCG,305.0,25473.6,83.52,2064.0,0
2022-12-09,SKU-8891,FMCG,234.0,19471.14,83.21,2822.0,0
2022-12-10,SKU-8891,FMCG,371.0,28748.79,77.49,1971.0,0
2022-12-11,SKU-8891,FMCG,350.0,24339.0,69.54,2779.0,1
2022-12-12,SKU-8891,FMCG,307.0,23436.38,76.34,923.0,0
2022-12-13,SKU-8891,FMCG,364.0,25585.56,70.29,958.0,1
2022-12-14,SKU-8891,FMCG,289.0,23700.89,82.01,2138.0,0
2022-12-15,SKU-8891,FMCG,219.0,18378.48,83.92,1754.0,0
2022-12-16,SKU-8891,FMCG,302.0,24652.26,81.63,1446.0,0
2022-12-17,SKU-8891,FMCG,356.0,27550.84,77.39,2205.0,0
2022-12-18,SKU-8891,FMCG,379.0,29304.28,77.32,1745.0,0
2022-12-19,SKU-8891,FMCG,326.0,26624.42,81.67,2694.0,0
2022-12-20,SKU-8891,FMCG,451.0,34717.98,76.98,2682.0,0
2022-12-21,SKU-8891,FMCG,520.0,36363.6,69.93,2325.0,1
2022-12-22,SKU-8891,FMCG,361.0,29028.01,80.41,1475.0,0
2022-12-23,SKU-8891,FMCG,354.0,25010.1,70.65,2178.0,1
2022-12-24,SKU-8891,FMCG,419.0,32040.93,76.47,2431.0,0
2022-12-25,SKU-8891,FMCG,352.0,27463.04,78.02,1553.0,0
2022-12-26,SKU-8891,FMCG,368.0,29141.92,79.19,1966.0,0
2022-12-27,SKU-8891,FMCG,380.0,30187.2,79.44,2247.0,0
2022-12-28,SKU-8891,FMCG,402.0,31082.64,77.32,988.0,0
2022-12-29,SKU-8891,FMCG,385.0,32062.8,83.28,931.0,0
2022-12-30,SKU-8891,FMCG,370.0,29119.0,78.7,1521.0,0
2022-12-31,SKU-8891,FMCG,398.0,31732.54,79.73,1401.0,0
2023-01-01,SKU-8891,FMCG,190.0,15217.1,80.09,2819.0,0
2023-01-02,SKU-8891,FMCG,174.0,14134.02,81.23,1068.0,0
2023-01-03,SKU-8891,FMCG,190.0,15203.8,80.02,1611.0,0
2023-01-04,SKU-8891,FMCG,185.0,15469.7,83.62,2565.0,0
2023-01-05,SKU-8891,FMCG,198.0,15479.64,78.18,1413.0,0
2023-01-06,SKU-8891,FMCG,174.0,14052.24,80.76,2945.0,0
2023-01-07,SKU-8891,FMCG,171.0,13184.1,77.1,2314.0,0
2023-01-08,SKU-8891,FMCG,176.0,13478.08,76.58,2399.0,0
2023-01-09,SKU-8891,FMCG,248.0,16191.92,65.29,1589.0,1
2023-01-10,SKU-8891,FMCG,124.0,10397.4,83.85,1763.0,0
2023-01-11,SKU-8891,FMCG,179.0,14216.18,79.42,1761.0,0
2023-01-12,SKU-8891,FMCG,153.0,12155.85,79.45,2935.0,0
2023-01-13,SKU-8891,FMCG,209.0,14264.25,68.25,1344.0,1
2023-01-14,SKU-8891,FMCG,144.0,11469.6,79.65,1331.0,0
2023-01-15,SKU-8891,FMCG,162.0,13578.84,83.82,1812.0,0
2023-01-16,SKU-8891,FMCG,181.0,13777.72,76.12,2615.0,0
2023-01-17,SKU-8891,FMCG,155.0,12052.8,77.76,1036.0,0
2023-01-18,SKU-8891,FMCG,154.0,11898.04,77.26,1984.0,0
2023-01-19,SKU-8891,FMCG,145.0,11317.25,78.05,1111.0,0
2023-01-20,SKU-8891,FMCG,180.0,14238.0,79.1,1112.0,0
2023-01-21,SKU-8891,FMCG,162.0,12417.3,76.65,1184.0,0
2023-01-22,SKU-8891,FMCG,181.0,12546.92,69.32,2825.0,1
2023-01-23,SKU-8891,FMCG,175.0,13856.5,79.18,1341.0,0
2023-01-24,SKU-8891,FMCG,150.0,12195.0,81.3,2055.0,0
2023-01-25,SKU-8891,FMCG,158.0,12123.34,76.73,2475.0,0
2023-01-26,SKU-8891,FMCG,138.0,10685.34,77.43,2841.0,0
2023-01-27,SKU-8891,FMCG,162.0,12619.8,77.9,1579.0,0
2023-01-28,SKU-8891,FMCG,208.0,16556.8,79.6,1484.0,0
2023-01-29,SKU-8891,FMCG,179.0,14497.21,80.99,2299.0,0
2023-01-30,SKU-8891,FMCG,165.0,13269.3,80.42,2932.0,0
2023-01-31,SKU-8891,FMCG,144.0,10965.6,76.15,2486.0,0
2023-02-01,SKU-8891,FMCG,148.0,11359.0,76.75,2833.0,0
2023-02-02,SKU-8891,FMCG,156.0,12779.52,81.92,1280.0,0
2023-02-03,SKU-8891,FMCG,144.0,11435.04,79.41,2253.0,0
2023-02-04,SKU-8891,FMCG,158.0,13041.32,82.54,2272.0,0
2023-02-05,SKU-8891,FMCG,154.0,12420.1,80.65,1996.0,0
2023-02-06,SKU-8891,FMCG,179.0,13605.79,76.01,1636.0,0
2023-02-07,SKU-8891,FMCG,162.0,12618.18,77.89,2863.0,0
2023-02-08,SKU-8891,FMCG,154.0,12738.88,82.72,1656.0,0
2023-02-09,SKU-8891,FMCG,154.0,12601.82,81.83,1826.0,0
2023-02-10,SKU-8891,FMCG,176.0,14613.28,83.03,1749.0,0
2023-02-11,SKU-8891,FMCG,163.0,12645.54,77.58,1907.0,0
2023-02-12,SKU-8891,FMCG,202.0,13790.54,68.27,1314.0,1
2023-02-13,SKU-8891,FMCG,176.0,14409.12,81.87,1805.0,0
2023-02-14,SKU-8891,FMCG,195.0,12645.75,64.85,1195.0,1
2023-02-15,SKU-8891,FMCG,150.0,11673.0,77.82,2765.0,0
2023-02-16,SKU-8891,FMCG,163.0,12947.09,79.43,2716.0,0
2023-02-17,SKU-8891,FMCG,168.0,13433.28,79.96,2886.0,0
2023-02-18,SKU-8891,FMCG,177.0,14115.75,79.75,2735.0,0
2023-02-19,SKU-8891,FMCG,205.0,16096.6,78.52,,0
2023-02-20,SKU-8891,FMCG,135.0,10612.35,78.61,1180.0,0
2023-02-21,SKU-8891,FMCG,182.0,14771.12,81.16,2070.0,0
2023-02-22,SKU-8891,FMCG,154.0,12164.46,78.99,2766.0,0
2023-02-23,SKU-8891,FMCG,197.0,15854.56,80.48,1418.0,0
2023-02-24,SKU-8891,FMCG,175.0,13529.25,77.31,2729.0,0
2023-02-25,SKU-8891,FMCG,170.0,13693.5,80.55,2609.0,0
2023-02-26,SKU-8891,FMCG,199.0,16548.84,83.16,924.0,0
2023-02-27,SKU-8891,FMCG,1124.037229539421,13731.24,67.31,1187.0,1
2023-02-28,SKU-8891,FMCG,143.0,11695.97,81.79,2306.0,0
2023-03-01,SKU-8891,FMCG,190.0,15279.8,80.42,2362.0,0
2023-03-02,SKU-8891,FMCG,170.0,12972.7,76.31,975.0,0
2023-03-03,SKU-8891,FMCG,163.0,12744.97,78.19,2112.0,0
2023-03-04,SKU-8891,FMCG,188.0,15585.2,82.9,1791.0,0
2023-03-05,SKU-8891,FMCG,227.0,18314.36,80.68,1631.0,0
2023-03-06,SKU-8891,FMCG,224.0,15644.16,69.84,2928.0,1
2023-03-07,SKU-8891,FMCG,200.0,16730.0,83.65,1721.0,0
2023-03-08,SKU-8891,FMCG,176.0,14308.8,81.3,1679.0,0
2023-03-09,SKU-8891,FMCG,200.0,16224.0,81.12,2733.0,0
2023-03-10,SKU-8891,FMCG,198.0,15774.66,79.67,2936.0,0
2023-03-11,SKU-8891,FMCG,165.0,13122.45,79.53,1988.0,0
2023-03-12,SKU-8891,FMCG,256.0,17057.28,66.63,2894.0,1
2023-03-13,SKU-8891,FMCG,196.0,15237.04,77.74,1036.0,0
2023-03-14,SKU-8891,FMCG,219.0,17364.51,79.29,1680.0,0
2023-03-15,SKU-8891,FMCG,188.0,15775.08,83.91,2516.0,0
2023-03-16,SKU-8891,FMCG,191.0,15698.29,82.19,1009.0,0
2023-03-17,SKU-8891,FMCG,182.0,13862.94,76.17,2703.0,0
2023-03-18,SKU-8891,FMCG,225.0,17538.75,77.95,984.0,0
2023-03-19,SKU-8891,FMCG,244.0,19219.88,78.77,1847.0,0
2023-03-20,SKU-8891,FMCG,178.0,14704.58,82.61,1849.0,0
2023-03-21,SKU-8891,FMCG,184.0,12710.72,69.08,987.0,1
2023-03-22,SKU-8891,FMCG,229.0,16068.93,70.17,2066.0,1
2023-03-23,SKU-8891,FMCG,213.0,16816.35,78.95,2766.0,0
2023-03-24,SKU-8891,FMCG,207.0,16346.79,78.97,2364.0,0
2023-03-25,SKU-8891,FMCG,200.0,16346.0,81.73,1131.0,0
2023-03-26,SKU-8891,FMCG,204.0,16375.08,80.27,1182.0,0
2023-03-27,SKU-8891,FMCG,159.0,12217.56,76.84,2981.0,0
2023-03-28,SKU-8891,FMCG,178.0,14781.12,83.04,2118.0,0
2023-03-29,SKU-8891,FMCG,143.0,11542.96,80.72,1830.0,0
2023-03-30,SKU-8891,FMCG,191.0,13375.73,70.03,2551.0,1
2023-03-31,SKU-8891,FMCG,,12493.52,76.18,2855.0,0
2023-04-01,SKU-8891,FMCG,175.0,13849.5,79.14,1148.0,0
2023-04-02,SKU-8891,FMCG,196.0,14972.44,76.39,1826.0,0
2023-04-03,SKU-8891,FMCG,179.0,14384.44,80.36,1330.0,0
2023-04-04,SKU-8891,FMCG,175.0,14005.25,80.03,1326.0,0
2023-04-05,SKU-8891,FMCG,190.0,15530.6,81.74,2123.0,0
2023-04-06,SKU-8891,FMCG,217.0,14584.57,67.21,1150.0,1
2023-04-07,SKU-8891,FMCG,195.0,16229.85,83.23,917.0,0
2023-04-08,SKU-8891,FMCG,261.0,21318.48,81.68,2499.0,0
2023-04-09,SKU-8891,FMCG,219.0,17561.61,80.19,1066.0,0
2023-04-10,SKU-8891,FMCG,206.0,17153.62,83.27,2024.0,0
2023-04-11,SKU-8891,FMCG,180.0,14830.2,82.39,1470.0,0
2023-04-12,SKU-8891,FMCG,136.0,10723.6,78.85,2923.0,0
2023-04-13,SKU-8891,FMCG,182.0,14934.92,82.06,2130.0,0
2023-04-14,SKU-8891,FMCG,201.0,15641.82,77.82,2206.0,0
2023-04-15,SKU-8891,FMCG,231.0,17581.41,76.11,2671.0,0
2023-04-16,SKU-8891,FMCG,189.0,15698.34,83.06,1545.0,0
2023-04-17,SKU-8891,FMCG,191.0,15215.06,79.66,1615.0,0
2023-04-18,SKU-8891,FMCG,193.0,15804.77,81.89,2047.0,0
2023-04-19,SKU-8891,FMCG,220.0,17234.8,78.34,2534.0,0
2023-04-20,SKU-8891,FMCG,160.0,12692.8,79.33,1529.0,0
2023-04-21,SKU-8891,FMCG,196.0,15623.16,79.71,2286.0,0
2023-04-22,SKU-8891,FMCG,200.0,16290.0,81.45,2060.0,0
2023-04-23,SKU-8891,FMCG,222.0,17688.96,79.68,1801.0,0
2023-04-24,SKU-8891,FMCG,191.0,15457.63,80.93,2338.0,0
2023-04-25,SKU-8891,FMCG,207.0,16226.73,78.39,1150.0,0
2023-04-26,SKU-8891,FMCG,205.0,16002.3,78.06,2477.0,0
2023-04-27,SKU-8891,FMCG,191.0,15482.46,81.06,2193.0,0
2023-04-28,SKU-8891,FMCG,178.0,13714.9,77.05,1156.0,0
2023-04-29,SKU-8891,FMCG,214.0,17038.68,79.62,1168.0,0
2023-04-30,SKU-8891,FMCG,232.0,19116.8,82.4,2843.0,0
2023-05-01,SKU-8891,FMCG,226.0,18405.44,81.44,2770.0,0
2023-05-02,SKU-8891,FMCG,165.0,13713.15,83.11,953.0,0
2023-05-03,SKU-8891,FMCG,201.0,16198.59,80.59,1457.0,0
2023-05-04,SKU-8891,FMCG,237.0,19789.5,83.5,915.0,0
2023-05-05,SKU-8891,FMCG,197.0,16246.59,82.47,1961.0,0
2023-05-06,SKU-8891,FMCG,274.0,22668.02,82.73,2499.0,0
2023-05-07,SKU-8891,FMCG,243.0,19721.88,81.16,2886.0,0
2023-05-08,SKU-8891,FMCG,265.0,18613.6,70.24,2327.0,1
2023-05-09,SKU-8891,FMCG,223.0,18689.63,83.81,2071.0,0
2023-05-10,SKU-8891,FMCG,252.0,20878.2,82.85,2810.0,0
2023-05-11,SKU-8891,FMCG,259.0,18435.62,71.18,1113.0,1
2023-05-12,SKU-8891,FMCG,238.0,19401.76,81.52,996.0,0
2023-05-13,SKU-8891,FMCG,243.0,18810.63,77.41,2233.0,0
2023-05-14,SKU-8891,FMCG,179.0,13655.91,76.29,1411.0,0
2023-05-15,SKU-8891,FMCG,220.0,17353.6,78.88,933.0,0
2023-05-16,SKU-8891,FMCG,196.0,12867.4,65.65,1911.0,1
2023-05-17,SKU-8891,FMCG,146.0,11374.86,77.91,1318.0,0
2023-05-18,SKU-8891,FMCG,218.0,17780.08,81.56,2378.0,0
2023-05-19,SKU-8891,FMCG,218.0,17065.04,78.28,1693.0,0
2023-05-20,SKU-8891,FMCG,220.0,17798.0,80.9,1797.0,0
2023-05-21,SKU-8891,FMCG,266.0,21085.82,79.27,,0
2023-05-22,SKU-8891,FMCG,240.0,19245.6,80.19,,0
2023-05-23,SKU-8891,FMCG,254.0,17515.84,68.96,2525.0,1
2023-05-24,SKU-8891,FMCG,198.0,15277.68,77.16,2172.0,0
2023-05-25,SKU-8891,FMCG,210.0,16346.4,77.84,1231.0,0
2023-05-26,SKU-8891,FMCG,212.0,17271.64,81.47,1911.0,0
2023-05-27,SKU-8891,FMCG,247.0,18836.22,76.26,1000.0,0
2023-05-28,SKU-8891,FMCG,225.0,17212.5,76.5,2836.0,0
2023-05-29,SKU-8891,FMCG,162.0,13068.54,80.67,989.0,0
2023-05-30,SKU-8891,FMCG,202.0,15681.26,77.63,1153.0,0
2023-05-31,SKU-8891,FMCG,163.0,13299.17,81.59,2905.0,0
2023-06-01,SKU-8891,FMCG,248.0,20777.44,83.78,2076.0,0
2023-06-02,SKU-8891,FMCG,195.0,16313.7,83.66,2627.0,0
2023-06-03,SKU-8891,FMCG,223.0,18096.45,81.15,2941.0,0
2023-06-04,SKU-8891,FMCG,220.0,18398.6,83.63,2686.0,0
2023-06-05,SKU-8891,FMCG,216.0,16968.96,78.56,1095.0,0
2023-06-06,SKU-8891,FMCG,189.0,15159.69,80.21,1187.0,0
2023-06-07,SKU-8891,FMCG,184.0,14657.44,79.66,2249.0,0
2023-06-08,SKU-8891,FMCG,223.0,17710.66,79.42,2794.0,0
2023-06-09,SKU-8891,FMCG,231.0,18657.87,80.77,2236.0,0
2023-06-10,SKU-8891,FMCG,263.0,19995.89,76.03,1294.0,0
2023-06-11,SKU-8891,FMCG,204.0,16344.48,80.12,1883.0,0
2023-06-12,SKU-8891,FMCG,230.0,17877.9,77.73,1748.0,0
2023-06-13,SKU-8891,FMCG,219.0,17548.47,,2466.0,0
2023-06-14,SKU-8891,FMCG,197.0,15891.99,80.67,2150.0,0
2023-06-15,SKU-8891,FMCG,237.0,18853.35,79.55,2284.0,0
2023-06-16,SKU-8891,FMCG,195.0,16327.35,83.73,1408.0,0
2023-06-17,SKU-8891,FMCG,187.0,14576.65,77.95,1633.0,0
2023-06-18,SKU-8891,FMCG,238.0,19794.46,83.17,1208.0,0
2023-06-19,SKU-8891,FMCG,237.0,18661.38,78.74,945.0,0
2023-06-20,SKU-8891,FMCG,211.0,16272.32,77.12,1741.0,0
2023-06-21,SKU-8891,FMCG,222.0,17871.0,80.5,2986.0,0
2023-06-22,SKU-8891,FMCG,226.0,18226.9,80.65,1128.0,0
2023-06-23,SKU-8891,FMCG,224.0,17245.76,76.99,1964.0,0
2023-06-24,SKU-8891,FMCG,290.0,23098.5,79.65,1861.0,0
2023-06-25,SKU-8891,FMCG,261.0,19875.15,76.15,2393.0,0
2023-06-26,SKU-8891,FMCG,201.0,16538.28,82.28,1135.0,0
2023-06-27,SKU-8891,FMCG,230.0,17811.2,77.44,1907.0,0
2023-06-28,SKU-8891,FMCG,278.0,18281.28,65.76,1553.0,1
2023-06-29,SKU-8891,FMCG,184.0,15413.68,83.77,2881.0,0
2023-06-30,SKU-8891,FMCG,246.0,16282.74,66.19,1285.0,1
2023-07-01,SKU-8891,FMCG,168.0,13161.12,78.34,1219.0,0
2023-07-02,SKU-8891,FMCG,306.0,19984.86,65.31,2731.0,1
2023-07-03,SKU-8891,FMCG,185.0,14644.6,79.16,2692.0,0
2023-07-04,SKU-8891,FMCG,211.0,16164.71,76.61,2918.0,0
2023-07-05,SKU-8891,FMCG,196.0,15360.52,78.37,2728.0,0
2023-07-06,SKU-8891,FMCG,244.0,16948.24,69.46,2909.0,1
2023-07-07,SKU-8891,FMCG,190.0,14639.5,77.05,2301.0,0
2023-07-08,SKU-8891,FMCG,222.0,17098.44,77.02,1640.0,0
2023-07-09,SKU-8891,FMCG,246.0,20199.06,82.11,2177.0,0
2023-07-10,SKU-8891,FMCG,258.0,17226.66,66.77,1807.0,1
2023-07-11,SKU-8891,FMCG,191.0,14766.21,77.31,2819.0,0
2023-07-12,SKU-8891,FMCG,203.0,16024.82,78.94,2309.0,0
2023-07-13,SKU-8891,FMCG,178.0,13773.64,77.38,1041.0,0
2023-07-14,SKU-8891,FMCG,177.0,14800.74,83.62,1454.0,0
2023-07-15,SKU-8891,FMCG,230.0,18149.3,78.91,2704.0,0
2023-07-16,SKU-8891,FMCG,247.0,19982.3,80.9,,0
2023-07-17,SKU-8891,FMCG,188.0,15244.92,81.09,2887.0,0
2023-07-18,SKU-8891,FMCG,232.0,17734.08,76.44,1006.0,0
2023-07-19,SKU-8891,FMCG,161.0,12783.4,79.4,1223.0,0
2023-07-20,SKU-8891,FMCG,184.0,14626.16,79.49,1810.0,0
2023-07-21,SKU-8891,FMCG,235.0,19039.7,81.02,2516.0,0
2023-07-22,SKU-8891,FMCG,215.0,16615.2,77.28,2778.0,0
2023-07-23,SKU-8891,FMCG,252.0,19454.4,77.2,1592.0,0
2023-07-24,SKU-8891,FMCG,278.0,18153.4,65.3,2249.0,1
2023-07-25,SKU-8891,FMCG,223.0,18067.46,81.02,1910.0,0
2023-07-26,SKU-8891,FMCG,141.0,11405.49,80.89,2995.0,0
2023-07-27,SKU-8891,FMCG,179.0,14072.98,78.62,2374.0,0
2023-07-28,SKU-8891,FMCG,200.0,16666.0,83.33,1714.0,0
2023-07-29,SKU-8891,FMCG,243.0,19923.57,81.99,2100.0,0
2023-07-30,SKU-8891,FMCG,231.0,18024.93,78.03,2618.0,0
2023-07-31,SKU-8891,FMCG,202.0,16883.16,83.58,1424.0,0
2023-08-01,SKU-8891,FMCG,202.0,15521.68,76.84,2980.0,0
2023-08-02,SKU-8891,FMCG,215.0,17752.55,82.57,2538.0,0
2023-08-03,SKU-8891,FMCG,195.0,15945.15,81.77,2798.0,0
2023-08-04,SKU-8891,FMCG,188.0,15094.52,80.29,,0
2023-08-05,SKU-8891,FMCG,202.0,15976.18,79.09,1329.0,0
2023-08-06,SKU-8891,FMCG,245.0,19261.9,78.62,1741.0,0
2023-08-07,SKU-8891,FMCG,205.0,15659.95,76.39,1295.0,0
2023-08-08,SKU-8891,FMCG,208.0,15988.96,76.87,2277.0,0
2023-08-09,SKU-8891,FMCG,165.0,12942.6,78.44,2197.0,0
2023-08-10,SKU-8891,FMCG,202.0,15650.96,77.48,1679.0,0
2023-08-11,SKU-8891,FMCG,232.0,15653.04,67.47,2895.0,1
2023-08-12,SKU-8891,FMCG,227.0,18493.69,81.47,937.0,0
