data/sample_sales_data.csv
date,product_id,category,sales_qty,revenue,price,inventory_qty,promotion_flag
2023-08-13,SKU-8891,FMCG,244.0,18629.4,76.35,1392.0,0
2023-08-14,SKU-8891,FMCG,231.0,16488.78,71.38,1444.0,1
2023-08-15,SKU-8891,FMCG,200.0,16016.0,80.08,2241.0,0
2023-08-16,SKU-8891,FMCG,199.0,13902.14,69.86,1550.0,1
2023-08-17,SKU-8891,FMCG,161.0,12970.16,80.56,2397.0,0
2023-08-18,SKU-8891,FMCG,188.0,12712.56,67.62,957.0,1
2023-08-19,SKU-8891,FMCG,245.0,19406.45,79.21,1751.0,0
2023-08-20,SKU-8891,FMCG,199.0,16128.95,81.05,1709.0,0
2023-08-21,SKU-8891,FMCG,187.0,14931.95,79.85,2477.0,0
2023-08-22,SKU-8891,FMCG,235.0,15312.6,65.16,2141.0,1
2023-08-23,SKU-8891,FMCG,149.0,12189.69,81.81,2356.0,0
2023-08-24,SKU-8891,FMCG,215.0,14497.45,67.43,1110.0,1
2023-08-25,SKU-8891,FMCG,192.0,16085.76,83.78,1058.0,0
2023-08-26,SKU-8891,FMCG,255.0,19466.7,76.34,1759.0,0
2023-08-27,SKU-8891,FMCG,233.0,18208.95,78.15,2370.0,0
2023-08-28,SKU-8891,FMCG,181.0,14063.7,77.7,1995.0,0
2023-08-29,SKU-8891,FMCG,193.0,14847.49,76.93,1972.0,0
2023-08-30,SKU-8891,FMCG,183.0,15282.33,83.51,1971.0,0
2023-08-31,SKU-8891,FMCG,182.0,14230.58,78.19,2571.0,0
2023-09-01,SKU-8891,FMCG,269.0,21684.09,80.61,2686.0,0
2023-09-02,SKU-8891,FMCG,222.0,17473.62,78.71,1645.0,0
2023-09-03,SKU-8891,FMCG,242.0,18638.84,77.02,2992.0,0
2023-09-04,SKU-8891,FMCG,234.0,18420.48,78.72,2780.0,0
2023-09-05,SKU-8891,FMCG,207.0,16299.18,78.74,2789.0,0
2023-09-06,SKU-8891,FMCG,235.0,18449.85,78.51,1310.0,0
2023-09-07,SKU-8891,FMCG,246.0,20243.34,82.29,1767.0,0
2023-09-08,SKU-8891,FMCG,262.0,20957.38,79.99,2373.0,0
2023-09-09,SKU-8891,FMCG,273.0,21823.62,79.94,2344.0,0
2023-09-10,SKU-8891,FMCG,290.0,19357.5,66.75,1287.0,1
2023-09-11,SKU-8891,FMCG,237.0,18431.49,77.77,999.0,0
2023-09-12,SKU-8891,FMCG,280.0,19625.2,70.09,1712.0,1
2023-09-13,SKU-8891,FMCG,205.0,15938.75,77.75,2711.0,0
2023-09-14,SKU-8891,FMCG,235.0,19002.1,80.86,1951.0,0
2023-09-15,SKU-8891,FMCG,226.0,17666.42,78.17,2163.0,0
2023-09-16,SKU-8891,FMCG,201.0,16755.36,83.36,2107.0,0
2023-09-17,SKU-8891,FMCG,261.0,21078.36,80.76,2050.0,0
2023-09-18,SKU-8891,FMCG,210.0,17052.0,81.2,2319.0,0
2023-09-19,SKU-8891,FMCG,239.0,18811.69,78.71,2478.0,0
2023-09-20,SKU-8891,FMCG,,22496.04,71.19,1943.0,1
2023-09-21,SKU-8891,FMCG,279.0,22119.12,79.28,2522.0,0
2023-09-22,SKU-8891,FMCG,225.0,17914.5,79.62,2758.0,0
2023-09-23,SKU-8891,FMCG,234.0,18603.0,79.5,1890.0,0
2023-09-24,SKU-8891,FMCG,278.0,22729.28,81.76,2603.0,0
2023-09-25,SKU-8891,FMCG,171.0,13372.2,78.2,1998.0,0
2023-09-26,SKU-8891,FMCG,140.0,10761.8,76.87,1750.0,0
2023-09-27,SKU-8891,FMCG,195.0,16216.2,83.16,2075.0,0
2023-09-28,SKU-8891,FMCG,213.0,16475.55,77.35,2484.0,0
2023-09-29,SKU-8891,FMCG,165.0,12723.15,77.11,2348.0,0
2023-09-30,SKU-8891,FMCG,259.0,20222.72,78.08,2182.0,0
2023-10-01,SKU-8891,FMCG,356.0,29683.28,83.38,1312.0,0
2023-10-02,SKU-8891,FMCG,257.0,20678.22,80.46,1369.0,0
2023-10-03,SKU-8891,FMCG,289.0,22461.08,,1506.0,0
2023-10-04,SKU-8891,FMCG,232.0,17894.16,77.13,2515.0,0
2023-10-05,SKU-8891,FMCG,291.0,22910.43,78.73,2397.0,0
2023-10-06,SKU-8891,FMCG,,19272.0,80.3,1357.0,0
2023-10-07,SKU-8891,FMCG,254.0,21158.2,83.3,2561.0,0
2023-10-08,SKU-8891,FMCG,306.0,24290.28,79.38,2584.0,0
2023-10-09,SKU-8891,FMCG,266.0,20692.14,77.79,2023.0,0
2023-10-10,SKU-8891,FMCG,249.0,19937.43,80.07,924.0,0
2023-10-11,SKU-8891,FMCG,278.0,22645.88,81.46,2966.0,0
2023-10-12,SKU-8891,FMCG,259.0,20067.32,77.48,1243.0,0
2023-10-13,SKU-8891,FMCG,295.0,23071.95,78.21,2394.0,0
2023-10-14,SKU-8891,FMCG,304.0,24593.6,80.9,2484.0,0
2023-10-15,SKU-8891,FMCG,450.0,29997.0,66.66,2243.0,1
2023-10-16,SKU-8891,FMCG,499.0,34426.01,68.99,2838.0,1
2023-10-17,SKU-8891,FMCG,393.0,32701.53,83.21,1583.0,0
2023-10-18,SKU-8891,FMCG,338.0,27584.18,81.61,1988.0,0
2023-10-19,SKU-8891,FMCG,435.0,35317.65,81.19,2926.0,0
2023-10-20,SKU-8891,FMCG,346.0,28600.36,82.66,1450.0,0
2023-10-21,SKU-8891,FMCG,526.0,36578.04,69.54,1926.0,1
2023-10-22,SKU-8891,FMCG,426.0,33977.76,79.76,1802.0,0
2023-10-23,SKU-8891,FMCG,293.0,22473.1,76.7,2709.0,0
2023-10-24,SKU-8891,FMCG,381.0,29622.75,77.75,2966.0,0
2023-10-25,SKU-8891,FMCG,448.0,34339.2,76.65,1879.0,0
2023-10-26,SKU-8891,FMCG,256.0,21189.12,82.77,998.0,0
2023-10-27,SKU-8891,FMCG,252.0,19950.84,79.17,2059.0,0
2023-10-28,SKU-8891,FMCG,363.0,30444.81,83.87,1998.0,0
2023-10-29,SKU-8891,FMCG,280.0,22024.8,78.66,966.0,0
2023-10-30,SKU-8891,FMCG,250.0,19840.0,79.36,2302.0,0
2023-10-31,SKU-8891,FMCG,257.0,20935.22,81.46,2559.0,0
2023-11-01,SKU-8891,FMCG,271.0,21866.99,80.69,1432.0,0
2023-11-02,SKU-8891,FMCG,343.0,28623.35,83.45,2055.0,0
2023-11-03,SKU-8891,FMCG,310.0,25922.2,83.62,1183.0,0
2023-11-04,SKU-8891,FMCG,438.0,35272.14,80.53,2579.0,0
2023-11-05,SKU-8891,FMCG,401.0,32809.82,81.82,1201.0,0
2023-11-06,SKU-8891,FMCG,284.0,23563.48,82.97,1585.0,0
2023-11-07,SKU-8891,FMCG,276.0,21114.0,76.5,1996.0,0
2023-11-08,SKU-8891,FMCG,308.0,23799.16,77.27,2643.0,0
2023-11-09,SKU-8891,FMCG,320.0,21161.6,66.13,1012.0,1
2023-11-10,SKU-8891,FMCG,331.0,25490.31,77.01,2655.0,0
2023-11-11,SKU-8891,FMCG,379.0,26526.21,69.99,1269.0,1
2023-11-12,SKU-8891,FMCG,420.0,33377.4,79.47,1161.0,0
2023-11-13,SKU-8891,FMCG,285.0,22774.35,79.91,2436.0,0
2023-11-14,SKU-8891,FMCG,314.0,26325.76,83.84,2897.0,0
2023-11-15,SKU-8891,FMCG,307.0,23430.24,76.32,2831.0,0
2023-11-16,SKU-8891,FMCG,308.0,24732.4,80.3,1393.0,0
2023-11-17,SKU-8891,FMCG,286.0,22245.08,77.78,2450.0,0
2023-11-18,SKU-8891,FMCG,361.0,25446.89,70.49,2166.0,1
2023-11-19,SKU-8891,FMCG,358.0,27916.84,77.98,2753.0,0
2023-11-20,SKU-8891,FMCG,325.0,27147.25,83.53,2182.0,0
2023-11-21,SKU-8891,FMCG,218.0,18111.44,83.08,2396.0,0
2023-11-22,SKU-8891,FMCG,299.0,23937.94,80.06,983.0,0
2023-11-23,SKU-8891,FMCG,272.0,22173.44,81.52,1028.0,0
2023-11-24,SKU-8891,FMCG,312.0,25833.6,82.8,1353.0,0
2023-11-25,SKU-8891,FMCG,356.0,27273.16,76.61,2852.0,0
2023-11-26,SKU-8891,FMCG,367.0,28908.59,78.77,1079.0,0
2023-11-27,SKU-8891,FMCG,306.0,25572.42,83.57,2028.0,0
2023-11-28,SKU-8891,FMCG,299.0,22747.92,76.08,2590.0,0
2023-11-29,SKU-8891,FMCG,313.0,25744.25,82.25,1734.0,0
2023-11-30,SKU-8891,FMCG,264.0,20753.04,78.61,1536.0,0
2023-12-01,SKU-8891,FMCG,314.0,25506.22,81.23,1521.0,0
2023-12-02,SKU-8891,FMCG,301.0,23041.55,76.55,1534.0,0
2023-12-03,SKU-8891,FMCG,305.0,24762.95,81.19,1630.0,0
2023-12-04,SKU-8891,FMCG,306.0,25468.38,83.23,1106.0,0
2023-12-05,SKU-8891,FMCG,288.0,22253.76,77.27,1429.0,0
2023-12-06,SKU-8891,FMCG,296.0,23629.68,79.83,1975.0,0
2023-12-07,SKU-8891,FMCG,262.0,20970.48,80.04,2145.0,0
2023-12-08,SKU-8891,FMCG,243.0,19870.11,81.77,1654.0,0
2023-12-09,SKU-8891,FMCG,339.0,26835.24,79.16,2788.0,0
2023-12-10,SKU-8891,FMCG,331.0,27201.58,82.18,1470.0,0
2023-12-11,SKU-8891,FMCG,251.0,20356.1,81.1,1901.0,0
2023-12-12,SKU-8891,FMCG,277.0,22356.67,80.71,1291.0,0
2023-12-13,SKU-8891,FMCG,250.0,19925.0,79.7,1279.0,0
2023-12-14,SKU-8891,FMCG,300.0,25011.0,83.37,1920.0,0
